66.249.67.105 - - [01/Jun/2015:07:42:26 +0200] "GET /viewtopic.php?t=29793 HTTP/1.1" 200 16998 "-" "Mozilla/5.0 (compatible; Googlebot/2.1; +http://www.google.com/bot.html)"
94.228.34.203 - - [01/Jun/2015:07:42:29 +0200] "GET /viewforum.php?f=23 HTTP/1.1" 200 11531 "-" "magpie-crawler/1.1 (U; Linux amd64; en-GB; +http://www.brandwatch.net)"
66.249.67.118 - - [01/Jun/2015:07:42:46 +0200] "GET /viewtopic.php?t=8973&p=71589 HTTP/1.1" 200 6122 "-" "Mozilla/5.0 (compatible; Googlebot/2.1; +http://www.google.com/bot.html)"
66.249.67.105 - - [01/Jun/2015:07:42:50 +0200] "GET /viewtopic.php?t=22616&p=159396 HTTP/1.1" 200 6142 "-" "Mozilla/5.0 (compatible; Googlebot/2.1; +http://www.google.com/bot.html)"
81.52.143.50 - - [01/Jun/2015:07:43:13 +0200] "GET /viewtopic.php?t=9919 HTTP/1.1" 200 8789 "-" "Mozilla/5.0 (compatible; OrangeBot/2.0; support.orangebot@orange.com)"
66.249.67.118 - - [01/Jun/2015:07:43:14 +0200] "GET /viewtopic.php?t=37091&p=232648 HTTP/1.1" 200 5775 "-" "Mozilla/5.0 (compatible; Googlebot/2.1; +http://www.google.com/bot.html)"
193.252.149.15 - - [01/Jun/2015:07:43:37 +0200] "GET /viewtopic.php?f=9&t=26017 HTTP/1.1" 200 5757 "-" "Mozilla/5.0 (compatible; OrangeBot/2.0; support.orangebot@orange.com)"
66.249.67.131 - - [01/Jun/2015:07:43:38 +0200] "GET /viewtopic.php?t=24381&p=168327 HTTP/1.1" 200 8238 "-" "Mozilla/5.0 (compatible; Googlebot/2.1; +http://www.google.com/bot.html)"
207.46.13.133 - - [01/Jun/2015:07:43:59 +0200] "GET /viewtopic.php?p=55701 HTTP/1.1" 200 10621 "-" "Mozilla/5.0 (compatible; bingbot/2.0; +http://www.bing.com/bingbot.htm)"
66.249.67.105 - - [01/Jun/2015:07:44:02 +0200] "GET /viewtopic.php?p=193668&sid=3f41af40b2886e2f807157c0c46fcfab HTTP/1.1" 200 5441 "-" "Mozilla/5.0 (compatible; Googlebot/2.1; +http://www.google.com/bot.html)"
66.249.67.105 - - [01/Jun/2015:07:44:03 +0200] "GET /feed.php?f=2&t=43424 HTTP/1.1" 200 12999 "-" "Mozilla/5.0 (compatible; Googlebot/2.1; +http://www.google.com/bot.html)"
81.52.143.37 - - [01/Jun/2015:07:44:09 +0200] "GET /viewtopic.php?f=6&t=22854 HTTP/1.1" 200 6530 "-" "Mozilla/5.0 (compatible; OrangeBot/2.0; support.orangebot@orange.com)"
178.255.215.89 - - [01/Jun/2015:07:44:18 +0200] "GET /viewtopic.php?t=12510&p=93894 HTTP/1.1" 200 8128 "-" "Mozilla/5.0 (compatible; Exabot/3.0; +http://www.exabot.com/go/robot)"
193.252.118.166 - - [01/Jun/2015:07:44:21 +0200] "GET /viewtopic.php?p=269095 HTTP/1.1" 200 6870 "-" "Mozilla/5.0 (compatible; OrangeBot/2.0; support.orangebot@orange.com)"
193.252.118.175 - - [01/Jun/2015:07:44:22 +0200] "GET /viewtopic.php?p=250606 HTTP/1.1" 200 7751 "-" "Mozilla/5.0 (compatible; OrangeBot/2.0; support.orangebot@orange.com)"
66.249.67.118 - - [01/Jun/2015:07:44:26 +0200] "GET /viewtopic.php?f=19&t=35493 HTTP/1.1" 200 9715 "-" "Mozilla/5.0 (compatible; Googlebot/2.1; +http://www.google.com/bot.html)"
207.46.13.70 - - [01/Jun/2015:07:44:28 +0200] "GET /viewforum.php?f=10&start=8000 HTTP/1.1" 200 10984 "-" "Mozilla/5.0 (compatible; bingbot/2.0; +http://www.bing.com/bingbot.htm)"
178.255.215.89 - - [01/Jun/2015:07:44:39 +0200] "GET /viewtopic.php?t=5651&p=43182 HTTP/1.1" 200 6766 "-" "Mozilla/5.0 (compatible; Exabot/3.0; +http://www.exabot.com/go/robot)"
81.52.143.35 - - [01/Jun/2015:07:44:50 +0200] "GET /viewtopic.php?f=6&t=38806 HTTP/1.1" 200 6986 "-" "Mozilla/5.0 (compatible; OrangeBot/2.0; support.orangebot@orange.com)"
66.249.67.118 - - [01/Jun/2015:07:44:51 +0200] "GET /viewtopic.php?t=42588 HTTP/1.1" 200 8250 "-" "Mozilla/5.0 (compatible; Googlebot/2.1; +http://www.google.com/bot.html)"
178.255.215.89 - - [01/Jun/2015:07:44:51 +0200] "GET /viewtopic.php?t=12526&p=94230 HTTP/1.1" 200 7341 "-" "Mozilla/5.0 (compatible; Exabot/3.0; +http://www.exabot.com/go/robot)"
66.249.67.118 - - [01/Jun/2015:07:45:11 +0200] "GET /viewtopic.php?p=210527&sid=743344ed1962249b6ae007f485e3d198 HTTP/1.1" 200 6330 "-" "Mozilla/5.0 (iPhone; CPU iPhone OS 6_0 like Mac OS X) AppleWebKit/536.26 (KHTML, like Gecko) Version/6.0 Mobile/10A5376e Safari/8536.25 (compatible; Googlebot/2.1; +http://www.google.com/bot.html)"
66.249.67.118 - - [01/Jun/2015:07:45:15 +0200] "GET /viewtopic.php?t=39473 HTTP/1.1" 200 6565 "-" "Mozilla/5.0 (compatible; Googlebot/2.1; +http://www.google.com/bot.html)"
178.255.215.89 - - [01/Jun/2015:07:45:15 +0200] "GET /viewtopic.php?t=5389&p=40686 HTTP/1.1" 200 5553 "-" "Mozilla/5.0 (compatible; Exabot/3.0; +http://www.exabot.com/go/robot)"
66.249.67.118 - - [01/Jun/2015:07:45:25 +0200] "GET /viewtopic.php?t=9963&p=77127 HTTP/1.1" 200 6355 "-" "Mozilla/5.0 (compatible; Googlebot/2.1; +http://www.google.com/bot.html)"
66.249.67.131 - - [01/Jun/2015:07:45:39 +0200] "GET /viewtopic.php?t=11936&sid=e19346ae39e8a577c0b24a7a437e18fd HTTP/1.1" 200 9895 "-" "Mozilla/5.0 (compatible; Googlebot/2.1; +http://www.google.com/bot.html)"
157.55.39.214 - - [01/Jun/2015:07:45:46 +0200] "GET /viewtopic.php?p=85624 HTTP/1.1" 200 9365 "-" "Mozilla/5.0 (compatible; bingbot/2.0; +http://www.bing.com/bingbot.htm)"
81.52.143.54 - - [01/Jun/2015:07:45:50 +0200] "GET /viewtopic.php?t=39477&highlight=vista+profil HTTP/1.1" 200 8016 "-" "Mozilla/5.0 (compatible; OrangeBot/2.0; support.orangebot@orange.com)"
46.229.164.102 - - [01/Jun/2015:07:45:56 +0200] "GET /viewtopic.php?f=3&sid=153f9474889c130a642b26133c7b98db&t=33116 HTTP/1.1" 200 6206 "-" "Mozilla/5.0 (compatible; SemrushBot/0.98~bl; +http://www.semrush.com/bot.html)"
66.249.67.118 - - [01/Jun/2015:07:46:27 +0200] "GET /viewtopic.php?p=201028&sid=8fee718524cde49f66c0ef838749f2d9 HTTP/1.1" 200 5483 "-" "Mozilla/5.0 (compatible; Googlebot/2.1; +http://www.google.com/bot.html)"
66.249.67.105 - - [01/Jun/2015:07:46:28 +0200] "GET /viewtopic.php?t=9963&p=76721 HTTP/1.1" 200 6355 "-" "Mozilla/5.0 (compatible; Googlebot/2.1; +http://www.google.com/bot.html)"
66.249.67.105 - - [01/Jun/2015:07:46:42 +0200] "GET / HTTP/1.1" 200 7115 "-" "Mozilla/5.0 (iPhone; U; CPU iPhone OS 4_1 like Mac OS X; en-us) AppleWebKit/532.9 (KHTML, like Gecko) Version/4.0.5 Mobile/8B117 Safari/6531.22.7 (compatible; Mediapartners-Google/2.1; +http://www.google.com/bot.html)"
66.249.67.105 - - [01/Jun/2015:07:46:51 +0200] "GET /viewtopic.php?p=271759 HTTP/1.1" 200 8232 "-" "Mozilla/5.0 (compatible; Googlebot/2.1; +http://www.google.com/bot.html)"
66.249.67.118 - - [01/Jun/2015:07:47:15 +0200] "GET /viewtopic.php?t=22366&p=156848 HTTP/1.1" 200 6166 "-" "Mozilla/5.0 (compatible; Googlebot/2.1; +http://www.google.com/bot.html)"
66.249.67.105 - - [01/Jun/2015:07:47:26 +0200] "GET /viewtopic.php?t=8379&p=65119 HTTP/1.1" 200 6525 "-" "Mozilla/5.0 (compatible; Googlebot/2.1; +http://www.google.com/bot.html)"
66.249.67.131 - - [01/Jun/2015:07:47:39 +0200] "GET /viewtopic.php?f=23&t=15512&start=0 HTTP/1.1" 200 6236 "-" "Mozilla/5.0 (compatible; Googlebot/2.1; +http://www.google.com/bot.html)"
66.249.67.105 - - [01/Jun/2015:07:48:03 +0200] "GET /viewtopic.php?f=10&t=18503 HTTP/1.1" 200 6942 "-" "Mozilla/5.0 (compatible; Googlebot/2.1; +http://www.google.com/bot.html)"
46.229.164.113 - - [01/Jun/2015:07:48:15 +0200] "GET /memberlist.php?mode=viewprofile&sid=6a4e9e7bdbd10eb31e7ea6d7918c9c96&u=7197 HTTP/1.1" 200 4364 "-" "Mozilla/5.0 (compatible; SemrushBot/0.98~bl; +http://www.semrush.com/bot.html)"
207.46.13.70 - - [01/Jun/2015:07:48:20 +0200] "GET /robots.txt HTTP/1.1" 404 556 "-" "Mozilla/5.0 (compatible; bingbot/2.0; +http://www.bing.com/bingbot.htm)"
66.249.67.118 - - [01/Jun/2015:07:48:27 +0200] "GET /viewtopic.php?f=23&t=27179 HTTP/1.1" 200 6505 "-" "Mozilla/5.0 (compatible; Googlebot/2.1; +http://www.google.com/bot.html)"
66.249.67.131 - - [01/Jun/2015:07:48:28 +0200] "GET /viewtopic.php?f=10&t=42588&start=0 HTTP/1.1" 200 8282 "-" "Mozilla/5.0 (compatible; Googlebot/2.1; +http://www.google.com/bot.html)"
207.46.13.70 - - [01/Jun/2015:07:48:30 +0200] "GET /viewtopic.php?p=278462 HTTP/1.1" 200 11162 "-" "Mozilla/5.0 (compatible; bingbot/2.0; +http://www.bing.com/bingbot.htm)"
157.55.39.214 - - [01/Jun/2015:07:48:48 +0200] "GET /viewforum.php?f=5&start=400 HTTP/1.1" 200 11187 "-" "Mozilla/5.0 (compatible; bingbot/2.0; +http://www.bing.com/bingbot.htm)"
157.55.39.214 - - [01/Jun/2015:07:48:48 +0200] "GET /viewtopic.php?t=30768&p=204404 HTTP/1.1" 200 7483 "-" "Mozilla/5.0 (compatible; bingbot/2.0; +http://www.bing.com/bingbot.htm)"
66.249.67.131 - - [01/Jun/2015:07:48:51 +0200] "GET /viewtopic.php?f=10&t=10061 HTTP/1.1" 200 6986 "-" "Mozilla/5.0 (compatible; Googlebot/2.1; +http://www.google.com/bot.html)"
66.249.67.118 - - [01/Jun/2015:07:49:15 +0200] "GET /viewtopic.php?f=19&t=28726 HTTP/1.1" 200 5921 "-" "Mozilla/5.0 (compatible; Googlebot/2.1; +http://www.google.com/bot.html)"
157.55.39.244 - - [01/Jun/2015:07:49:25 +0200] "GET /viewtopic.php?f=10&t=38510&start=0 HTTP/1.1" 200 8202 "-" "Mozilla/5.0 (compatible; bingbot/2.0; +http://www.bing.com/bingbot.htm)"
66.249.67.118 - - [01/Jun/2015:07:49:30 +0200] "GET /feed.php?f=2&t=11967 HTTP/1.1" 200 5425 "-" "Mozilla/5.0 (compatible; Googlebot/2.1; +http://www.google.com/bot.html)"
66.249.67.118 - - [01/Jun/2015:07:49:39 +0200] "GET /viewtopic.php?t=38618&p=243771 HTTP/1.1" 200 8775 "-" "Mozilla/5.0 (compatible; Googlebot/2.1; +http://www.google.com/bot.html)"
66.249.67.105 - - [01/Jun/2015:07:50:04 +0200] "GET /viewtopic.php?f=10&t=40960&start=0 HTTP/1.1" 200 7626 "-" "Mozilla/5.0 (compatible; Googlebot/2.1; +http://www.google.com/bot.html)"
66.249.67.131 - - [01/Jun/2015:07:50:25 +0200] "GET /viewtopic.php?t=3356&p=21300 HTTP/1.1" 200 5321 "-" "Mozilla/5.0 (compatible; Googlebot/2.1; +http://www.google.com/bot.html)"
66.249.67.105 - - [01/Jun/2015:07:50:28 +0200] "GET /viewtopic.php?f=2&t=7763 HTTP/1.1" 200 5676 "-" "Mozilla/5.0 (compatible; Googlebot/2.1; +http://www.google.com/bot.html)"
207.46.13.70 - - [01/Jun/2015:07:50:36 +0200] "GET /feed.php?f=3&t=14644 HTTP/1.1" 200 16631 "-" "Mozilla/5.0 (compatible; bingbot/2.0; +http://www.bing.com/bingbot.htm)"
46.229.164.113 - - [01/Jun/2015:07:50:41 +0200] "GET /memberlist.php?mode=viewprofile&sid=257c487cb89d06509f32feba80337ad2&u=44023 HTTP/1.1" 200 4367 "-" "Mozilla/5.0 (compatible; SemrushBot/0.98~bl; +http://www.semrush.com/bot.html)"
66.249.67.105 - - [01/Jun/2015:07:50:42 +0200] "GET /style.php?id=1&lang=fr&sid=6a250ba3a970ec36bd2278962c58da15 HTTP/1.1" 200 13943 "-" "Mozilla/5.0 (compatible; Googlebot/2.1; +http://www.google.com/bot.html)"
212.83.167.239 - - [01/Jun/2015:07:50:44 +0200] "GET /feed.php HTTP/1.0" 200 25765 "-" "Mozilla/4.0 (compatible; DokuWiki HTTP Client; Linux)"
178.255.215.89 - - [01/Jun/2015:07:50:51 +0200] "GET /viewtopic.php?f=19&t=35468&start=0 HTTP/1.1" 200 5437 "-" "Mozilla/5.0 (compatible; Exabot/3.0; +http://www.exabot.com/go/robot)"
94.228.34.203 - - [01/Jun/2015:07:50:52 +0200] "GET /feed.php?f=10&t=44520 HTTP/1.1" 200 12723 "-" "magpie-crawler/1.1 (U; Linux amd64; en-GB; +http://www.brandwatch.net)"
66.249.67.118 - - [01/Jun/2015:07:50:52 +0200] "GET /viewtopic.php?f=28&t=21398 HTTP/1.1" 200 4942 "-" "Mozilla/5.0 (compatible; Googlebot/2.1; +http://www.google.com/bot.html)"
94.228.34.203 - - [01/Jun/2015:07:50:52 +0200] "GET /viewforum.php?f=6 HTTP/1.1" 200 11528 "-" "magpie-crawler/1.1 (U; Linux amd64; en-GB; +http://www.brandwatch.net)"
157.55.39.244 - - [01/Jun/2015:07:51:07 +0200] "GET /feed.php?f=10&t=15408 HTTP/1.1" 200 17560 "-" "Mozilla/5.0 (compatible; bingbot/2.0; +http://www.bing.com/bingbot.htm)"
66.249.67.118 - - [01/Jun/2015:07:51:16 +0200] "GET /viewtopic.php?f=10&t=3033 HTTP/1.1" 200 6161 "-" "Mozilla/5.0 (compatible; Googlebot/2.1; +http://www.google.com/bot.html)"
66.249.67.131 - - [01/Jun/2015:07:51:17 +0200] "GET /viewtopic.php?t=8374&p=66572 HTTP/1.1" 200 6777 "-" "Mozilla/5.0 (compatible; Googlebot/2.1; +http://www.google.com/bot.html)"
66.249.67.131 - - [01/Jun/2015:07:51:28 +0200] "GET /feed.php HTTP/1.1" 200 25499 "-" "Mozilla/5.0 (compatible; Googlebot/2.1; +http://www.google.com/bot.html)"
66.249.67.118 - - [01/Jun/2015:07:51:40 +0200] "GET /viewtopic.php?f=25&t=26476 HTTP/1.1" 200 10037 "-" "Mozilla/5.0 (compatible; Googlebot/2.1; +http://www.google.com/bot.html)"
68.180.229.31 - - [01/Jun/2015:07:51:54 +0200] "GET /viewtopic.php?f=26&t=4173&start=0 HTTP/1.1" 200 8558 "-" "Mozilla/5.0 (compatible; Yahoo! Slurp; http://help.yahoo.com/help/us/ysearch/slurp)"
66.249.67.131 - - [01/Jun/2015:07:52:04 +0200] "GET /viewtopic.php?f=10&t=26857 HTTP/1.1" 200 5848 "-" "Mozilla/5.0 (compatible; Googlebot/2.1; +http://www.google.com/bot.html)"
68.180.229.31 - - [01/Jun/2015:07:52:12 +0200] "GET /feed.php?f=21&t=43043 HTTP/1.1" 200 6992 "-" "Mozilla/5.0 (compatible; Yahoo! Slurp; http://help.yahoo.com/help/us/ysearch/slurp)"
66.249.67.118 - - [01/Jun/2015:07:52:28 +0200] "GET /viewtopic.php?p=9216&sid=d01fd5ad93b0120436f77432b596d698 HTTP/1.1" 200 7752 "-" "Mozilla/5.0 (compatible; Googlebot/2.1; +http://www.google.com/bot.html)"
114.44.204.134 - - [01/Jun/2015:07:52:29 +0200] "GET /memberlist.php?mode=viewprofile&u=45287&sid=f019995fd1f40db98f968625ed7109cf HTTP/1.0" 200 4320 "http://forums.ixus.net" "Mozilla/5.0 (Windows NT 6.3; WOW64) AppleWebKit/537.36 (KHTML, like Gecko) Chrome/34.0.1847.137 Safari/537.36"
66.249.67.105 - - [01/Jun/2015:07:52:39 +0200] "GET /viewtopic.php?t=8973&p=69430 HTTP/1.1" 200 6126 "-" "Mozilla/5.0 (compatible; Googlebot/2.1; +http://www.google.com/bot.html)"
207.46.13.133 - - [01/Jun/2015:07:52:47 +0200] "GET /viewtopic.php?t=5930&p=45552 HTTP/1.1" 200 6188 "-" "Mozilla/5.0 (compatible; bingbot/2.0; +http://www.bing.com/bingbot.htm)"
66.249.67.118 - - [01/Jun/2015:07:52:52 +0200] "GET /viewtopic.php?f=19&t=30118 HTTP/1.1" 200 5603 "-" "Mozilla/5.0 (compatible; Googlebot/2.1; +http://www.google.com/bot.html)"
46.229.164.102 - - [01/Jun/2015:07:53:12 +0200] "GET /viewtopic.php?f=10&sid=14eeda8b0d72ada9d9799fd1b4119e8a&start=30&t=44569 HTTP/1.1" 200 8228 "-" "Mozilla/5.0 (compatible; SemrushBot/0.98~bl; +http://www.semrush.com/bot.html)"
66.249.67.131 - - [01/Jun/2015:07:53:16 +0200] "GET /viewtopic.php?t=4666&p=33659 HTTP/1.1" 200 8623 "-" "Mozilla/5.0 (compatible; Googlebot/2.1; +http://www.google.com/bot.html)"
66.249.67.118 - - [01/Jun/2015:07:53:38 +0200] "GET /style.php?id=1&lang=fr&sid=fc6590caf25d0785cecf3c86601244c4 HTTP/1.1" 200 13943 "-" "Mozilla/5.0 (compatible; Googlebot/2.1; +http://www.google.com/bot.html)"
66.249.67.118 - - [01/Jun/2015:07:53:40 +0200] "GET /viewtopic.php?t=8835&p=69838 HTTP/1.1" 200 8795 "-" "Mozilla/5.0 (compatible; Googlebot/2.1; +http://www.google.com/bot.html)"
66.249.67.131 - - [01/Jun/2015:07:54:02 +0200] "GET /feed.php?f=2&t=31775 HTTP/1.1" 200 23081 "-" "Mozilla/5.0 (compatible; Googlebot/2.1; +http://www.google.com/bot.html)"
66.249.67.105 - - [01/Jun/2015:07:54:04 +0200] "GET /viewtopic.php?t=39683&postdays=0&postorder=asc&start=15&sid=4db2651bb924cf83f84449f5a94e0343 HTTP/1.1" 200 8376 "-" "Mozilla/5.0 (compatible; Googlebot/2.1; +http://www.google.com/bot.html)"
207.46.13.133 - - [01/Jun/2015:07:54:27 +0200] "GET /viewforum.php?f=10&start=7100 HTTP/1.1" 200 11112 "-" "Mozilla/5.0 (compatible; bingbot/2.0; +http://www.bing.com/bingbot.htm)"
66.249.67.131 - - [01/Jun/2015:07:54:28 +0200] "GET /viewtopic.php?t=5486&p=41701 HTTP/1.1" 200 7746 "-" "Mozilla/5.0 (compatible; Googlebot/2.1; +http://www.google.com/bot.html)"
178.255.215.89 - - [01/Jun/2015:07:54:34 +0200] "GET /viewtopic.php?f=6&t=40239&start=0 HTTP/1.1" 200 7960 "-" "Mozilla/5.0 (compatible; Exabot/3.0; +http://www.exabot.com/go/robot)"
66.249.67.105 - - [01/Jun/2015:07:54:53 +0200] "GET /viewtopic.php?f=10&t=7089 HTTP/1.1" 200 6543 "-" "Mozilla/5.0 (compatible; Googlebot/2.1; +http://www.google.com/bot.html)"
157.55.39.214 - - [01/Jun/2015:07:54:54 +0200] "GET /viewtopic.php?t=37903 HTTP/1.1" 200 9164 "-" "Mozilla/5.0 (compatible; bingbot/2.0; +http://www.bing.com/bingbot.htm)"
178.255.215.89 - - [01/Jun/2015:07:55:07 +0200] "GET /viewtopic.php?t=8853&p=68498 HTTP/1.1" 200 8204 "-" "Mozilla/5.0 (compatible; Exabot/3.0; +http://www.exabot.com/go/robot)"
66.249.67.131 - - [01/Jun/2015:07:55:17 +0200] "GET /viewtopic.php?t=4743&p=34631 HTTP/1.1" 200 6746 "-" "Mozilla/5.0 (compatible; Googlebot/2.1; +http://www.google.com/bot.html)"
52.28.97.79 - - [01/Jun/2015:07:55:17 +0200] "GET /viewtopic.php?t=41481 HTTP/1.1" 200 7761 "-" "Mozilla/5.0 (Windows NT 6.1) AppleWebKit/535.2 (KHTML, like Gecko) Chrome/18.6.872.0 Safari/535.2 UNTRUSTED/1.0 3gpp-gba UNTRUSTED/1.0"
157.55.39.244 - - [01/Jun/2015:07:55:19 +0200] "GET /viewtopic.php?f=10&t=9549&start=0 HTTP/1.1" 200 11167 "-" "Mozilla/5.0 (compatible; bingbot/2.0; +http://www.bing.com/bingbot.htm)"
157.55.39.244 - - [01/Jun/2015:07:55:20 +0200] "GET /viewtopic.php?p=241326 HTTP/1.1" 200 10997 "-" "Mozilla/5.0 (compatible; bingbot/2.0; +http://www.bing.com/bingbot.htm)"
178.255.215.89 - - [01/Jun/2015:07:55:22 +0200] "GET /viewtopic.php?t=10489&p=183470 HTTP/1.1" 200 10007 "-" "Mozilla/5.0 (compatible; Exabot/3.0; +http://www.exabot.com/go/robot)"
66.249.67.105 - - [01/Jun/2015:07:55:25 +0200] "GET /viewtopic.php?t=8502&p=65850 HTTP/1.1" 200 5821 "-" "Mozilla/5.0 (compatible; Googlebot/2.1; +http://www.google.com/bot.html)"
66.249.67.105 - - [01/Jun/2015:07:55:41 +0200] "GET /viewtopic.php?t=14328&p=105475 HTTP/1.1" 200 6040 "-" "Mozilla/5.0 (compatible; Googlebot/2.1; +http://www.google.com/bot.html)"
81.52.143.26 - - [01/Jun/2015:07:55:58 +0200] "GET /viewtopic.php?f=23&t=25840 HTTP/1.1" 200 6480 "-" "Mozilla/5.0 (compatible; OrangeBot/2.0; support.orangebot@orange.com)"
66.249.67.131 - - [01/Jun/2015:07:56:05 +0200] "GET /viewtopic.php?f=19&t=35957 HTTP/1.1" 200 6102 "-" "Mozilla/5.0 (compatible; Googlebot/2.1; +http://www.google.com/bot.html)"
66.249.67.118 - - [01/Jun/2015:07:56:08 +0200] "GET /viewtopic.php?t=2696&p=15903 HTTP/1.1" 200 6546 "-" "Mozilla/5.0 (compatible; Googlebot/2.1; +http://www.google.com/bot.html)"
66.249.67.105 - - [01/Jun/2015:07:56:29 +0200] "GET /viewtopic.php?t=30794&p=204575 HTTP/1.1" 200 7149 "-" "Mozilla/5.0 (compatible; Googlebot/2.1; +http://www.google.com/bot.html)"
46.229.164.113 - - [01/Jun/2015:07:56:38 +0200] "GET /ucp.php?mode=sendpassword&sid=2b6bfc47b6f434bef82d4f2e7f525674 HTTP/1.1" 200 3906 "-" "Mozilla/5.0 (compatible; SemrushBot/0.98~bl; +http://www.semrush.com/bot.html)"
207.46.13.133 - - [01/Jun/2015:07:56:39 +0200] "GET /viewtopic.php?p=202444 HTTP/1.1" 200 9568 "-" "Mozilla/5.0 (compatible; bingbot/2.0; +http://www.bing.com/bingbot.htm)"
66.249.67.105 - - [01/Jun/2015:07:56:53 +0200] "GET /viewtopic.php?t=13612&p=101748 HTTP/1.1" 200 7575 "-" "Mozilla/5.0 (compatible; Googlebot/2.1; +http://www.google.com/bot.html)"
157.55.39.214 - - [01/Jun/2015:07:56:59 +0200] "GET /viewtopic.php?p=276468 HTTP/1.1" 200 8293 "-" "Mozilla/5.0 (compatible; bingbot/2.0; +http://www.bing.com/bingbot.htm)"
66.249.67.118 - - [01/Jun/2015:07:57:00 +0200] "GET /viewtopic.php?t=7128&p=55580 HTTP/1.1" 200 7139 "-" "Mozilla/5.0 (compatible; Googlebot/2.1; +http://www.google.com/bot.html)"
68.180.229.31 - - [01/Jun/2015:07:57:03 +0200] "GET /robots.txt HTTP/1.1" 404 501 "-" "Mozilla/5.0 (compatible; Yahoo! Slurp; http://help.yahoo.com/help/us/ysearch/slurp)"
68.180.229.31 - - [01/Jun/2015:07:57:03 +0200] "GET /viewtopic.php?f=4&t=6195 HTTP/1.1" 200 8245 "-" "Mozilla/5.0 (compatible; Yahoo! Slurp; http://help.yahoo.com/help/us/ysearch/slurp)"
207.46.13.70 - - [01/Jun/2015:07:57:05 +0200] "GET /feed.php?f=10&t=42928 HTTP/1.1" 200 23709 "-" "Mozilla/5.0 (compatible; bingbot/2.0; +http://www.bing.com/bingbot.htm)"
66.249.67.118 - - [01/Jun/2015:07:57:17 +0200] "GET /viewtopic.php?f=6&t=11142 HTTP/1.1" 200 6170 "-" "Mozilla/5.0 (compatible; Googlebot/2.1; +http://www.google.com/bot.html)"
81.52.143.37 - - [01/Jun/2015:07:57:24 +0200] "GET /viewtopic.php?f=6&t=31889 HTTP/1.1" 200 5762 "-" "Mozilla/5.0 (compatible; OrangeBot/2.0; support.orangebot@orange.com)"
66.249.67.131 - - [01/Jun/2015:07:57:41 +0200] "GET /viewtopic.php?t=6844&p=53246 HTTP/1.1" 200 8946 "-" "Mozilla/5.0 (compatible; Googlebot/2.1; +http://www.google.com/bot.html)"
66.249.67.131 - - [01/Jun/2015:07:57:53 +0200] "GET /viewtopic.php?t=7217&p=55807 HTTP/1.1" 200 7575 "-" "Mozilla/5.0 (compatible; Googlebot/2.1; +http://www.google.com/bot.html)"
66.249.67.118 - - [01/Jun/2015:07:58:05 +0200] "GET /viewtopic.php?t=24421&p=168705 HTTP/1.1" 200 6699 "-" "Mozilla/5.0 (compatible; Googlebot/2.1; +http://www.google.com/bot.html)"
66.249.67.118 - - [01/Jun/2015:07:58:29 +0200] "GET /viewtopic.php?f=10&t=5191 HTTP/1.1" 200 6750 "-" "Mozilla/5.0 (compatible; Googlebot/2.1; +http://www.google.com/bot.html)"
157.55.39.243 - - [01/Jun/2015:07:58:41 +0200] "GET /viewtopic.php?t=32681&p=215076 HTTP/1.1" 200 9071 "-" "Mozilla/5.0 (compatible; bingbot/2.0; +http://www.bing.com/bingbot.htm)"
66.249.67.118 - - [01/Jun/2015:07:58:46 +0200] "GET /viewtopic.php?t=3541&p=22040 HTTP/1.1" 200 6034 "-" "Mozilla/5.0 (compatible; Googlebot/2.1; +http://www.google.com/bot.html)"
66.249.67.131 - - [01/Jun/2015:07:58:53 +0200] "GET /viewtopic.php?f=1&t=10291 HTTP/1.1" 200 6874 "-" "Mozilla/5.0 (compatible; Googlebot/2.1; +http://www.google.com/bot.html)"
46.229.164.102 - - [01/Jun/2015:07:59:08 +0200] "GET /viewforum.php?f=37&sid=98cf400b144fbad774d720e4cad2067d HTTP/1.1" 200 10777 "-" "Mozilla/5.0 (compatible; SemrushBot/0.98~bl; +http://www.semrush.com/bot.html)"
66.249.67.131 - - [01/Jun/2015:07:59:17 +0200] "GET /viewtopic.php?f=2&t=11298 HTTP/1.1" 200 5328 "-" "Mozilla/5.0 (compatible; Googlebot/2.1; +http://www.google.com/bot.html)"
178.255.215.89 - - [01/Jun/2015:07:59:30 +0200] "GET /viewtopic.php?t=13985&p=153908 HTTP/1.1" 200 6404 "-" "Mozilla/5.0 (compatible; Exabot/3.0; +http://www.exabot.com/go/robot)"
94.228.34.203 - - [01/Jun/2015:07:59:40 +0200] "GET /robots.txt HTTP/1.1" 404 556 "-" "robots"
94.228.34.203 - - [01/Jun/2015:07:59:40 +0200] "GET /feed.php?f=19&t=32603 HTTP/1.1" 200 23996 "-" "magpie-crawler/1.1 (U; Linux amd64; en-GB; +http://www.brandwatch.net)"
94.228.34.203 - - [01/Jun/2015:07:59:40 +0200] "GET /feed.php?f=26 HTTP/1.1" 200 28421 "-" "magpie-crawler/1.1 (U; Linux amd64; en-GB; +http://www.brandwatch.net)"
66.249.67.105 - - [01/Jun/2015:07:59:41 +0200] "GET /viewtopic.php?t=4338&p=38637 HTTP/1.1" 200 8882 "-" "Mozilla/5.0 (compatible; Googlebot/2.1; +http://www.google.com/bot.html)"
66.249.67.131 - - [01/Jun/2015:07:59:42 +0200] "GET /feed.php?f=22&t=7777 HTTP/1.1" 200 8864 "-" "Mozilla/5.0 (compatible; Googlebot/2.1; +http://www.google.com/bot.html)"
68.180.229.31 - - [01/Jun/2015:07:59:57 +0200] "GET /viewtopic.php?f=5&t=26674 HTTP/1.1" 200 5243 "-" "Mozilla/5.0 (compatible; Yahoo! Slurp; http://help.yahoo.com/help/us/ysearch/slurp)"
157.55.39.243 - - [01/Jun/2015:08:00:01 +0200] "GET /viewtopic.php?f=10&t=37358&start=45 HTTP/1.1" 200 8955 "-" "Mozilla/5.0 (compatible; bingbot/2.0; +http://www.bing.com/bingbot.htm)"
193.252.118.168 - - [01/Jun/2015:08:00:03 +0200] "GET /viewtopic.php?f=22&t=1417 HTTP/1.1" 200 6998 "-" "Mozilla/5.0 (compatible; OrangeBot/2.0; support.orangebot@orange.com)"
66.249.67.105 - - [01/Jun/2015:08:00:06 +0200] "GET /viewtopic.php?f=2&t=16257 HTTP/1.1" 200 5623 "-" "Mozilla/5.0 (compatible; Googlebot/2.1; +http://www.google.com/bot.html)"
207.46.13.70 - - [01/Jun/2015:08:00:06 +0200] "GET /viewtopic.php?p=107164 HTTP/1.1" 200 8044 "-" "Mozilla/5.0 (compatible; bingbot/2.0; +http://www.bing.com/bingbot.htm)"
178.255.215.89 - - [01/Jun/2015:08:00:06 +0200] "GET /viewtopic.php?f=27&t=20994&start=0 HTTP/1.1" 200 5748 "-" "Mozilla/5.0 (compatible; Exabot/3.0; +http://www.exabot.com/go/robot)"
95.79.210.142 - - [01/Jun/2015:08:00:21 +0200] "GET /index.php HTTP/1.0" 200 44163 "http://forums.ixus.net/index.php" "Mozilla/5.0 (Windows NT 6.1; WOW64) AppleWebKit/537.36 (KHTML, like Gecko) Chrome/41.0.2272.89 Safari/537.36 OPR/28.0.1750.48"
95.79.210.142 - - [01/Jun/2015:08:00:22 +0200] "GET /viewforum.php?f=27&sid=57e00655cf7ab0a827929e9177fe0929 HTTP/1.0" 200 64437 "http://forums.ixus.net/viewforum.php?f=27&sid=57e00655cf7ab0a827929e9177fe0929" "Mozilla/5.0 (Windows NT 6.1; WOW64) AppleWebKit/537.36 (KHTML, like Gecko) Chrome/41.0.2272.89 Safari/537.36 OPR/28.0.1750.48"
95.79.210.142 - - [01/Jun/2015:08:00:22 +0200] "GET /posting.php?mode=post&f=27 HTTP/1.0" 302 616 "http://forums.ixus.net/posting.php?mode=post&f=27" "Mozilla/5.0 (Windows NT 6.1; WOW64) AppleWebKit/537.36 (KHTML, like Gecko) Chrome/41.0.2272.89 Safari/537.36 OPR/28.0.1750.48"
95.79.210.142 - - [01/Jun/2015:08:00:22 +0200] "GET /demenagement.php?mode=post&f=27 HTTP/1.0" 200 835 "http://forums.ixus.net/demenagement.php?mode=post&f=27" "Mozilla/5.0 (Windows NT 6.1; WOW64) AppleWebKit/537.36 (KHTML, like Gecko) Chrome/41.0.2272.89 Safari/537.36 OPR/28.0.1750.48"
95.79.210.142 - - [01/Jun/2015:08:00:23 +0200] "GET /posting.php?mode=post&f=27 HTTP/1.0" 302 616 "http://forums.ixus.net/posting.php?mode=post&f=27" "Mozilla/5.0 (Windows NT 6.1; WOW64) AppleWebKit/537.36 (KHTML, like Gecko) Chrome/41.0.2272.89 Safari/537.36 OPR/28.0.1750.48"
95.79.210.142 - - [01/Jun/2015:08:00:23 +0200] "GET /demenagement.php?mode=post&f=27 HTTP/1.0" 200 835 "http://forums.ixus.net/demenagement.php?mode=post&f=27" "Mozilla/5.0 (Windows NT 6.1; WOW64) AppleWebKit/537.36 (KHTML, like Gecko) Chrome/41.0.2272.89 Safari/537.36 OPR/28.0.1750.48"
95.79.210.142 - - [01/Jun/2015:08:00:23 +0200] "GET /posting.php?mode=post&f=27 HTTP/1.0" 302 616 "http://forums.ixus.net/posting.php?mode=post&f=27" "Mozilla/5.0 (Windows NT 6.1; WOW64) AppleWebKit/537.36 (KHTML, like Gecko) Chrome/41.0.2272.89 Safari/537.36 OPR/28.0.1750.48"
95.79.210.142 - - [01/Jun/2015:08:00:23 +0200] "GET /demenagement.php?mode=post&f=27 HTTP/1.0" 200 835 "http://forums.ixus.net/demenagement.php?mode=post&f=27" "Mozilla/5.0 (Windows NT 6.1; WOW64) AppleWebKit/537.36 (KHTML, like Gecko) Chrome/41.0.2272.89 Safari/537.36 OPR/28.0.1750.48"
157.55.39.214 - - [01/Jun/2015:08:00:23 +0200] "GET /viewforum.php?f=21&start=250 HTTP/1.1" 200 11156 "-" "Mozilla/5.0 (compatible; bingbot/2.0; +http://www.bing.com/bingbot.htm)"
66.249.67.118 - - [01/Jun/2015:08:00:25 +0200] "GET /viewtopic.php?t=6076&p=47078 HTTP/1.1" 200 10370 "-" "Mozilla/5.0 (compatible; Googlebot/2.1; +http://www.google.com/bot.html)"
66.249.67.105 - - [01/Jun/2015:08:00:30 +0200] "GET /viewtopic.php?f=25&t=22767 HTTP/1.1" 200 5689 "-" "Mozilla/5.0 (compatible; Googlebot/2.1; +http://www.google.com/bot.html)"
157.55.39.243 - - [01/Jun/2015:08:00:47 +0200] "GET /viewtopic.php?p=160091 HTTP/1.1" 200 11122 "-" "Mozilla/5.0 (compatible; bingbot/2.0; +http://www.bing.com/bingbot.htm)"
66.249.67.118 - - [01/Jun/2015:08:00:54 +0200] "GET /viewtopic.php?t=24713&p=170440 HTTP/1.1" 200 5523 "-" "Mozilla/5.0 (compatible; Googlebot/2.1; +http://www.google.com/bot.html)"
46.229.164.113 - - [01/Jun/2015:08:00:54 +0200] "GET /memberlist.php?mode=leaders&sid=6cc351b5e25a795137eed9fb5502525c HTTP/1.1" 200 4359 "-" "Mozilla/5.0 (compatible; SemrushBot/0.98~bl; +http://www.semrush.com/bot.html)"
66.249.67.118 - - [01/Jun/2015:08:00:58 +0200] "GET /styles/prosilver/theme/normal.css HTTP/1.1" 200 394 "http://forums.ixus.net/viewtopic.php?f=23&t=3106" "Mozilla/5.0 (compatible; Googlebot/2.1; +http://www.google.com/bot.html)"
66.249.67.105 - - [01/Jun/2015:08:00:59 +0200] "GET /styles/prosilver/theme/print.css HTTP/1.1" 200 1565 "http://forums.ixus.net/viewtopic.php?f=23&t=3106" "Mozilla/5.0 (compatible; Googlebot/2.1; +http://www.google.com/bot.html)"
66.249.67.131 - - [01/Jun/2015:08:01:01 +0200] "GET /styles/prosilver/theme/medium.css HTTP/1.1" 200 394 "http://forums.ixus.net/viewtopic.php?f=23&t=3106" "Mozilla/5.0 (compatible; Googlebot/2.1; +http://www.google.com/bot.html)"
66.249.67.131 - - [01/Jun/2015:08:01:02 +0200] "GET /styles/prosilver/theme/large.css HTTP/1.1" 200 394 "http://forums.ixus.net/viewtopic.php?f=23&t=3106" "Mozilla/5.0 (compatible; Googlebot/2.1; +http://www.google.com/bot.html)"
157.55.39.214 - - [01/Jun/2015:08:01:04 +0200] "GET /feed.php?f=10&t=37169 HTTP/1.1" 200 2412 "-" "Mozilla/5.0 (compatible; bingbot/2.0; +http://www.bing.com/bingbot.htm)"
66.249.67.118 - - [01/Jun/2015:08:01:10 +0200] "GET /viewtopic.php?t=7777&p=69403 HTTP/1.1" 200 6890 "-" "Mozilla/5.0 (compatible; Googlebot/2.1; +http://www.google.com/bot.html)"
66.249.67.105 - - [01/Jun/2015:08:01:18 +0200] "GET /viewtopic.php?f=19&t=41488 HTTP/1.1" 200 7088 "-" "Mozilla/5.0 (compatible; Googlebot/2.1; +http://www.google.com/bot.html)"
157.55.39.214 - - [01/Jun/2015:08:01:26 +0200] "GET /viewtopic.php?f=10&t=14548&start=0 HTTP/1.1" 200 10384 "-" "Mozilla/5.0 (compatible; bingbot/2.0; +http://www.bing.com/bingbot.htm)"
66.249.67.105 - - [01/Jun/2015:08:01:42 +0200] "GET /viewtopic.php?f=25&t=13845&start=0 HTTP/1.1" 200 5906 "-" "Mozilla/5.0 (compatible; Googlebot/2.1; +http://www.google.com/bot.html)"
66.249.67.105 - - [01/Jun/2015:08:02:06 +0200] "GET /viewtopic.php?f=27&t=10205 HTTP/1.1" 200 5721 "-" "Mozilla/5.0 (compatible; Googlebot/2.1; +http://www.google.com/bot.html)"
66.249.67.118 - - [01/Jun/2015:08:02:12 +0200] "GET /viewtopic.php?t=7777&p=69021 HTTP/1.1" 200 6890 "-" "Mozilla/5.0 (compatible; Googlebot/2.1; +http://www.google.com/bot.html)"
207.46.13.133 - - [01/Jun/2015:08:02:29 +0200] "GET /feed.php?f=19&t=42820 HTTP/1.1" 200 17117 "-" "Mozilla/5.0 (compatible; bingbot/2.0; +http://www.bing.com/bingbot.htm)"
66.249.67.105 - - [01/Jun/2015:08:02:30 +0200] "GET /viewtopic.php?f=5&t=11941&start=15 HTTP/1.1" 200 7346 "-" "Mozilla/5.0 (compatible; Googlebot/2.1; +http://www.google.com/bot.html)"
207.46.13.133 - - [01/Jun/2015:08:02:53 +0200] "GET /viewtopic.php?p=170451 HTTP/1.1" 200 12757 "-" "Mozilla/5.0 (compatible; bingbot/2.0; +http://www.bing.com/bingbot.htm)"
66.249.67.118 - - [01/Jun/2015:08:02:54 +0200] "GET /viewtopic.php?t=24766&p=171028 HTTP/1.1" 200 7326 "-" "Mozilla/5.0 (compatible; Googlebot/2.1; +http://www.google.com/bot.html)"
66.249.67.131 - - [01/Jun/2015:08:03:18 +0200] "GET /viewtopic.php?f=19&t=39202&start=0 HTTP/1.1" 200 9034 "-" "Mozilla/5.0 (compatible; Googlebot/2.1; +http://www.google.com/bot.html)"
66.249.67.131 - - [01/Jun/2015:08:03:19 +0200] "GET /viewtopic.php?t=7777&p=63224 HTTP/1.1" 200 6890 "-" "Mozilla/5.0 (compatible; Googlebot/2.1; +http://www.google.com/bot.html)"
178.255.215.89 - - [01/Jun/2015:08:03:28 +0200] "GET /viewtopic.php?t=18757&p=135103 HTTP/1.1" 200 7730 "-" "Mozilla/5.0 (compatible; Exabot/3.0; +http://www.exabot.com/go/robot)"
178.255.215.89 - - [01/Jun/2015:08:03:34 +0200] "GET /viewtopic.php?f=20&t=1967&start=30 HTTP/1.1" 200 9276 "-" "Mozilla/5.0 (compatible; Exabot/3.0; +http://www.exabot.com/go/robot)"
66.249.67.105 - - [01/Jun/2015:08:03:42 +0200] "GET /viewtopic.php?f=22&t=10820&start=0 HTTP/1.1" 200 7383 "-" "Mozilla/5.0 (compatible; Googlebot/2.1; +http://www.google.com/bot.html)"
144.76.155.8 - - [01/Jun/2015:08:03:47 +0200] "GET /viewtopic.php?t=32503&p=213004 HTTP/1.1" 200 50445 "-" "Mozilla/5.0 (compatible; Windows; U; Windows NT 6.2; WOW64; en-US; rv:12.0) Gecko/20120403211507 Firefox/12.0"
144.76.155.8 - - [01/Jun/2015:08:03:47 +0200] "GET /viewtopic.php?f=19&t=32503&start=15 HTTP/1.1" 200 50445 "-" "Mozilla/5.0 (Windows NT 6.0; WOW64) AppleWebKit/534.24 (KHTML, like Gecko) Chrome/11.0.696.34 Safari/534.24"
148.251.124.42 - - [01/Jun/2015:08:03:48 +0200] "GET /viewtopic.php?t=32503&p=213007 HTTP/1.1" 200 50445 "-" "Mozilla/5.0 (Windows NT 5.1) AppleWebKit/537.36 (KHTML, like Gecko) Chrome/27.0.1453.94 Safari/537.36"
46.229.164.99 - - [01/Jun/2015:08:03:56 +0200] "GET /viewtopic.php?f=10&p=280502&sid=44bbf9da99f84c3587e6b36e0aff19f6&t=41478 HTTP/1.1" 200 11391 "-" "Mozilla/5.0 (compatible; SemrushBot/0.98~bl; +http://www.semrush.com/bot.html)"
66.249.67.105 - - [01/Jun/2015:08:04:06 +0200] "GET /viewtopic.php?t=27498&p=186479 HTTP/1.1" 200 8745 "-" "Mozilla/5.0 (compatible; Googlebot/2.1; +http://www.google.com/bot.html)"
66.249.67.105 - - [01/Jun/2015:08:04:30 +0200] "GET /viewtopic.php?t=31019&p=205856 HTTP/1.1" 200 7127 "-" "Mozilla/5.0 (compatible; Googlebot/2.1; +http://www.google.com/bot.html)"
66.249.67.105 - - [01/Jun/2015:08:04:31 +0200] "GET /feed.php?f=10&t=3767 HTTP/1.1" 200 11058 "-" "Mozilla/5.0 (compatible; Googlebot/2.1; +http://www.google.com/bot.html)"
81.52.143.26 - - [01/Jun/2015:08:04:49 +0200] "GET /viewforum.php?f=25&start=1950 HTTP/1.1" 200 10465 "-" "Mozilla/5.0 (compatible; OrangeBot/2.0; support.orangebot@orange.com)"
66.249.67.118 - - [01/Jun/2015:08:04:55 +0200] "GET /viewtopic.php?f=19&t=35612&start=0 HTTP/1.1" 200 7724 "-" "Mozilla/5.0 (compatible; Googlebot/2.1; +http://www.google.com/bot.html)"
66.249.67.131 - - [01/Jun/2015:08:05:19 +0200] "GET /viewtopic.php?t=18664&p=135274 HTTP/1.1" 200 9870 "-" "Mozilla/5.0 (compatible; Googlebot/2.1; +http://www.google.com/bot.html)"
66.249.67.131 - - [01/Jun/2015:08:05:24 +0200] "GET /viewtopic.php?t=2111&p=13295 HTTP/1.1" 200 7256 "-" "Mozilla/5.0 (compatible; Googlebot/2.1; +http://www.google.com/bot.html)"
66.249.67.131 - - [01/Jun/2015:08:05:28 +0200] "GET /viewtopic.php?t=43035 HTTP/1.1" 200 6166 "-" "Mozilla/5.0 (iPhone; CPU iPhone OS 6_0 like Mac OS X) AppleWebKit/536.26 (KHTML, like Gecko) Version/6.0 Mobile/10A5376e Safari/8536.25 (compatible; Googlebot/2.1; +http://www.google.com/bot.html)"
207.46.13.70 - - [01/Jun/2015:08:05:38 +0200] "GET /viewtopic.php?p=250078 HTTP/1.1" 200 10233 "-" "Mozilla/5.0 (compatible; bingbot/2.0; +http://www.bing.com/bingbot.htm)"
157.55.39.214 - - [01/Jun/2015:08:05:38 +0200] "GET /viewforum.php?f=9&start=200 HTTP/1.1" 200 11464 "-" "Mozilla/5.0 (compatible; bingbot/2.0; +http://www.bing.com/bingbot.htm)"
66.249.67.131 - - [01/Jun/2015:08:05:43 +0200] "GET /viewtopic.php?f=19&t=9829&start=0 HTTP/1.1" 200 6574 "-" "Mozilla/5.0 (compatible; Googlebot/2.1; +http://www.google.com/bot.html)"
46.229.164.99 - - [01/Jun/2015:08:06:06 +0200] "GET /viewtopic.php?f=26&sid=de227d02b74686c765c8d91dd1b09090&t=42727 HTTP/1.1" 200 6330 "-" "Mozilla/5.0 (compatible; SemrushBot/0.98~bl; +http://www.semrush.com/bot.html)"
66.249.67.118 - - [01/Jun/2015:08:06:07 +0200] "GET /viewtopic.php?t=7142&p=54965 HTTP/1.1" 200 9242 "-" "Mozilla/5.0 (compatible; Googlebot/2.1; +http://www.google.com/bot.html)"
66.249.67.105 - - [01/Jun/2015:08:06:13 +0200] "GET /viewtopic.php?t=3767&p=23974 HTTP/1.1" 200 7401 "-" "Mozilla/5.0 (compatible; Googlebot/2.1; +http://www.google.com/bot.html)"
66.249.67.118 - - [01/Jun/2015:08:06:31 +0200] "GET /viewtopic.php?t=16282&p=199266 HTTP/1.1" 200 8957 "-" "Mozilla/5.0 (compatible; Googlebot/2.1; +http://www.google.com/bot.html)"
193.252.149.15 - - [01/Jun/2015:08:06:47 +0200] "GET /viewtopic.php?f=6&t=33947 HTTP/1.1" 200 8886 "-" "Mozilla/5.0 (compatible; OrangeBot/2.0; support.orangebot@orange.com)"
66.249.67.105 - - [01/Jun/2015:08:06:52 +0200] "GET /viewtopic.php?f=27&t=10205&start=0 HTTP/1.1" 200 5713 "-" "Mozilla/5.0 (compatible; Googlebot/2.1; +http://www.google.com/bot.html)"
66.249.67.131 - - [01/Jun/2015:08:06:55 +0200] "GET /viewtopic.php?f=19&t=34686&start=0 HTTP/1.1" 200 8911 "-" "Mozilla/5.0 (compatible; Googlebot/2.1; +http://www.google.com/bot.html)"
193.252.149.14 - - [01/Jun/2015:08:07:12 +0200] "GET /viewtopic.php?f=23&t=29394 HTTP/1.1" 200 5803 "-" "Mozilla/5.0 (compatible; OrangeBot/2.0; support.orangebot@orange.com)"
66.249.67.105 - - [01/Jun/2015:08:07:19 +0200] "GET /viewtopic.php?f=19&t=39720&start=0 HTTP/1.1" 200 6050 "-" "Mozilla/5.0 (compatible; Googlebot/2.1; +http://www.google.com/bot.html)"
207.46.13.70 - - [01/Jun/2015:08:07:25 +0200] "GET /viewforum.php?f=9&start=150 HTTP/1.1" 200 11619 "-" "Mozilla/5.0 (compatible; bingbot/2.0; +http://www.bing.com/bingbot.htm)"
66.249.67.131 - - [01/Jun/2015:08:07:34 +0200] "GET /viewtopic.php?t=8374&p=67364 HTTP/1.1" 200 5458 "-" "Mozilla/5.0 (compatible; Googlebot/2.1; +http://www.google.com/bot.html)"
66.249.67.118 - - [01/Jun/2015:08:07:43 +0200] "GET /viewtopic.php?f=2&t=42851&start=0 HTTP/1.1" 200 6190 "-" "Mozilla/5.0 (compatible; Googlebot/2.1; +http://www.google.com/bot.html)"
66.249.67.118 - - [01/Jun/2015:08:07:48 +0200] "GET /style.php?id=1&lang=fr&sid=d70b5ac2e4ee75ae7dd3dcf564a6fb0f HTTP/1.1" 200 13943 "http://forums.ixus.net/viewtopic.php?f=10&t=40803" "Mozilla/5.0 (compatible; Googlebot/2.1; +http://www.google.com/bot.html)"
66.249.67.118 - - [01/Jun/2015:08:08:07 +0200] "GET /viewtopic.php?f=3&t=959&start=0 HTTP/1.1" 200 7868 "-" "Mozilla/5.0 (compatible; Googlebot/2.1; +http://www.google.com/bot.html)"
66.249.67.105 - - [01/Jun/2015:08:08:16 +0200] "GET /viewtopic.php?t=5658&p=43323 HTTP/1.1" 200 10423 "-" "Mozilla/5.0 (compatible; Googlebot/2.1; +http://www.google.com/bot.html)"
157.55.39.244 - - [01/Jun/2015:08:08:23 +0200] "GET /viewforum.php?f=31&start=0 HTTP/1.1" 200 6328 "-" "Mozilla/5.0 (compatible; bingbot/2.0; +http://www.bing.com/bingbot.htm)"
66.249.67.131 - - [01/Jun/2015:08:08:31 +0200] "GET /viewtopic.php?t=8258&p=63992 HTTP/1.1" 200 7458 "-" "Mozilla/5.0 (compatible; Googlebot/2.1; +http://www.google.com/bot.html)"
46.229.164.113 - - [01/Jun/2015:08:08:49 +0200] "GET /viewtopic.php?f=10&sid=3948d0b35084ca2eafa0915c2f6598b7&start=15&t=44569 HTTP/1.1" 200 14101 "-" "Mozilla/5.0 (compatible; SemrushBot/0.98~bl; +http://www.semrush.com/bot.html)"
66.249.67.118 - - [01/Jun/2015:08:08:55 +0200] "GET /viewtopic.php?t=41219&p=259821 HTTP/1.1" 200 6669 "-" "Mozilla/5.0 (compatible; Googlebot/2.1; +http://www.google.com/bot.html)"
193.252.118.166 - - [01/Jun/2015:08:08:56 +0200] "GET /viewtopic.php?f=9&t=22460 HTTP/1.1" 200 6620 "-" "Mozilla/5.0 (compatible; OrangeBot/2.0; support.orangebot@orange.com)"
66.249.67.131 - - [01/Jun/2015:08:08:57 +0200] "GET /viewtopic.php?t=8379&p=64970 HTTP/1.1" 200 6524 "-" "Mozilla/5.0 (compatible; Googlebot/2.1; +http://www.google.com/bot.html)"
66.249.67.131 - - [01/Jun/2015:08:09:19 +0200] "GET /viewtopic.php?t=23690&p=163987 HTTP/1.1" 200 5661 "-" "Mozilla/5.0 (compatible; Googlebot/2.1; +http://www.google.com/bot.html)"
66.249.67.118 - - [01/Jun/2015:08:09:43 +0200] "GET /feed.php?f=10&t=2952 HTTP/1.1" 200 3317 "-" "Mozilla/5.0 (compatible; Googlebot/2.1; +http://www.google.com/bot.html)"
66.249.67.105 - - [01/Jun/2015:08:09:44 +0200] "GET /viewtopic.php?t=33024&p=214932 HTTP/1.1" 200 5949 "-" "Mozilla/5.0 (compatible; Googlebot/2.1; +http://www.google.com/bot.html)"
157.55.39.214 - - [01/Jun/2015:08:09:49 +0200] "GET /viewforum.php?f=27&topicdays=0&start=2100 HTTP/1.1" 200 11013 "-" "Mozilla/5.0 (compatible; bingbot/2.0; +http://www.bing.com/bingbot.htm)"
66.249.67.118 - - [01/Jun/2015:08:10:08 +0200] "GET /viewtopic.php?f=10&t=19051&start=0 HTTP/1.1" 200 5524 "-" "Mozilla/5.0 (compatible; Googlebot/2.1; +http://www.google.com/bot.html)"
66.249.67.105 - - [01/Jun/2015:08:10:32 +0200] "GET /viewtopic.php?t=8374&p=67757 HTTP/1.1" 200 5458 "-" "Mozilla/5.0 (compatible; Googlebot/2.1; +http://www.google.com/bot.html)"
66.249.67.118 - - [01/Jun/2015:08:10:33 +0200] "GET /viewtopic.php?t=14277&postdays=0&postorder=asc&start=203 HTTP/1.1" 200 9998 "-" "Mozilla/5.0 (compatible; Googlebot/2.1; +http://www.google.com/bot.html)"
66.249.67.105 - - [01/Jun/2015:08:10:56 +0200] "GET /viewtopic.php?t=2910&p=17324 HTTP/1.1" 200 8155 "-" "Mozilla/5.0 (compatible; Googlebot/2.1; +http://www.google.com/bot.html)"
178.255.215.89 - - [01/Jun/2015:08:11:03 +0200] "GET /viewtopic.php?t=3322&p=20446 HTTP/1.1" 200 5494 "-" "Mozilla/5.0 (compatible; Exabot/3.0; +http://www.exabot.com/go/robot)"
66.249.67.118 - - [01/Jun/2015:08:11:20 +0200] "GET /viewtopic.php?f=2&t=12550 HTTP/1.1" 200 8763 "-" "Mozilla/5.0 (compatible; Googlebot/2.1; +http://www.google.com/bot.html)"
193.252.149.13 - - [01/Jun/2015:08:11:30 +0200] "GET /viewtopic.php?t=42542 HTTP/1.1" 200 6507 "-" "Mozilla/5.0 (compatible; OrangeBot/2.0; support.orangebot@orange.com)"
66.249.67.118 - - [01/Jun/2015:08:11:44 +0200] "GET /viewtopic.php?t=30394&p=202790 HTTP/1.1" 200 8321 "-" "Mozilla/5.0 (compatible; Googlebot/2.1; +http://www.google.com/bot.html)"
180.76.15.15 - - [01/Jun/2015:08:11:56 +0200] "GET /viewtopic.php?t=9921&p=76440 HTTP/1.1" 200 7353 "-" "Mozilla/5.0 (compatible; Baiduspider/2.0; +http://www.baidu.com/search/spider.html)"
46.229.164.113 - - [01/Jun/2015:08:12:04 +0200] "GET /memberlist.php?mode=leaders&sid=3b4fd851a6471169393358379b174e2e HTTP/1.1" 200 4401 "-" "Mozilla/5.0 (compatible; SemrushBot/0.98~bl; +http://www.semrush.com/bot.html)"
66.249.67.131 - - [01/Jun/2015:08:12:08 +0200] "GET /viewtopic.php?t=24258&p=167885 HTTP/1.1" 200 8848 "-" "Mozilla/5.0 (compatible; Googlebot/2.1; +http://www.google.com/bot.html)"
66.249.67.105 - - [01/Jun/2015:08:12:09 +0200] "GET /viewtopic.php?t=9735&p=74933 HTTP/1.1" 200 5568 "-" "Mozilla/5.0 (compatible; Googlebot/2.1; +http://www.google.com/bot.html)"
207.46.13.133 - - [01/Jun/2015:08:12:12 +0200] "GET /viewtopic.php?p=262038 HTTP/1.1" 200 14157 "-" "Mozilla/5.0 (compatible; bingbot/2.0; +http://www.bing.com/bingbot.htm)"
207.46.13.133 - - [01/Jun/2015:08:12:14 +0200] "GET /viewtopic.php?f=2&t=44475&p=280687 HTTP/1.1" 200 11197 "-" "Mozilla/5.0 (compatible; bingbot/2.0; +http://www.bing.com/bingbot.htm)"
66.249.67.118 - - [01/Jun/2015:08:12:32 +0200] "GET /viewtopic.php?f=10&t=31546 HTTP/1.1" 200 11197 "-" "Mozilla/5.0 (compatible; Googlebot/2.1; +http://www.google.com/bot.html)"
207.46.13.70 - - [01/Jun/2015:08:12:50 +0200] "GET /viewtopic.php?f=26&t=40098 HTTP/1.1" 200 11019 "-" "Mozilla/5.0 (compatible; bingbot/2.0; +http://www.bing.com/bingbot.htm)"
157.55.39.243 - - [01/Jun/2015:08:12:52 +0200] "GET /viewtopic.php?f=11&t=41733 HTTP/1.1" 200 6028 "-" "Mozilla/5.0 (compatible; bingbot/2.0; +http://www.bing.com/bingbot.htm)"
66.249.67.131 - - [01/Jun/2015:08:12:56 +0200] "GET /viewtopic.php?f=19&t=10115 HTTP/1.1" 200 7535 "-" "Mozilla/5.0 (compatible; Googlebot/2.1; +http://www.google.com/bot.html)"
157.55.39.214 - - [01/Jun/2015:08:13:02 +0200] "GET /viewtopic.php?f=11&t=43834&start=0 HTTP/1.1" 200 7803 "-" "Mozilla/5.0 (compatible; bingbot/2.0; +http://www.bing.com/bingbot.htm)"
157.55.39.214 - - [01/Jun/2015:08:13:02 +0200] "GET /viewtopic.php?t=35554&p=225571 HTTP/1.1" 200 8030 "-" "Mozilla/5.0 (compatible; bingbot/2.0; +http://www.bing.com/bingbot.htm)"
193.252.149.18 - - [01/Jun/2015:08:13:16 +0200] "GET /viewtopic.php?f=22&t=13108 HTTP/1.1" 200 6847 "-" "Mozilla/5.0 (compatible; OrangeBot/2.0; support.orangebot@orange.com)"
66.249.67.131 - - [01/Jun/2015:08:13:20 +0200] "GET /viewtopic.php?f=10&t=27973&start=15 HTTP/1.1" 200 6969 "-" "Mozilla/5.0 (compatible; Googlebot/2.1; +http://www.google.com/bot.html)"
66.249.67.105 - - [01/Jun/2015:08:13:44 +0200] "GET /viewtopic.php?f=19&t=36273 HTTP/1.1" 200 6209 "-" "Mozilla/5.0 (compatible; Googlebot/2.1; +http://www.google.com/bot.html)"
66.249.67.105 - - [01/Jun/2015:08:13:45 +0200] "GET /feed.php?f=28&t=9590 HTTP/1.1" 200 27227 "-" "Mozilla/5.0 (compatible; Googlebot/2.1; +http://www.google.com/bot.html)"
66.249.67.105 - - [01/Jun/2015:08:14:08 +0200] "GET /viewtopic.php?t=28568&postdays=0&postorder=asc&start=60&sid=e1aaf199a7042c9028d9783480b6231b HTTP/1.1" 200 7765 "-" "Mozilla/5.0 (compatible; Googlebot/2.1; +http://www.google.com/bot.html)"
157.55.39.244 - - [01/Jun/2015:08:14:09 +0200] "GET /viewtopic.php?p=253841 HTTP/1.1" 200 10498 "-" "Mozilla/5.0 (compatible; bingbot/2.0; +http://www.bing.com/bingbot.htm)"
117.169.1.194 - - [01/Jun/2015:08:14:14 +0200] "GET /index.php HTTP/1.1" 200 44186 "http://forums.ixus.net/index.php" "Mozilla/5.0 (Windows NT 6.3; WOW64) AppleWebKit/537.36 (KHTML, like Gecko) Chrome/41.0.2272.101 Safari/537.36"
66.249.67.131 - - [01/Jun/2015:08:14:32 +0200] "GET /viewtopic.php?f=10&t=27284&start=0 HTTP/1.1" 200 8503 "-" "Mozilla/5.0 (compatible; Googlebot/2.1; +http://www.google.com/bot.html)"
117.169.1.194 - - [01/Jun/2015:08:14:39 +0200] "GET /ucp.php?mode=register&sid=652b34223dc5fb136b8ef6176ca5b4de HTTP/1.1" 302 669 "http://forums.ixus.net/ucp.php?mode=register&sid=652b34223dc5fb136b8ef6176ca5b4de" "Mozilla/5.0 (Windows NT 6.3; WOW64) AppleWebKit/537.36 (KHTML, like Gecko) Chrome/41.0.2272.101 Safari/537.36"
178.255.215.89 - - [01/Jun/2015:08:14:45 +0200] "GET /viewtopic.php?t=16328&p=140964 HTTP/1.1" 200 9245 "-" "Mozilla/5.0 (compatible; Exabot/3.0; +http://www.exabot.com/go/robot)"
66.249.67.131 - - [01/Jun/2015:08:14:57 +0200] "GET /viewtopic.php?t=38165&p=240166 HTTP/1.1" 200 8479 "-" "Mozilla/5.0 (compatible; Googlebot/2.1; +http://www.google.com/bot.html)"
66.249.67.118 - - [01/Jun/2015:08:15:00 +0200] "GET / HTTP/1.1" 200 7115 "-" "Mediapartners-Google"
117.169.1.194 - - [01/Jun/2015:08:15:06 +0200] "GET /demenagement.php?mode=register&sid=652b34223dc5fb136b8ef6176ca5b4de HTTP/1.1" 200 524 "http://forums.ixus.net/demenagement.php?mode=register&sid=652b34223dc5fb136b8ef6176ca5b4de" "Mozilla/5.0 (Windows NT 6.3; WOW64) AppleWebKit/537.36 (KHTML, like Gecko) Chrome/41.0.2272.101 Safari/537.36"
117.169.1.194 - - [01/Jun/2015:08:15:18 +0200] "GET /index.php HTTP/1.1" 200 39712 "http://forums.ixus.net/index.php" "Mozilla/5.0 (Windows NT 6.3; WOW64) AppleWebKit/537.36 (KHTML, like Gecko) Chrome/41.0.2272.101 Safari/537.36"
66.249.67.105 - - [01/Jun/2015:08:15:21 +0200] "GET /viewtopic.php?p=55334&sid=117694689e8e4b4f1155589d060c0e29 HTTP/1.1" 200 7534 "-" "Mozilla/5.0 (compatible; Googlebot/2.1; +http://www.google.com/bot.html)"
66.249.67.105 - - [01/Jun/2015:08:15:25 +0200] "GET /viewtopic.php?t=5023&p=37217 HTTP/1.1" 200 10976 "-" "Mozilla/5.0 (compatible; Googlebot/2.1; +http://www.google.com/bot.html)"
66.249.67.118 - - [01/Jun/2015:08:15:45 +0200] "GET /viewtopic.php?t=15659&p=114496 HTTP/1.1" 200 9861 "-" "Mozilla/5.0 (compatible; Googlebot/2.1; +http://www.google.com/bot.html)"
117.169.1.194 - - [01/Jun/2015:08:15:48 +0200] "GET /index.php HTTP/1.1" 200 39712 "http://forums.ixus.net/index.php" "Mozilla/5.0 (Windows NT 6.3; WOW64) AppleWebKit/537.36 (KHTML, like Gecko) Chrome/41.0.2272.101 Safari/537.36"
46.229.164.113 - - [01/Jun/2015:08:15:50 +0200] "GET /viewtopic.php?f=37&p=276696&sid=5e5742e0b9fd44189abe1b005c23fc0c&t=43815 HTTP/1.1" 200 6658 "-" "Mozilla/5.0 (compatible; SemrushBot/0.98~bl; +http://www.semrush.com/bot.html)"
66.249.67.118 - - [01/Jun/2015:08:15:50 +0200] "GET /viewtopic.php?f=3&t=2910&start=0 HTTP/1.1" 200 8187 "-" "Mozilla/5.0 (compatible; Googlebot/2.1; +http://www.google.com/bot.html)"
66.249.67.105 - - [01/Jun/2015:08:16:09 +0200] "GET /viewtopic.php?t=24472&p=168904 HTTP/1.1" 200 6095 "-" "Mozilla/5.0 (compatible; Googlebot/2.1; +http://www.google.com/bot.html)"
207.46.13.133 - - [01/Jun/2015:08:16:16 +0200] "GET /feed.php?f=21&t=41191 HTTP/1.1" 200 8685 "-" "Mozilla/5.0 (compatible; bingbot/2.0; +http://www.bing.com/bingbot.htm)"
66.249.67.105 - - [01/Jun/2015:08:16:33 +0200] "GET /viewtopic.php?f=26&t=12968&start=0 HTTP/1.1" 200 10245 "-" "Mozilla/5.0 (compatible; Googlebot/2.1; +http://www.google.com/bot.html)"
66.249.67.118 - - [01/Jun/2015:08:16:35 +0200] "GET /viewtopic.php?f=19&t=10115&start=0 HTTP/1.1" 200 7535 "-" "Mozilla/5.0 (compatible; Googlebot/2.1; +http://www.google.com/bot.html)"
157.55.39.243 - - [01/Jun/2015:08:16:46 +0200] "GET /viewtopic.php?f=2&t=38630&start=0 HTTP/1.1" 200 7234 "-" "Mozilla/5.0 (compatible; bingbot/2.0; +http://www.bing.com/bingbot.htm)"
66.249.67.131 - - [01/Jun/2015:08:16:57 +0200] "GET /viewtopic.php?t=42359&p=266352 HTTP/1.1" 200 9171 "-" "Mozilla/5.0 (compatible; Googlebot/2.1; +http://www.google.com/bot.html)"
207.46.13.133 - - [01/Jun/2015:08:17:05 +0200] "GET /viewtopic.php?p=271340 HTTP/1.1" 200 6845 "-" "Mozilla/5.0 (compatible; bingbot/2.0; +http://www.bing.com/bingbot.htm)"
66.249.67.118 - - [01/Jun/2015:08:17:21 +0200] "GET /viewtopic.php?t=9590&p=74064 HTTP/1.1" 200 11595 "-" "Mozilla/5.0 (compatible; Googlebot/2.1; +http://www.google.com/bot.html)"
66.249.67.131 - - [01/Jun/2015:08:17:22 +0200] "GET / HTTP/1.1" 200 7116 "-" "Mozilla/5.0 (compatible; Googlebot/2.1; +http://www.google.com/bot.html)"
66.249.67.118 - - [01/Jun/2015:08:17:45 +0200] "GET /viewtopic.php?t=42981&p=272602 HTTP/1.1" 200 7397 "-" "Mozilla/5.0 (compatible; Googlebot/2.1; +http://www.google.com/bot.html)"
68.180.229.31 - - [01/Jun/2015:08:18:06 +0200] "GET /feed.php?f=26&t=31737 HTTP/1.1" 200 2360 "-" "Mozilla/5.0 (compatible; Yahoo! Slurp; http://help.yahoo.com/help/us/ysearch/slurp)"
66.249.67.105 - - [01/Jun/2015:08:18:09 +0200] "GET /viewtopic.php?t=5084&p=37920 HTTP/1.1" 200 6563 "-" "Mozilla/5.0 (compatible; Googlebot/2.1; +http://www.google.com/bot.html)"
66.249.67.105 - - [01/Jun/2015:08:18:10 +0200] "GET /viewtopic.php?t=44269&p=279864 HTTP/1.1" 200 8003 "-" "Mozilla/5.0 (compatible; Googlebot/2.1; +http://www.google.com/bot.html)"
66.249.67.118 - - [01/Jun/2015:08:18:33 +0200] "GET /viewtopic.php?f=10&t=10785&start=0 HTTP/1.1" 200 6979 "-" "Mozilla/5.0 (compatible; Googlebot/2.1; +http://www.google.com/bot.html)"
66.249.67.118 - - [01/Jun/2015:08:18:57 +0200] "GET /viewtopic.php?t=5495&p=41703 HTTP/1.1" 200 5995 "-" "Mozilla/5.0 (compatible; Googlebot/2.1; +http://www.google.com/bot.html)"
66.249.67.131 - - [01/Jun/2015:08:18:58 +0200] "GET /viewtopic.php?t=9358&sid=53c8a3cebdfa77efaad29bc9e4854eed HTTP/1.1" 200 8489 "-" "Mozilla/5.0 (compatible; Googlebot/2.1; +http://www.google.com/bot.html)"
66.249.67.118 - - [01/Jun/2015:08:19:21 +0200] "GET /viewtopic.php?t=22147&p=155679 HTTP/1.1" 200 6121 "-" "Mozilla/5.0 (compatible; Googlebot/2.1; +http://www.google.com/bot.html)"
66.249.67.118 - - [01/Jun/2015:08:19:46 +0200] "GET /feed.php?f=10&t=6499 HTTP/1.1" 200 1761 "-" "Mozilla/5.0 (compatible; Googlebot/2.1; +http://www.google.com/bot.html)"
66.249.67.105 - - [01/Jun/2015:08:19:46 +0200] "GET /viewtopic.php?t=37173&p=233467 HTTP/1.1" 200 5741 "-" "Mozilla/5.0 (compatible; Googlebot/2.1; +http://www.google.com/bot.html)"
123.125.71.26 - - [01/Jun/2015:08:19:50 +0200] "GET /viewtopic.php?p=114419&sid=ac542abac7e060de6c4e0286c45d288c HTTP/1.1" 200 7115 "-" "Mozilla/5.0 (compatible; Baiduspider/2.0; +http://www.baidu.com/search/spider.html)"
