88.198.16.153 - - [06/Jun/2015:03:11:29 +0200] "GET /viewtopic.php?t=4559 HTTP/1.0" 200 6670 "-" "Mozilla/5.0 (compatible; MJ12bot/v1.4.5; http://www.majestic12.co.uk/bot.php?+)"
104.255.67.238 - - [06/Jun/2015:03:11:29 +0200] "GET /viewtopic.php?p=68199 HTTP/1.0" 200 8679 "-" "Mozilla/5.0 (compatible; MJ12bot/v1.4.5; http://www.majestic12.co.uk/bot.php?+)"
104.255.67.238 - - [06/Jun/2015:03:11:32 +0200] "GET /viewtopic.php?p=68252 HTTP/1.0" 200 6638 "-" "Mozilla/5.0 (compatible; MJ12bot/v1.4.5; http://www.majestic12.co.uk/bot.php?+)"
104.255.67.238 - - [06/Jun/2015:03:11:35 +0200] "GET /viewtopic.php?p=68255 HTTP/1.0" 200 6638 "-" "Mozilla/5.0 (compatible; MJ12bot/v1.4.5; http://www.majestic12.co.uk/bot.php?+)"
88.198.16.153 - - [06/Jun/2015:03:11:35 +0200] "GET /viewtopic.php?t=4605&postdays=0&postorder=asc&start=15 HTTP/1.0" 200 6182 "-" "Mozilla/5.0 (compatible; MJ12bot/v1.4.5; http://www.majestic12.co.uk/bot.php?+)"
193.252.149.15 - - [06/Jun/2015:03:11:36 +0200] "GET /viewtopic.php?t=28660 HTTP/1.1" 200 7930 "-" "Mozilla/5.0 (compatible; OrangeBot/2.0; support.orangebot@orange.com)"
104.255.67.238 - - [06/Jun/2015:03:11:37 +0200] "GET /viewtopic.php?p=68320 HTTP/1.0" 200 8143 "-" "Mozilla/5.0 (compatible; MJ12bot/v1.4.5; http://www.majestic12.co.uk/bot.php?+)"
88.198.16.153 - - [06/Jun/2015:03:11:39 +0200] "GET /viewtopic.php?t=4610&postdays=0&postorder=asc&start=30 HTTP/1.0" 200 8278 "-" "Mozilla/5.0 (compatible; MJ12bot/v1.4.5; http://www.majestic12.co.uk/bot.php?+)"
104.255.67.238 - - [06/Jun/2015:03:11:40 +0200] "GET /viewtopic.php?p=68371 HTTP/1.0" 200 6473 "-" "Mozilla/5.0 (compatible; MJ12bot/v1.4.5; http://www.majestic12.co.uk/bot.php?+)"
66.249.64.56 - - [06/Jun/2015:03:11:41 +0200] "GET /viewtopic.php?t=37320&p=234300 HTTP/1.1" 200 6167 "-" "Mozilla/5.0 (compatible; Googlebot/2.1; +http://www.google.com/bot.html)"
88.198.16.153 - - [06/Jun/2015:03:11:43 +0200] "GET /viewtopic.php?t=4612&view=previous HTTP/1.0" 200 7516 "-" "Mozilla/5.0 (compatible; MJ12bot/v1.4.5; http://www.majestic12.co.uk/bot.php?+)"
81.52.143.33 - - [06/Jun/2015:03:11:44 +0200] "GET /viewtopic.php?f=23&t=30565 HTTP/1.1" 200 7022 "-" "Mozilla/5.0 (compatible; OrangeBot/2.0; support.orangebot@orange.com)"
104.255.67.238 - - [06/Jun/2015:03:11:44 +0200] "GET /viewtopic.php?p=68380 HTTP/1.0" 200 6471 "-" "Mozilla/5.0 (compatible; MJ12bot/v1.4.5; http://www.majestic12.co.uk/bot.php?+)"
88.198.16.153 - - [06/Jun/2015:03:11:49 +0200] "GET /viewtopic.php?t=4620 HTTP/1.0" 200 7514 "-" "Mozilla/5.0 (compatible; MJ12bot/v1.4.5; http://www.majestic12.co.uk/bot.php?+)"
104.255.67.238 - - [06/Jun/2015:03:11:49 +0200] "GET /viewtopic.php?p=68476 HTTP/1.0" 200 6403 "-" "Mozilla/5.0 (compatible; MJ12bot/v1.4.5; http://www.majestic12.co.uk/bot.php?+)"
104.255.67.238 - - [06/Jun/2015:03:11:53 +0200] "GET /viewtopic.php?p=68479 HTTP/1.0" 200 6403 "-" "Mozilla/5.0 (compatible; MJ12bot/v1.4.5; http://www.majestic12.co.uk/bot.php?+)"
88.198.16.153 - - [06/Jun/2015:03:11:54 +0200] "GET /viewtopic.php?t=4628&view=next HTTP/1.0" 200 6435 "-" "Mozilla/5.0 (compatible; MJ12bot/v1.4.5; http://www.majestic12.co.uk/bot.php?+)"
104.255.67.238 - - [06/Jun/2015:03:11:55 +0200] "GET /viewtopic.php?p=68539 HTTP/1.0" 200 8091 "-" "Mozilla/5.0 (compatible; MJ12bot/v1.4.5; http://www.majestic12.co.uk/bot.php?+)"
104.255.67.238 - - [06/Jun/2015:03:11:57 +0200] "GET /viewtopic.php?p=6856 HTTP/1.0" 200 7783 "-" "Mozilla/5.0 (compatible; MJ12bot/v1.4.5; http://www.majestic12.co.uk/bot.php?+)"
88.198.16.153 - - [06/Jun/2015:03:12:02 +0200] "GET /viewtopic.php?t=4644&start=15&postdays=0&postorder=asc&highlight= HTTP/1.0" 200 5881 "-" "Mozilla/5.0 (compatible; MJ12bot/v1.4.5; http://www.majestic12.co.uk/bot.php?+)"
104.255.67.238 - - [06/Jun/2015:03:12:03 +0200] "GET /viewtopic.php?p=68751 HTTP/1.0" 200 6876 "-" "Mozilla/5.0 (compatible; MJ12bot/v1.4.5; http://www.majestic12.co.uk/bot.php?+)"
104.255.67.238 - - [06/Jun/2015:03:12:05 +0200] "GET /viewtopic.php?p=86337 HTTP/1.0" 200 10058 "-" "Mozilla/5.0 (compatible; MJ12bot/v1.4.5; http://www.majestic12.co.uk/bot.php?+)"
88.198.16.153 - - [06/Jun/2015:03:12:06 +0200] "GET /viewtopic.php?t=4647 HTTP/1.0" 200 7156 "-" "Mozilla/5.0 (compatible; MJ12bot/v1.4.5; http://www.majestic12.co.uk/bot.php?+)"
104.255.67.238 - - [06/Jun/2015:03:12:08 +0200] "GET /viewtopic.php?p=86339 HTTP/1.0" 200 10057 "-" "Mozilla/5.0 (compatible; MJ12bot/v1.4.5; http://www.majestic12.co.uk/bot.php?+)"
104.255.67.238 - - [06/Jun/2015:03:12:10 +0200] "GET /viewtopic.php?p=8634 HTTP/1.0" 200 5679 "-" "Mozilla/5.0 (compatible; MJ12bot/v1.4.5; http://www.majestic12.co.uk/bot.php?+)"
88.198.16.153 - - [06/Jun/2015:03:12:11 +0200] "GET /viewtopic.php?t=4654&view=previous HTTP/1.0" 200 7159 "-" "Mozilla/5.0 (compatible; MJ12bot/v1.4.5; http://www.majestic12.co.uk/bot.php?+)"
104.255.67.238 - - [06/Jun/2015:03:12:16 +0200] "GET /viewtopic.php?p=8635 HTTP/1.0" 200 5679 "-" "Mozilla/5.0 (compatible; MJ12bot/v1.4.5; http://www.majestic12.co.uk/bot.php?+)"
88.198.16.153 - - [06/Jun/2015:03:12:17 +0200] "GET /viewtopic.php?t=4655&view=next HTTP/1.0" 200 10199 "-" "Mozilla/5.0 (compatible; MJ12bot/v1.4.5; http://www.majestic12.co.uk/bot.php?+)"
81.52.143.36 - - [06/Jun/2015:03:12:17 +0200] "GET /viewtopic.php?t=10460 HTTP/1.1" 200 6565 "-" "Mozilla/5.0 (compatible; OrangeBot/2.0; support.orangebot@orange.com)"
104.255.67.238 - - [06/Jun/2015:03:12:18 +0200] "GET /viewtopic.php?p=8648 HTTP/1.0" 200 6077 "-" "Mozilla/5.0 (compatible; MJ12bot/v1.4.5; http://www.majestic12.co.uk/bot.php?+)"
88.198.16.153 - - [06/Jun/2015:03:12:20 +0200] "GET /viewtopic.php?t=4661 HTTP/1.0" 200 6585 "-" "Mozilla/5.0 (compatible; MJ12bot/v1.4.5; http://www.majestic12.co.uk/bot.php?+)"
104.255.67.238 - - [06/Jun/2015:03:12:21 +0200] "GET /viewtopic.php?p=8656 HTTP/1.0" 200 6077 "-" "Mozilla/5.0 (compatible; MJ12bot/v1.4.5; http://www.majestic12.co.uk/bot.php?+)"
66.249.64.51 - - [06/Jun/2015:03:12:21 +0200] "GET /viewtopic.php?t=25517&p=183768 HTTP/1.1" 200 12529 "-" "Mozilla/5.0 (compatible; Googlebot/2.1; +http://www.google.com/bot.html)"
104.255.67.238 - - [06/Jun/2015:03:12:24 +0200] "GET /viewtopic.php?p=86733 HTTP/1.0" 200 6911 "-" "Mozilla/5.0 (compatible; MJ12bot/v1.4.5; http://www.majestic12.co.uk/bot.php?+)"
88.198.16.153 - - [06/Jun/2015:03:12:24 +0200] "GET /viewtopic.php?t=4672&view=previous HTTP/1.0" 200 10546 "-" "Mozilla/5.0 (compatible; MJ12bot/v1.4.5; http://www.majestic12.co.uk/bot.php?+)"
104.255.67.238 - - [06/Jun/2015:03:12:28 +0200] "GET /viewtopic.php?p=86733&highlight= HTTP/1.0" 200 6912 "-" "Mozilla/5.0 (compatible; MJ12bot/v1.4.5; http://www.majestic12.co.uk/bot.php?+)"
88.198.16.153 - - [06/Jun/2015:03:12:28 +0200] "GET /viewtopic.php?t=4712 HTTP/1.0" 200 6006 "-" "Mozilla/5.0 (compatible; MJ12bot/v1.4.5; http://www.majestic12.co.uk/bot.php?+)"
104.255.67.238 - - [06/Jun/2015:03:12:31 +0200] "GET /viewtopic.php?p=86891&highlight= HTTP/1.0" 200 9824 "-" "Mozilla/5.0 (compatible; MJ12bot/v1.4.5; http://www.majestic12.co.uk/bot.php?+)"
88.198.16.153 - - [06/Jun/2015:03:12:31 +0200] "GET /viewtopic.php?t=4712&start=0&postdays=0&postorder=asc&highlight= HTTP/1.0" 200 6007 "-" "Mozilla/5.0 (compatible; MJ12bot/v1.4.5; http://www.majestic12.co.uk/bot.php?+)"
104.255.67.238 - - [06/Jun/2015:03:12:33 +0200] "GET /viewtopic.php?p=86913&highlight= HTTP/1.0" 200 9824 "-" "Mozilla/5.0 (compatible; MJ12bot/v1.4.5; http://www.majestic12.co.uk/bot.php?+)"
88.198.16.153 - - [06/Jun/2015:03:12:35 +0200] "GET /viewtopic.php?t=4730 HTTP/1.0" 200 10941 "-" "Mozilla/5.0 (compatible; MJ12bot/v1.4.5; http://www.majestic12.co.uk/bot.php?+)"
193.252.118.176 - - [06/Jun/2015:03:12:35 +0200] "GET /viewtopic.php?p=269723 HTTP/1.1" 200 7761 "-" "Mozilla/5.0 (compatible; OrangeBot/2.0; support.orangebot@orange.com)"
104.255.67.238 - - [06/Jun/2015:03:12:36 +0200] "GET /viewtopic.php?p=87011&highlight= HTTP/1.0" 200 8927 "-" "Mozilla/5.0 (compatible; MJ12bot/v1.4.5; http://www.majestic12.co.uk/bot.php?+)"
104.255.67.238 - - [06/Jun/2015:03:12:39 +0200] "GET /viewtopic.php?p=87077 HTTP/1.0" 200 6307 "-" "Mozilla/5.0 (compatible; MJ12bot/v1.4.5; http://www.majestic12.co.uk/bot.php?+)"
88.198.16.153 - - [06/Jun/2015:03:12:41 +0200] "GET /viewtopic.php?t=4736&view=next HTTP/1.0" 200 5413 "-" "Mozilla/5.0 (compatible; MJ12bot/v1.4.5; http://www.majestic12.co.uk/bot.php?+)"
104.255.67.238 - - [06/Jun/2015:03:12:44 +0200] "GET /viewtopic.php?p=87179&highlight= HTTP/1.0" 200 7337 "-" "Mozilla/5.0 (compatible; MJ12bot/v1.4.5; http://www.majestic12.co.uk/bot.php?+)"
88.198.16.153 - - [06/Jun/2015:03:12:47 +0200] "GET /viewtopic.php?t=4739&postdays=0&postorder=asc&start=0 HTTP/1.0" 200 8716 "-" "Mozilla/5.0 (compatible; MJ12bot/v1.4.5; http://www.majestic12.co.uk/bot.php?+)"
104.255.67.238 - - [06/Jun/2015:03:12:47 +0200] "GET /viewtopic.php?p=87180&highlight= HTTP/1.0" 200 7336 "-" "Mozilla/5.0 (compatible; MJ12bot/v1.4.5; http://www.majestic12.co.uk/bot.php?+)"
46.229.164.113 - - [06/Jun/2015:03:12:49 +0200] "GET /viewtopic.php?f=21&p=280251&sid=b7ba25bd69f20b19e866dd5df2de31d2&t=44387 HTTP/1.1" 200 6593 "-" "Mozilla/5.0 (compatible; SemrushBot/0.98~bl; +http://www.semrush.com/bot.html)"
104.255.67.238 - - [06/Jun/2015:03:12:51 +0200] "GET /viewtopic.php?p=8728 HTTP/1.0" 200 6718 "-" "Mozilla/5.0 (compatible; MJ12bot/v1.4.5; http://www.majestic12.co.uk/bot.php?+)"
88.198.16.153 - - [06/Jun/2015:03:12:52 +0200] "GET /viewtopic.php?t=4754 HTTP/1.0" 200 8063 "-" "Mozilla/5.0 (compatible; MJ12bot/v1.4.5; http://www.majestic12.co.uk/bot.php?+)"
104.255.67.238 - - [06/Jun/2015:03:12:55 +0200] "GET /viewtopic.php?p=8753 HTTP/1.0" 200 7678 "-" "Mozilla/5.0 (compatible; MJ12bot/v1.4.5; http://www.majestic12.co.uk/bot.php?+)"
88.198.16.153 - - [06/Jun/2015:03:12:57 +0200] "GET /viewtopic.php?t=4758&postdays=0&postorder=asc&start=15 HTTP/1.0" 200 7796 "-" "Mozilla/5.0 (compatible; MJ12bot/v1.4.5; http://www.majestic12.co.uk/bot.php?+)"
81.52.143.32 - - [06/Jun/2015:03:12:58 +0200] "GET /viewtopic.php?f=3&t=19071 HTTP/1.1" 200 5938 "-" "Mozilla/5.0 (compatible; OrangeBot/2.0; support.orangebot@orange.com)"
104.255.67.238 - - [06/Jun/2015:03:12:58 +0200] "GET /viewtopic.php?p=8754 HTTP/1.0" 200 7680 "-" "Mozilla/5.0 (compatible; MJ12bot/v1.4.5; http://www.majestic12.co.uk/bot.php?+)"
104.255.67.238 - - [06/Jun/2015:03:13:01 +0200] "GET /viewtopic.php?p=89089 HTTP/1.0" 200 5983 "-" "Mozilla/5.0 (compatible; MJ12bot/v1.4.5; http://www.majestic12.co.uk/bot.php?+)"
208.115.111.74 - - [06/Jun/2015:03:13:01 +0200] "GET /viewtopic.php?t=15754&highlight=mailbox HTTP/1.1" 200 28002 "-" "Mozilla/5.0 (compatible; DotBot/1.1; http://www.opensiteexplorer.org/dotbot, help@moz.com)"
88.198.16.153 - - [06/Jun/2015:03:13:01 +0200] "GET /viewtopic.php?t=4758&start=15&postdays=0&postorder=asc&highlight= HTTP/1.0" 200 7798 "-" "Mozilla/5.0 (compatible; MJ12bot/v1.4.5; http://www.majestic12.co.uk/bot.php?+)"
104.255.67.238 - - [06/Jun/2015:03:13:04 +0200] "GET /viewtopic.php?p=89306 HTTP/1.0" 200 6176 "-" "Mozilla/5.0 (compatible; MJ12bot/v1.4.5; http://www.majestic12.co.uk/bot.php?+)"
66.249.64.56 - - [06/Jun/2015:03:13:04 +0200] "GET /viewtopic.php?t=38467&p=242244 HTTP/1.1" 200 5608 "-" "Mozilla/5.0 (compatible; Googlebot/2.1; +http://www.google.com/bot.html)"
46.229.164.114 - - [06/Jun/2015:03:13:05 +0200] "GET /viewforum.php?f=11&sid=3c4c06bcbb6dd83750ac40b13eba658b HTTP/1.1" 200 11467 "-" "Mozilla/5.0 (compatible; SemrushBot/0.98~bl; +http://www.semrush.com/bot.html)"
104.255.67.238 - - [06/Jun/2015:03:13:07 +0200] "GET /viewtopic.php?p=89307 HTTP/1.0" 200 6176 "-" "Mozilla/5.0 (compatible; MJ12bot/v1.4.5; http://www.majestic12.co.uk/bot.php?+)"
66.249.64.46 - - [06/Jun/2015:03:13:08 +0200] "GET /viewtopic.php?f=25&t=42252 HTTP/1.1" 200 6039 "-" "Mozilla/5.0 (compatible; Googlebot/2.1; +http://www.google.com/bot.html)"
104.255.67.238 - - [06/Jun/2015:03:13:10 +0200] "GET /viewtopic.php?p=89332 HTTP/1.0" 200 6176 "-" "Mozilla/5.0 (compatible; MJ12bot/v1.4.5; http://www.majestic12.co.uk/bot.php?+)"
88.198.16.153 - - [06/Jun/2015:03:13:10 +0200] "GET /viewtopic.php?t=4784&view=next HTTP/1.0" 200 8218 "-" "Mozilla/5.0 (compatible; MJ12bot/v1.4.5; http://www.majestic12.co.uk/bot.php?+)"
104.255.67.238 - - [06/Jun/2015:03:13:12 +0200] "GET /viewtopic.php?p=89338 HTTP/1.0" 200 6177 "-" "Mozilla/5.0 (compatible; MJ12bot/v1.4.5; http://www.majestic12.co.uk/bot.php?+)"
104.255.67.238 - - [06/Jun/2015:03:13:16 +0200] "GET /viewtopic.php?p=8937 HTTP/1.0" 200 7235 "-" "Mozilla/5.0 (compatible; MJ12bot/v1.4.5; http://www.majestic12.co.uk/bot.php?+)"
88.198.16.153 - - [06/Jun/2015:03:13:16 +0200] "GET /viewtopic.php?t=4794 HTTP/1.0" 200 6146 "-" "Mozilla/5.0 (compatible; MJ12bot/v1.4.5; http://www.majestic12.co.uk/bot.php?+)"
104.255.67.238 - - [06/Jun/2015:03:13:20 +0200] "GET /viewtopic.php?p=8939 HTTP/1.0" 200 7236 "-" "Mozilla/5.0 (compatible; MJ12bot/v1.4.5; http://www.majestic12.co.uk/bot.php?+)"
88.198.16.153 - - [06/Jun/2015:03:13:21 +0200] "GET /viewtopic.php?t=4797 HTTP/1.0" 200 8314 "-" "Mozilla/5.0 (compatible; MJ12bot/v1.4.5; http://www.majestic12.co.uk/bot.php?+)"
104.255.67.238 - - [06/Jun/2015:03:13:23 +0200] "GET /viewtopic.php?p=8944 HTTP/1.0" 200 8260 "-" "Mozilla/5.0 (compatible; MJ12bot/v1.4.5; http://www.majestic12.co.uk/bot.php?+)"
88.198.16.153 - - [06/Jun/2015:03:13:24 +0200] "GET /viewtopic.php?t=4804 HTTP/1.0" 200 6029 "-" "Mozilla/5.0 (compatible; MJ12bot/v1.4.5; http://www.majestic12.co.uk/bot.php?+)"
104.255.67.238 - - [06/Jun/2015:03:13:26 +0200] "GET /viewtopic.php?p=8949 HTTP/1.0" 200 6736 "-" "Mozilla/5.0 (compatible; MJ12bot/v1.4.5; http://www.majestic12.co.uk/bot.php?+)"
104.255.67.238 - - [06/Jun/2015:03:13:28 +0200] "GET /viewtopic.php?p=8950 HTTP/1.0" 200 7234 "-" "Mozilla/5.0 (compatible; MJ12bot/v1.4.5; http://www.majestic12.co.uk/bot.php?+)"
104.255.67.238 - - [06/Jun/2015:03:13:30 +0200] "GET /viewtopic.php?p=8952 HTTP/1.0" 200 6736 "-" "Mozilla/5.0 (compatible; MJ12bot/v1.4.5; http://www.majestic12.co.uk/bot.php?+)"
88.198.16.153 - - [06/Jun/2015:03:13:30 +0200] "GET /viewtopic.php?t=4808&view=next HTTP/1.0" 200 8221 "-" "Mozilla/5.0 (compatible; MJ12bot/v1.4.5; http://www.majestic12.co.uk/bot.php?+)"
193.252.118.165 - - [06/Jun/2015:03:13:33 +0200] "GET /viewtopic.php?f=3&t=41053 HTTP/1.1" 200 5724 "-" "Mozilla/5.0 (compatible; OrangeBot/2.0; support.orangebot@orange.com)"
104.255.67.238 - - [06/Jun/2015:03:13:33 +0200] "GET /viewtopic.php?t=2613&p=16955 HTTP/1.0" 200 7310 "-" "Mozilla/5.0 (compatible; MJ12bot/v1.4.5; http://www.majestic12.co.uk/bot.php?+)"
88.198.16.153 - - [06/Jun/2015:03:13:39 +0200] "GET /viewtopic.php?t=4865&start=0&postdays=0&postorder=asc&highlight= HTTP/1.0" 200 5461 "-" "Mozilla/5.0 (compatible; MJ12bot/v1.4.5; http://www.majestic12.co.uk/bot.php?+)"
104.255.67.238 - - [06/Jun/2015:03:13:39 +0200] "GET /viewtopic.php?t=2613&p=79675 HTTP/1.0" 200 7308 "-" "Mozilla/5.0 (compatible; MJ12bot/v1.4.5; http://www.majestic12.co.uk/bot.php?+)"
104.255.67.238 - - [06/Jun/2015:03:13:42 +0200] "GET /viewtopic.php?t=27925&p=188766 HTTP/1.0" 200 6406 "-" "Mozilla/5.0 (compatible; MJ12bot/v1.4.5; http://www.majestic12.co.uk/bot.php?+)"
88.198.16.153 - - [06/Jun/2015:03:13:44 +0200] "GET /viewtopic.php?t=4866&view=previous HTTP/1.0" 200 5288 "-" "Mozilla/5.0 (compatible; MJ12bot/v1.4.5; http://www.majestic12.co.uk/bot.php?+)"
104.255.67.238 - - [06/Jun/2015:03:13:45 +0200] "GET /viewtopic.php?t=2794&p=16643 HTTP/1.0" 200 5442 "-" "Mozilla/5.0 (compatible; MJ12bot/v1.4.5; http://www.majestic12.co.uk/bot.php?+)"
104.255.67.238 - - [06/Jun/2015:03:13:46 +0200] "GET /viewtopic.php?t=2794&p=16646 HTTP/1.0" 200 5442 "-" "Mozilla/5.0 (compatible; MJ12bot/v1.4.5; http://www.majestic12.co.uk/bot.php?+)"
104.255.67.238 - - [06/Jun/2015:03:13:49 +0200] "GET /viewtopic.php?t=27947&p=188896 HTTP/1.0" 200 4710 "-" "Mozilla/5.0 (compatible; MJ12bot/v1.4.5; http://www.majestic12.co.uk/bot.php?+)"
88.198.16.153 - - [06/Jun/2015:03:13:50 +0200] "GET /viewtopic.php?t=4869 HTTP/1.0" 200 9088 "-" "Mozilla/5.0 (compatible; MJ12bot/v1.4.5; http://www.majestic12.co.uk/bot.php?+)"
104.255.67.238 - - [06/Jun/2015:03:13:51 +0200] "GET /viewtopic.php?t=27973&p=189026 HTTP/1.0" 200 9421 "-" "Mozilla/5.0 (compatible; MJ12bot/v1.4.5; http://www.majestic12.co.uk/bot.php?+)"
104.255.67.238 - - [06/Jun/2015:03:13:54 +0200] "GET /viewtopic.php?t=27973&p=189052 HTTP/1.0" 200 9421 "-" "Mozilla/5.0 (compatible; MJ12bot/v1.4.5; http://www.majestic12.co.uk/bot.php?+)"
88.198.16.153 - - [06/Jun/2015:03:13:55 +0200] "GET /viewtopic.php?t=4874&view=previous HTTP/1.0" 200 8319 "-" "Mozilla/5.0 (compatible; MJ12bot/v1.4.5; http://www.majestic12.co.uk/bot.php?+)"
66.249.64.51 - - [06/Jun/2015:03:13:55 +0200] "GET /viewtopic.php?t=41967&highlight=&sid=07120507de482ec5324e0c2fc0dde9af HTTP/1.1" 200 10218 "-" "Mozilla/5.0 (compatible; Googlebot/2.1; +http://www.google.com/bot.html)"
104.255.67.238 - - [06/Jun/2015:03:13:58 +0200] "GET /viewtopic.php?t=27973&p=189054 HTTP/1.0" 200 9425 "-" "Mozilla/5.0 (compatible; MJ12bot/v1.4.5; http://www.majestic12.co.uk/bot.php?+)"
104.255.67.238 - - [06/Jun/2015:03:14:01 +0200] "GET /viewtopic.php?t=27973&p=189056 HTTP/1.0" 200 9425 "-" "Mozilla/5.0 (compatible; MJ12bot/v1.4.5; http://www.majestic12.co.uk/bot.php?+)"
88.198.16.153 - - [06/Jun/2015:03:14:03 +0200] "GET /viewtopic.php?t=4885&view=next HTTP/1.0" 200 5408 "-" "Mozilla/5.0 (compatible; MJ12bot/v1.4.5; http://www.majestic12.co.uk/bot.php?+)"
104.255.67.238 - - [06/Jun/2015:03:14:05 +0200] "GET /viewtopic.php?t=27973&p=189058 HTTP/1.0" 200 9426 "-" "Mozilla/5.0 (compatible; MJ12bot/v1.4.5; http://www.majestic12.co.uk/bot.php?+)"
104.255.67.238 - - [06/Jun/2015:03:14:08 +0200] "GET /viewtopic.php?t=27973&p=189059 HTTP/1.0" 200 9426 "-" "Mozilla/5.0 (compatible; MJ12bot/v1.4.5; http://www.majestic12.co.uk/bot.php?+)"
88.198.16.153 - - [06/Jun/2015:03:14:09 +0200] "GET /viewtopic.php?t=4892&view=next HTTP/1.0" 200 6517 "-" "Mozilla/5.0 (compatible; MJ12bot/v1.4.5; http://www.majestic12.co.uk/bot.php?+)"
104.255.67.238 - - [06/Jun/2015:03:14:10 +0200] "GET /viewtopic.php?t=27973&p=189062 HTTP/1.0" 200 9425 "-" "Mozilla/5.0 (compatible; MJ12bot/v1.4.5; http://www.majestic12.co.uk/bot.php?+)"
46.229.164.99 - - [06/Jun/2015:03:14:13 +0200] "GET /viewtopic.php?p=264249&sid=588a3aaabd86ea677765ec7f44cbef06 HTTP/1.1" 200 11186 "-" "Mozilla/5.0 (compatible; SemrushBot/0.98~bl; +http://www.semrush.com/bot.html)"
193.252.118.168 - - [06/Jun/2015:03:14:13 +0200] "GET /viewtopic.php?p=273284 HTTP/1.1" 200 6930 "-" "Mozilla/5.0 (compatible; OrangeBot/2.0; support.orangebot@orange.com)"
104.255.67.238 - - [06/Jun/2015:03:14:13 +0200] "GET /viewtopic.php?t=27973&p=189069 HTTP/1.0" 200 9425 "-" "Mozilla/5.0 (compatible; MJ12bot/v1.4.5; http://www.majestic12.co.uk/bot.php?+)"
88.198.16.153 - - [06/Jun/2015:03:14:14 +0200] "GET /viewtopic.php?t=4897 HTTP/1.0" 200 6518 "-" "Mozilla/5.0 (compatible; MJ12bot/v1.4.5; http://www.majestic12.co.uk/bot.php?+)"
104.255.67.238 - - [06/Jun/2015:03:14:17 +0200] "GET /viewtopic.php?t=27973&p=189071 HTTP/1.0" 200 9423 "-" "Mozilla/5.0 (compatible; MJ12bot/v1.4.5; http://www.majestic12.co.uk/bot.php?+)"
91.121.170.189 - - [06/Jun/2015:03:14:20 +0200] "GET /robots.txt HTTP/1.0" 404 520 "-" "Mozilla/5.0 (compatible; MJ12bot/v1.4.5; http://www.majestic12.co.uk/bot.php?+)"
88.198.16.153 - - [06/Jun/2015:03:14:21 +0200] "GET /viewtopic.php?t=4907 HTTP/1.0" 200 6349 "-" "Mozilla/5.0 (compatible; MJ12bot/v1.4.5; http://www.majestic12.co.uk/bot.php?+)"
104.255.67.238 - - [06/Jun/2015:03:14:21 +0200] "GET /viewtopic.php?t=27973&p=189073 HTTP/1.0" 200 9424 "-" "Mozilla/5.0 (compatible; MJ12bot/v1.4.5; http://www.majestic12.co.uk/bot.php?+)"
91.121.170.189 - - [06/Jun/2015:03:14:25 +0200] "GET /robots.txt HTTP/1.0" 404 520 "-" "Mozilla/5.0 (compatible; MJ12bot/v1.4.5; http://www.majestic12.co.uk/bot.php?+)"
104.255.67.238 - - [06/Jun/2015:03:14:25 +0200] "GET /viewtopic.php?t=27973&p=189274 HTTP/1.0" 200 6856 "-" "Mozilla/5.0 (compatible; MJ12bot/v1.4.5; http://www.majestic12.co.uk/bot.php?+)"
88.198.16.153 - - [06/Jun/2015:03:14:25 +0200] "GET /viewtopic.php?t=4907&start=0&postdays=0&postorder=asc&highlight= HTTP/1.0" 200 6351 "-" "Mozilla/5.0 (compatible; MJ12bot/v1.4.5; http://www.majestic12.co.uk/bot.php?+)"
66.249.64.51 - - [06/Jun/2015:03:14:27 +0200] "GET /viewtopic.php?t=13904&p=102880 HTTP/1.1" 200 9811 "-" "Mozilla/5.0 (compatible; Googlebot/2.1; +http://www.google.com/bot.html)"
91.121.170.189 - - [06/Jun/2015:03:14:28 +0200] "GET /viewtopic.php?t=3669&view=previous HTTP/1.0" 200 16432 "-" "Mozilla/5.0 (compatible; MJ12bot/v1.4.5; http://www.majestic12.co.uk/bot.php?+)"
104.255.67.238 - - [06/Jun/2015:03:14:28 +0200] "GET /viewtopic.php?t=27979&p=189045 HTTP/1.0" 200 6095 "-" "Mozilla/5.0 (compatible; MJ12bot/v1.4.5; http://www.majestic12.co.uk/bot.php?+)"
91.121.170.189 - - [06/Jun/2015:03:14:31 +0200] "GET /viewtopic.php?t=36729&view=previous HTTP/1.0" 200 9852 "-" "Mozilla/5.0 (compatible; MJ12bot/v1.4.5; http://www.majestic12.co.uk/bot.php?+)"
104.255.67.238 - - [06/Jun/2015:03:14:32 +0200] "GET /viewtopic.php?t=27979&p=189792 HTTP/1.0" 200 6096 "-" "Mozilla/5.0 (compatible; MJ12bot/v1.4.5; http://www.majestic12.co.uk/bot.php?+)"
104.255.67.238 - - [06/Jun/2015:03:14:34 +0200] "GET /viewtopic.php?t=27979&p=197591 HTTP/1.0" 200 6096 "-" "Mozilla/5.0 (compatible; MJ12bot/v1.4.5; http://www.majestic12.co.uk/bot.php?+)"
104.255.67.238 - - [06/Jun/2015:03:14:36 +0200] "GET /viewtopic.php?t=28113&p=189811 HTTP/1.0" 200 6370 "-" "Mozilla/5.0 (compatible; MJ12bot/v1.4.5; http://www.majestic12.co.uk/bot.php?+)"
104.255.67.238 - - [06/Jun/2015:03:14:39 +0200] "GET /viewtopic.php?t=29229&p=196747 HTTP/1.0" 200 6589 "-" "Mozilla/5.0 (compatible; MJ12bot/v1.4.5; http://www.majestic12.co.uk/bot.php?+)"
104.255.67.238 - - [06/Jun/2015:03:14:41 +0200] "GET /viewtopic.php?t=29229&p=196748 HTTP/1.0" 200 6589 "-" "Mozilla/5.0 (compatible; MJ12bot/v1.4.5; http://www.majestic12.co.uk/bot.php?+)"
66.249.64.56 - - [06/Jun/2015:03:14:42 +0200] "GET /viewtopic.php?t=38538&sid=274fef3913a6c0d679ad172f775e470d HTTP/1.1" 200 5956 "-" "Mozilla/5.0 (compatible; Googlebot/2.1; +http://www.google.com/bot.html)"
104.255.67.238 - - [06/Jun/2015:03:14:43 +0200] "GET /viewtopic.php?t=29229&p=198555 HTTP/1.0" 200 6589 "-" "Mozilla/5.0 (compatible; MJ12bot/v1.4.5; http://www.majestic12.co.uk/bot.php?+)"
104.255.67.238 - - [06/Jun/2015:03:14:46 +0200] "GET /viewtopic.php?t=29229&p=198556 HTTP/1.0" 200 6589 "-" "Mozilla/5.0 (compatible; MJ12bot/v1.4.5; http://www.majestic12.co.uk/bot.php?+)"
104.255.67.238 - - [06/Jun/2015:03:14:49 +0200] "GET /viewtopic.php?t=29253&p=196289 HTTP/1.0" 200 8833 "-" "Mozilla/5.0 (compatible; MJ12bot/v1.4.5; http://www.majestic12.co.uk/bot.php?+)"
104.255.67.238 - - [06/Jun/2015:03:14:52 +0200] "GET /viewtopic.php?t=29253&p=196290 HTTP/1.0" 200 8833 "-" "Mozilla/5.0 (compatible; MJ12bot/v1.4.5; http://www.majestic12.co.uk/bot.php?+)"
104.255.67.238 - - [06/Jun/2015:03:14:54 +0200] "GET /viewtopic.php?t=29253&p=196291 HTTP/1.0" 200 8833 "-" "Mozilla/5.0 (compatible; MJ12bot/v1.4.5; http://www.majestic12.co.uk/bot.php?+)"
207.46.13.133 - - [06/Jun/2015:03:14:57 +0200] "GET /feed.php?f=10&t=27766 HTTP/1.1" 200 13699 "-" "Mozilla/5.0 (compatible; bingbot/2.0; +http://www.bing.com/bingbot.htm)"
104.255.67.238 - - [06/Jun/2015:03:14:58 +0200] "GET /viewtopic.php?t=29253&p=196293 HTTP/1.0" 200 8833 "-" "Mozilla/5.0 (compatible; MJ12bot/v1.4.5; http://www.majestic12.co.uk/bot.php?+)"
104.255.67.238 - - [06/Jun/2015:03:15:01 +0200] "GET /viewtopic.php?t=29253&p=196294 HTTP/1.0" 200 8833 "-" "Mozilla/5.0 (compatible; MJ12bot/v1.4.5; http://www.majestic12.co.uk/bot.php?+)"
104.255.67.238 - - [06/Jun/2015:03:15:03 +0200] "GET /viewtopic.php?t=29253&p=196295 HTTP/1.0" 200 8833 "-" "Mozilla/5.0 (compatible; MJ12bot/v1.4.5; http://www.majestic12.co.uk/bot.php?+)"
104.255.67.238 - - [06/Jun/2015:03:15:05 +0200] "GET /viewtopic.php?t=29253&p=196299 HTTP/1.0" 200 8833 "-" "Mozilla/5.0 (compatible; MJ12bot/v1.4.5; http://www.majestic12.co.uk/bot.php?+)"
104.255.67.238 - - [06/Jun/2015:03:15:08 +0200] "GET /viewtopic.php?t=29253&p=196301 HTTP/1.0" 200 8833 "-" "Mozilla/5.0 (compatible; MJ12bot/v1.4.5; http://www.majestic12.co.uk/bot.php?+)"
104.255.67.238 - - [06/Jun/2015:03:15:11 +0200] "GET /viewtopic.php?t=29253&p=196304 HTTP/1.0" 200 8833 "-" "Mozilla/5.0 (compatible; MJ12bot/v1.4.5; http://www.majestic12.co.uk/bot.php?+)"
104.255.67.238 - - [06/Jun/2015:03:15:13 +0200] "GET /viewtopic.php?t=29253&p=196305 HTTP/1.0" 200 8833 "-" "Mozilla/5.0 (compatible; MJ12bot/v1.4.5; http://www.majestic12.co.uk/bot.php?+)"
104.255.67.238 - - [06/Jun/2015:03:15:15 +0200] "GET /viewtopic.php?t=29253&p=196306 HTTP/1.0" 200 8833 "-" "Mozilla/5.0 (compatible; MJ12bot/v1.4.5; http://www.majestic12.co.uk/bot.php?+)"
104.255.67.238 - - [06/Jun/2015:03:15:18 +0200] "GET /viewtopic.php?t=29253&p=196324 HTTP/1.0" 200 8833 "-" "Mozilla/5.0 (compatible; MJ12bot/v1.4.5; http://www.majestic12.co.uk/bot.php?+)"
104.255.67.238 - - [06/Jun/2015:03:15:20 +0200] "GET /viewtopic.php?t=29253&p=196327 HTTP/1.0" 200 8833 "-" "Mozilla/5.0 (compatible; MJ12bot/v1.4.5; http://www.majestic12.co.uk/bot.php?+)"
104.255.67.238 - - [06/Jun/2015:03:15:22 +0200] "GET /viewtopic.php?t=29382&p=199495 HTTP/1.0" 200 10007 "-" "Mozilla/5.0 (compatible; MJ12bot/v1.4.5; http://www.majestic12.co.uk/bot.php?+)"
104.255.67.238 - - [06/Jun/2015:03:15:25 +0200] "GET /viewtopic.php?t=29382&p=199496 HTTP/1.0" 200 10007 "-" "Mozilla/5.0 (compatible; MJ12bot/v1.4.5; http://www.majestic12.co.uk/bot.php?+)"
81.52.143.35 - - [06/Jun/2015:03:15:26 +0200] "GET /viewtopic.php?f=3&t=25 HTTP/1.1" 200 6319 "-" "Mozilla/5.0 (compatible; OrangeBot/2.0; support.orangebot@orange.com)"
81.52.143.26 - - [06/Jun/2015:03:15:28 +0200] "GET /viewtopic.php?t=23073 HTTP/1.1" 200 6436 "-" "Mozilla/5.0 (compatible; OrangeBot/2.0; support.orangebot@orange.com)"
104.255.67.238 - - [06/Jun/2015:03:15:29 +0200] "GET /viewtopic.php?t=29382&p=199519 HTTP/1.0" 200 10007 "-" "Mozilla/5.0 (compatible; MJ12bot/v1.4.5; http://www.majestic12.co.uk/bot.php?+)"
104.255.67.238 - - [06/Jun/2015:03:15:31 +0200] "GET /viewtopic.php?t=31663 HTTP/1.0" 200 5107 "-" "Mozilla/5.0 (compatible; MJ12bot/v1.4.5; http://www.majestic12.co.uk/bot.php?+)"
104.255.67.238 - - [06/Jun/2015:03:15:36 +0200] "GET /viewtopic.php?t=3757&p=23884 HTTP/1.0" 200 5273 "-" "Mozilla/5.0 (compatible; MJ12bot/v1.4.5; http://www.majestic12.co.uk/bot.php?+)"
104.255.67.238 - - [06/Jun/2015:03:15:41 +0200] "GET /viewtopic.php?t=3757&p=23889 HTTP/1.0" 200 5273 "-" "Mozilla/5.0 (compatible; MJ12bot/v1.4.5; http://www.majestic12.co.uk/bot.php?+)"
104.255.67.238 - - [06/Jun/2015:03:15:45 +0200] "GET /viewtopic.php?t=43033&p=270858 HTTP/1.0" 200 8147 "-" "Mozilla/5.0 (compatible; MJ12bot/v1.4.5; http://www.majestic12.co.uk/bot.php?+)"
207.46.13.133 - - [06/Jun/2015:03:15:46 +0200] "GET /viewtopic.php?t=24398&p=169558 HTTP/1.1" 200 12096 "-" "Mozilla/5.0 (compatible; bingbot/2.0; +http://www.bing.com/bingbot.htm)"
104.255.67.238 - - [06/Jun/2015:03:15:49 +0200] "GET /viewtopic.php?t=43033&p=270859 HTTP/1.0" 200 8147 "-" "Mozilla/5.0 (compatible; MJ12bot/v1.4.5; http://www.majestic12.co.uk/bot.php?+)"
66.249.64.56 - - [06/Jun/2015:03:15:50 +0200] "GET /viewtopic.php?t=21131&p=150212 HTTP/1.1" 200 8001 "-" "Mozilla/5.0 (compatible; Googlebot/2.1; +http://www.google.com/bot.html)"
104.255.67.238 - - [06/Jun/2015:03:15:51 +0200] "GET /viewtopic.php?t=43033&p=270863 HTTP/1.0" 200 8147 "-" "Mozilla/5.0 (compatible; MJ12bot/v1.4.5; http://www.majestic12.co.uk/bot.php?+)"
104.255.67.238 - - [06/Jun/2015:03:15:55 +0200] "GET /viewtopic.php?t=43033&p=270916 HTTP/1.0" 200 8147 "-" "Mozilla/5.0 (compatible; MJ12bot/v1.4.5; http://www.majestic12.co.uk/bot.php?+)"
104.255.67.238 - - [06/Jun/2015:03:15:58 +0200] "GET /viewtopic.php?t=43033&p=270951 HTTP/1.0" 200 8147 "-" "Mozilla/5.0 (compatible; MJ12bot/v1.4.5; http://www.majestic12.co.uk/bot.php?+)"
104.255.67.238 - - [06/Jun/2015:03:16:00 +0200] "GET /viewtopic.php?t=43033&p=270953 HTTP/1.0" 200 8147 "-" "Mozilla/5.0 (compatible; MJ12bot/v1.4.5; http://www.majestic12.co.uk/bot.php?+)"
104.255.67.238 - - [06/Jun/2015:03:16:02 +0200] "GET /viewtopic.php?t=43033&p=279788 HTTP/1.0" 200 8147 "-" "Mozilla/5.0 (compatible; MJ12bot/v1.4.5; http://www.majestic12.co.uk/bot.php?+)"
104.255.67.238 - - [06/Jun/2015:03:16:06 +0200] "GET /viewtopic.php?t=43033&p=279791 HTTP/1.0" 200 8147 "-" "Mozilla/5.0 (compatible; MJ12bot/v1.4.5; http://www.majestic12.co.uk/bot.php?+)"
104.255.67.238 - - [06/Jun/2015:03:16:08 +0200] "GET /viewtopic.php?t=43069&highlight= HTTP/1.0" 200 12936 "-" "Mozilla/5.0 (compatible; MJ12bot/v1.4.5; http://www.majestic12.co.uk/bot.php?+)"
81.52.143.54 - - [06/Jun/2015:03:16:15 +0200] "GET /viewtopic.php?f=6&t=31526 HTTP/1.1" 200 6575 "-" "Mozilla/5.0 (compatible; OrangeBot/2.0; support.orangebot@orange.com)"
66.249.64.56 - - [06/Jun/2015:03:16:16 +0200] "GET /viewtopic.php?t=41967&p=264354 HTTP/1.1" 200 10218 "-" "Mozilla/5.0 (compatible; Googlebot/2.1; +http://www.google.com/bot.html)"
207.46.13.6 - - [06/Jun/2015:03:16:27 +0200] "GET /viewtopic.php?t=2216&p=65003 HTTP/1.1" 200 8543 "-" "Mozilla/5.0 (compatible; bingbot/2.0; +http://www.bing.com/bingbot.htm)"
178.255.215.89 - - [06/Jun/2015:03:16:33 +0200] "GET /viewtopic.php?f=19&t=17382&start=0 HTTP/1.1" 200 6701 "-" "Mozilla/5.0 (compatible; Exabot/3.0; +http://www.exabot.com/go/robot)"
68.180.229.31 - - [06/Jun/2015:03:16:58 +0200] "GET /viewforum.php?f=1&start=200 HTTP/1.1" 200 8640 "-" "Mozilla/5.0 (compatible; Yahoo! Slurp; http://help.yahoo.com/help/us/ysearch/slurp)"
46.229.164.114 - - [06/Jun/2015:03:17:02 +0200] "GET /memberlist.php?mode=email&sid=e00099a07226c96925f6e0bafbf71bb8&u=21055 HTTP/1.1" 200 3607 "-" "Mozilla/5.0 (compatible; SemrushBot/0.98~bl; +http://www.semrush.com/bot.html)"
66.249.64.56 - - [06/Jun/2015:03:17:03 +0200] "GET /viewtopic.php?p=258863 HTTP/1.1" 200 7459 "-" "Mozilla/5.0 (compatible; Googlebot/2.1; +http://www.google.com/bot.html)"
81.52.143.30 - - [06/Jun/2015:03:17:07 +0200] "GET /viewtopic.php?t=9943 HTTP/1.1" 200 10059 "-" "Mozilla/5.0 (compatible; OrangeBot/2.0; support.orangebot@orange.com)"
46.229.164.114 - - [06/Jun/2015:03:17:11 +0200] "GET /viewtopic.php?f=10&sid=2229e2e64c610462e18321c341db6aa2&start=15&t=44569 HTTP/1.1" 200 14100 "-" "Mozilla/5.0 (compatible; SemrushBot/0.98~bl; +http://www.semrush.com/bot.html)"
66.249.64.51 - - [06/Jun/2015:03:17:13 +0200] "GET /viewtopic.php?t=22392&p=156903 HTTP/1.1" 200 6319 "-" "Mozilla/5.0 (compatible; Googlebot/2.1; +http://www.google.com/bot.html)"
66.249.64.56 - - [06/Jun/2015:03:17:50 +0200] "GET /viewtopic.php?t=42904 HTTP/1.1" 200 11416 "-" "Mozilla/5.0 (compatible; Googlebot/2.1; +http://www.google.com/bot.html)"
66.249.64.46 - - [06/Jun/2015:03:17:53 +0200] "GET /viewtopic.php?f=9&t=18571&start=0 HTTP/1.1" 200 5373 "-" "Mozilla/5.0 (compatible; Googlebot/2.1; +http://www.google.com/bot.html)"
66.249.64.51 - - [06/Jun/2015:03:18:15 +0200] "GET /viewtopic.php?t=22186&p=155767 HTTP/1.1" 200 10870 "-" "Mozilla/5.0 (iPhone; CPU iPhone OS 6_0 like Mac OS X) AppleWebKit/536.26 (KHTML, like Gecko) Version/6.0 Mobile/10A5376e Safari/8536.25 (compatible; Googlebot/2.1; +http://www.google.com/bot.html)"
81.52.143.42 - - [06/Jun/2015:03:18:34 +0200] "GET /viewtopic.php?f=6&t=31882 HTTP/1.1" 200 5789 "-" "Mozilla/5.0 (compatible; OrangeBot/2.0; support.orangebot@orange.com)"
66.249.64.51 - - [06/Jun/2015:03:18:36 +0200] "GET /viewtopic.php?t=27001&p=184405 HTTP/1.1" 200 6010 "-" "Mozilla/5.0 (compatible; Googlebot/2.1; +http://www.google.com/bot.html)"
66.249.64.51 - - [06/Jun/2015:03:18:37 +0200] "GET /viewtopic.php?t=37768&p=237593 HTTP/1.1" 200 11541 "-" "Mozilla/5.0 (compatible; Googlebot/2.1; +http://www.google.com/bot.html)"
207.46.13.6 - - [06/Jun/2015:03:18:49 +0200] "GET /viewtopic.php?p=76102 HTTP/1.1" 200 8378 "-" "Mozilla/5.0 (compatible; bingbot/2.0; +http://www.bing.com/bingbot.htm)"
54.157.33.27 - - [06/Jun/2015:03:19:11 +0200] "GET /robots.txt HTTP/1.1" 404 523 "-" "Mozilla/5.0 (compatible; linkdexbot/2.0; +http://www.linkdex.com/bots/)"
54.157.33.27 - - [06/Jun/2015:03:19:11 +0200] "GET /viewtopic.php?f=19&t=18465 HTTP/1.1" 200 8627 "-" "Mozilla/5.0 (compatible; linkdexbot/2.0; +http://www.linkdex.com/bots/)"
46.229.164.114 - - [06/Jun/2015:03:19:14 +0200] "GET /viewtopic.php?f=19&p=276592&sid=f079b470f74e1b3cfc7f450a1abd40e6&t=43838 HTTP/1.1" 200 10593 "-" "Mozilla/5.0 (compatible; SemrushBot/0.98~bl; +http://www.semrush.com/bot.html)"
81.52.143.26 - - [06/Jun/2015:03:19:19 +0200] "GET /viewtopic.php?f=5&t=24115 HTTP/1.1" 200 6299 "-" "Mozilla/5.0 (compatible; OrangeBot/2.0; support.orangebot@orange.com)"
66.249.64.46 - - [06/Jun/2015:03:19:25 +0200] "GET /viewtopic.php?t=41967&p=264341 HTTP/1.1" 200 10217 "-" "Mozilla/5.0 (compatible; Googlebot/2.1; +http://www.google.com/bot.html)"
81.52.143.42 - - [06/Jun/2015:03:19:49 +0200] "GET /viewtopic.php?t=9673 HTTP/1.1" 200 8216 "-" "Mozilla/5.0 (compatible; OrangeBot/2.0; support.orangebot@orange.com)"
66.249.64.56 - - [06/Jun/2015:03:19:59 +0200] "GET /images/smilies/icon_biggrin.gif HTTP/1.1" 304 199 "-" "Googlebot-Image/1.0"
66.249.64.51 - - [06/Jun/2015:03:19:59 +0200] "GET /viewtopic.php?t=40698&p=256643 HTTP/1.1" 200 6905 "-" "Mozilla/5.0 (compatible; Googlebot/2.1; +http://www.google.com/bot.html)"
54.204.89.156 - - [06/Jun/2015:03:20:00 +0200] "GET /robots.txt HTTP/1.1" 404 523 "-" "Mozilla/5.0 (compatible; linkdexbot/2.0; +http://www.linkdex.com/bots/)"
54.204.89.156 - - [06/Jun/2015:03:20:00 +0200] "GET /viewtopic.php?f=19&t=18465&start=0 HTTP/1.1" 200 8626 "-" "Mozilla/5.0 (compatible; linkdexbot/2.0; +http://www.linkdex.com/bots/)"
207.46.13.133 - - [06/Jun/2015:03:20:02 +0200] "GET /robots.txt HTTP/1.1" 404 556 "-" "Mozilla/5.0 (compatible; bingbot/2.0; +http://www.bing.com/bingbot.htm)"
66.249.64.56 - - [06/Jun/2015:03:20:12 +0200] "GET /viewtopic.php?f=10&t=4324&start=0 HTTP/1.1" 200 5419 "-" "Mozilla/5.0 (compatible; Googlebot/2.1; +http://www.google.com/bot.html)"
46.229.164.113 - - [06/Jun/2015:03:20:22 +0200] "GET /viewtopic.php?f=10&sid=c2b76b10330ec37eb7cbe1109be666d2&start=0&t=44569 HTTP/1.1" 200 13163 "-" "Mozilla/5.0 (compatible; SemrushBot/0.98~bl; +http://www.semrush.com/bot.html)"
54.157.33.27 - - [06/Jun/2015:03:20:29 +0200] "GET /robots.txt HTTP/1.1" 404 523 "-" "Mozilla/5.0 (compatible; linkdexbot/2.0; +http://www.linkdex.com/bots/)"
54.157.33.27 - - [06/Jun/2015:03:20:29 +0200] "GET /viewtopic.php?t=18465&p=133476 HTTP/1.1" 200 8626 "-" "Mozilla/5.0 (compatible; linkdexbot/2.0; +http://www.linkdex.com/bots/)"
207.46.13.133 - - [06/Jun/2015:03:20:31 +0200] "GET /feed.php?f=10&t=15671 HTTP/1.1" 200 3618 "-" "Mozilla/5.0 (compatible; bingbot/2.0; +http://www.bing.com/bingbot.htm)"
178.255.215.89 - - [06/Jun/2015:03:20:48 +0200] "GET /viewtopic.php?f=19&t=5684&start=0 HTTP/1.1" 200 9496 "-" "Mozilla/5.0 (compatible; Exabot/3.0; +http://www.exabot.com/go/robot)"
66.249.64.56 - - [06/Jun/2015:03:20:59 +0200] "GET /viewtopic.php?f=2&t=16013 HTTP/1.1" 200 5185 "-" "Mozilla/5.0 (compatible; Googlebot/2.1; +http://www.google.com/bot.html)"
81.52.143.37 - - [06/Jun/2015:03:21:13 +0200] "GET /viewtopic.php?f=6&t=32151 HTTP/1.1" 200 5921 "-" "Mozilla/5.0 (compatible; OrangeBot/2.0; support.orangebot@orange.com)"
66.249.64.56 - - [06/Jun/2015:03:21:17 +0200] "GET /images/smiles/icon_idea.gif HTTP/1.1" 404 536 "-" "Googlebot-Image/1.0"
178.255.215.89 - - [06/Jun/2015:03:21:18 +0200] "GET /viewtopic.php?f=27&t=11457&start=0 HTTP/1.1" 200 10725 "-" "Mozilla/5.0 (compatible; Exabot/3.0; +http://www.exabot.com/go/robot)"
66.249.64.56 - - [06/Jun/2015:03:21:22 +0200] "GET /viewtopic.php?t=26920&p=184346 HTTP/1.1" 200 9451 "-" "Mozilla/5.0 (compatible; Googlebot/2.1; +http://www.google.com/bot.html)"
66.249.64.51 - - [06/Jun/2015:03:21:29 +0200] "GET /images/smiles/icon_arrow.gif HTTP/1.1" 404 537 "-" "Googlebot-Image/1.0"
193.252.118.179 - - [06/Jun/2015:03:21:31 +0200] "GET /viewtopic.php?t=7099 HTTP/1.1" 200 11493 "-" "Mozilla/5.0 (compatible; OrangeBot/2.0; support.orangebot@orange.com)"
54.157.33.27 - - [06/Jun/2015:03:21:35 +0200] "GET /viewtopic.php?t=18465&p=133491 HTTP/1.1" 200 8592 "-" "Mozilla/5.0 (compatible; linkdexbot/2.0; +http://www.linkdex.com/bots/)"
207.46.13.133 - - [06/Jun/2015:03:21:39 +0200] "GET /viewtopic.php?p=230834 HTTP/1.1" 200 8575 "-" "Mozilla/5.0 (compatible; bingbot/2.0; +http://www.bing.com/bingbot.htm)"
81.52.143.35 - - [06/Jun/2015:03:21:40 +0200] "GET /viewtopic.php?f=2&t=42391 HTTP/1.1" 200 10188 "-" "Mozilla/5.0 (compatible; OrangeBot/2.0; support.orangebot@orange.com)"
66.249.64.56 - - [06/Jun/2015:03:21:40 +0200] "GET /images/smiles/icon_exclaim.gif HTTP/1.1" 404 538 "-" "Googlebot-Image/1.0"
46.229.164.114 - - [06/Jun/2015:03:21:43 +0200] "GET /viewforum.php?f=10&sid=19fab64a104222ab76e697894f860586 HTTP/1.1" 200 11430 "-" "Mozilla/5.0 (compatible; SemrushBot/0.98~bl; +http://www.semrush.com/bot.html)"
66.249.64.51 - - [06/Jun/2015:03:21:46 +0200] "GET /viewtopic.php?f=19&t=27795 HTTP/1.1" 200 5982 "-" "Mozilla/5.0 (compatible; Googlebot/2.1; +http://www.google.com/bot.html)"
66.249.65.1 - - [06/Jun/2015:03:21:51 +0200] "GET /images/smiles/icon_question.gif HTTP/1.1" 404 537 "-" "Googlebot-Image/1.0"
66.249.64.56 - - [06/Jun/2015:03:22:03 +0200] "GET /templates/subSilver/images/cellpic3.gif HTTP/1.1" 404 542 "-" "Googlebot-Image/1.0"
207.46.13.133 - - [06/Jun/2015:03:22:06 +0200] "GET /viewtopic.php?p=274779 HTTP/1.1" 200 11307 "-" "Mozilla/5.0 (compatible; bingbot/2.0; +http://www.bing.com/bingbot.htm)"
66.249.64.56 - - [06/Jun/2015:03:22:17 +0200] "GET /templates/subSilver/images/cellpic1.gif HTTP/1.1" 404 542 "-" "Googlebot-Image/1.0"
68.180.229.31 - - [06/Jun/2015:03:22:24 +0200] "GET /viewtopic.php?f=6&t=1197 HTTP/1.1" 200 6157 "-" "Mozilla/5.0 (compatible; Yahoo! Slurp; http://help.yahoo.com/help/us/ysearch/slurp)"
193.252.118.165 - - [06/Jun/2015:03:22:31 +0200] "GET /viewtopic.php?t=7722 HTTP/1.1" 200 6872 "-" "Mozilla/5.0 (compatible; OrangeBot/2.0; support.orangebot@orange.com)"
81.52.143.32 - - [06/Jun/2015:03:22:31 +0200] "GET /viewtopic.php?f=10&t=43974 HTTP/1.1" 200 11874 "-" "Mozilla/5.0 (compatible; OrangeBot/2.0; support.orangebot@orange.com)"
66.249.64.51 - - [06/Jun/2015:03:22:33 +0200] "GET /viewtopic.php?t=17086&p=169517 HTTP/1.1" 200 7534 "-" "Mozilla/5.0 (compatible; Googlebot/2.1; +http://www.google.com/bot.html)"
54.204.89.156 - - [06/Jun/2015:03:22:42 +0200] "GET /robots.txt HTTP/1.1" 404 523 "-" "Mozilla/5.0 (compatible; linkdexbot/2.0; +http://www.linkdex.com/bots/)"
54.204.89.156 - - [06/Jun/2015:03:22:42 +0200] "GET /feed.php?f=19&t=18465 HTTP/1.1" 200 12869 "-" "Mozilla/5.0 (compatible; linkdexbot/2.0; +http://www.linkdex.com/bots/)"
66.249.64.46 - - [06/Jun/2015:03:22:45 +0200] "GET /viewtopic.php?t=12350&p=157687 HTTP/1.1" 200 7248 "-" "Mozilla/5.0 (compatible; Googlebot/2.1; +http://www.google.com/bot.html)"
81.52.143.54 - - [06/Jun/2015:03:22:51 +0200] "GET /viewtopic.php?f=20&t=28033 HTTP/1.1" 200 6955 "-" "Mozilla/5.0 (compatible; OrangeBot/2.0; support.orangebot@orange.com)"
46.229.164.102 - - [06/Jun/2015:03:22:53 +0200] "GET /search.php?sid=e2b6f5ab7f04572d6164ab9aebf72b23&t=43762 HTTP/1.1" 200 5048 "-" "Mozilla/5.0 (compatible; SemrushBot/0.98~bl; +http://www.semrush.com/bot.html)"
193.252.118.166 - - [06/Jun/2015:03:23:48 +0200] "GET /viewtopic.php?p=251145 HTTP/1.1" 200 7412 "-" "Mozilla/5.0 (compatible; OrangeBot/2.0; support.orangebot@orange.com)"
81.52.143.29 - - [06/Jun/2015:03:23:50 +0200] "GET /viewtopic.php?t=10203 HTTP/1.1" 200 6675 "-" "Mozilla/5.0 (compatible; OrangeBot/2.0; support.orangebot@orange.com)"
54.204.89.156 - - [06/Jun/2015:03:23:50 +0200] "GET /viewtopic.php?t=18465&p=132850 HTTP/1.1" 200 8592 "-" "Mozilla/5.0 (compatible; linkdexbot/2.0; +http://www.linkdex.com/bots/)"
178.255.215.89 - - [06/Jun/2015:03:23:53 +0200] "GET /viewtopic.php?t=13750&p=101745 HTTP/1.1" 200 6759 "-" "Mozilla/5.0 (compatible; Exabot/3.0; +http://www.exabot.com/go/robot)"
54.157.33.27 - - [06/Jun/2015:03:24:01 +0200] "GET /viewtopic.php?t=18465&p=132893 HTTP/1.1" 200 8592 "-" "Mozilla/5.0 (compatible; linkdexbot/2.0; +http://www.linkdex.com/bots/)"
193.252.149.15 - - [06/Jun/2015:03:24:04 +0200] "GET /viewtopic.php?t=7966 HTTP/1.1" 200 6974 "-" "Mozilla/5.0 (compatible; OrangeBot/2.0; support.orangebot@orange.com)"
193.252.149.16 - - [06/Jun/2015:03:24:06 +0200] "GET /viewtopic.php?f=20&t=33620 HTTP/1.1" 200 6865 "-" "Mozilla/5.0 (compatible; OrangeBot/2.0; support.orangebot@orange.com)"
66.249.64.46 - - [06/Jun/2015:03:24:07 +0200] "GET /viewtopic.php?p=241878&sid=a6e648a2a04635836945ca9f2e8c88e0 HTTP/1.1" 200 6223 "-" "Mozilla/5.0 (compatible; Googlebot/2.1; +http://www.google.com/bot.html)"
66.249.64.46 - - [06/Jun/2015:03:24:08 +0200] "GET /viewtopic.php?t=20747&p=148119 HTTP/1.1" 200 10129 "-" "Mozilla/5.0 (compatible; Googlebot/2.1; +http://www.google.com/bot.html)"
46.229.164.102 - - [06/Jun/2015:03:24:13 +0200] "GET /viewtopic.php?f=26&sid=389cb2af50ed5a353e9fa1158ec9afb7&t=40098 HTTP/1.1" 200 10981 "-" "Mozilla/5.0 (compatible; SemrushBot/0.98~bl; +http://www.semrush.com/bot.html)"
193.252.118.164 - - [06/Jun/2015:03:24:24 +0200] "GET /viewtopic.php?f=6&t=24182 HTTP/1.1" 200 6017 "-" "Mozilla/5.0 (compatible; OrangeBot/2.0; support.orangebot@orange.com)"
66.249.64.46 - - [06/Jun/2015:03:24:54 +0200] "GET /viewtopic.php?t=40705&p=256629 HTTP/1.1" 200 9273 "-" "Mozilla/5.0 (compatible; Googlebot/2.1; +http://www.google.com/bot.html)"
178.255.215.89 - - [06/Jun/2015:03:25:23 +0200] "GET /viewtopic.php?t=29101&p=195417 HTTP/1.1" 200 5358 "-" "Mozilla/5.0 (compatible; Exabot/3.0; +http://www.exabot.com/go/robot)"
46.229.164.114 - - [06/Jun/2015:03:25:27 +0200] "GET /memberlist.php?mode=leaders&sid=2f57d9f919c7fed08e4cc3f4adf6d670 HTTP/1.1" 200 4400 "-" "Mozilla/5.0 (compatible; SemrushBot/0.98~bl; +http://www.semrush.com/bot.html)"
66.249.64.46 - - [06/Jun/2015:03:25:31 +0200] "GET /viewtopic.php?t=43424&p=273178 HTTP/1.1" 200 7588 "-" "Mozilla/5.0 (compatible; Googlebot/2.1; +http://www.google.com/bot.html)"
66.249.64.56 - - [06/Jun/2015:03:25:32 +0200] "GET /viewtopic.php?t=37525&p=235646 HTTP/1.1" 200 7365 "-" "Mozilla/5.0 (compatible; Googlebot/2.1; +http://www.google.com/bot.html)"
178.255.215.89 - - [06/Jun/2015:03:25:51 +0200] "GET /viewtopic.php?t=40322&p=254955 HTTP/1.1" 200 9919 "-" "Mozilla/5.0 (compatible; Exabot/3.0; +http://www.exabot.com/go/robot)"
207.46.13.6 - - [06/Jun/2015:03:26:01 +0200] "GET /viewtopic.php?p=123247 HTTP/1.1" 200 13209 "-" "Mozilla/5.0 (compatible; bingbot/2.0; +http://www.bing.com/bingbot.htm)"
66.249.64.46 - - [06/Jun/2015:03:26:15 +0200] "GET /viewtopic.php?t=32085&p=210872 HTTP/1.1" 200 8288 "-" "Mozilla/5.0 (compatible; Googlebot/2.1; +http://www.google.com/bot.html)"
178.255.215.89 - - [06/Jun/2015:03:26:18 +0200] "GET /viewtopic.php?f=10&t=43028&start=0 HTTP/1.1" 200 7980 "-" "Mozilla/5.0 (compatible; Exabot/3.0; +http://www.exabot.com/go/robot)"
66.249.64.56 - - [06/Jun/2015:03:26:54 +0200] "GET /viewtopic.php?t=27001&p=184376 HTTP/1.1" 200 6009 "-" "Mozilla/5.0 (compatible; Googlebot/2.1; +http://www.google.com/bot.html)"
46.229.164.99 - - [06/Jun/2015:03:26:55 +0200] "GET /memberlist.php?mode=viewprofile&sid=a7dc0519044dccc6ccd5d50a518a9be8&u=43025 HTTP/1.1" 200 4406 "-" "Mozilla/5.0 (compatible; SemrushBot/0.98~bl; +http://www.semrush.com/bot.html)"
66.249.64.56 - - [06/Jun/2015:03:26:58 +0200] "GET /viewtopic.php?t=3141&p=18924 HTTP/1.1" 200 7194 "-" "Mozilla/5.0 (compatible; Googlebot/2.1; +http://www.google.com/bot.html)"
66.249.64.46 - - [06/Jun/2015:03:27:41 +0200] "GET /viewtopic.php?t=40278&p=253770 HTTP/1.1" 200 8336 "-" "Mozilla/5.0 (compatible; Googlebot/2.1; +http://www.google.com/bot.html)"
81.52.143.29 - - [06/Jun/2015:03:28:10 +0200] "GET /viewtopic.php?f=26&t=6006 HTTP/1.1" 200 6765 "-" "Mozilla/5.0 (compatible; OrangeBot/2.0; support.orangebot@orange.com)"
207.46.13.7 - - [06/Jun/2015:03:28:11 +0200] "GET /viewtopic.php?t=40299&p=253849 HTTP/1.1" 200 7525 "-" "Mozilla/5.0 (compatible; bingbot/2.0; +http://www.bing.com/bingbot.htm)"
81.52.143.33 - - [06/Jun/2015:03:28:12 +0200] "GET /viewtopic.php?f=6&t=26226 HTTP/1.1" 200 6365 "-" "Mozilla/5.0 (compatible; OrangeBot/2.0; support.orangebot@orange.com)"
66.249.64.46 - - [06/Jun/2015:03:28:17 +0200] "GET /viewtopic.php?f=2&t=16013&start=0 HTTP/1.1" 200 5185 "-" "Mozilla/5.0 (compatible; Googlebot/2.1; +http://www.google.com/bot.html)"
66.249.64.51 - - [06/Jun/2015:03:28:23 +0200] "GET /viewtopic.php?f=11&t=2117&start=15 HTTP/1.1" 200 7797 "-" "Mozilla/5.0 (compatible; Googlebot/2.1; +http://www.google.com/bot.html)"
68.180.229.31 - - [06/Jun/2015:03:28:42 +0200] "GET /feed.php?f=5&t=29018 HTTP/1.1" 200 6198 "-" "Mozilla/5.0 (compatible; Yahoo! Slurp; http://help.yahoo.com/help/us/ysearch/slurp)"
46.229.164.114 - - [06/Jun/2015:03:28:43 +0200] "GET /memberlist.php?mode=viewprofile&sid=4e63f708a49b3eccd1dbc1d72d536821&u=43399 HTTP/1.1" 200 4405 "-" "Mozilla/5.0 (compatible; SemrushBot/0.98~bl; +http://www.semrush.com/bot.html)"
66.249.64.46 - - [06/Jun/2015:03:29:06 +0200] "GET /viewtopic.php?t=38257&p=241113 HTTP/1.1" 200 10481 "-" "Mozilla/5.0 (compatible; Googlebot/2.1; +http://www.google.com/bot.html)"
66.249.64.56 - - [06/Jun/2015:03:29:40 +0200] "GET /viewtopic.php?t=43424&p=273188 HTTP/1.1" 200 7589 "-" "Mozilla/5.0 (compatible; Googlebot/2.1; +http://www.google.com/bot.html)"
66.249.64.51 - - [06/Jun/2015:03:29:50 +0200] "GET /viewtopic.php?t=42146 HTTP/1.1" 200 6203 "-" "Mozilla/5.0 (compatible; Googlebot/2.1; +http://www.google.com/bot.html)"
198.245.51.125 - - [06/Jun/2015:03:30:04 +0200] "GET /viewtopic.php HTTP/1.1" 200 3626 "http://forums.ixus.net/" "Mozilla/5.0 (Windows NT 6.1; WOW64) AppleWebKit/537.36 (KHTML, like Gecko) Chrome/36.0.1985.125 Safari/537.36"
192.227.240.86 - - [06/Jun/2015:03:30:05 +0200] "GET /memberlist.php?mode=leaders&sid=925db46a4736c69247b586cf5082b389&order=DESC&sk=c&sd=d HTTP/1.0" 200 4370 "http://forums.ixus.net/" "Mozilla/5.0 (Windows NT 6.1; WOW64) AppleWebKit/537.36 (KHTML, like Gecko) Chrome/36.0.1985.125 Safari/537.36"
192.227.240.86 - - [06/Jun/2015:03:30:06 +0200] "GET /index.php HTTP/1.1" 200 8553 "http://forums.ixus.net/" "Mozilla/5.0 (Windows NT 6.1; WOW64) AppleWebKit/537.36 (KHTML, like Gecko) Chrome/36.0.1985.125 Safari/537.36"
192.227.240.86 - - [06/Jun/2015:03:30:06 +0200] "GET /profile.php?mode=editprofile HTTP/1.1" 404 524 "http://forums.ixus.net/" "Mozilla/5.0 (Windows NT 6.1; WOW64) AppleWebKit/537.36 (KHTML, like Gecko) Chrome/36.0.1985.125 Safari/537.36"
192.227.240.86 - - [06/Jun/2015:03:30:06 +0200] "GET /profile.php?mode=register HTTP/1.1" 404 524 "http://forums.ixus.net/" "Mozilla/5.0 (Windows NT 6.1; WOW64) AppleWebKit/537.36 (KHTML, like Gecko) Chrome/36.0.1985.125 Safari/537.36"
192.227.240.86 - - [06/Jun/2015:03:30:07 +0200] "GET /profile.php?mode=register&agreed=true&iscanyesno=yeswecan&step=2&coppa=0 HTTP/1.1" 404 524 "http://forums.ixus.net/profile.php?mode=register" "Mozilla/5.0 (Windows NT 6.1; WOW64) AppleWebKit/537.36 (KHTML, like Gecko) Chrome/36.0.1985.125 Safari/537.36"
192.227.240.86 - - [06/Jun/2015:03:30:07 +0200] "GET /memberlist.php?mode=joined&order=DESC&sk=c&sd=d&order=DESC&sk=c&sd=d HTTP/1.1" 200 3243 "http://forums.ixus.net/" "Mozilla/5.0 (Windows NT 6.1; WOW64) AppleWebKit/537.36 (KHTML, like Gecko) Chrome/36.0.1985.125 Safari/537.36"
192.227.240.86 - - [06/Jun/2015:03:30:07 +0200] "GET /index.php HTTP/1.1" 200 8553 "http://forums.ixus.net/" "Mozilla/5.0 (Windows NT 6.1; WOW64) AppleWebKit/537.36 (KHTML, like Gecko) Chrome/36.0.1985.125 Safari/537.36"
192.227.240.86 - - [06/Jun/2015:03:30:07 +0200] "GET /profile.php?mode=editprofile HTTP/1.1" 404 524 "http://forums.ixus.net/" "Mozilla/5.0 (Windows NT 6.1; WOW64) AppleWebKit/537.36 (KHTML, like Gecko) Chrome/36.0.1985.125 Safari/537.36"
192.227.240.86 - - [06/Jun/2015:03:30:08 +0200] "GET /memberlist.php?mode=viewprofile&u= HTTP/1.1" 200 4028 "http://forums.ixus.net/profile.php?mode=register&agreed=true&iscanyesno=yeswecan&step=2&coppa=0" "Mozilla/5.0 (Windows NT 6.1; WOW64) AppleWebKit/537.36 (KHTML, like Gecko) Chrome/36.0.1985.125 Safari/537.36"
81.52.143.54 - - [06/Jun/2015:03:30:15 +0200] "GET /viewtopic.php?t=8129 HTTP/1.1" 200 8434 "-" "Mozilla/5.0 (compatible; OrangeBot/2.0; support.orangebot@orange.com)"
46.229.164.113 - - [06/Jun/2015:03:30:21 +0200] "GET /viewtopic.php?f=19&sid=8df4e32a0c59d6b94b2b0fb59e37d4e5&t=44468 HTTP/1.1" 200 7100 "-" "Mozilla/5.0 (compatible; SemrushBot/0.98~bl; +http://www.semrush.com/bot.html)"
81.52.143.36 - - [06/Jun/2015:03:30:25 +0200] "GET /viewtopic.php?f=25&t=4481 HTTP/1.1" 200 6521 "-" "Mozilla/5.0 (compatible; OrangeBot/2.0; support.orangebot@orange.com)"
193.252.118.168 - - [06/Jun/2015:03:30:31 +0200] "GET /viewtopic.php?t=10250 HTTP/1.1" 200 7498 "-" "Mozilla/5.0 (compatible; OrangeBot/2.0; support.orangebot@orange.com)"
66.249.64.46 - - [06/Jun/2015:03:30:35 +0200] "GET /viewtopic.php?t=40681 HTTP/1.1" 200 6561 "-" "Mozilla/5.0 (compatible; Googlebot/2.1; +http://www.google.com/bot.html)"
207.46.13.6 - - [06/Jun/2015:03:30:37 +0200] "GET /viewtopic.php?f=2&t=42541&start=0 HTTP/1.1" 200 12817 "-" "Mozilla/5.0 (compatible; bingbot/2.0; +http://www.bing.com/bingbot.htm)"
95.69.241.116 - - [06/Jun/2015:03:30:48 +0200] "GET /index.php HTTP/1.0" 200 44284 "http://forums.ixus.net/index.php" "Mozilla/5.0 (Windows NT 6.1; rv:37.0) Gecko/20100101 Firefox/37.0"
95.69.241.116 - - [06/Jun/2015:03:30:48 +0200] "GET /ucp.php?mode=register&sid=8a509ee2a9f86c13daadb85e3efd50ab HTTP/1.0" 302 688 "http://forums.ixus.net/ucp.php?mode=register&sid=8a509ee2a9f86c13daadb85e3efd50ab" "Mozilla/5.0 (Windows NT 6.1; rv:37.0) Gecko/20100101 Firefox/37.0"
