66.249.64.56 - - [06/Jun/2015:01:11:20 +0200] "GET /viewtopic.php?t=5199&p=39100 HTTP/1.1" 200 7967 "-" "Mozilla/5.0 (compatible; Googlebot/2.1; +http://www.google.com/bot.html)"
66.249.64.51 - - [06/Jun/2015:01:11:37 +0200] "GET /viewtopic.php?f=10&t=29834 HTTP/1.1" 200 6756 "-" "Mozilla/5.0 (compatible; Googlebot/2.1; +http://www.google.com/bot.html)"
207.46.13.6 - - [06/Jun/2015:01:11:53 +0200] "GET /viewforum.php?f=10&start=2000 HTTP/1.1" 200 11162 "-" "Mozilla/5.0 (compatible; bingbot/2.0; +http://www.bing.com/bingbot.htm)"
78.218.105.146 - - [06/Jun/2015:01:11:57 +0200] "GET /viewtopic.php?f=25&t=30023 HTTP/1.1" 200 7326 "http://www.google.fr/url?sa=t&rct=j&q=&esrc=s&source=web&cd=3&cad=rja&uact=8&ved=0CC4QFjAC&url=http%3A%2F%2Fforums.ixus.net%2Fviewtopic.php%3Ff%3D25%26t%3D30023&ei=UyxyVYXkHIHrUIvugaAI&usg=AFQjCNHPswhvyHx0Xs1MZKSsN10Ar3bdyQ&bvm=bv.95039771,d.d24" "Mozilla/5.0 (Windows NT 6.0; rv:37.0) Gecko/20100101 Firefox/37.0"
78.218.105.146 - - [06/Jun/2015:01:11:57 +0200] "GET /styles/prosilver/template/styleswitcher.js HTTP/1.1" 200 1330 "http://forums.ixus.net/viewtopic.php?f=25&t=30023" "Mozilla/5.0 (Windows NT 6.0; rv:37.0) Gecko/20100101 Firefox/37.0"
78.218.105.146 - - [06/Jun/2015:01:11:57 +0200] "GET /styles/prosilver/template/forum_fn.js HTTP/1.1" 200 3655 "http://forums.ixus.net/viewtopic.php?f=25&t=30023" "Mozilla/5.0 (Windows NT 6.0; rv:37.0) Gecko/20100101 Firefox/37.0"
78.218.105.146 - - [06/Jun/2015:01:11:57 +0200] "GET /styles/prosilver/theme/print.css HTTP/1.1" 200 1565 "http://forums.ixus.net/viewtopic.php?f=25&t=30023" "Mozilla/5.0 (Windows NT 6.0; rv:37.0) Gecko/20100101 Firefox/37.0"
78.218.105.146 - - [06/Jun/2015:01:11:57 +0200] "GET /styles/prosilver/theme/normal.css HTTP/1.1" 200 394 "http://forums.ixus.net/viewtopic.php?f=25&t=30023" "Mozilla/5.0 (Windows NT 6.0; rv:37.0) Gecko/20100101 Firefox/37.0"
78.218.105.146 - - [06/Jun/2015:01:11:57 +0200] "GET /style.php?id=1&lang=en&sid=4b393706d0914397258dcb1c4d9ca04f HTTP/1.1" 200 13943 "http://forums.ixus.net/viewtopic.php?f=25&t=30023" "Mozilla/5.0 (Windows NT 6.0; rv:37.0) Gecko/20100101 Firefox/37.0"
78.218.105.146 - - [06/Jun/2015:01:11:57 +0200] "GET /styles/prosilver/imageset/icon_post_target.gif HTTP/1.1" 200 489 "http://forums.ixus.net/viewtopic.php?f=25&t=30023" "Mozilla/5.0 (Windows NT 6.0; rv:37.0) Gecko/20100101 Firefox/37.0"
78.218.105.146 - - [06/Jun/2015:01:11:57 +0200] "GET /images/ranks/quartier_maitre.gif HTTP/1.1" 200 947 "http://forums.ixus.net/viewtopic.php?f=25&t=30023" "Mozilla/5.0 (Windows NT 6.0; rv:37.0) Gecko/20100101 Firefox/37.0"
78.218.105.146 - - [06/Jun/2015:01:11:57 +0200] "GET /images/smilies/icon_wink.gif HTTP/1.1" 200 473 "http://forums.ixus.net/viewtopic.php?f=25&t=30023" "Mozilla/5.0 (Windows NT 6.0; rv:37.0) Gecko/20100101 Firefox/37.0"
78.218.105.146 - - [06/Jun/2015:01:11:57 +0200] "GET /images/avatars/gallery/Avatars/072.gif HTTP/1.1" 200 659 "http://forums.ixus.net/viewtopic.php?f=25&t=30023" "Mozilla/5.0 (Windows NT 6.0; rv:37.0) Gecko/20100101 Firefox/37.0"
78.218.105.146 - - [06/Jun/2015:01:11:57 +0200] "GET /images/avatars/gallery/Avatars/086.gif HTTP/1.1" 200 631 "http://forums.ixus.net/viewtopic.php?f=25&t=30023" "Mozilla/5.0 (Windows NT 6.0; rv:37.0) Gecko/20100101 Firefox/37.0"
78.218.105.146 - - [06/Jun/2015:01:11:57 +0200] "GET /styles/prosilver/imageset/IXUSitsus.png HTTP/1.1" 200 20494 "http://forums.ixus.net/viewtopic.php?f=25&t=30023" "Mozilla/5.0 (Windows NT 6.0; rv:37.0) Gecko/20100101 Firefox/37.0"
78.218.105.146 - - [06/Jun/2015:01:11:57 +0200] "GET /styles/prosilver/theme/medium.css HTTP/1.1" 200 394 "http://forums.ixus.net/viewtopic.php?f=25&t=30023" "Mozilla/5.0 (Windows NT 6.0; rv:37.0) Gecko/20100101 Firefox/37.0"
78.218.105.146 - - [06/Jun/2015:01:11:57 +0200] "GET /styles/prosilver/theme/large.css HTTP/1.1" 200 394 "http://forums.ixus.net/viewtopic.php?f=25&t=30023" "Mozilla/5.0 (Windows NT 6.0; rv:37.0) Gecko/20100101 Firefox/37.0"
78.218.105.146 - - [06/Jun/2015:01:11:57 +0200] "GET /images/ranks/amiral.gif HTTP/1.1" 200 1113 "http://forums.ixus.net/viewtopic.php?f=25&t=30023" "Mozilla/5.0 (Windows NT 6.0; rv:37.0) Gecko/20100101 Firefox/37.0"
78.218.105.146 - - [06/Jun/2015:01:11:57 +0200] "GET /styles/prosilver/theme/images/bg_header.gif HTTP/1.1" 200 994 "http://forums.ixus.net/style.php?id=1&lang=en&sid=4b393706d0914397258dcb1c4d9ca04f" "Mozilla/5.0 (Windows NT 6.0; rv:37.0) Gecko/20100101 Firefox/37.0"
78.218.105.146 - - [06/Jun/2015:01:11:57 +0200] "GET /cron.php?cron_type=tidy_sessions&sid=4b393706d0914397258dcb1c4d9ca04f HTTP/1.1" 200 307 "http://forums.ixus.net/viewtopic.php?f=25&t=30023" "Mozilla/5.0 (Windows NT 6.0; rv:37.0) Gecko/20100101 Firefox/37.0"
78.218.105.146 - - [06/Jun/2015:01:11:57 +0200] "GET /styles/prosilver/theme/images/corners_left.png HTTP/1.1" 200 498 "http://forums.ixus.net/style.php?id=1&lang=en&sid=4b393706d0914397258dcb1c4d9ca04f" "Mozilla/5.0 (Windows NT 6.0; rv:37.0) Gecko/20100101 Firefox/37.0"
78.218.105.146 - - [06/Jun/2015:01:11:57 +0200] "GET /styles/prosilver/theme/images/corners_right.png HTTP/1.1" 200 504 "http://forums.ixus.net/style.php?id=1&lang=en&sid=4b393706d0914397258dcb1c4d9ca04f" "Mozilla/5.0 (Windows NT 6.0; rv:37.0) Gecko/20100101 Firefox/37.0"
78.218.105.146 - - [06/Jun/2015:01:11:57 +0200] "GET /styles/prosilver/theme/images/icon_textbox_search.gif HTTP/1.1" 200 639 "http://forums.ixus.net/style.php?id=1&lang=en&sid=4b393706d0914397258dcb1c4d9ca04f" "Mozilla/5.0 (Windows NT 6.0; rv:37.0) Gecko/20100101 Firefox/37.0"
78.218.105.146 - - [06/Jun/2015:01:11:57 +0200] "GET /styles/prosilver/theme/images/bg_button.gif HTTP/1.1" 200 485 "http://forums.ixus.net/style.php?id=1&lang=en&sid=4b393706d0914397258dcb1c4d9ca04f" "Mozilla/5.0 (Windows NT 6.0; rv:37.0) Gecko/20100101 Firefox/37.0"
78.218.105.146 - - [06/Jun/2015:01:11:57 +0200] "GET /styles/prosilver/theme/images/icon_home.gif HTTP/1.1" 200 610 "http://forums.ixus.net/style.php?id=1&lang=en&sid=4b393706d0914397258dcb1c4d9ca04f" "Mozilla/5.0 (Windows NT 6.0; rv:37.0) Gecko/20100101 Firefox/37.0"
78.218.105.146 - - [06/Jun/2015:01:11:58 +0200] "GET /styles/prosilver/theme/images/icon_fontsize.gif HTTP/1.1" 200 863 "http://forums.ixus.net/style.php?id=1&lang=en&sid=4b393706d0914397258dcb1c4d9ca04f" "Mozilla/5.0 (Windows NT 6.0; rv:37.0) Gecko/20100101 Firefox/37.0"
78.218.105.146 - - [06/Jun/2015:01:11:58 +0200] "GET /styles/prosilver/theme/images/icon_faq.gif HTTP/1.1" 200 558 "http://forums.ixus.net/style.php?id=1&lang=en&sid=4b393706d0914397258dcb1c4d9ca04f" "Mozilla/5.0 (Windows NT 6.0; rv:37.0) Gecko/20100101 Firefox/37.0"
78.218.105.146 - - [06/Jun/2015:01:11:58 +0200] "GET /styles/prosilver/theme/images/icon_register.gif HTTP/1.1" 200 534 "http://forums.ixus.net/style.php?id=1&lang=en&sid=4b393706d0914397258dcb1c4d9ca04f" "Mozilla/5.0 (Windows NT 6.0; rv:37.0) Gecko/20100101 Firefox/37.0"
78.218.105.146 - - [06/Jun/2015:01:11:58 +0200] "GET /styles/prosilver/theme/images/icon_logout.gif HTTP/1.1" 200 522 "http://forums.ixus.net/style.php?id=1&lang=en&sid=4b393706d0914397258dcb1c4d9ca04f" "Mozilla/5.0 (Windows NT 6.0; rv:37.0) Gecko/20100101 Firefox/37.0"
78.218.105.146 - - [06/Jun/2015:01:11:58 +0200] "GET /styles/prosilver/imageset/fr/button_topic_reply.gif HTTP/1.1" 200 2917 "http://forums.ixus.net/style.php?id=1&lang=en&sid=4b393706d0914397258dcb1c4d9ca04f" "Mozilla/5.0 (Windows NT 6.0; rv:37.0) Gecko/20100101 Firefox/37.0"
78.218.105.146 - - [06/Jun/2015:01:11:58 +0200] "GET /styles/prosilver/theme/images/bg_list.gif HTTP/1.1" 200 968 "http://forums.ixus.net/style.php?id=1&lang=en&sid=4b393706d0914397258dcb1c4d9ca04f" "Mozilla/5.0 (Windows NT 6.0; rv:37.0) Gecko/20100101 Firefox/37.0"
78.218.105.146 - - [06/Jun/2015:01:11:58 +0200] "GET /styles/prosilver/imageset/icon_back_top.gif HTTP/1.1" 200 507 "http://forums.ixus.net/style.php?id=1&lang=en&sid=4b393706d0914397258dcb1c4d9ca04f" "Mozilla/5.0 (Windows NT 6.0; rv:37.0) Gecko/20100101 Firefox/37.0"
78.218.105.146 - - [06/Jun/2015:01:11:58 +0200] "GET /styles/prosilver/imageset/icon_contact_email.gif HTTP/1.1" 200 827 "http://forums.ixus.net/style.php?id=1&lang=en&sid=4b393706d0914397258dcb1c4d9ca04f" "Mozilla/5.0 (Windows NT 6.0; rv:37.0) Gecko/20100101 Firefox/37.0"
78.218.105.146 - - [06/Jun/2015:01:11:58 +0200] "GET /styles/prosilver/theme/images/arrow_left.gif HTTP/1.1" 200 414 "http://forums.ixus.net/style.php?id=1&lang=en&sid=4b393706d0914397258dcb1c4d9ca04f" "Mozilla/5.0 (Windows NT 6.0; rv:37.0) Gecko/20100101 Firefox/37.0"
78.218.105.146 - - [06/Jun/2015:01:11:58 +0200] "GET /favicon.ico HTTP/1.1" 404 523 "-" "Mozilla/5.0 (Windows NT 6.0; rv:37.0) Gecko/20100101 Firefox/37.0"
78.218.105.146 - - [06/Jun/2015:01:11:58 +0200] "GET /favicon.ico HTTP/1.1" 404 523 "-" "Mozilla/5.0 (Windows NT 6.0; rv:37.0) Gecko/20100101 Firefox/37.0"
78.218.105.146 - - [06/Jun/2015:01:11:58 +0200] "GET /favicon.ico HTTP/1.1" 404 523 "-" "Mozilla/5.0 (Windows NT 6.0; rv:37.0) Gecko/20100101 Firefox/37.0"
66.249.89.33 - - [06/Jun/2015:01:12:03 +0200] "GET /viewtopic.php?f=25&t=30023 HTTP/1.1" 200 6042 "-" "Mediapartners-Google"
66.249.64.46 - - [06/Jun/2015:01:12:19 +0200] "GET /viewtopic.php?f=10&t=22104&start=0 HTTP/1.1" 200 5900 "-" "Mozilla/5.0 (compatible; Googlebot/2.1; +http://www.google.com/bot.html)"
207.46.13.7 - - [06/Jun/2015:01:12:23 +0200] "GET /viewtopic.php?p=246893 HTTP/1.1" 200 10802 "-" "Mozilla/5.0 (compatible; bingbot/2.0; +http://www.bing.com/bingbot.htm)"
46.229.164.114 - - [06/Jun/2015:01:12:32 +0200] "GET /viewtopic.php?f=5&sid=8dea5858119b53442b30abf878e29840&start=0&t=40959 HTTP/1.1" 200 7697 "-" "Mozilla/5.0 (compatible; SemrushBot/0.98~bl; +http://www.semrush.com/bot.html)"
66.249.64.56 - - [06/Jun/2015:01:12:43 +0200] "GET /viewtopic.php?t=7762&p=59905 HTTP/1.1" 200 8905 "-" "Mozilla/5.0 (compatible; Googlebot/2.1; +http://www.google.com/bot.html)"
208.115.111.74 - - [06/Jun/2015:01:12:51 +0200] "GET /viewtopic.php?p=235024 HTTP/1.1" 200 33101 "-" "Mozilla/5.0 (compatible; DotBot/1.1; http://www.opensiteexplorer.org/dotbot, help@moz.com)"
178.255.215.89 - - [06/Jun/2015:01:12:57 +0200] "GET /viewtopic.php?f=25&t=26013&start=0 HTTP/1.1" 200 5134 "-" "Mozilla/5.0 (compatible; Exabot/3.0; +http://www.exabot.com/go/robot)"
66.249.64.56 - - [06/Jun/2015:01:13:01 +0200] "GET /viewtopic.php?t=33549&p=217419 HTTP/1.1" 200 5174 "-" "Mozilla/5.0 (compatible; Googlebot/2.1; +http://www.google.com/bot.html)"
81.52.143.35 - - [06/Jun/2015:01:13:07 +0200] "GET /viewtopic.php?p=269690 HTTP/1.1" 200 8076 "-" "Mozilla/5.0 (compatible; OrangeBot/2.0; support.orangebot@orange.com)"
207.46.13.7 - - [06/Jun/2015:01:13:19 +0200] "GET /viewtopic.php?p=169999 HTTP/1.1" 200 12757 "-" "Mozilla/5.0 (compatible; bingbot/2.0; +http://www.bing.com/bingbot.htm)"
220.181.108.76 - - [06/Jun/2015:01:13:20 +0200] "GET /viewtopic.php?t=29222 HTTP/1.1" 200 8295 "-" "Mozilla/5.0 (compatible; Baiduspider/2.0; +http://www.baidu.com/search/spider.html)"
66.249.64.46 - - [06/Jun/2015:01:13:27 +0200] "GET /style.php?id=1&lang=fr&sid=1bc058c644bde3c2caec29f8c7f136fc HTTP/1.1" 200 13943 "-" "Mozilla/5.0 (compatible; Googlebot/2.1; +http://www.google.com/bot.html)"
207.46.13.142 - - [06/Jun/2015:01:13:33 +0200] "GET /viewtopic.php?t=41517&p=261580 HTTP/1.1" 200 6776 "-" "Mozilla/5.0 (compatible; bingbot/2.0; +http://www.bing.com/bingbot.htm)"
66.249.64.56 - - [06/Jun/2015:01:13:44 +0200] "GET /viewtopic.php?f=19&t=35940 HTTP/1.1" 200 8802 "-" "Mozilla/5.0 (compatible; Googlebot/2.1; +http://www.google.com/bot.html)"
66.249.64.51 - - [06/Jun/2015:01:14:06 +0200] "GET /viewtopic.php?t=9484&p=73294 HTTP/1.1" 200 8342 "-" "Mozilla/5.0 (compatible; Googlebot/2.1; +http://www.google.com/bot.html)"
207.46.13.133 - - [06/Jun/2015:01:14:12 +0200] "GET /viewtopic.php?p=125412 HTTP/1.1" 200 12357 "-" "Mozilla/5.0 (compatible; bingbot/2.0; +http://www.bing.com/bingbot.htm)"
46.229.164.114 - - [06/Jun/2015:01:14:21 +0200] "GET /viewtopic.php?f=1&sid=a6eb299729a2ef603aae2d8b13e0650e&t=43768 HTTP/1.1" 200 9926 "-" "Mozilla/5.0 (compatible; SemrushBot/0.98~bl; +http://www.semrush.com/bot.html)"
207.46.13.6 - - [06/Jun/2015:01:14:21 +0200] "GET /robots.txt HTTP/1.1" 404 556 "-" "Mozilla/5.0 (compatible; bingbot/2.0; +http://www.bing.com/bingbot.htm)"
66.249.64.56 - - [06/Jun/2015:01:14:26 +0200] "GET /viewtopic.php?f=10&t=31124 HTTP/1.1" 200 5271 "-" "Mozilla/5.0 (compatible; Googlebot/2.1; +http://www.google.com/bot.html)"
81.52.143.34 - - [06/Jun/2015:01:14:26 +0200] "GET /viewtopic.php?f=26&t=19927 HTTP/1.1" 200 8551 "-" "Mozilla/5.0 (compatible; OrangeBot/2.0; support.orangebot@orange.com)"
94.228.34.203 - - [06/Jun/2015:01:14:34 +0200] "GET /robots.txt HTTP/1.1" 404 556 "-" "robots"
94.228.34.203 - - [06/Jun/2015:01:14:34 +0200] "GET /feed.php?mode=topics HTTP/1.1" 200 20715 "-" "magpie-crawler/1.1 (U; Linux amd64; en-GB; +http://www.brandwatch.net)"
94.228.34.203 - - [06/Jun/2015:01:14:34 +0200] "GET /viewforum.php?f=22 HTTP/1.1" 200 11417 "-" "magpie-crawler/1.1 (U; Linux amd64; en-GB; +http://www.brandwatch.net)"
81.52.143.35 - - [06/Jun/2015:01:14:58 +0200] "GET /viewtopic.php?p=243482 HTTP/1.1" 200 6780 "-" "Mozilla/5.0 (compatible; OrangeBot/2.0; support.orangebot@orange.com)"
193.252.118.167 - - [06/Jun/2015:01:15:00 +0200] "GET /viewtopic.php?t=40112 HTTP/1.1" 200 12581 "-" "Mozilla/5.0 (compatible; OrangeBot/2.0; support.orangebot@orange.com)"
207.46.13.6 - - [06/Jun/2015:01:15:01 +0200] "GET /viewtopic.php?p=108008 HTTP/1.1" 200 10075 "-" "Mozilla/5.0 (compatible; bingbot/2.0; +http://www.bing.com/bingbot.htm)"
66.249.64.46 - - [06/Jun/2015:01:15:08 +0200] "GET /viewtopic.php?f=19&t=41001&start=0 HTTP/1.1" 200 5978 "-" "Mozilla/5.0 (compatible; Googlebot/2.1; +http://www.google.com/bot.html)"
178.255.215.89 - - [06/Jun/2015:01:15:09 +0200] "GET /viewtopic.php?t=7585&p=58346 HTTP/1.1" 200 4756 "-" "Mozilla/5.0 (compatible; Exabot/3.0; +http://www.exabot.com/go/robot)"
193.252.149.15 - - [06/Jun/2015:01:15:10 +0200] "GET /viewtopic.php?f=23&t=26679 HTTP/1.1" 200 5755 "-" "Mozilla/5.0 (compatible; OrangeBot/2.0; support.orangebot@orange.com)"
66.249.64.51 - - [06/Jun/2015:01:15:29 +0200] "GET /viewtopic.php?t=4762&p=35833 HTTP/1.1" 200 7815 "-" "Mozilla/5.0 (compatible; Googlebot/2.1; +http://www.google.com/bot.html)"
81.52.143.26 - - [06/Jun/2015:01:15:39 +0200] "GET /viewtopic.php?t=9925 HTTP/1.1" 200 10702 "-" "Mozilla/5.0 (compatible; OrangeBot/2.0; support.orangebot@orange.com)"
66.249.64.46 - - [06/Jun/2015:01:15:51 +0200] "GET /viewtopic.php?f=19&t=35666 HTTP/1.1" 200 6062 "-" "Mozilla/5.0 (compatible; Googlebot/2.1; +http://www.google.com/bot.html)"
207.46.13.6 - - [06/Jun/2015:01:15:57 +0200] "GET /viewtopic.php?p=264729 HTTP/1.1" 200 9182 "-" "Mozilla/5.0 (compatible; bingbot/2.0; +http://www.bing.com/bingbot.htm)"
68.180.229.31 - - [06/Jun/2015:01:15:59 +0200] "GET /viewtopic.php?t=41180 HTTP/1.1" 200 6374 "-" "Mozilla/5.0 (compatible; Yahoo! Slurp; http://help.yahoo.com/help/us/ysearch/slurp)"
66.249.64.56 - - [06/Jun/2015:01:16:17 +0200] "GET /style.php?id=1&lang=fr&sid=8c6f07fa9e650af586ec9ef9e94a01b7 HTTP/1.1" 200 13943 "http://forums.ixus.net/viewtopic.php?f=28&t=19090" "Mozilla/5.0 (compatible; Googlebot/2.1; +http://www.google.com/bot.html)"
46.229.164.102 - - [06/Jun/2015:01:16:25 +0200] "GET /viewtopic.php?f=7&sid=9c79ff51f3167753b6fcedb8114e7983&t=28325 HTTP/1.1" 200 8999 "-" "Mozilla/5.0 (compatible; SemrushBot/0.98~bl; +http://www.semrush.com/bot.html)"
66.249.64.51 - - [06/Jun/2015:01:16:33 +0200] "GET /viewtopic.php?t=13485 HTTP/1.1" 200 10600 "-" "Mozilla/5.0 (compatible; Googlebot/2.1; +http://www.google.com/bot.html)"
193.252.149.18 - - [06/Jun/2015:01:16:38 +0200] "GET /viewtopic.php?f=10&t=43092&p=271954&hilit=politesse+chinoise HTTP/1.1" 200 10504 "-" "Mozilla/5.0 (compatible; OrangeBot/2.0; support.orangebot@orange.com)"
81.52.143.16 - - [06/Jun/2015:01:16:47 +0200] "GET /viewtopic.php?f=26&t=22528 HTTP/1.1" 200 6496 "-" "Mozilla/5.0 (compatible; OrangeBot/2.0; support.orangebot@orange.com)"
66.249.64.56 - - [06/Jun/2015:01:16:52 +0200] "GET /viewtopic.php?t=5199&p=39031 HTTP/1.1" 200 7967 "-" "Mozilla/5.0 (compatible; Googlebot/2.1; +http://www.google.com/bot.html)"
193.252.149.16 - - [06/Jun/2015:01:17:05 +0200] "GET /viewtopic.php?p=267061 HTTP/1.1" 200 8627 "-" "Mozilla/5.0 (compatible; OrangeBot/2.0; support.orangebot@orange.com)"
66.249.64.46 - - [06/Jun/2015:01:17:16 +0200] "GET /viewtopic.php?f=1&t=15551&start=0 HTTP/1.1" 200 5352 "-" "Mozilla/5.0 (compatible; Googlebot/2.1; +http://www.google.com/bot.html)"
66.249.64.51 - - [06/Jun/2015:01:17:59 +0200] "GET /viewtopic.php?f=10&t=38168&start=0 HTTP/1.1" 200 5922 "-" "Mozilla/5.0 (compatible; Googlebot/2.1; +http://www.google.com/bot.html)"
66.249.64.46 - - [06/Jun/2015:01:18:15 +0200] "GET /viewtopic.php?t=4754&p=34465 HTTP/1.1" 200 8146 "-" "Mozilla/5.0 (compatible; Googlebot/2.1; +http://www.google.com/bot.html)"
68.180.229.31 - - [06/Jun/2015:01:18:28 +0200] "GET /feed.php?f=7&t=712 HTTP/1.1" 200 3241 "-" "Mozilla/5.0 (compatible; Yahoo! Slurp; http://help.yahoo.com/help/us/ysearch/slurp)"
66.249.64.56 - - [06/Jun/2015:01:18:41 +0200] "GET /viewtopic.php?f=21&t=10305 HTTP/1.1" 200 5898 "-" "Mozilla/5.0 (compatible; Googlebot/2.1; +http://www.google.com/bot.html)"
193.252.118.179 - - [06/Jun/2015:01:18:59 +0200] "GET /viewtopic.php?f=26&t=24560 HTTP/1.1" 200 7980 "-" "Mozilla/5.0 (compatible; OrangeBot/2.0; support.orangebot@orange.com)"
66.249.64.51 - - [06/Jun/2015:01:19:23 +0200] "GET /viewtopic.php?t=43208 HTTP/1.1" 200 5655 "-" "Mozilla/5.0 (compatible; Googlebot/2.1; +http://www.google.com/bot.html)"
46.229.164.113 - - [06/Jun/2015:01:19:32 +0200] "GET /ucp.php?mode=login&sid=3e3efdc9e0715d0398429e37b0bb34bd HTTP/1.1" 200 4359 "-" "Mozilla/5.0 (compatible; SemrushBot/0.98~bl; +http://www.semrush.com/bot.html)"
66.249.64.51 - - [06/Jun/2015:01:19:38 +0200] "GET /viewtopic.php?t=4762&p=34673 HTTP/1.1" 200 7815 "-" "Mozilla/5.0 (compatible; Googlebot/2.1; +http://www.google.com/bot.html)"
178.255.215.89 - - [06/Jun/2015:01:19:39 +0200] "GET /viewtopic.php?t=1711&p=10032 HTTP/1.1" 200 5187 "-" "Mozilla/5.0 (compatible; Exabot/3.0; +http://www.exabot.com/go/robot)"
66.249.64.46 - - [06/Jun/2015:01:20:06 +0200] "GET /viewtopic.php?f=10&t=37639&start=0 HTTP/1.1" 200 7160 "-" "Mozilla/5.0 (compatible; Googlebot/2.1; +http://www.google.com/bot.html)"
66.249.64.51 - - [06/Jun/2015:01:20:49 +0200] "GET /viewtopic.php?f=19&t=14301&start=0 HTTP/1.1" 200 4934 "-" "Mozilla/5.0 (compatible; Googlebot/2.1; +http://www.google.com/bot.html)"
46.229.164.114 - - [06/Jun/2015:01:20:53 +0200] "GET /viewtopic.php?p=281181&sid=789ab8887242bc6fd0d8a65643235fd8 HTTP/1.1" 200 13103 "-" "Mozilla/5.0 (compatible; SemrushBot/0.98~bl; +http://www.semrush.com/bot.html)"
66.249.64.46 - - [06/Jun/2015:01:21:01 +0200] "GET /viewtopic.php?t=5145&p=39494 HTTP/1.1" 200 9633 "-" "Mozilla/5.0 (compatible; Googlebot/2.1; +http://www.google.com/bot.html)"
66.249.64.51 - - [06/Jun/2015:01:21:21 +0200] "GET /m/viewtopic.php?t=18879 HTTP/1.1" 404 527 "-" "Mozilla/5.0 (iPhone; CPU iPhone OS 6_0 like Mac OS X) AppleWebKit/536.26 (KHTML, like Gecko) Version/6.0 Mobile/10A5376e Safari/8536.25 (compatible; Googlebot/2.1; +http://www.google.com/bot.html)"
207.46.13.6 - - [06/Jun/2015:01:21:21 +0200] "GET /feed.php?f=6&t=14583 HTTP/1.1" 200 14760 "-" "Mozilla/5.0 (compatible; bingbot/2.0; +http://www.bing.com/bingbot.htm)"
66.249.64.56 - - [06/Jun/2015:01:21:31 +0200] "GET /viewtopic.php?f=19&t=24446&start=0 HTTP/1.1" 200 7345 "-" "Mozilla/5.0 (compatible; Googlebot/2.1; +http://www.google.com/bot.html)"
207.46.13.6 - - [06/Jun/2015:01:21:58 +0200] "GET /robots.txt HTTP/1.1" 404 556 "-" "Mozilla/5.0 (compatible; bingbot/2.0; +http://www.bing.com/bingbot.htm)"
207.46.13.6 - - [06/Jun/2015:01:21:59 +0200] "GET /viewtopic.php?p=66477 HTTP/1.1" 200 11270 "-" "Mozilla/5.0 (compatible; bingbot/2.0; +http://www.bing.com/bingbot.htm)"
193.252.118.168 - - [06/Jun/2015:01:22:05 +0200] "GET /viewtopic.php?p=262479 HTTP/1.1" 200 13768 "-" "Mozilla/5.0 (compatible; OrangeBot/2.0; support.orangebot@orange.com)"
66.249.64.51 - - [06/Jun/2015:01:22:14 +0200] "GET /viewtopic.php?f=2&t=13183&start=0 HTTP/1.1" 200 5413 "-" "Mozilla/5.0 (compatible; Googlebot/2.1; +http://www.google.com/bot.html)"
66.249.64.46 - - [06/Jun/2015:01:22:24 +0200] "GET /viewtopic.php?t=4754&p=38046 HTTP/1.1" 200 8145 "-" "Mozilla/5.0 (compatible; Googlebot/2.1; +http://www.google.com/bot.html)"
66.249.64.46 - - [06/Jun/2015:01:22:56 +0200] "GET /viewtopic.php?t=43187 HTTP/1.1" 200 5718 "-" "Mozilla/5.0 (compatible; Googlebot/2.1; +http://www.google.com/bot.html)"
193.252.149.18 - - [06/Jun/2015:01:23:21 +0200] "GET /viewtopic.php?p=238371 HTTP/1.1" 200 17714 "-" "Mozilla/5.0 (compatible; OrangeBot/2.0; support.orangebot@orange.com)"
193.252.118.165 - - [06/Jun/2015:01:23:36 +0200] "GET /viewtopic.php?f=19&t=44141 HTTP/1.1" 200 12240 "-" "Mozilla/5.0 (compatible; OrangeBot/2.0; support.orangebot@orange.com)"
66.249.64.46 - - [06/Jun/2015:01:23:39 +0200] "GET /viewtopic.php?f=10&t=5953&start=0 HTTP/1.1" 200 5853 "-" "Mozilla/5.0 (compatible; Googlebot/2.1; +http://www.google.com/bot.html)"
66.249.64.46 - - [06/Jun/2015:01:23:47 +0200] "GET /viewtopic.php?t=9484&p=73352 HTTP/1.1" 200 8342 "-" "Mozilla/5.0 (compatible; Googlebot/2.1; +http://www.google.com/bot.html)"
193.252.149.18 - - [06/Jun/2015:01:24:08 +0200] "GET /viewtopic.php?p=273611 HTTP/1.1" 200 9048 "-" "Mozilla/5.0 (compatible; OrangeBot/2.0; support.orangebot@orange.com)"
46.229.164.114 - - [06/Jun/2015:01:24:13 +0200] "GET /viewforum.php?sid=d6c1b57aa4762571bf21ab388a723b98 HTTP/1.1" 200 3583 "-" "Mozilla/5.0 (compatible; SemrushBot/0.98~bl; +http://www.semrush.com/bot.html)"
66.249.64.56 - - [06/Jun/2015:01:24:22 +0200] "GET /viewtopic.php?f=19&t=20002&start=0 HTTP/1.1" 200 5920 "-" "Mozilla/5.0 (compatible; Googlebot/2.1; +http://www.google.com/bot.html)"
81.52.143.33 - - [06/Jun/2015:01:24:25 +0200] "GET /viewtopic.php?f=25&t=4851 HTTP/1.1" 200 6175 "-" "Mozilla/5.0 (compatible; OrangeBot/2.0; support.orangebot@orange.com)"
81.52.143.30 - - [06/Jun/2015:01:24:30 +0200] "GET /viewtopic.php?t=9545 HTTP/1.1" 200 7133 "-" "Mozilla/5.0 (compatible; OrangeBot/2.0; support.orangebot@orange.com)"
178.255.215.89 - - [06/Jun/2015:01:24:40 +0200] "GET /viewtopic.php?f=19&t=22223&start=0 HTTP/1.1" 200 5452 "-" "Mozilla/5.0 (compatible; Exabot/3.0; +http://www.exabot.com/go/robot)"
66.249.64.51 - - [06/Jun/2015:01:25:05 +0200] "GET /viewtopic.php?f=10&t=14277&start=45 HTTP/1.1" 200 8281 "-" "Mozilla/5.0 (compatible; Googlebot/2.1; +http://www.google.com/bot.html)"
77.164.193.6 - - [06/Jun/2015:01:25:05 +0200] "GET /viewtopic.php?f=19&t=41322 HTTP/1.1" 200 17633 "http://forums.ixus.net/" "Mozilla/5.0 (Windows NT 6.1; WOW64) AppleWebKit/537.36 (KHTML, like Gecko) Chrome/39.0.2171.95 Safari/537.36"
77.164.193.6 - - [06/Jun/2015:01:25:05 +0200] "GET /memberlist.php?mode=viewprofile&u=3977&sid=a1d47b4562642a12a64bf29c5da63db0&order=DESC&sk=c&sd=d HTTP/1.1" 200 4048 "http://forums.ixus.net/" "Mozilla/5.0 (Windows NT 6.1; WOW64) AppleWebKit/537.36 (KHTML, like Gecko) Chrome/39.0.2171.95 Safari/537.36"
77.164.193.6 - - [06/Jun/2015:01:25:05 +0200] "GET /index.php HTTP/1.1" 200 8543 "http://forums.ixus.net/" "Mozilla/5.0 (Windows NT 6.1; WOW64) AppleWebKit/537.36 (KHTML, like Gecko) Chrome/39.0.2171.95 Safari/537.36"
77.164.193.6 - - [06/Jun/2015:01:25:05 +0200] "GET /profile.php?mode=editprofile HTTP/1.1" 404 524 "http://forums.ixus.net/" "Mozilla/5.0 (Windows NT 6.1; WOW64) AppleWebKit/537.36 (KHTML, like Gecko) Chrome/39.0.2171.95 Safari/537.36"
77.164.193.6 - - [06/Jun/2015:01:25:05 +0200] "GET /memberlist.php?mode=viewprofile&u=34288&sid=a1d47b4562642a12a64bf29c5da63db0&order=DESC&sk=c&sd=d HTTP/1.1" 200 4048 "http://forums.ixus.net/" "Mozilla/5.0 (Windows NT 6.1; WOW64) AppleWebKit/537.36 (KHTML, like Gecko) Chrome/39.0.2171.95 Safari/537.36"
77.164.193.6 - - [06/Jun/2015:01:25:05 +0200] "GET /index.php HTTP/1.1" 200 8543 "http://forums.ixus.net/" "Mozilla/5.0 (Windows NT 6.1; WOW64) AppleWebKit/537.36 (KHTML, like Gecko) Chrome/39.0.2171.95 Safari/537.36"
77.164.193.6 - - [06/Jun/2015:01:25:06 +0200] "GET /profile.php?mode=editprofile HTTP/1.1" 404 524 "http://forums.ixus.net/" "Mozilla/5.0 (Windows NT 6.1; WOW64) AppleWebKit/537.36 (KHTML, like Gecko) Chrome/39.0.2171.95 Safari/537.36"
77.164.193.6 - - [06/Jun/2015:01:25:06 +0200] "GET /profile.php?mode=register HTTP/1.1" 404 524 "http://forums.ixus.net/" "Mozilla/5.0 (Windows NT 6.1; WOW64) AppleWebKit/537.36 (KHTML, like Gecko) Chrome/39.0.2171.95 Safari/537.36"
77.164.193.6 - - [06/Jun/2015:01:25:06 +0200] "GET /profile.php?mode=register&agreed=true&iscanyesno=yeswecan&step=2&coppa=0 HTTP/1.1" 404 524 "http://forums.ixus.net/profile.php?mode=register" "Mozilla/5.0 (Windows NT 6.1; WOW64) AppleWebKit/537.36 (KHTML, like Gecko) Chrome/39.0.2171.95 Safari/537.36"
77.164.193.6 - - [06/Jun/2015:01:25:06 +0200] "GET /memberlist.php?mode=joined&order=DESC&sk=c&sd=d&order=DESC&sk=c&sd=d HTTP/1.1" 200 3241 "http://forums.ixus.net/" "Mozilla/5.0 (Windows NT 6.1; WOW64) AppleWebKit/537.36 (KHTML, like Gecko) Chrome/39.0.2171.95 Safari/537.36"
77.164.193.6 - - [06/Jun/2015:01:25:06 +0200] "GET /index.php HTTP/1.1" 200 8543 "http://forums.ixus.net/" "Mozilla/5.0 (Windows NT 6.1; WOW64) AppleWebKit/537.36 (KHTML, like Gecko) Chrome/39.0.2171.95 Safari/537.36"
77.164.193.6 - - [06/Jun/2015:01:25:06 +0200] "GET /profile.php?mode=editprofile HTTP/1.1" 404 524 "http://forums.ixus.net/" "Mozilla/5.0 (Windows NT 6.1; WOW64) AppleWebKit/537.36 (KHTML, like Gecko) Chrome/39.0.2171.95 Safari/537.36"
77.164.193.6 - - [06/Jun/2015:01:25:06 +0200] "GET /memberlist.php?mode=viewprofile&u= HTTP/1.1" 200 4025 "http://forums.ixus.net/profile.php?mode=register&agreed=true&iscanyesno=yeswecan&step=2&coppa=0" "Mozilla/5.0 (Windows NT 6.1; WOW64) AppleWebKit/537.36 (KHTML, like Gecko) Chrome/39.0.2171.95 Safari/537.36"
66.249.64.56 - - [06/Jun/2015:01:25:10 +0200] "GET /viewtopic.php?t=7762&p=59904 HTTP/1.1" 200 8906 "-" "Mozilla/5.0 (compatible; Googlebot/2.1; +http://www.google.com/bot.html)"
66.249.64.56 - - [06/Jun/2015:01:25:11 +0200] "GET /style.php?id=1&lang=fr&sid=bf5c0945fa1b5d473264dc1b5155d1a5 HTTP/1.1" 200 13943 "-" "Mozilla/5.0 (compatible; Googlebot/2.1; +http://www.google.com/bot.html)"
81.52.143.15 - - [06/Jun/2015:01:25:17 +0200] "GET /viewtopic.php?t=10128 HTTP/1.1" 200 6614 "-" "Mozilla/5.0 (compatible; OrangeBot/2.0; support.orangebot@orange.com)"
193.252.118.176 - - [06/Jun/2015:01:25:19 +0200] "GET /viewtopic.php?f=10&t=43572 HTTP/1.1" 200 6646 "-" "Mozilla/5.0 (compatible; OrangeBot/2.0; support.orangebot@orange.com)"
207.46.13.7 - - [06/Jun/2015:01:25:27 +0200] "GET /viewtopic.php?p=264230 HTTP/1.1" 200 7984 "-" "Mozilla/5.0 (compatible; bingbot/2.0; +http://www.bing.com/bingbot.htm)"
212.83.167.239 - - [06/Jun/2015:01:25:33 +0200] "GET /feed.php?f=37&amp;mode=topics HTTP/1.0" 200 28304 "-" "WordPress/4.2.2; http://www.ixus.net"
212.83.167.239 - - [06/Jun/2015:01:25:33 +0200] "GET /feed.php?f=10&amp;mode=topics HTTP/1.0" 200 32051 "-" "WordPress/4.2.2; http://www.ixus.net"
193.252.149.18 - - [06/Jun/2015:01:25:47 +0200] "GET /viewtopic.php?f=37&t=44194 HTTP/1.1" 200 12425 "-" "Mozilla/5.0 (compatible; OrangeBot/2.0; support.orangebot@orange.com)"
66.249.64.46 - - [06/Jun/2015:01:25:48 +0200] "GET /viewtopic.php?t=34591 HTTP/1.1" 200 8318 "-" "Mozilla/5.0 (compatible; Googlebot/2.1; +http://www.google.com/bot.html)"
81.52.143.36 - - [06/Jun/2015:01:25:54 +0200] "GET /viewtopic.php?t=9455 HTTP/1.1" 200 7690 "-" "Mozilla/5.0 (compatible; OrangeBot/2.0; support.orangebot@orange.com)"
207.46.13.6 - - [06/Jun/2015:01:25:55 +0200] "GET /viewtopic.php?t=39442 HTTP/1.1" 200 20561 "-" "Mozilla/5.0 (compatible; bingbot/2.0; +http://www.bing.com/bingbot.htm)"
178.255.215.89 - - [06/Jun/2015:01:26:00 +0200] "GET /viewtopic.php?t=16596&p=120365 HTTP/1.1" 200 5421 "-" "Mozilla/5.0 (compatible; Exabot/3.0; +http://www.exabot.com/go/robot)"
193.252.118.173 - - [06/Jun/2015:01:26:02 +0200] "GET /viewtopic.php?t=7729 HTTP/1.1" 200 7281 "-" "Mozilla/5.0 (compatible; OrangeBot/2.0; support.orangebot@orange.com)"
66.249.64.46 - - [06/Jun/2015:01:26:33 +0200] "GET /viewtopic.php?t=4762&p=37498 HTTP/1.1" 200 7816 "-" "Mozilla/5.0 (compatible; Googlebot/2.1; +http://www.google.com/bot.html)"
207.46.13.6 - - [06/Jun/2015:01:26:43 +0200] "GET /viewtopic.php?p=110310 HTTP/1.1" 200 9714 "-" "Mozilla/5.0 (compatible; bingbot/2.0; +http://www.bing.com/bingbot.htm)"
66.249.64.56 - - [06/Jun/2015:01:27:13 +0200] "GET /viewtopic.php?f=25&t=35389 HTTP/1.1" 200 7272 "-" "Mozilla/5.0 (compatible; Googlebot/2.1; +http://www.google.com/bot.html)"
207.46.13.133 - - [06/Jun/2015:01:27:25 +0200] "GET /viewtopic.php?f=25&t=35959 HTTP/1.1" 200 7896 "-" "Mozilla/5.0 (iPhone; CPU iPhone OS 7_0 like Mac OS X) AppleWebKit/537.51.1 (KHTML, like Gecko) Version/7.0 Mobile/11A465 Safari/9537.53 (compatible; bingbot/2.0;  http://www.bing.com/bingbot.htm)"
66.249.64.51 - - [06/Jun/2015:01:27:31 +0200] "GET /style.php?id=1&lang=fr&sid=43db9915a63bef0b6e3a2d2547cec365 HTTP/1.1" 200 13943 "-" "Mozilla/5.0 (compatible; Googlebot/2.1; +http://www.google.com/bot.html)"
207.46.13.6 - - [06/Jun/2015:01:27:51 +0200] "GET /viewforum.php?f=19 HTTP/1.1" 200 11673 "-" "Mozilla/5.0 (compatible; bingbot/2.0; +http://www.bing.com/bingbot.htm)"
81.52.143.32 - - [06/Jun/2015:01:27:54 +0200] "GET /viewtopic.php?f=20&t=27921 HTTP/1.1" 200 7143 "-" "Mozilla/5.0 (compatible; OrangeBot/2.0; support.orangebot@orange.com)"
66.249.64.56 - - [06/Jun/2015:01:27:56 +0200] "GET /viewtopic.php?t=9484&p=73957 HTTP/1.1" 200 8344 "-" "Mozilla/5.0 (compatible; Googlebot/2.1; +http://www.google.com/bot.html)"
66.249.64.51 - - [06/Jun/2015:01:27:57 +0200] "GET /viewtopic.php?t=43605 HTTP/1.1" 200 14441 "-" "Mozilla/5.0 (compatible; Googlebot/2.1; +http://www.google.com/bot.html)"
81.52.143.29 - - [06/Jun/2015:01:28:27 +0200] "GET /viewtopic.php?p=251004 HTTP/1.1" 200 10465 "-" "Mozilla/5.0 (compatible; OrangeBot/2.0; support.orangebot@orange.com)"
66.249.64.46 - - [06/Jun/2015:01:28:39 +0200] "GET /viewtopic.php?t=42588 HTTP/1.1" 200 8253 "-" "Mozilla/5.0 (compatible; Googlebot/2.1; +http://www.google.com/bot.html)"
193.252.118.173 - - [06/Jun/2015:01:28:44 +0200] "GET /viewtopic.php?p=242516 HTTP/1.1" 200 11394 "-" "Mozilla/5.0 (compatible; OrangeBot/2.0; support.orangebot@orange.com)"
193.252.118.164 - - [06/Jun/2015:01:29:01 +0200] "GET /viewtopic.php?f=23&t=29809 HTTP/1.1" 200 6973 "-" "Mozilla/5.0 (compatible; OrangeBot/2.0; support.orangebot@orange.com)"
193.252.118.168 - - [06/Jun/2015:01:29:08 +0200] "GET /viewtopic.php?f=1&t=43356 HTTP/1.1" 200 5941 "-" "Mozilla/5.0 (compatible; OrangeBot/2.0; support.orangebot@orange.com)"
81.52.143.15 - - [06/Jun/2015:01:29:12 +0200] "GET /viewtopic.php?f=10&t=380 HTTP/1.1" 200 8161 "-" "Mozilla/5.0 (compatible; OrangeBot/2.0; support.orangebot@orange.com)"
193.252.118.164 - - [06/Jun/2015:01:29:16 +0200] "GET /viewtopic.php?f=4&t=27226 HTTP/1.1" 200 14696 "-" "Mozilla/5.0 (compatible; OrangeBot/2.0; support.orangebot@orange.com)"
207.46.13.133 - - [06/Jun/2015:01:29:18 +0200] "GET /viewtopic.php?p=249904 HTTP/1.1" 200 20054 "-" "Mozilla/5.0 (compatible; bingbot/2.0; +http://www.bing.com/bingbot.htm)"
66.249.64.56 - - [06/Jun/2015:01:29:19 +0200] "GET /viewtopic.php?t=4754&p=38054 HTTP/1.1" 200 8147 "-" "Mozilla/5.0 (compatible; Googlebot/2.1; +http://www.google.com/bot.html)"
66.249.64.46 - - [06/Jun/2015:01:29:22 +0200] "GET /viewtopic.php?t=40071&sid=083981212daf2ae389fc9aa7eb9f98ea HTTP/1.1" 200 9815 "-" "Mozilla/5.0 (compatible; Googlebot/2.1; +http://www.google.com/bot.html)"
207.46.13.7 - - [06/Jun/2015:01:30:14 +0200] "GET /viewtopic.php?f=21&t=30896&start=0 HTTP/1.1" 200 7196 "-" "Mozilla/5.0 (compatible; bingbot/2.0; +http://www.bing.com/bingbot.htm)"
66.249.64.56 - - [06/Jun/2015:01:30:42 +0200] "GET /viewtopic.php?t=3491&p=21709 HTTP/1.1" 200 9282 "-" "Mozilla/5.0 (compatible; Googlebot/2.1; +http://www.google.com/bot.html)"
207.46.13.7 - - [06/Jun/2015:01:31:09 +0200] "GET /viewtopic.php?t=43654&p=278721 HTTP/1.1" 200 17758 "-" "Mozilla/5.0 (compatible; bingbot/2.0; +http://www.bing.com/bingbot.htm)"
207.46.13.142 - - [06/Jun/2015:01:31:13 +0200] "GET /viewtopic.php?f=21&t=36874&start=0 HTTP/1.1" 200 11011 "-" "Mozilla/5.0 (compatible; bingbot/2.0; +http://www.bing.com/bingbot.htm)"
66.249.64.56 - - [06/Jun/2015:01:31:32 +0200] "GET /robots.txt HTTP/1.1" 404 523 "-" "Mozilla/5.0 (compatible; Googlebot/2.1; +http://www.google.com/bot.html)"
193.252.118.175 - - [06/Jun/2015:01:31:40 +0200] "GET /viewtopic.php?f=25&t=4487 HTTP/1.1" 200 6283 "-" "Mozilla/5.0 (compatible; OrangeBot/2.0; support.orangebot@orange.com)"
207.46.13.7 - - [06/Jun/2015:01:31:44 +0200] "GET /viewtopic.php?t=43654&p=278721 HTTP/1.1" 200 17761 "-" "Mozilla/5.0 (compatible; bingbot/2.0; +http://www.bing.com/bingbot.htm)"
193.252.118.173 - - [06/Jun/2015:01:31:59 +0200] "GET /viewtopic.php?f=9&t=19411 HTTP/1.1" 200 6400 "-" "Mozilla/5.0 (compatible; OrangeBot/2.0; support.orangebot@orange.com)"
66.249.64.46 - - [06/Jun/2015:01:32:05 +0200] "GET /viewtopic.php?t=7762&p=59903 HTTP/1.1" 200 8905 "-" "Mozilla/5.0 (compatible; Googlebot/2.1; +http://www.google.com/bot.html)"
193.252.118.165 - - [06/Jun/2015:01:32:12 +0200] "GET /viewtopic.php?f=25&t=34497 HTTP/1.1" 200 5995 "-" "Mozilla/5.0 (compatible; OrangeBot/2.0; support.orangebot@orange.com)"
46.151.52.241 - - [06/Jun/2015:01:32:34 +0200] "GET /index.php HTTP/1.0" 200 44127 "http://forums.ixus.net/index.php" "Mozilla/5.0 (Windows NT 6.3; WOW64; rv:36.0) Gecko/20100101 Firefox/36.0"
46.151.52.241 - - [06/Jun/2015:01:32:34 +0200] "GET /ucp.php?mode=register&sid=d47260c0036fd54f45e83030b076cbc6 HTTP/1.0" 302 688 "http://forums.ixus.net/ucp.php?mode=register&sid=d47260c0036fd54f45e83030b076cbc6" "Mozilla/5.0 (Windows NT 6.3; WOW64; rv:36.0) Gecko/20100101 Firefox/36.0"
46.151.52.241 - - [06/Jun/2015:01:32:34 +0200] "GET /demenagement.php?mode=register&sid=d47260c0036fd54f45e83030b076cbc6 HTTP/1.0" 200 543 "http://forums.ixus.net/demenagement.php?mode=register&sid=d47260c0036fd54f45e83030b076cbc6" "Mozilla/5.0 (Windows NT 6.3; WOW64; rv:36.0) Gecko/20100101 Firefox/36.0"
46.151.52.241 - - [06/Jun/2015:01:32:34 +0200] "GET /index.php HTTP/1.0" 200 39568 "http://forums.ixus.net/index.php" "Mozilla/5.0 (Windows NT 6.3; WOW64; rv:36.0) Gecko/20100101 Firefox/36.0"
207.46.13.133 - - [06/Jun/2015:01:33:03 +0200] "GET /viewtopic.php?t=42920 HTTP/1.1" 200 6671 "-" "Mozilla/5.0 (compatible; bingbot/2.0; +http://www.bing.com/bingbot.htm)"
66.249.64.56 - - [06/Jun/2015:01:33:28 +0200] "GET /viewtopic.php?t=1470&p=10374 HTTP/1.1" 200 6581 "-" "Mozilla/5.0 (compatible; Googlebot/2.1; +http://www.google.com/bot.html)"
46.229.164.111 - - [06/Jun/2015:01:33:58 +0200] "GET /faq.php?sid=a4434474ccd525005a505e96318833c1 HTTP/1.1" 200 16177 "-" "Mozilla/5.0 (compatible; SemrushBot/0.98~bl; +http://www.semrush.com/bot.html)"
193.252.118.179 - - [06/Jun/2015:01:34:23 +0200] "GET /viewtopic.php?f=3&t=7470 HTTP/1.1" 200 6773 "-" "Mozilla/5.0 (compatible; OrangeBot/2.0; support.orangebot@orange.com)"
81.52.143.16 - - [06/Jun/2015:01:34:45 +0200] "GET /viewtopic.php?t=9952 HTTP/1.1" 200 8608 "-" "Mozilla/5.0 (compatible; OrangeBot/2.0; support.orangebot@orange.com)"
94.228.34.203 - - [06/Jun/2015:01:34:51 +0200] "GET /robots.txt HTTP/1.1" 404 556 "-" "robots"
66.249.64.56 - - [06/Jun/2015:01:34:51 +0200] "GET /viewtopic.php?t=7877&p=60841 HTTP/1.1" 200 6372 "-" "Mozilla/5.0 (compatible; Googlebot/2.1; +http://www.google.com/bot.html)"
94.228.34.203 - - [06/Jun/2015:01:34:51 +0200] "GET /feed.php?f=19&t=14176 HTTP/1.1" 200 33723 "-" "magpie-crawler/1.1 (U; Linux amd64; en-GB; +http://www.brandwatch.net)"
66.249.64.46 - - [06/Jun/2015:01:35:08 +0200] "GET /viewtopic.php?t=43033 HTTP/1.1" 200 8231 "-" "Mozilla/5.0 (compatible; Googlebot/2.1; +http://www.google.com/bot.html)"
66.249.64.46 - - [06/Jun/2015:01:35:51 +0200] "GET /viewtopic.php?t=28792&p=193702 HTTP/1.1" 200 5284 "-" "Mozilla/5.0 (compatible; Googlebot/2.1; +http://www.google.com/bot.html)"
81.52.143.54 - - [06/Jun/2015:01:35:59 +0200] "GET /viewtopic.php?f=19&t=43836 HTTP/1.1" 200 16373 "-" "Mozilla/5.0 (compatible; OrangeBot/2.0; support.orangebot@orange.com)"
193.252.118.173 - - [06/Jun/2015:01:35:59 +0200] "GET /viewtopic.php?f=2&t=44133 HTTP/1.1" 200 6998 "-" "Mozilla/5.0 (compatible; OrangeBot/2.0; support.orangebot@orange.com)"
66.249.64.56 - - [06/Jun/2015:01:35:59 +0200] "GET /feed.php HTTP/1.1" 200 25499 "-" "Mozilla/5.0 (compatible; Googlebot/2.1; +http://www.google.com/bot.html)"
66.249.64.56 - - [06/Jun/2015:01:36:14 +0200] "GET /viewtopic.php?t=4534&p=32321 HTTP/1.1" 200 10834 "-" "Mozilla/5.0 (compatible; Googlebot/2.1; +http://www.google.com/bot.html)"
178.255.215.89 - - [06/Jun/2015:01:36:15 +0200] "GET /viewtopic.php?f=27&t=9733&start=0 HTTP/1.1" 200 5140 "-" "Mozilla/5.0 (compatible; Exabot/3.0; +http://www.exabot.com/go/robot)"
81.52.143.32 - - [06/Jun/2015:01:36:23 +0200] "GET /viewtopic.php?t=39730 HTTP/1.1" 200 10005 "-" "Mozilla/5.0 (compatible; OrangeBot/2.0; support.orangebot@orange.com)"
193.252.118.167 - - [06/Jun/2015:01:37:02 +0200] "GET /viewtopic.php?t=9561 HTTP/1.1" 200 7291 "-" "Mozilla/5.0 (compatible; OrangeBot/2.0; support.orangebot@orange.com)"
68.180.229.31 - - [06/Jun/2015:01:37:31 +0200] "GET /viewtopic.php?t=44569&p=281246 HTTP/1.1" 200 6900 "-" "Mozilla/5.0 (compatible; Yahoo! Slurp; http://help.yahoo.com/help/us/ysearch/slurp)"
66.249.64.51 - - [06/Jun/2015:01:37:37 +0200] "GET /viewtopic.php?t=5969&p=45850 HTTP/1.1" 200 7181 "-" "Mozilla/5.0 (compatible; Googlebot/2.1; +http://www.google.com/bot.html)"
81.52.143.54 - - [06/Jun/2015:01:37:44 +0200] "GET /viewtopic.php?f=10&t=44427 HTTP/1.1" 200 11318 "-" "Mozilla/5.0 (compatible; OrangeBot/2.0; support.orangebot@orange.com)"
66.249.64.56 - - [06/Jun/2015:01:38:02 +0200] "GET /viewtopic.php?t=17046 HTTP/1.1" 200 11678 "-" "Mozilla/5.0 (compatible; Googlebot/2.1; +http://www.google.com/bot.html)"
193.252.149.13 - - [06/Jun/2015:01:38:09 +0200] "GET /viewtopic.php?f=22&t=29174 HTTP/1.1" 200 11545 "-" "Mozilla/5.0 (compatible; OrangeBot/2.0; support.orangebot@orange.com)"
66.249.64.51 - - [06/Jun/2015:01:38:46 +0200] "GET /viewtopic.php?t=18879 HTTP/1.1" 200 10836 "-" "Mozilla/5.0 (compatible; Googlebot/2.1; +http://www.google.com/bot.html)"
46.229.164.111 - - [06/Jun/2015:01:38:52 +0200] "GET /memberlist.php?mode=viewprofile&sid=33bf9fa48ce9aecb4d73e06a7deac407&u=33666 HTTP/1.1" 200 4405 "-" "Mozilla/5.0 (compatible; SemrushBot/0.98~bl; +http://www.semrush.com/bot.html)"
66.249.64.56 - - [06/Jun/2015:01:39:00 +0200] "GET /viewtopic.php?t=5969&p=46475 HTTP/1.1" 200 7181 "-" "Mozilla/5.0 (compatible; Googlebot/2.1; +http://www.google.com/bot.html)"
207.46.13.142 - - [06/Jun/2015:01:39:10 +0200] "GET /viewforum.php?f=19&start=650 HTTP/1.1" 200 11417 "-" "Mozilla/5.0 (compatible; bingbot/2.0; +http://www.bing.com/bingbot.htm)"
207.46.13.142 - - [06/Jun/2015:01:39:11 +0200] "GET /viewtopic.php?p=117497 HTTP/1.1" 200 10630 "-" "Mozilla/5.0 (compatible; bingbot/2.0; +http://www.bing.com/bingbot.htm)"
66.249.64.51 - - [06/Jun/2015:01:39:29 +0200] "GET /viewtopic.php?f=22&t=10695&start=0 HTTP/1.1" 200 8966 "-" "Mozilla/5.0 (compatible; Googlebot/2.1; +http://www.google.com/bot.html)"
94.228.34.203 - - [06/Jun/2015:01:39:56 +0200] "GET /robots.txt HTTP/1.1" 404 556 "-" "robots"
94.228.34.203 - - [06/Jun/2015:01:39:56 +0200] "GET /feed.php HTTP/1.1" 200 25864 "-" "magpie-crawler/1.1 (U; Linux amd64; en-GB; +http://www.brandwatch.net)"
94.228.34.203 - - [06/Jun/2015:01:39:56 +0200] "GET /feed.php?f=2&t=44571 HTTP/1.1" 200 4129 "-" "magpie-crawler/1.1 (U; Linux amd64; en-GB; +http://www.brandwatch.net)"
207.46.13.142 - - [06/Jun/2015:01:40:35 +0200] "GET /viewtopic.php?p=267666 HTTP/1.1" 200 9950 "-" "Mozilla/5.0 (compatible; bingbot/2.0; +http://www.bing.com/bingbot.htm)"
178.255.215.89 - - [06/Jun/2015:01:40:36 +0200] "GET /viewtopic.php?f=20&t=2394&start=0 HTTP/1.1" 200 5196 "-" "Mozilla/5.0 (compatible; Exabot/3.0; +http://www.exabot.com/go/robot)"
207.46.13.133 - - [06/Jun/2015:01:40:54 +0200] "GET /feed.php?f=10&t=11435 HTTP/1.1" 200 8317 "-" "Mozilla/5.0 (compatible; bingbot/2.0; +http://www.bing.com/bingbot.htm)"
66.249.64.56 - - [06/Jun/2015:01:40:58 +0200] "GET /viewtopic.php?f=1&t=43701 HTTP/1.1" 200 9379 "-" "Mozilla/5.0 (compatible; Googlebot/2.1; +http://www.google.com/bot.html)"
178.255.215.89 - - [06/Jun/2015:01:41:21 +0200] "GET /viewtopic.php?t=8322&p=64489 HTTP/1.1" 200 6492 "-" "Mozilla/5.0 (compatible; Exabot/3.0; +http://www.exabot.com/go/robot)"
134.249.55.134 - - [06/Jun/2015:01:41:44 +0200] "GET /wp-login.php HTTP/1.1" 404 490 "-" "Mozilla/5.0 (Windows NT 6.3; rv:36.0) Gecko/20100101 Firefox/36.0"
134.249.55.134 - - [06/Jun/2015:01:41:44 +0200] "GET /administrator/index.php HTTP/1.1" 404 496 "-" "Mozilla/5.0 (Windows NT 6.3; rv:36.0) Gecko/20100101 Firefox/36.0"
66.249.64.46 - - [06/Jun/2015:01:41:46 +0200] "GET /viewtopic.php?t=5145&p=38458 HTTP/1.1" 200 9631 "-" "Mozilla/5.0 (compatible; Googlebot/2.1; +http://www.google.com/bot.html)"
178.255.215.89 - - [06/Jun/2015:01:41:58 +0200] "GET /viewtopic.php?t=18138&p=130685 HTTP/1.1" 200 7597 "-" "Mozilla/5.0 (compatible; Exabot/3.0; +http://www.exabot.com/go/robot)"
193.252.118.167 - - [06/Jun/2015:01:42:20 +0200] "GET /viewtopic.php?f=4&t=31067 HTTP/1.1" 200 5632 "-" "Mozilla/5.0 (compatible; OrangeBot/2.0; support.orangebot@orange.com)"
46.229.164.111 - - [06/Jun/2015:01:42:21 +0200] "GET /viewtopic.php?f=22&p=269174&sid=5d0b186811abf90fee2247d4efe9b399&t=42802 HTTP/1.1" 200 6092 "-" "Mozilla/5.0 (compatible; SemrushBot/0.98~bl; +http://www.semrush.com/bot.html)"
66.249.64.56 - - [06/Jun/2015:01:42:26 +0200] "GET /viewtopic.php?f=10&t=37518 HTTP/1.1" 200 6324 "-" "Mozilla/5.0 (compatible; Googlebot/2.1; +http://www.google.com/bot.html)"
178.255.215.89 - - [06/Jun/2015:01:42:33 +0200] "GET /viewtopic.php?t=40367&p=254513 HTTP/1.1" 200 8257 "-" "Mozilla/5.0 (compatible; Exabot/3.0; +http://www.exabot.com/go/robot)"
207.46.13.6 - - [06/Jun/2015:01:42:36 +0200] "GET /viewtopic.php?t=29045&p=195223 HTTP/1.1" 200 8627 "-" "Mozilla/5.0 (compatible; bingbot/2.0; +http://www.bing.com/bingbot.htm)"
66.249.64.56 - - [06/Jun/2015:01:43:09 +0200] "GET /viewtopic.php?t=9484&p=73364 HTTP/1.1" 200 8342 "-" "Mozilla/5.0 (compatible; Googlebot/2.1; +http://www.google.com/bot.html)"
66.249.64.56 - - [06/Jun/2015:01:43:10 +0200] "GET /viewtopic.php?t=43183 HTTP/1.1" 200 6310 "-" "Mozilla/5.0 (compatible; Googlebot/2.1; +http://www.google.com/bot.html)"
81.52.143.54 - - [06/Jun/2015:01:43:13 +0200] "GET /viewtopic.php?p=249117 HTTP/1.1" 200 9639 "-" "Mozilla/5.0 (compatible; OrangeBot/2.0; support.orangebot@orange.com)"
207.46.13.6 - - [06/Jun/2015:01:43:21 +0200] "GET /viewtopic.php?t=31694&p=208846 HTTP/1.1" 200 6950 "-" "Mozilla/5.0 (compatible; bingbot/2.0; +http://www.bing.com/bingbot.htm)"
81.52.143.37 - - [06/Jun/2015:01:44:04 +0200] "GET /viewtopic.php?f=4&t=18092 HTTP/1.1" 200 6697 "-" "Mozilla/5.0 (compatible; OrangeBot/2.0; support.orangebot@orange.com)"
178.255.215.89 - - [06/Jun/2015:01:44:24 +0200] "GET /viewtopic.php?f=2&t=11559&start=0 HTTP/1.1" 200 6471 "-" "Mozilla/5.0 (compatible; Exabot/3.0; +http://www.exabot.com/go/robot)"
66.249.64.46 - - [06/Jun/2015:01:44:32 +0200] "GET /viewtopic.php?t=7762&p=59932 HTTP/1.1" 200 8905 "-" "Mozilla/5.0 (compatible; Googlebot/2.1; +http://www.google.com/bot.html)"
66.249.64.51 - - [06/Jun/2015:01:44:38 +0200] "GET /viewtopic.php?t=13533&p=114347 HTTP/1.1" 200 9262 "-" "Mozilla/5.0 (compatible; Googlebot/2.1; +http://www.google.com/bot.html)"
207.46.13.6 - - [06/Jun/2015:01:44:46 +0200] "GET /viewtopic.php?f=21&t=44173&start=0 HTTP/1.1" 200 6063 "-" "Mozilla/5.0 (compatible; bingbot/2.0; +http://www.bing.com/bingbot.htm)"
193.252.118.165 - - [06/Jun/2015:01:44:47 +0200] "GET /viewtopic.php?p=238519 HTTP/1.1" 200 10925 "-" "Mozilla/5.0 (compatible; OrangeBot/2.0; support.orangebot@orange.com)"
207.46.13.142 - - [06/Jun/2015:01:44:50 +0200] "GET /viewtopic.php?f=21&t=6092&start=60 HTTP/1.1" 200 8952 "-" "Mozilla/5.0 (compatible; bingbot/2.0; +http://www.bing.com/bingbot.htm)"
178.255.215.89 - - [06/Jun/2015:01:45:09 +0200] "GET /viewtopic.php?t=8696&p=81445 HTTP/1.1" 200 5220 "-" "Mozilla/5.0 (compatible; Exabot/3.0; +http://www.exabot.com/go/robot)"
193.252.149.15 - - [06/Jun/2015:01:45:17 +0200] "GET /viewtopic.php?p=247122 HTTP/1.1" 200 8471 "-" "Mozilla/5.0 (compatible; OrangeBot/2.0; support.orangebot@orange.com)"
66.249.64.46 - - [06/Jun/2015:01:45:23 +0200] "GET /viewtopic.php?t=22491&p=157484 HTTP/1.1" 200 7092 "-" "Mozilla/5.0 (compatible; Googlebot/2.1; +http://www.google.com/bot.html)"
81.52.143.32 - - [06/Jun/2015:01:45:27 +0200] "GET /viewtopic.php?f=23&t=29901 HTTP/1.1" 200 6779 "-" "Mozilla/5.0 (compatible; OrangeBot/2.0; support.orangebot@orange.com)"
207.46.13.7 - - [06/Jun/2015:01:45:38 +0200] "GET /viewtopic.php?t=14649&p=107630 HTTP/1.1" 200 10079 "-" "Mozilla/5.0 (compatible; bingbot/2.0; +http://www.bing.com/bingbot.htm)"
66.249.64.46 - - [06/Jun/2015:01:45:55 +0200] "GET /viewtopic.php?t=5969&p=46476 HTTP/1.1" 200 7182 "-" "Mozilla/5.0 (compatible; Googlebot/2.1; +http://www.google.com/bot.html)"
66.249.64.51 - - [06/Jun/2015:01:46:08 +0200] "GET /viewtopic.php?f=37&t=44115 HTTP/1.1" 200 9476 "-" "Mozilla/5.0 (compatible; Googlebot/2.1; +http://www.google.com/bot.html)"
193.252.118.173 - - [06/Jun/2015:01:46:10 +0200] "GET /viewtopic.php?f=2&t=42795 HTTP/1.1" 200 8592 "-" "Mozilla/5.0 (compatible; OrangeBot/2.0; support.orangebot@orange.com)"
207.46.13.7 - - [06/Jun/2015:01:46:14 +0200] "GET /viewtopic.php?p=240698 HTTP/1.1" 200 7477 "-" "Mozilla/5.0 (compatible; bingbot/2.0; +http://www.bing.com/bingbot.htm)"
66.249.64.51 - - [06/Jun/2015:01:46:52 +0200] "GET /viewtopic.php?f=1&t=19559 HTTP/1.1" 200 12686 "-" "Mozilla/5.0 (compatible; Googlebot/2.1; +http://www.google.com/bot.html)"
81.52.143.50 - - [06/Jun/2015:01:47:04 +0200] "GET /viewtopic.php?f=19&t=42917 HTTP/1.1" 200 12811 "-" "Mozilla/5.0 (compatible; OrangeBot/2.0; support.orangebot@orange.com)"
207.46.13.133 - - [06/Jun/2015:01:47:07 +0200] "GET /viewtopic.php?t=18864&p=137000 HTTP/1.1" 200 7223 "-" "Mozilla/5.0 (compatible; bingbot/2.0; +http://www.bing.com/bingbot.htm)"
66.249.64.51 - - [06/Jun/2015:01:47:18 +0200] "GET /viewtopic.php?t=5199&p=38908 HTTP/1.1" 200 7967 "-" "Mozilla/5.0 (compatible; Googlebot/2.1; +http://www.google.com/bot.html)"
207.46.13.6 - - [06/Jun/2015:01:47:22 +0200] "GET /viewtopic.php?t=9554&p=94888 HTTP/1.1" 200 9683 "-" "Mozilla/5.0 (compatible; bingbot/2.0; +http://www.bing.com/bingbot.htm)"
46.229.164.111 - - [06/Jun/2015:01:47:26 +0200] "GET /viewtopic.php?f=10&p=280808&sid=8f6b1c28337c9a36dce6376b69d2855c&t=44506 HTTP/1.1" 200 6037 "-" "Mozilla/5.0 (compatible; SemrushBot/0.98~bl; +http://www.semrush.com/bot.html)"
66.249.64.46 - - [06/Jun/2015:01:47:37 +0200] "GET /viewtopic.php?t=29663&p=199144 HTTP/1.1" 200 7985 "-" "Mozilla/5.0 (compatible; Googlebot/2.1; +http://www.google.com/bot.html)"
46.165.208.40 - - [06/Jun/2015:01:47:38 +0200] "GET /viewtopic.php%3Ft%3D10712%26p%3D82298 HTTP/1.1" 404 579 "-" "-"
193.252.118.166 - - [06/Jun/2015:01:47:40 +0200] "GET /viewtopic.php?t=8051 HTTP/1.1" 200 7622 "-" "Mozilla/5.0 (compatible; OrangeBot/2.0; support.orangebot@orange.com)"
81.52.143.30 - - [06/Jun/2015:01:48:02 +0200] "GET /viewtopic.php?t=37391&highlight=radius. HTTP/1.1" 200 7295 "-" "Mozilla/5.0 (compatible; OrangeBot/2.0; support.orangebot@orange.com)"
94.228.34.203 - - [06/Jun/2015:01:48:02 +0200] "GET /feed.php?f=10 HTTP/1.1" 200 32150 "-" "magpie-crawler/1.1 (U; Linux amd64; en-GB; +http://www.brandwatch.net)"
94.228.34.203 - - [06/Jun/2015:01:48:02 +0200] "GET /viewforum.php?f=31 HTTP/1.1" 200 6328 "-" "magpie-crawler/1.1 (U; Linux amd64; en-GB; +http://www.brandwatch.net)"
66.249.64.56 - - [06/Jun/2015:01:48:22 +0200] "GET /viewtopic.php?t=41419&sid=01203ecc216b708f0c1cd0244054ab6a HTTP/1.1" 200 5851 "-" "Mozilla/5.0 (compatible; Googlebot/2.1; +http://www.google.com/bot.html)"
180.76.15.15 - - [06/Jun/2015:01:48:25 +0200] "GET /viewtopic.php?f=10&t=21594&start=45 HTTP/1.1" 200 11066 "-" "Mozilla/5.0 (compatible; Baiduspider/2.0; +http://www.baidu.com/search/spider.html)"
66.249.64.56 - - [06/Jun/2015:01:48:41 +0200] "GET /viewtopic.php?t=5969&p=45872 HTTP/1.1" 200 7182 "-" "Mozilla/5.0 (compatible; Googlebot/2.1; +http://www.google.com/bot.html)"
68.180.229.31 - - [06/Jun/2015:01:48:49 +0200] "GET /viewtopic.php?f=5&t=37973&start=0 HTTP/1.1" 200 5931 "-" "Mozilla/5.0 (compatible; Yahoo! Slurp; http://help.yahoo.com/help/us/ysearch/slurp)"
81.52.143.30 - - [06/Jun/2015:01:49:06 +0200] "GET /viewtopic.php?f=5&t=44374 HTTP/1.1" 200 7196 "-" "Mozilla/5.0 (compatible; OrangeBot/2.0; support.orangebot@orange.com)"
66.249.64.51 - - [06/Jun/2015:01:49:07 +0200] "GET /viewtopic.php?t=39224&sid=29afd6333db72445a935a1db254cf607 HTTP/1.1" 200 6073 "-" "Mozilla/5.0 (compatible; Googlebot/2.1; +http://www.google.com/bot.html)"
207.46.13.133 - - [06/Jun/2015:01:49:15 +0200] "GET /viewtopic.php?t=37979&p=239325 HTTP/1.1" 200 8050 "-" "Mozilla/5.0 (compatible; bingbot/2.0; +http://www.bing.com/bingbot.htm)"
198.245.51.125 - - [06/Jun/2015:01:49:38 +0200] "GET /viewtopic.php HTTP/1.1" 200 3624 "http://forums.ixus.net/" "Mozilla/5.0 (Windows NT 6.1; WOW64) AppleWebKit/537.36 (KHTML, like Gecko) Chrome/36.0.1985.125 Safari/537.36"
23.232.148.63 - - [06/Jun/2015:01:49:38 +0200] "GET /memberlist.php?mode=leaders&sid=4cd27c79f45613e43efdd7144974f4b2&order=DESC&sk=c&sd=d HTTP/1.0" 200 4367 "http://forums.ixus.net/" "Mozilla/5.0 (Windows NT 6.1; WOW64) AppleWebKit/537.36 (KHTML, like Gecko) Chrome/36.0.1985.125 Safari/537.36"
