46.229.164.99 - - [01/Jun/2015:08:19:51 +0200] "GET /viewforum.php?sid=2af8467cd1f38a1c8d497b4a89ec3ad0 HTTP/1.1" 200 3586 "-" "Mozilla/5.0 (compatible; SemrushBot/0.98~bl; +http://www.semrush.com/bot.html)"
178.255.215.89 - - [01/Jun/2015:08:19:55 +0200] "GET /viewtopic.php?f=25&t=15292&start=0 HTTP/1.1" 200 5959 "-" "Mozilla/5.0 (compatible; Exabot/3.0; +http://www.exabot.com/go/robot)"
66.249.67.131 - - [01/Jun/2015:08:20:10 +0200] "GET /viewtopic.php?t=22451&p=157895 HTTP/1.1" 200 8072 "-" "Mozilla/5.0 (compatible; Googlebot/2.1; +http://www.google.com/bot.html)"
66.249.67.131 - - [01/Jun/2015:08:20:34 +0200] "GET /viewtopic.php?f=9&t=33670 HTTP/1.1" 200 8720 "-" "Mozilla/5.0 (compatible; Googlebot/2.1; +http://www.google.com/bot.html)"
66.249.67.105 - - [01/Jun/2015:08:20:34 +0200] "GET /viewtopic.php?t=7128&p=56018 HTTP/1.1" 200 7171 "-" "Mozilla/5.0 (compatible; Googlebot/2.1; +http://www.google.com/bot.html)"
157.55.39.214 - - [01/Jun/2015:08:20:47 +0200] "GET /feed.php?f=10&t=27197 HTTP/1.1" 200 3111 "-" "Mozilla/5.0 (compatible; bingbot/2.0; +http://www.bing.com/bingbot.htm)"
157.55.39.243 - - [01/Jun/2015:08:20:50 +0200] "GET /feed.php?f=10&t=40894 HTTP/1.1" 200 12423 "-" "Mozilla/5.0 (compatible; bingbot/2.0; +http://www.bing.com/bingbot.htm)"
66.249.67.131 - - [01/Jun/2015:08:20:58 +0200] "GET /viewtopic.php?t=15179&p=110860 HTTP/1.1" 200 6250 "-" "Mozilla/5.0 (compatible; Googlebot/2.1; +http://www.google.com/bot.html)"
157.55.39.214 - - [01/Jun/2015:08:21:06 +0200] "GET /viewforum.php?f=10&start=10550 HTTP/1.1" 200 10952 "-" "Mozilla/5.0 (compatible; bingbot/2.0; +http://www.bing.com/bingbot.htm)"
157.55.39.214 - - [01/Jun/2015:08:21:09 +0200] "GET /feed.php?f=10&t=17066 HTTP/1.1" 200 1992 "-" "Mozilla/5.0 (compatible; bingbot/2.0; +http://www.bing.com/bingbot.htm)"
178.255.215.89 - - [01/Jun/2015:08:21:19 +0200] "GET /viewtopic.php?t=32065&p=210660 HTTP/1.1" 200 5765 "-" "Mozilla/5.0 (compatible; Exabot/3.0; +http://www.exabot.com/go/robot)"
66.249.67.118 - - [01/Jun/2015:08:21:22 +0200] "GET /viewtopic.php?f=2&t=6608 HTTP/1.1" 200 6906 "-" "Mozilla/5.0 (compatible; Googlebot/2.1; +http://www.google.com/bot.html)"
66.249.67.118 - - [01/Jun/2015:08:21:46 +0200] "GET /viewtopic.php?p=258574&sid=58f8c923ca1d8f6248a2a841f5f4093c HTTP/1.1" 200 6510 "-" "Mozilla/5.0 (compatible; Googlebot/2.1; +http://www.google.com/bot.html)"
66.249.67.131 - - [01/Jun/2015:08:22:06 +0200] "GET /viewtopic.php?t=2814&p=16761 HTTP/1.1" 200 7389 "-" "Mozilla/5.0 (compatible; Googlebot/2.1; +http://www.google.com/bot.html)"
66.249.67.131 - - [01/Jun/2015:08:22:10 +0200] "GET /viewtopic.php?f=10&t=26234 HTTP/1.1" 200 11442 "-" "Mozilla/5.0 (compatible; Googlebot/2.1; +http://www.google.com/bot.html)"
66.249.67.118 - - [01/Jun/2015:08:22:34 +0200] "GET /viewtopic.php?t=14277&postdays=0&postorder=asc&start=478 HTTP/1.1" 200 10850 "-" "Mozilla/5.0 (compatible; Googlebot/2.1; +http://www.google.com/bot.html)"
94.228.34.203 - - [01/Jun/2015:08:22:42 +0200] "GET /robots.txt HTTP/1.1" 404 556 "-" "robots"
94.228.34.203 - - [01/Jun/2015:08:22:42 +0200] "GET /viewforum.php?f=26 HTTP/1.1" 200 11528 "-" "magpie-crawler/1.1 (U; Linux amd64; en-GB; +http://www.brandwatch.net)"
66.249.67.105 - - [01/Jun/2015:08:22:58 +0200] "GET /viewtopic.php?f=10&t=39347 HTTP/1.1" 200 6993 "-" "Mozilla/5.0 (compatible; Googlebot/2.1; +http://www.google.com/bot.html)"
46.229.164.113 - - [01/Jun/2015:08:23:22 +0200] "GET /ucp.php?mode=resend_act&sid=b15df01efebec0ea672ddf43173f24e7 HTTP/1.1" 200 4040 "-" "Mozilla/5.0 (compatible; SemrushBot/0.98~bl; +http://www.semrush.com/bot.html)"
66.249.67.131 - - [01/Jun/2015:08:23:22 +0200] "GET /viewtopic.php?p=250648 HTTP/1.1" 200 5719 "-" "Mozilla/5.0 (compatible; Googlebot/2.1; +http://www.google.com/bot.html)"
66.249.67.105 - - [01/Jun/2015:08:23:46 +0200] "GET /viewtopic.php?f=10&t=9096&start=0 HTTP/1.1" 200 6048 "-" "Mozilla/5.0 (compatible; Googlebot/2.1; +http://www.google.com/bot.html)"
66.249.67.105 - - [01/Jun/2015:08:23:47 +0200] "GET /feed.php?f=21&t=7272 HTTP/1.1" 200 3935 "-" "Mozilla/5.0 (compatible; Googlebot/2.1; +http://www.google.com/bot.html)"
157.55.39.243 - - [01/Jun/2015:08:23:53 +0200] "GET /feed.php?f=10&t=24699 HTTP/1.1" 200 12332 "-" "Mozilla/5.0 (compatible; bingbot/2.0; +http://www.bing.com/bingbot.htm)"
207.46.13.133 - - [01/Jun/2015:08:24:05 +0200] "GET /viewtopic.php?t=38073 HTTP/1.1" 200 15464 "-" "Mozilla/5.0 (compatible; bingbot/2.0; +http://www.bing.com/bingbot.htm)"
66.249.67.118 - - [01/Jun/2015:08:24:10 +0200] "GET /viewtopic.php?t=9757&p=75097 HTTP/1.1" 200 7255 "-" "Mozilla/5.0 (compatible; Googlebot/2.1; +http://www.google.com/bot.html)"
157.55.39.214 - - [01/Jun/2015:08:24:24 +0200] "GET /styles/prosilver/template/styleswitcher.js HTTP/1.1" 200 1330 "-" "Mozilla/5.0 (compatible; bingbot/2.0; +http://www.bing.com/bingbot.htm)"
157.55.39.244 - - [01/Jun/2015:08:24:26 +0200] "GET /styles/prosilver/imageset/IXUSitsus.png HTTP/1.1" 200 20494 "-" "Mozilla/5.0 (compatible; bingbot/2.0; +http://www.bing.com/bingbot.htm)"
157.55.39.244 - - [01/Jun/2015:08:24:27 +0200] "GET /styles/prosilver/theme/large.css HTTP/1.1" 200 394 "-" "Mozilla/5.0 (compatible; bingbot/2.0; +http://www.bing.com/bingbot.htm)"
178.255.215.89 - - [01/Jun/2015:08:24:28 +0200] "GET /viewtopic.php?t=24185&p=167580 HTTP/1.1" 200 6109 "-" "Mozilla/5.0 (compatible; Exabot/3.0; +http://www.exabot.com/go/robot)"
66.249.67.118 - - [01/Jun/2015:08:24:34 +0200] "GET /viewtopic.php?f=6&t=9765 HTTP/1.1" 200 7283 "-" "Mozilla/5.0 (compatible; Googlebot/2.1; +http://www.google.com/bot.html)"
207.46.13.133 - - [01/Jun/2015:08:24:40 +0200] "GET /styles/prosilver/theme/normal.css HTTP/1.1" 200 394 "-" "Mozilla/5.0 (compatible; bingbot/2.0; +http://www.bing.com/bingbot.htm)"
66.249.67.118 - - [01/Jun/2015:08:24:59 +0200] "GET /viewtopic.php?t=39488&p=248615 HTTP/1.1" 200 18118 "-" "Mozilla/5.0 (compatible; Googlebot/2.1; +http://www.google.com/bot.html)"
157.55.39.214 - - [01/Jun/2015:08:25:03 +0200] "GET /styles/prosilver/theme/print.css HTTP/1.1" 200 1565 "-" "Mozilla/5.0 (compatible; bingbot/2.0; +http://www.bing.com/bingbot.htm)"
157.55.39.214 - - [01/Jun/2015:08:25:03 +0200] "GET /viewtopic.php?p=230189 HTTP/1.1" 200 12465 "-" "Mozilla/5.0 (compatible; bingbot/2.0; +http://www.bing.com/bingbot.htm)"
157.55.39.214 - - [01/Jun/2015:08:25:13 +0200] "GET /viewtopic.php?p=275218 HTTP/1.1" 200 9659 "-" "Mozilla/5.0 (compatible; bingbot/2.0; +http://www.bing.com/bingbot.htm)"
193.252.149.16 - - [01/Jun/2015:08:25:16 +0200] "GET /viewtopic.php?f=22&t=26678 HTTP/1.1" 200 6463 "-" "Mozilla/5.0 (compatible; OrangeBot/2.0; support.orangebot@orange.com)"
178.255.215.89 - - [01/Jun/2015:08:25:19 +0200] "GET /viewtopic.php?t=1253&p=6828 HTTP/1.1" 200 5468 "-" "Mozilla/5.0 (compatible; Exabot/3.0; +http://www.exabot.com/go/robot)"
66.249.67.131 - - [01/Jun/2015:08:25:23 +0200] "GET /viewtopic.php?f=10&t=5792 HTTP/1.1" 200 8940 "-" "Mozilla/5.0 (compatible; Googlebot/2.1; +http://www.google.com/bot.html)"
66.249.67.118 - - [01/Jun/2015:08:25:28 +0200] "GET /viewtopic.php?t=37925&p=238484 HTTP/1.1" 200 6168 "-" "Mozilla/5.0 (iPhone; CPU iPhone OS 6_0 like Mac OS X) AppleWebKit/536.26 (KHTML, like Gecko) Version/6.0 Mobile/10A5376e Safari/8536.25 (compatible; Googlebot/2.1; +http://www.google.com/bot.html)"
66.249.67.105 - - [01/Jun/2015:08:25:32 +0200] "GET /viewtopic.php?t=3780&p=24084 HTTP/1.1" 200 6577 "-" "Mozilla/5.0 (compatible; Googlebot/2.1; +http://www.google.com/bot.html)"
178.255.215.89 - - [01/Jun/2015:08:25:45 +0200] "GET /viewtopic.php?t=9079&p=70232 HTTP/1.1" 200 5786 "-" "Mozilla/5.0 (compatible; Exabot/3.0; +http://www.exabot.com/go/robot)"
207.46.13.70 - - [01/Jun/2015:08:25:57 +0200] "GET /styles/prosilver/template/forum_fn.js HTTP/1.1" 200 3655 "-" "Mozilla/5.0 (compatible; bingbot/2.0; +http://www.bing.com/bingbot.htm)"
207.46.13.70 - - [01/Jun/2015:08:25:57 +0200] "GET /viewtopic.php?f=2&t=40996&start=0 HTTP/1.1" 200 5945 "-" "Mozilla/5.0 (compatible; bingbot/2.0; +http://www.bing.com/bingbot.htm)"
207.46.13.70 - - [01/Jun/2015:08:25:57 +0200] "GET /viewtopic.php?t=28925&p=194474 HTTP/1.1" 200 7528 "-" "Mozilla/5.0 (compatible; bingbot/2.0; +http://www.bing.com/bingbot.htm)"
66.249.67.105 - - [01/Jun/2015:08:26:11 +0200] "GET /viewtopic.php?t=42536 HTTP/1.1" 200 5773 "-" "Mozilla/5.0 (compatible; Googlebot/2.1; +http://www.google.com/bot.html)"
157.55.39.214 - - [01/Jun/2015:08:26:13 +0200] "GET /viewtopic.php?p=147209 HTTP/1.1" 200 12220 "-" "Mozilla/5.0 (compatible; bingbot/2.0; +http://www.bing.com/bingbot.htm)"
66.249.67.118 - - [01/Jun/2015:08:26:14 +0200] "GET /viewtopic.php?t=7272&p=55895 HTTP/1.1" 200 5516 "-" "Mozilla/5.0 (compatible; Googlebot/2.1; +http://www.google.com/bot.html)"
66.249.67.105 - - [01/Jun/2015:08:26:35 +0200] "GET /viewtopic.php?f=10&t=4762&start=0 HTTP/1.1" 200 7844 "-" "Mozilla/5.0 (compatible; Googlebot/2.1; +http://www.google.com/bot.html)"
46.229.164.99 - - [01/Jun/2015:08:26:51 +0200] "GET /viewtopic.php?p=278138&sid=666848968fef41107de4842c58eb4d17 HTTP/1.1" 200 16055 "-" "Mozilla/5.0 (compatible; SemrushBot/0.98~bl; +http://www.semrush.com/bot.html)"
66.249.67.105 - - [01/Jun/2015:08:26:59 +0200] "GET /viewtopic.php?f=10&t=2090 HTTP/1.1" 200 5819 "-" "Mozilla/5.0 (compatible; Googlebot/2.1; +http://www.google.com/bot.html)"
94.228.34.203 - - [01/Jun/2015:08:27:21 +0200] "GET /viewforum.php?f=1 HTTP/1.1" 200 11264 "-" "magpie-crawler/1.1 (U; Linux amd64; en-GB; +http://www.brandwatch.net)"
66.249.67.131 - - [01/Jun/2015:08:27:23 +0200] "GET /viewtopic.php?t=43448&start=2 HTTP/1.1" 200 11611 "-" "Mozilla/5.0 (compatible; Googlebot/2.1; +http://www.google.com/bot.html)"
66.249.67.105 - - [01/Jun/2015:08:27:24 +0200] "GET /viewtopic.php?t=7272&p=55925 HTTP/1.1" 200 5516 "-" "Mozilla/5.0 (compatible; Googlebot/2.1; +http://www.google.com/bot.html)"
94.228.34.203 - - [01/Jun/2015:08:27:25 +0200] "GET /viewforum.php?f=11 HTTP/1.1" 200 11503 "-" "magpie-crawler/1.1 (U; Linux amd64; en-GB; +http://www.brandwatch.net)"
94.228.34.203 - - [01/Jun/2015:08:27:28 +0200] "GET /viewforum.php?f=25 HTTP/1.1" 200 11293 "-" "magpie-crawler/1.1 (U; Linux amd64; en-GB; +http://www.brandwatch.net)"
66.249.67.131 - - [01/Jun/2015:08:27:47 +0200] "GET /viewtopic.php?f=19&t=41332&start=0 HTTP/1.1" 200 7228 "-" "Mozilla/5.0 (compatible; Googlebot/2.1; +http://www.google.com/bot.html)"
193.252.118.173 - - [01/Jun/2015:08:28:11 +0200] "GET /viewtopic.php?p=245369 HTTP/1.1" 200 7059 "-" "Mozilla/5.0 (compatible; OrangeBot/2.0; support.orangebot@orange.com)"
66.249.67.118 - - [01/Jun/2015:08:28:11 +0200] "GET /viewtopic.php?p=87054&sid=546b1e8f03314d434220180aae5cf1d0 HTTP/1.1" 200 10061 "-" "Mozilla/5.0 (compatible; Googlebot/2.1; +http://www.google.com/bot.html)"
157.55.39.244 - - [01/Jun/2015:08:28:18 +0200] "GET /viewtopic.php?f=25&t=6585&start=0 HTTP/1.1" 200 11652 "-" "Mozilla/5.0 (compatible; bingbot/2.0; +http://www.bing.com/bingbot.htm)"
66.249.67.105 - - [01/Jun/2015:08:28:26 +0200] "GET /viewtopic.php?t=8379&p=65118 HTTP/1.1" 200 6525 "-" "Mozilla/5.0 (compatible; Googlebot/2.1; +http://www.google.com/bot.html)"
66.249.67.118 - - [01/Jun/2015:08:28:35 +0200] "GET /viewtopic.php?t=8652&p=66824 HTTP/1.1" 200 4869 "-" "Mozilla/5.0 (compatible; Googlebot/2.1; +http://www.google.com/bot.html)"
81.52.143.35 - - [01/Jun/2015:08:28:46 +0200] "GET /viewtopic.php?p=241883 HTTP/1.1" 200 6330 "-" "Mozilla/5.0 (compatible; OrangeBot/2.0; support.orangebot@orange.com)"
66.249.67.131 - - [01/Jun/2015:08:28:59 +0200] "GET /viewtopic.php?t=37989&sid=1e98c30bde5d6bae39a756e7038696c8 HTTP/1.1" 200 16226 "-" "Mozilla/5.0 (compatible; Googlebot/2.1; +http://www.google.com/bot.html)"
66.249.67.131 - - [01/Jun/2015:08:29:23 +0200] "GET /viewtopic.php?t=15121&p=113496 HTTP/1.1" 200 12394 "-" "Mozilla/5.0 (compatible; Googlebot/2.1; +http://www.google.com/bot.html)"
66.249.67.118 - - [01/Jun/2015:08:29:27 +0200] "GET /feed.php?f=19&t=9757 HTTP/1.1" 200 13235 "-" "Mozilla/5.0 (compatible; Googlebot/2.1; +http://www.google.com/bot.html)"
81.52.143.31 - - [01/Jun/2015:08:29:42 +0200] "GET /viewtopic.php?p=261400 HTTP/1.1" 200 6472 "-" "Mozilla/5.0 (compatible; OrangeBot/2.0; support.orangebot@orange.com)"
66.249.67.131 - - [01/Jun/2015:08:29:48 +0200] "GET /viewtopic.php?t=41157&p=259395 HTTP/1.1" 200 10824 "-" "Mozilla/5.0 (compatible; Googlebot/2.1; +http://www.google.com/bot.html)"
46.229.164.113 - - [01/Jun/2015:08:30:02 +0200] "GET /search.php?sid=d6ad84f1da0fd5f174c917db423ba4aa&t=44551 HTTP/1.1" 200 5047 "-" "Mozilla/5.0 (compatible; SemrushBot/0.98~bl; +http://www.semrush.com/bot.html)"
193.56.243.35 - - [01/Jun/2015:08:30:03 +0200] "GET /viewtopic.php?t=39473 HTTP/1.1" 200 7852 "http://r.duckduckgo.com" "Mozilla/5.0 (X11; Ubuntu; Linux x86_64; rv:38.0) Gecko/20100101 Firefox/38.0"
193.56.243.35 - - [01/Jun/2015:08:30:03 +0200] "GET /style.php?id=1&lang=en&sid=70b678f9246d059b5d881f5eaf1a1e00 HTTP/1.1" 200 13943 "http://forums.ixus.net/viewtopic.php?t=39473" "Mozilla/5.0 (X11; Ubuntu; Linux x86_64; rv:38.0) Gecko/20100101 Firefox/38.0"
193.56.243.35 - - [01/Jun/2015:08:30:04 +0200] "GET /cron.php?cron_type=tidy_cache&sid=70b678f9246d059b5d881f5eaf1a1e00 HTTP/1.1" 200 307 "http://forums.ixus.net/viewtopic.php?t=39473" "Mozilla/5.0 (X11; Ubuntu; Linux x86_64; rv:38.0) Gecko/20100101 Firefox/38.0"
193.56.243.35 - - [01/Jun/2015:08:30:04 +0200] "GET /favicon.ico HTTP/1.1" 404 523 "-" "Mozilla/5.0 (X11; Ubuntu; Linux x86_64; rv:38.0) Gecko/20100101 Firefox/38.0"
193.56.243.35 - - [01/Jun/2015:08:30:04 +0200] "GET /favicon.ico HTTP/1.1" 404 523 "-" "Mozilla/5.0 (X11; Ubuntu; Linux x86_64; rv:38.0) Gecko/20100101 Firefox/38.0"
66.249.67.105 - - [01/Jun/2015:08:30:12 +0200] "GET /viewtopic.php?t=15519&p=113084 HTTP/1.1" 200 9478 "-" "Mozilla/5.0 (compatible; Googlebot/2.1; +http://www.google.com/bot.html)"
114.44.204.134 - - [01/Jun/2015:08:30:15 +0200] "GET /memberlist.php?mode=viewprofile&u=44354&sid=f019995fd1f40db98f968625ed7109cf HTTP/1.0" 200 4356 "http://forums.ixus.net" "Mozilla/5.0 (Windows NT 6.3; WOW64) AppleWebKit/537.36 (KHTML, like Gecko) Chrome/34.0.1847.137 Safari/537.36"
66.249.67.105 - - [01/Jun/2015:08:30:25 +0200] "GET /viewtopic.php?t=7777&p=63232 HTTP/1.1" 200 6889 "-" "Mozilla/5.0 (compatible; Googlebot/2.1; +http://www.google.com/bot.html)"
157.55.39.214 - - [01/Jun/2015:08:30:26 +0200] "GET /viewtopic.php?p=266656 HTTP/1.1" 200 7099 "-" "Mozilla/5.0 (compatible; bingbot/2.0; +http://www.bing.com/bingbot.htm)"
207.46.13.70 - - [01/Jun/2015:08:30:35 +0200] "GET /viewtopic.php?t=21498 HTTP/1.1" 200 14403 "-" "Mozilla/5.0 (compatible; bingbot/2.0; +http://www.bing.com/bingbot.htm)"
66.249.67.105 - - [01/Jun/2015:08:30:36 +0200] "GET /viewtopic.php?t=37915&p=238387 HTTP/1.1" 200 8396 "-" "Mozilla/5.0 (compatible; Googlebot/2.1; +http://www.google.com/bot.html)"
66.249.67.131 - - [01/Jun/2015:08:30:56 +0200] "GET /viewtopic.php?t=9757&p=75092 HTTP/1.1" 200 7253 "-" "Mozilla/5.0 (compatible; Googlebot/2.1; +http://www.google.com/bot.html)"
66.249.67.118 - - [01/Jun/2015:08:31:00 +0200] "GET /viewtopic.php?f=1&t=23085 HTTP/1.1" 200 6127 "-" "Mozilla/5.0 (compatible; Googlebot/2.1; +http://www.google.com/bot.html)"
66.249.67.131 - - [01/Jun/2015:08:31:24 +0200] "GET /viewtopic.php?t=33286&p=256176 HTTP/1.1" 200 8800 "-" "Mozilla/5.0 (compatible; Googlebot/2.1; +http://www.google.com/bot.html)"
66.249.67.118 - - [01/Jun/2015:08:31:25 +0200] "GET /style.php?id=1&lang=fr&sid=cd3afad7c2b08b55bbdd755fd4f45893 HTTP/1.1" 200 13943 "-" "Mozilla/5.0 (compatible; Googlebot/2.1; +http://www.google.com/bot.html)"
66.249.67.105 - - [01/Jun/2015:08:31:41 +0200] "GET /viewtopic.php?f=19&t=8819&start=225 HTTP/1.1" 200 11980 "-" "Mozilla/5.0 (compatible; Googlebot/2.1; +http://www.google.com/bot.html)"
178.255.215.89 - - [01/Jun/2015:08:31:42 +0200] "GET /viewtopic.php?t=11445&p=87590 HTTP/1.1" 200 5753 "-" "Mozilla/5.0 (compatible; Exabot/3.0; +http://www.exabot.com/go/robot)"
66.249.67.131 - - [01/Jun/2015:08:31:48 +0200] "GET /viewtopic.php?f=9&t=16648&start=60 HTTP/1.1" 200 18138 "-" "Mozilla/5.0 (compatible; Googlebot/2.1; +http://www.google.com/bot.html)"
66.249.67.105 - - [01/Jun/2015:08:32:12 +0200] "GET /viewtopic.php?t=31175&p=206946 HTTP/1.1" 200 11400 "-" "Mozilla/5.0 (compatible; Googlebot/2.1; +http://www.google.com/bot.html)"
66.249.67.131 - - [01/Jun/2015:08:32:26 +0200] "GET /viewtopic.php?t=9757&p=75117 HTTP/1.1" 200 7253 "-" "Mozilla/5.0 (compatible; Googlebot/2.1; +http://www.google.com/bot.html)"
66.249.67.105 - - [01/Jun/2015:08:32:36 +0200] "GET /viewtopic.php?f=19&t=13496 HTTP/1.1" 200 11582 "-" "Mozilla/5.0 (compatible; Googlebot/2.1; +http://www.google.com/bot.html)"
207.46.13.70 - - [01/Jun/2015:08:32:45 +0200] "GET /viewtopic.php?t=10680&postdays=0&postorder=asc&start=15 HTTP/1.1" 200 7797 "-" "Mozilla/5.0 (compatible; bingbot/2.0; +http://www.bing.com/bingbot.htm)"
66.249.67.105 - - [01/Jun/2015:08:33:00 +0200] "GET /viewtopic.php?t=34497&p=221294 HTTP/1.1" 200 5032 "-" "Mozilla/5.0 (compatible; Googlebot/2.1; +http://www.google.com/bot.html)"
157.55.39.214 - - [01/Jun/2015:08:33:01 +0200] "GET /viewtopic.php?p=268331 HTTP/1.1" 200 7400 "-" "Mozilla/5.0 (compatible; bingbot/2.0; +http://www.bing.com/bingbot.htm)"
5.9.89.170 - - [01/Jun/2015:08:33:04 +0200] "GET /robots.txt HTTP/1.0" 404 520 "-" "Mozilla/5.0 (compatible; MJ12bot/v1.4.5; http://www.majestic12.co.uk/bot.php?+)"
5.9.89.170 - - [01/Jun/2015:08:33:06 +0200] "GET /robots.txt HTTP/1.0" 404 520 "-" "Mozilla/5.0 (compatible; MJ12bot/v1.4.5; http://www.majestic12.co.uk/bot.php?+)"
5.9.89.170 - - [01/Jun/2015:08:33:07 +0200] "GET /viewtopic.php?p=2854 HTTP/1.0" 200 33962 "-" "Mozilla/5.0 (compatible; MJ12bot/v1.4.5; http://www.majestic12.co.uk/bot.php?+)"
5.9.89.170 - - [01/Jun/2015:08:33:10 +0200] "GET /viewtopic.php?p=2855 HTTP/1.0" 200 33962 "-" "Mozilla/5.0 (compatible; MJ12bot/v1.4.5; http://www.majestic12.co.uk/bot.php?+)"
66.249.67.131 - - [01/Jun/2015:08:33:10 +0200] "GET /viewtopic.php?t=9757&p=75098 HTTP/1.1" 200 7253 "-" "Mozilla/5.0 (compatible; Googlebot/2.1; +http://www.google.com/bot.html)"
5.9.89.170 - - [01/Jun/2015:08:33:13 +0200] "GET /viewtopic.php?p=28628 HTTP/1.0" 200 54103 "-" "Mozilla/5.0 (compatible; MJ12bot/v1.4.5; http://www.majestic12.co.uk/bot.php?+)"
5.9.89.170 - - [01/Jun/2015:08:33:16 +0200] "GET /viewtopic.php?p=2863 HTTP/1.0" 200 26316 "-" "Mozilla/5.0 (compatible; MJ12bot/v1.4.5; http://www.majestic12.co.uk/bot.php?+)"
5.9.89.170 - - [01/Jun/2015:08:33:20 +0200] "GET /viewtopic.php?p=2867 HTTP/1.0" 200 24920 "-" "Mozilla/5.0 (compatible; MJ12bot/v1.4.5; http://www.majestic12.co.uk/bot.php?+)"
5.9.89.170 - - [01/Jun/2015:08:33:22 +0200] "GET /viewtopic.php?p=28709 HTTP/1.0" 200 34570 "-" "Mozilla/5.0 (compatible; MJ12bot/v1.4.5; http://www.majestic12.co.uk/bot.php?+)"
66.249.67.105 - - [01/Jun/2015:08:33:24 +0200] "GET /viewtopic.php?t=18208&p=131308 HTTP/1.1" 200 7167 "-" "Mozilla/5.0 (compatible; Googlebot/2.1; +http://www.google.com/bot.html)"
207.46.13.133 - - [01/Jun/2015:08:33:25 +0200] "GET /viewtopic.php?f=10&t=44363 HTTP/1.1" 200 9894 "-" "Mozilla/5.0 (compatible; bingbot/2.0; +http://www.bing.com/bingbot.htm)"
5.9.89.170 - - [01/Jun/2015:08:33:25 +0200] "GET /viewtopic.php?p=2871 HTTP/1.0" 200 24917 "-" "Mozilla/5.0 (compatible; MJ12bot/v1.4.5; http://www.majestic12.co.uk/bot.php?+)"
5.9.89.170 - - [01/Jun/2015:08:33:28 +0200] "GET /viewtopic.php?p=28734 HTTP/1.0" 200 48441 "-" "Mozilla/5.0 (compatible; MJ12bot/v1.4.5; http://www.majestic12.co.uk/bot.php?+)"
5.9.89.170 - - [01/Jun/2015:08:33:31 +0200] "GET /viewtopic.php?p=28736 HTTP/1.0" 200 48441 "-" "Mozilla/5.0 (compatible; MJ12bot/v1.4.5; http://www.majestic12.co.uk/bot.php?+)"
5.9.89.170 - - [01/Jun/2015:08:33:34 +0200] "GET /viewtopic.php?p=28740 HTTP/1.0" 200 48441 "-" "Mozilla/5.0 (compatible; MJ12bot/v1.4.5; http://www.majestic12.co.uk/bot.php?+)"
5.9.89.170 - - [01/Jun/2015:08:33:37 +0200] "GET /viewtopic.php?p=28756 HTTP/1.0" 200 34570 "-" "Mozilla/5.0 (compatible; MJ12bot/v1.4.5; http://www.majestic12.co.uk/bot.php?+)"
5.9.89.170 - - [01/Jun/2015:08:33:40 +0200] "GET /viewtopic.php?p=28758 HTTP/1.0" 200 34570 "-" "Mozilla/5.0 (compatible; MJ12bot/v1.4.5; http://www.majestic12.co.uk/bot.php?+)"
5.9.89.170 - - [01/Jun/2015:08:33:43 +0200] "GET /viewtopic.php?p=2877 HTTP/1.0" 200 24917 "-" "Mozilla/5.0 (compatible; MJ12bot/v1.4.5; http://www.majestic12.co.uk/bot.php?+)"
5.9.89.170 - - [01/Jun/2015:08:33:46 +0200] "GET /viewtopic.php?p=29302 HTTP/1.0" 200 33783 "-" "Mozilla/5.0 (compatible; MJ12bot/v1.4.5; http://www.majestic12.co.uk/bot.php?+)"
66.249.67.118 - - [01/Jun/2015:08:33:48 +0200] "GET /viewtopic.php?t=13968&p=102912 HTTP/1.1" 200 7302 "-" "Mozilla/5.0 (compatible; Googlebot/2.1; +http://www.google.com/bot.html)"
5.9.89.170 - - [01/Jun/2015:08:33:49 +0200] "GET /viewtopic.php?p=29526 HTTP/1.0" 200 22467 "-" "Mozilla/5.0 (compatible; MJ12bot/v1.4.5; http://www.majestic12.co.uk/bot.php?+)"
5.9.89.170 - - [01/Jun/2015:08:33:52 +0200] "GET /viewtopic.php?p=2953 HTTP/1.0" 200 29534 "-" "Mozilla/5.0 (compatible; MJ12bot/v1.4.5; http://www.majestic12.co.uk/bot.php?+)"
5.9.89.170 - - [01/Jun/2015:08:33:54 +0200] "GET /viewtopic.php?p=29785 HTTP/1.0" 200 34213 "-" "Mozilla/5.0 (compatible; MJ12bot/v1.4.5; http://www.majestic12.co.uk/bot.php?+)"
66.249.67.131 - - [01/Jun/2015:08:33:55 +0200] "GET /viewtopic.php?t=9757&p=75106 HTTP/1.1" 200 7253 "-" "Mozilla/5.0 (compatible; Googlebot/2.1; +http://www.google.com/bot.html)"
5.9.89.170 - - [01/Jun/2015:08:33:57 +0200] "GET /viewtopic.php?p=29816 HTTP/1.0" 200 34213 "-" "Mozilla/5.0 (compatible; MJ12bot/v1.4.5; http://www.majestic12.co.uk/bot.php?+)"
5.9.89.170 - - [01/Jun/2015:08:34:00 +0200] "GET /viewtopic.php?p=29819 HTTP/1.0" 200 48451 "-" "Mozilla/5.0 (compatible; MJ12bot/v1.4.5; http://www.majestic12.co.uk/bot.php?+)"
5.9.89.170 - - [01/Jun/2015:08:34:03 +0200] "GET /viewtopic.php?p=29828 HTTP/1.0" 200 48451 "-" "Mozilla/5.0 (compatible; MJ12bot/v1.4.5; http://www.majestic12.co.uk/bot.php?+)"
5.9.89.170 - - [01/Jun/2015:08:34:06 +0200] "GET /viewtopic.php?p=29840 HTTP/1.0" 200 32616 "-" "Mozilla/5.0 (compatible; MJ12bot/v1.4.5; http://www.majestic12.co.uk/bot.php?+)"
46.229.164.113 - - [01/Jun/2015:08:34:06 +0200] "GET /viewforum.php?f=3&sid=ae6653c89117af38c6f9416a5d9865f0 HTTP/1.1" 200 11138 "-" "Mozilla/5.0 (compatible; SemrushBot/0.98~bl; +http://www.semrush.com/bot.html)"
5.9.89.170 - - [01/Jun/2015:08:34:09 +0200] "GET /viewtopic.php?p=29841 HTTP/1.0" 200 32616 "-" "Mozilla/5.0 (compatible; MJ12bot/v1.4.5; http://www.majestic12.co.uk/bot.php?+)"
5.9.89.170 - - [01/Jun/2015:08:34:12 +0200] "GET /viewtopic.php?p=29842 HTTP/1.0" 200 32666 "-" "Mozilla/5.0 (compatible; MJ12bot/v1.4.5; http://www.majestic12.co.uk/bot.php?+)"
66.249.67.131 - - [01/Jun/2015:08:34:12 +0200] "GET /viewtopic.php?f=10&t=30490 HTTP/1.1" 200 11624 "-" "Mozilla/5.0 (compatible; Googlebot/2.1; +http://www.google.com/bot.html)"
5.9.89.170 - - [01/Jun/2015:08:34:16 +0200] "GET /viewtopic.php?p=2991 HTTP/1.0" 200 26316 "-" "Mozilla/5.0 (compatible; MJ12bot/v1.4.5; http://www.majestic12.co.uk/bot.php?+)"
5.9.89.170 - - [01/Jun/2015:08:34:19 +0200] "GET /viewtopic.php?p=2992 HTTP/1.0" 200 26316 "-" "Mozilla/5.0 (compatible; MJ12bot/v1.4.5; http://www.majestic12.co.uk/bot.php?+)"
5.9.89.170 - - [01/Jun/2015:08:34:22 +0200] "GET /viewtopic.php?p=29956 HTTP/1.0" 200 18216 "-" "Mozilla/5.0 (compatible; MJ12bot/v1.4.5; http://www.majestic12.co.uk/bot.php?+)"
5.9.89.170 - - [01/Jun/2015:08:34:25 +0200] "GET /viewtopic.php?p=29970 HTTP/1.0" 200 18216 "-" "Mozilla/5.0 (compatible; MJ12bot/v1.4.5; http://www.majestic12.co.uk/bot.php?+)"
207.46.13.133 - - [01/Jun/2015:08:34:26 +0200] "GET /viewtopic.php?p=264606 HTTP/1.1" 200 10537 "-" "Mozilla/5.0 (compatible; bingbot/2.0; +http://www.bing.com/bingbot.htm)"
5.9.89.170 - - [01/Jun/2015:08:34:27 +0200] "GET /viewtopic.php?p=30006 HTTP/1.0" 200 40232 "-" "Mozilla/5.0 (compatible; MJ12bot/v1.4.5; http://www.majestic12.co.uk/bot.php?+)"
5.9.89.170 - - [01/Jun/2015:08:34:30 +0200] "GET /viewtopic.php?p=30013 HTTP/1.0" 200 40232 "-" "Mozilla/5.0 (compatible; MJ12bot/v1.4.5; http://www.majestic12.co.uk/bot.php?+)"
5.9.89.170 - - [01/Jun/2015:08:34:33 +0200] "GET /viewtopic.php?p=30015 HTTP/1.0" 200 40232 "-" "Mozilla/5.0 (compatible; MJ12bot/v1.4.5; http://www.majestic12.co.uk/bot.php?+)"
66.249.67.118 - - [01/Jun/2015:08:34:36 +0200] "GET /viewtopic.php?f=27&t=40353&start=0 HTTP/1.1" 200 10747 "-" "Mozilla/5.0 (compatible; Googlebot/2.1; +http://www.google.com/bot.html)"
5.9.89.170 - - [01/Jun/2015:08:34:37 +0200] "GET /viewtopic.php?p=30028 HTTP/1.0" 200 29979 "-" "Mozilla/5.0 (compatible; MJ12bot/v1.4.5; http://www.majestic12.co.uk/bot.php?+)"
5.9.89.170 - - [01/Jun/2015:08:34:39 +0200] "GET /viewtopic.php?p=30032 HTTP/1.0" 200 29979 "-" "Mozilla/5.0 (compatible; MJ12bot/v1.4.5; http://www.majestic12.co.uk/bot.php?+)"
66.249.67.118 - - [01/Jun/2015:08:34:40 +0200] "GET /feed.php?f=10&t=8652 HTTP/1.1" 200 1965 "-" "Mozilla/5.0 (compatible; Googlebot/2.1; +http://www.google.com/bot.html)"
5.9.89.170 - - [01/Jun/2015:08:34:42 +0200] "GET /viewtopic.php?p=30035 HTTP/1.0" 200 30029 "-" "Mozilla/5.0 (compatible; MJ12bot/v1.4.5; http://www.majestic12.co.uk/bot.php?+)"
5.9.89.170 - - [01/Jun/2015:08:34:46 +0200] "GET /viewtopic.php?p=3012 HTTP/1.0" 200 24896 "-" "Mozilla/5.0 (compatible; MJ12bot/v1.4.5; http://www.majestic12.co.uk/bot.php?+)"
5.9.89.170 - - [01/Jun/2015:08:34:49 +0200] "GET /viewtopic.php?p=30257 HTTP/1.0" 200 34100 "-" "Mozilla/5.0 (compatible; MJ12bot/v1.4.5; http://www.majestic12.co.uk/bot.php?+)"
5.9.89.170 - - [01/Jun/2015:08:34:52 +0200] "GET /viewtopic.php?p=30259 HTTP/1.0" 200 34100 "-" "Mozilla/5.0 (compatible; MJ12bot/v1.4.5; http://www.majestic12.co.uk/bot.php?+)"
5.9.89.170 - - [01/Jun/2015:08:34:55 +0200] "GET /viewtopic.php?p=30260 HTTP/1.0" 200 34100 "-" "Mozilla/5.0 (compatible; MJ12bot/v1.4.5; http://www.majestic12.co.uk/bot.php?+)"
5.9.89.170 - - [01/Jun/2015:08:34:58 +0200] "GET /viewtopic.php?p=30312 HTTP/1.0" 200 32069 "-" "Mozilla/5.0 (compatible; MJ12bot/v1.4.5; http://www.majestic12.co.uk/bot.php?+)"
66.249.67.118 - - [01/Jun/2015:08:35:01 +0200] "GET /viewtopic.php?f=6&t=18463 HTTP/1.1" 200 6858 "-" "Mozilla/5.0 (compatible; Googlebot/2.1; +http://www.google.com/bot.html)"
5.9.89.170 - - [01/Jun/2015:08:35:01 +0200] "GET /viewtopic.php?p=30547 HTTP/1.0" 200 19490 "-" "Mozilla/5.0 (compatible; MJ12bot/v1.4.5; http://www.majestic12.co.uk/bot.php?+)"
5.9.89.170 - - [01/Jun/2015:08:35:04 +0200] "GET /viewtopic.php?p=30593 HTTP/1.0" 200 34064 "-" "Mozilla/5.0 (compatible; MJ12bot/v1.4.5; http://www.majestic12.co.uk/bot.php?+)"
5.9.89.170 - - [01/Jun/2015:08:35:07 +0200] "GET /viewtopic.php?p=30660 HTTP/1.0" 200 37391 "-" "Mozilla/5.0 (compatible; MJ12bot/v1.4.5; http://www.majestic12.co.uk/bot.php?+)"
5.9.89.170 - - [01/Jun/2015:08:35:10 +0200] "GET /viewtopic.php?p=30675 HTTP/1.0" 200 43715 "-" "Mozilla/5.0 (compatible; MJ12bot/v1.4.5; http://www.majestic12.co.uk/bot.php?+)"
5.9.89.170 - - [01/Jun/2015:08:35:13 +0200] "GET /viewtopic.php?p=30681 HTTP/1.0" 200 43715 "-" "Mozilla/5.0 (compatible; MJ12bot/v1.4.5; http://www.majestic12.co.uk/bot.php?+)"
5.9.89.170 - - [01/Jun/2015:08:35:16 +0200] "GET /viewtopic.php?p=30688 HTTP/1.0" 200 43715 "-" "Mozilla/5.0 (compatible; MJ12bot/v1.4.5; http://www.majestic12.co.uk/bot.php?+)"
5.9.89.170 - - [01/Jun/2015:08:35:19 +0200] "GET /viewtopic.php?p=30730 HTTP/1.0" 200 20713 "-" "Mozilla/5.0 (compatible; MJ12bot/v1.4.5; http://www.majestic12.co.uk/bot.php?+)"
5.9.89.170 - - [01/Jun/2015:08:35:22 +0200] "GET /viewtopic.php?p=30746 HTTP/1.0" 200 20713 "-" "Mozilla/5.0 (compatible; MJ12bot/v1.4.5; http://www.majestic12.co.uk/bot.php?+)"
5.9.89.170 - - [01/Jun/2015:08:35:25 +0200] "GET /viewtopic.php?p=30760 HTTP/1.0" 200 34139 "-" "Mozilla/5.0 (compatible; MJ12bot/v1.4.5; http://www.majestic12.co.uk/bot.php?+)"
66.249.67.131 - - [01/Jun/2015:08:35:26 +0200] "GET /viewtopic.php?t=10710&p=83258 HTTP/1.1" 200 6092 "-" "Mozilla/5.0 (compatible; Googlebot/2.1; +http://www.google.com/bot.html)"
5.9.89.170 - - [01/Jun/2015:08:35:28 +0200] "GET /viewtopic.php?p=30765 HTTP/1.0" 200 38193 "-" "Mozilla/5.0 (compatible; MJ12bot/v1.4.5; http://www.majestic12.co.uk/bot.php?+)"
5.9.89.170 - - [01/Jun/2015:08:35:31 +0200] "GET /viewtopic.php?p=30770 HTTP/1.0" 200 34139 "-" "Mozilla/5.0 (compatible; MJ12bot/v1.4.5; http://www.majestic12.co.uk/bot.php?+)"
5.9.89.170 - - [01/Jun/2015:08:35:34 +0200] "GET /viewtopic.php?p=30779 HTTP/1.0" 200 38193 "-" "Mozilla/5.0 (compatible; MJ12bot/v1.4.5; http://www.majestic12.co.uk/bot.php?+)"
5.9.89.170 - - [01/Jun/2015:08:35:37 +0200] "GET /viewtopic.php?p=3078 HTTP/1.0" 200 25069 "-" "Mozilla/5.0 (compatible; MJ12bot/v1.4.5; http://www.majestic12.co.uk/bot.php?+)"
5.9.89.170 - - [01/Jun/2015:08:35:40 +0200] "GET /viewtopic.php?p=30782 HTTP/1.0" 200 38193 "-" "Mozilla/5.0 (compatible; MJ12bot/v1.4.5; http://www.majestic12.co.uk/bot.php?+)"
5.9.89.170 - - [01/Jun/2015:08:35:43 +0200] "GET /viewtopic.php?p=3079 HTTP/1.0" 200 25069 "-" "Mozilla/5.0 (compatible; MJ12bot/v1.4.5; http://www.majestic12.co.uk/bot.php?+)"
178.255.215.89 - - [01/Jun/2015:08:35:44 +0200] "GET /viewtopic.php?t=21422&p=151718 HTTP/1.1" 200 5083 "-" "Mozilla/5.0 (compatible; Exabot/3.0; +http://www.exabot.com/go/robot)"
5.9.89.170 - - [01/Jun/2015:08:35:46 +0200] "GET /viewtopic.php?p=3081 HTTP/1.0" 200 25069 "-" "Mozilla/5.0 (compatible; MJ12bot/v1.4.5; http://www.majestic12.co.uk/bot.php?+)"
5.9.89.170 - - [01/Jun/2015:08:35:49 +0200] "GET /viewtopic.php?p=30825 HTTP/1.0" 200 17311 "-" "Mozilla/5.0 (compatible; MJ12bot/v1.4.5; http://www.majestic12.co.uk/bot.php?+)"
5.9.89.170 - - [01/Jun/2015:08:35:52 +0200] "GET /viewtopic.php?p=30827 HTTP/1.0" 200 20713 "-" "Mozilla/5.0 (compatible; MJ12bot/v1.4.5; http://www.majestic12.co.uk/bot.php?+)"
5.9.89.170 - - [01/Jun/2015:08:35:55 +0200] "GET /viewtopic.php?p=30835 HTTP/1.0" 200 40328 "-" "Mozilla/5.0 (compatible; MJ12bot/v1.4.5; http://www.majestic12.co.uk/bot.php?+)"
5.9.89.170 - - [01/Jun/2015:08:35:58 +0200] "GET /viewtopic.php?p=30840 HTTP/1.0" 200 37391 "-" "Mozilla/5.0 (compatible; MJ12bot/v1.4.5; http://www.majestic12.co.uk/bot.php?+)"
5.9.89.170 - - [01/Jun/2015:08:36:01 +0200] "GET /viewtopic.php?p=30848 HTTP/1.0" 200 40328 "-" "Mozilla/5.0 (compatible; MJ12bot/v1.4.5; http://www.majestic12.co.uk/bot.php?+)"
5.9.89.170 - - [01/Jun/2015:08:36:04 +0200] "GET /viewtopic.php?p=30852 HTTP/1.0" 200 18322 "-" "Mozilla/5.0 (compatible; MJ12bot/v1.4.5; http://www.majestic12.co.uk/bot.php?+)"
5.9.89.170 - - [01/Jun/2015:08:36:09 +0200] "GET /viewtopic.php?p=30853 HTTP/1.0" 200 18322 "-" "Mozilla/5.0 (compatible; MJ12bot/v1.4.5; http://www.majestic12.co.uk/bot.php?+)"
5.9.89.170 - - [01/Jun/2015:08:36:12 +0200] "GET /viewtopic.php?p=30857 HTTP/1.0" 200 34139 "-" "Mozilla/5.0 (compatible; MJ12bot/v1.4.5; http://www.majestic12.co.uk/bot.php?+)"
66.249.67.105 - - [01/Jun/2015:08:36:13 +0200] "GET /viewtopic.php?t=9921&p=76494 HTTP/1.1" 200 6158 "-" "Mozilla/5.0 (compatible; Googlebot/2.1; +http://www.google.com/bot.html)"
66.249.67.105 - - [01/Jun/2015:08:36:14 +0200] "GET /viewtopic.php?f=25&t=34497&start=0 HTTP/1.1" 200 5063 "-" "Mozilla/5.0 (compatible; Googlebot/2.1; +http://www.google.com/bot.html)"
5.9.89.170 - - [01/Jun/2015:08:36:14 +0200] "GET /viewtopic.php?p=30860 HTTP/1.0" 200 16574 "-" "Mozilla/5.0 (compatible; MJ12bot/v1.4.5; http://www.majestic12.co.uk/bot.php?+)"
5.9.89.170 - - [01/Jun/2015:08:36:17 +0200] "GET /viewtopic.php?p=30864 HTTP/1.0" 200 40328 "-" "Mozilla/5.0 (compatible; MJ12bot/v1.4.5; http://www.majestic12.co.uk/bot.php?+)"
5.9.89.170 - - [01/Jun/2015:08:36:20 +0200] "GET /viewtopic.php?p=3087 HTTP/1.0" 200 20640 "-" "Mozilla/5.0 (compatible; MJ12bot/v1.4.5; http://www.majestic12.co.uk/bot.php?+)"
5.9.89.170 - - [01/Jun/2015:08:36:23 +0200] "GET /viewtopic.php?p=30889 HTTP/1.0" 200 20200 "-" "Mozilla/5.0 (compatible; MJ12bot/v1.4.5; http://www.majestic12.co.uk/bot.php?+)"
5.9.89.170 - - [01/Jun/2015:08:36:26 +0200] "GET /viewtopic.php?p=30894 HTTP/1.0" 200 20200 "-" "Mozilla/5.0 (compatible; MJ12bot/v1.4.5; http://www.majestic12.co.uk/bot.php?+)"
5.9.89.170 - - [01/Jun/2015:08:36:29 +0200] "GET /viewtopic.php?p=30902 HTTP/1.0" 200 20200 "-" "Mozilla/5.0 (compatible; MJ12bot/v1.4.5; http://www.majestic12.co.uk/bot.php?+)"
5.9.89.170 - - [01/Jun/2015:08:36:31 +0200] "GET /viewtopic.php?p=31003 HTTP/1.0" 200 28257 "-" "Mozilla/5.0 (compatible; MJ12bot/v1.4.5; http://www.majestic12.co.uk/bot.php?+)"
5.9.89.170 - - [01/Jun/2015:08:36:35 +0200] "GET /viewtopic.php?p=31005 HTTP/1.0" 200 28257 "-" "Mozilla/5.0 (compatible; MJ12bot/v1.4.5; http://www.majestic12.co.uk/bot.php?+)"
66.249.67.131 - - [01/Jun/2015:08:36:37 +0200] "GET /viewtopic.php?t=42124&p=265190 HTTP/1.1" 200 8352 "-" "Mozilla/5.0 (compatible; Googlebot/2.1; +http://www.google.com/bot.html)"
5.9.89.170 - - [01/Jun/2015:08:36:38 +0200] "GET /viewtopic.php?p=31008 HTTP/1.0" 200 28257 "-" "Mozilla/5.0 (compatible; MJ12bot/v1.4.5; http://www.majestic12.co.uk/bot.php?+)"
5.9.89.170 - - [01/Jun/2015:08:36:41 +0200] "GET /viewtopic.php?p=31090 HTTP/1.0" 200 37682 "-" "Mozilla/5.0 (compatible; MJ12bot/v1.4.5; http://www.majestic12.co.uk/bot.php?+)"
5.9.89.170 - - [01/Jun/2015:08:36:44 +0200] "GET /viewtopic.php?p=31091 HTTP/1.0" 200 37682 "-" "Mozilla/5.0 (compatible; MJ12bot/v1.4.5; http://www.majestic12.co.uk/bot.php?+)"
5.9.89.170 - - [01/Jun/2015:08:36:47 +0200] "GET /viewtopic.php?p=31092 HTTP/1.0" 200 37682 "-" "Mozilla/5.0 (compatible; MJ12bot/v1.4.5; http://www.majestic12.co.uk/bot.php?+)"
5.9.89.170 - - [01/Jun/2015:08:36:50 +0200] "GET /viewtopic.php?p=31219 HTTP/1.0" 200 33460 "-" "Mozilla/5.0 (compatible; MJ12bot/v1.4.5; http://www.majestic12.co.uk/bot.php?+)"
5.9.89.170 - - [01/Jun/2015:08:36:53 +0200] "GET /viewtopic.php?p=31225 HTTP/1.0" 200 33460 "-" "Mozilla/5.0 (compatible; MJ12bot/v1.4.5; http://www.majestic12.co.uk/bot.php?+)"
5.9.89.170 - - [01/Jun/2015:08:36:56 +0200] "GET /viewtopic.php?p=31227 HTTP/1.0" 200 33460 "-" "Mozilla/5.0 (compatible; MJ12bot/v1.4.5; http://www.majestic12.co.uk/bot.php?+)"
5.9.89.170 - - [01/Jun/2015:08:36:59 +0200] "GET /viewtopic.php?p=31259 HTTP/1.0" 200 35216 "-" "Mozilla/5.0 (compatible; MJ12bot/v1.4.5; http://www.majestic12.co.uk/bot.php?+)"
66.249.67.118 - - [01/Jun/2015:08:37:01 +0200] "GET /viewtopic.php?t=31641&postdays=0&postorder=asc&start=2 HTTP/1.1" 200 10411 "-" "Mozilla/5.0 (compatible; Googlebot/2.1; +http://www.google.com/bot.html)"
5.9.89.170 - - [01/Jun/2015:08:37:02 +0200] "GET /viewtopic.php?p=31272 HTTP/1.0" 200 35216 "-" "Mozilla/5.0 (compatible; MJ12bot/v1.4.5; http://www.majestic12.co.uk/bot.php?+)"
193.252.149.18 - - [01/Jun/2015:08:37:02 +0200] "GET /viewtopic.php?t=23190 HTTP/1.1" 200 6930 "-" "Mozilla/5.0 (compatible; OrangeBot/2.0; support.orangebot@orange.com)"
5.9.89.170 - - [01/Jun/2015:08:37:05 +0200] "GET /viewtopic.php?p=31275 HTTP/1.0" 200 35216 "-" "Mozilla/5.0 (compatible; MJ12bot/v1.4.5; http://www.majestic12.co.uk/bot.php?+)"
5.9.89.170 - - [01/Jun/2015:08:37:08 +0200] "GET /viewtopic.php?p=31291 HTTP/1.0" 200 41838 "-" "Mozilla/5.0 (compatible; MJ12bot/v1.4.5; http://www.majestic12.co.uk/bot.php?+)"
5.9.89.170 - - [01/Jun/2015:08:37:11 +0200] "GET /viewtopic.php?p=31386 HTTP/1.0" 200 40072 "-" "Mozilla/5.0 (compatible; MJ12bot/v1.4.5; http://www.majestic12.co.uk/bot.php?+)"
207.46.13.133 - - [01/Jun/2015:08:37:13 +0200] "GET /viewtopic.php?p=203469 HTTP/1.1" 200 10384 "-" "Mozilla/5.0 (compatible; bingbot/2.0; +http://www.bing.com/bingbot.htm)"
5.9.89.170 - - [01/Jun/2015:08:37:14 +0200] "GET /viewtopic.php?p=31388 HTTP/1.0" 200 40072 "-" "Mozilla/5.0 (compatible; MJ12bot/v1.4.5; http://www.majestic12.co.uk/bot.php?+)"
5.9.89.170 - - [01/Jun/2015:08:37:17 +0200] "GET /viewtopic.php?p=31389 HTTP/1.0" 200 40072 "-" "Mozilla/5.0 (compatible; MJ12bot/v1.4.5; http://www.majestic12.co.uk/bot.php?+)"
5.9.89.170 - - [01/Jun/2015:08:37:20 +0200] "GET /viewtopic.php?p=3143 HTTP/1.0" 200 33293 "-" "Mozilla/5.0 (compatible; MJ12bot/v1.4.5; http://www.majestic12.co.uk/bot.php?+)"
5.9.89.170 - - [01/Jun/2015:08:37:23 +0200] "GET /viewtopic.php?p=31449 HTTP/1.0" 200 39219 "-" "Mozilla/5.0 (compatible; MJ12bot/v1.4.5; http://www.majestic12.co.uk/bot.php?+)"
66.249.67.105 - - [01/Jun/2015:08:37:25 +0200] "GET /viewtopic.php?f=19&t=8819&hilit=php+ibay+script+autre&start=210 HTTP/1.1" 200 10171 "-" "Mozilla/5.0 (compatible; Googlebot/2.1; +http://www.google.com/bot.html)"
5.9.89.170 - - [01/Jun/2015:08:37:26 +0200] "GET /viewtopic.php?p=31453 HTTP/1.0" 200 39219 "-" "Mozilla/5.0 (compatible; MJ12bot/v1.4.5; http://www.majestic12.co.uk/bot.php?+)"
5.9.89.170 - - [01/Jun/2015:08:37:30 +0200] "GET /viewtopic.php?p=31468 HTTP/1.0" 200 39219 "-" "Mozilla/5.0 (compatible; MJ12bot/v1.4.5; http://www.majestic12.co.uk/bot.php?+)"
5.9.89.170 - - [01/Jun/2015:08:37:32 +0200] "GET /viewtopic.php?p=31481 HTTP/1.0" 200 31073 "-" "Mozilla/5.0 (compatible; MJ12bot/v1.4.5; http://www.majestic12.co.uk/bot.php?+)"
5.9.89.170 - - [01/Jun/2015:08:37:35 +0200] "GET /viewtopic.php?p=31482 HTTP/1.0" 200 31073 "-" "Mozilla/5.0 (compatible; MJ12bot/v1.4.5; http://www.majestic12.co.uk/bot.php?+)"
66.249.67.105 - - [01/Jun/2015:08:37:38 +0200] "GET /viewtopic.php?t=10432&p=80223 HTTP/1.1" 200 7619 "-" "Mozilla/5.0 (compatible; Googlebot/2.1; +http://www.google.com/bot.html)"
5.9.89.170 - - [01/Jun/2015:08:37:38 +0200] "GET /viewtopic.php?p=31490 HTTP/1.0" 200 31073 "-" "Mozilla/5.0 (compatible; MJ12bot/v1.4.5; http://www.majestic12.co.uk/bot.php?+)"
5.9.89.170 - - [01/Jun/2015:08:37:41 +0200] "GET /viewtopic.php?p=31542 HTTP/1.0" 200 41838 "-" "Mozilla/5.0 (compatible; MJ12bot/v1.4.5; http://www.majestic12.co.uk/bot.php?+)"
5.9.89.170 - - [01/Jun/2015:08:37:44 +0200] "GET /viewtopic.php?p=31548 HTTP/1.0" 200 41838 "-" "Mozilla/5.0 (compatible; MJ12bot/v1.4.5; http://www.majestic12.co.uk/bot.php?+)"
68.180.229.31 - - [01/Jun/2015:08:37:46 +0200] "GET /viewtopic.php?f=1&t=37080 HTTP/1.1" 200 5543 "-" "Mozilla/5.0 (compatible; Yahoo! Slurp; http://help.yahoo.com/help/us/ysearch/slurp)"
5.9.89.170 - - [01/Jun/2015:08:37:47 +0200] "GET /viewtopic.php?p=3160 HTTP/1.0" 200 21198 "-" "Mozilla/5.0 (compatible; MJ12bot/v1.4.5; http://www.majestic12.co.uk/bot.php?+)"
66.249.67.105 - - [01/Jun/2015:08:37:49 +0200] "GET /viewtopic.php?f=2&t=11317 HTTP/1.1" 200 6614 "-" "Mozilla/5.0 (compatible; Googlebot/2.1; +http://www.google.com/bot.html)"
5.9.89.170 - - [01/Jun/2015:08:37:50 +0200] "GET /viewtopic.php?p=31654 HTTP/1.0" 200 21559 "-" "Mozilla/5.0 (compatible; MJ12bot/v1.4.5; http://www.majestic12.co.uk/bot.php?+)"
5.9.89.170 - - [01/Jun/2015:08:37:53 +0200] "GET /viewtopic.php?p=31655 HTTP/1.0" 200 21559 "-" "Mozilla/5.0 (compatible; MJ12bot/v1.4.5; http://www.majestic12.co.uk/bot.php?+)"
5.9.89.170 - - [01/Jun/2015:08:37:56 +0200] "GET /viewtopic.php?p=31692 HTTP/1.0" 200 34908 "-" "Mozilla/5.0 (compatible; MJ12bot/v1.4.5; http://www.majestic12.co.uk/bot.php?+)"
5.9.89.170 - - [01/Jun/2015:08:38:00 +0200] "GET /viewtopic.php?p=3180 HTTP/1.0" 200 25951 "-" "Mozilla/5.0 (compatible; MJ12bot/v1.4.5; http://www.majestic12.co.uk/bot.php?+)"
5.9.89.170 - - [01/Jun/2015:08:38:02 +0200] "GET /viewtopic.php?p=3181 HTTP/1.0" 200 25951 "-" "Mozilla/5.0 (compatible; MJ12bot/v1.4.5; http://www.majestic12.co.uk/bot.php?+)"
5.9.89.170 - - [01/Jun/2015:08:38:05 +0200] "GET /viewtopic.php?p=31824 HTTP/1.0" 200 30944 "-" "Mozilla/5.0 (compatible; MJ12bot/v1.4.5; http://www.majestic12.co.uk/bot.php?+)"
5.9.89.170 - - [01/Jun/2015:08:38:08 +0200] "GET /viewtopic.php?p=31836 HTTP/1.0" 200 30944 "-" "Mozilla/5.0 (compatible; MJ12bot/v1.4.5; http://www.majestic12.co.uk/bot.php?+)"
5.9.89.170 - - [01/Jun/2015:08:38:11 +0200] "GET /viewtopic.php?p=31877 HTTP/1.0" 200 39277 "-" "Mozilla/5.0 (compatible; MJ12bot/v1.4.5; http://www.majestic12.co.uk/bot.php?+)"
66.249.67.118 - - [01/Jun/2015:08:38:13 +0200] "GET /viewtopic.php?f=10&t=6132&start=15 HTTP/1.1" 200 7334 "-" "Mozilla/5.0 (compatible; Googlebot/2.1; +http://www.google.com/bot.html)"
5.9.89.170 - - [01/Jun/2015:08:38:14 +0200] "GET /viewtopic.php?p=31879 HTTP/1.0" 200 39277 "-" "Mozilla/5.0 (compatible; MJ12bot/v1.4.5; http://www.majestic12.co.uk/bot.php?+)"
5.9.89.170 - - [01/Jun/2015:08:38:18 +0200] "GET /viewtopic.php?p=31880 HTTP/1.0" 200 39277 "-" "Mozilla/5.0 (compatible; MJ12bot/v1.4.5; http://www.majestic12.co.uk/bot.php?+)"
5.9.89.170 - - [01/Jun/2015:08:38:21 +0200] "GET /viewtopic.php?p=31904 HTTP/1.0" 200 35489 "-" "Mozilla/5.0 (compatible; MJ12bot/v1.4.5; http://www.majestic12.co.uk/bot.php?+)"
5.9.89.170 - - [01/Jun/2015:08:38:24 +0200] "GET /viewtopic.php?p=31910 HTTP/1.0" 200 35489 "-" "Mozilla/5.0 (compatible; MJ12bot/v1.4.5; http://www.majestic12.co.uk/bot.php?+)"
5.9.89.170 - - [01/Jun/2015:08:38:27 +0200] "GET /viewtopic.php?p=31911 HTTP/1.0" 200 35489 "-" "Mozilla/5.0 (compatible; MJ12bot/v1.4.5; http://www.majestic12.co.uk/bot.php?+)"
5.9.89.170 - - [01/Jun/2015:08:38:30 +0200] "GET /viewtopic.php?p=3193 HTTP/1.0" 200 26968 "-" "Mozilla/5.0 (compatible; MJ12bot/v1.4.5; http://www.majestic12.co.uk/bot.php?+)"
5.9.89.170 - - [01/Jun/2015:08:38:33 +0200] "GET /viewtopic.php?p=31931 HTTP/1.0" 200 36901 "-" "Mozilla/5.0 (compatible; MJ12bot/v1.4.5; http://www.majestic12.co.uk/bot.php?+)"
46.229.164.113 - - [01/Jun/2015:08:38:36 +0200] "GET /memberlist.php?g=14&mode=group&sid=0b2d2f85e15051b12bc84360d8ee6165 HTTP/1.1" 200 4409 "-" "Mozilla/5.0 (compatible; SemrushBot/0.98~bl; +http://www.semrush.com/bot.html)"
5.9.89.170 - - [01/Jun/2015:08:38:36 +0200] "GET /viewtopic.php?p=31932 HTTP/1.0" 200 36901 "-" "Mozilla/5.0 (compatible; MJ12bot/v1.4.5; http://www.majestic12.co.uk/bot.php?+)"
66.249.67.131 - - [01/Jun/2015:08:38:37 +0200] "GET /viewtopic.php?p=258984&sid=dd8002c89ab2ecb015ea32c2edaccb9d HTTP/1.1" 200 11791 "-" "Mozilla/5.0 (compatible; Googlebot/2.1; +http://www.google.com/bot.html)"
178.255.215.89 - - [01/Jun/2015:08:38:38 +0200] "GET /viewtopic.php?f=19&t=39794&start=0 HTTP/1.1" 200 8207 "-" "Mozilla/5.0 (compatible; Exabot/3.0; +http://www.exabot.com/go/robot)"
5.9.89.170 - - [01/Jun/2015:08:38:39 +0200] "GET /viewtopic.php?p=31933 HTTP/1.0" 200 36901 "-" "Mozilla/5.0 (compatible; MJ12bot/v1.4.5; http://www.majestic12.co.uk/bot.php?+)"
5.9.89.170 - - [01/Jun/2015:08:38:42 +0200] "GET /viewtopic.php?p=31985 HTTP/1.0" 200 48739 "-" "Mozilla/5.0 (compatible; MJ12bot/v1.4.5; http://www.majestic12.co.uk/bot.php?+)"
5.9.89.170 - - [01/Jun/2015:08:38:46 +0200] "GET /viewtopic.php?p=31988 HTTP/1.0" 200 48739 "-" "Mozilla/5.0 (compatible; MJ12bot/v1.4.5; http://www.majestic12.co.uk/bot.php?+)"
5.9.89.170 - - [01/Jun/2015:08:38:49 +0200] "GET /viewtopic.php?p=31990 HTTP/1.0" 200 48739 "-" "Mozilla/5.0 (compatible; MJ12bot/v1.4.5; http://www.majestic12.co.uk/bot.php?+)"
5.9.89.170 - - [01/Jun/2015:08:38:52 +0200] "GET /viewtopic.php?p=32030 HTTP/1.0" 200 26691 "-" "Mozilla/5.0 (compatible; MJ12bot/v1.4.5; http://www.majestic12.co.uk/bot.php?+)"
5.9.89.170 - - [01/Jun/2015:08:38:55 +0200] "GET /viewtopic.php?p=32032 HTTP/1.0" 200 26691 "-" "Mozilla/5.0 (compatible; MJ12bot/v1.4.5; http://www.majestic12.co.uk/bot.php?+)"
5.9.89.170 - - [01/Jun/2015:08:38:58 +0200] "GET /viewtopic.php?p=32037 HTTP/1.0" 200 26691 "-" "Mozilla/5.0 (compatible; MJ12bot/v1.4.5; http://www.majestic12.co.uk/bot.php?+)"
207.46.13.133 - - [01/Jun/2015:08:38:59 +0200] "GET /viewtopic.php?p=264358 HTTP/1.1" 200 10284 "-" "Mozilla/5.0 (compatible; bingbot/2.0; +http://www.bing.com/bingbot.htm)"
5.9.89.170 - - [01/Jun/2015:08:39:01 +0200] "GET /viewtopic.php?p=32039 HTTP/1.0" 200 34371 "-" "Mozilla/5.0 (compatible; MJ12bot/v1.4.5; http://www.majestic12.co.uk/bot.php?+)"
66.249.67.105 - - [01/Jun/2015:08:39:01 +0200] "GET /feed.php?f=23&t=4679 HTTP/1.1" 200 3272 "-" "Mozilla/5.0 (compatible; Googlebot/2.1; +http://www.google.com/bot.html)"
66.249.67.105 - - [01/Jun/2015:08:39:02 +0200] "GET /viewtopic.php?p=15731&sid=689313392fd375fd9d3eec0d56759453 HTTP/1.1" 200 5855 "-" "Mozilla/5.0 (compatible; Googlebot/2.1; +http://www.google.com/bot.html)"
178.255.215.89 - - [01/Jun/2015:08:39:04 +0200] "GET /viewtopic.php?f=26&t=27984&start=0 HTTP/1.1" 200 5140 "-" "Mozilla/5.0 (compatible; Exabot/3.0; +http://www.exabot.com/go/robot)"
5.9.89.170 - - [01/Jun/2015:08:39:04 +0200] "GET /viewtopic.php?p=32040 HTTP/1.0" 200 34371 "-" "Mozilla/5.0 (compatible; MJ12bot/v1.4.5; http://www.majestic12.co.uk/bot.php?+)"
5.9.89.170 - - [01/Jun/2015:08:39:07 +0200] "GET /viewtopic.php?p=32044 HTTP/1.0" 200 34371 "-" "Mozilla/5.0 (compatible; MJ12bot/v1.4.5; http://www.majestic12.co.uk/bot.php?+)"
5.9.89.170 - - [01/Jun/2015:08:39:10 +0200] "GET /viewtopic.php?p=3210 HTTP/1.0" 200 26968 "-" "Mozilla/5.0 (compatible; MJ12bot/v1.4.5; http://www.majestic12.co.uk/bot.php?+)"
5.9.89.170 - - [01/Jun/2015:08:39:13 +0200] "GET /viewtopic.php?p=32115 HTTP/1.0" 200 26669 "-" "Mozilla/5.0 (compatible; MJ12bot/v1.4.5; http://www.majestic12.co.uk/bot.php?+)"
5.9.89.170 - - [01/Jun/2015:08:39:16 +0200] "GET /viewtopic.php?p=32120 HTTP/1.0" 200 26669 "-" "Mozilla/5.0 (compatible; MJ12bot/v1.4.5; http://www.majestic12.co.uk/bot.php?+)"
5.9.89.170 - - [01/Jun/2015:08:39:19 +0200] "GET /viewtopic.php?p=32121 HTTP/1.0" 200 26669 "-" "Mozilla/5.0 (compatible; MJ12bot/v1.4.5; http://www.majestic12.co.uk/bot.php?+)"
178.255.215.89 - - [01/Jun/2015:08:39:21 +0200] "GET /viewtopic.php?f=27&t=40643&start=1 HTTP/1.1" 200 6635 "-" "Mozilla/5.0 (compatible; Exabot/3.0; +http://www.exabot.com/go/robot)"
5.9.89.170 - - [01/Jun/2015:08:39:22 +0200] "GET /viewtopic.php?p=3213 HTTP/1.0" 200 26968 "-" "Mozilla/5.0 (compatible; MJ12bot/v1.4.5; http://www.majestic12.co.uk/bot.php?+)"
5.9.89.170 - - [01/Jun/2015:08:39:25 +0200] "GET /viewtopic.php?p=32166 HTTP/1.0" 200 37457 "-" "Mozilla/5.0 (compatible; MJ12bot/v1.4.5; http://www.majestic12.co.uk/bot.php?+)"
66.249.67.105 - - [01/Jun/2015:08:39:25 +0200] "GET /style.php?id=1&lang=fr&sid=6bc7e60885c7780a036e378d068d4bb9 HTTP/1.1" 200 13943 "-" "Mozilla/5.0 (compatible; Googlebot/2.1; +http://www.google.com/bot.html)"
66.249.67.118 - - [01/Jun/2015:08:39:26 +0200] "GET /viewtopic.php?f=6&t=22480 HTTP/1.1" 200 6499 "-" "Mozilla/5.0 (compatible; Googlebot/2.1; +http://www.google.com/bot.html)"
5.9.89.170 - - [01/Jun/2015:08:39:28 +0200] "GET /viewtopic.php?p=32256 HTTP/1.0" 200 27544 "-" "Mozilla/5.0 (compatible; MJ12bot/v1.4.5; http://www.majestic12.co.uk/bot.php?+)"
207.46.13.133 - - [01/Jun/2015:08:39:29 +0200] "GET /viewtopic.php?p=271336 HTTP/1.1" 200 11331 "-" "Mozilla/5.0 (compatible; bingbot/2.0; +http://www.bing.com/bingbot.htm)"
5.9.89.170 - - [01/Jun/2015:08:39:31 +0200] "GET /viewtopic.php?p=32259 HTTP/1.0" 200 27544 "-" "Mozilla/5.0 (compatible; MJ12bot/v1.4.5; http://www.majestic12.co.uk/bot.php?+)"
5.9.89.170 - - [01/Jun/2015:08:39:34 +0200] "GET /viewtopic.php?p=32261 HTTP/1.0" 200 27544 "-" "Mozilla/5.0 (compatible; MJ12bot/v1.4.5; http://www.majestic12.co.uk/bot.php?+)"
5.9.89.170 - - [01/Jun/2015:08:39:36 +0200] "GET /viewtopic.php?p=32362 HTTP/1.0" 200 34305 "-" "Mozilla/5.0 (compatible; MJ12bot/v1.4.5; http://www.majestic12.co.uk/bot.php?+)"
5.9.89.170 - - [01/Jun/2015:08:39:39 +0200] "GET /viewtopic.php?p=3237 HTTP/1.0" 200 35552 "-" "Mozilla/5.0 (compatible; MJ12bot/v1.4.5; http://www.majestic12.co.uk/bot.php?+)"
178.255.215.89 - - [01/Jun/2015:08:39:42 +0200] "GET /viewtopic.php?t=13070&p=97305 HTTP/1.1" 200 9749 "-" "Mozilla/5.0 (compatible; Exabot/3.0; +http://www.exabot.com/go/robot)"
5.9.89.170 - - [01/Jun/2015:08:39:42 +0200] "GET /viewtopic.php?p=32373 HTTP/1.0" 200 36839 "-" "Mozilla/5.0 (compatible; MJ12bot/v1.4.5; http://www.majestic12.co.uk/bot.php?+)"
5.9.89.170 - - [01/Jun/2015:08:39:45 +0200] "GET /viewtopic.php?p=3238 HTTP/1.0" 200 35552 "-" "Mozilla/5.0 (compatible; MJ12bot/v1.4.5; http://www.majestic12.co.uk/bot.php?+)"
178.255.215.89 - - [01/Jun/2015:08:39:48 +0200] "GET /viewtopic.php?t=36071&p=227608 HTTP/1.1" 200 5460 "-" "Mozilla/5.0 (compatible; Exabot/3.0; +http://www.exabot.com/go/robot)"
5.9.89.170 - - [01/Jun/2015:08:39:48 +0200] "GET /viewtopic.php?p=3239 HTTP/1.0" 200 35552 "-" "Mozilla/5.0 (compatible; MJ12bot/v1.4.5; http://www.majestic12.co.uk/bot.php?+)"
66.249.67.105 - - [01/Jun/2015:08:39:50 +0200] "GET /viewtopic.php?p=260505 HTTP/1.1" 200 8920 "-" "Mozilla/5.0 (compatible; Googlebot/2.1; +http://www.google.com/bot.html)"
5.9.89.170 - - [01/Jun/2015:08:39:51 +0200] "GET /viewtopic.php?p=32396 HTTP/1.0" 200 34305 "-" "Mozilla/5.0 (compatible; MJ12bot/v1.4.5; http://www.majestic12.co.uk/bot.php?+)"
5.9.89.170 - - [01/Jun/2015:08:39:54 +0200] "GET /viewtopic.php?p=32397 HTTP/1.0" 200 40921 "-" "Mozilla/5.0 (compatible; MJ12bot/v1.4.5; http://www.majestic12.co.uk/bot.php?+)"
68.180.229.31 - - [01/Jun/2015:08:39:55 +0200] "GET /viewtopic.php?f=1&t=3899 HTTP/1.1" 200 7478 "-" "Mozilla/5.0 (compatible; Yahoo! Slurp; http://help.yahoo.com/help/us/ysearch/slurp)"
5.9.89.170 - - [01/Jun/2015:08:39:57 +0200] "GET /viewtopic.php?p=32400 HTTP/1.0" 200 36839 "-" "Mozilla/5.0 (compatible; MJ12bot/v1.4.5; http://www.majestic12.co.uk/bot.php?+)"
5.9.89.170 - - [01/Jun/2015:08:39:59 +0200] "GET /viewtopic.php?p=32407 HTTP/1.0" 200 34305 "-" "Mozilla/5.0 (compatible; MJ12bot/v1.4.5; http://www.majestic12.co.uk/bot.php?+)"
5.9.89.170 - - [01/Jun/2015:08:40:02 +0200] "GET /viewtopic.php?p=32437 HTTP/1.0" 200 36839 "-" "Mozilla/5.0 (compatible; MJ12bot/v1.4.5; http://www.majestic12.co.uk/bot.php?+)"
5.9.89.170 - - [01/Jun/2015:08:40:05 +0200] "GET /viewtopic.php?p=32466 HTTP/1.0" 200 36411 "-" "Mozilla/5.0 (compatible; MJ12bot/v1.4.5; http://www.majestic12.co.uk/bot.php?+)"
5.9.89.170 - - [01/Jun/2015:08:40:08 +0200] "GET /viewtopic.php?p=32467 HTTP/1.0" 200 36411 "-" "Mozilla/5.0 (compatible; MJ12bot/v1.4.5; http://www.majestic12.co.uk/bot.php?+)"
