5.9.87.98 - - [01/Jun/2015:07:26:54 +0200] "GET /viewtopic.php?t=26257&p=179323 HTTP/1.0" 200 5185 "-" "Mozilla/5.0 (compatible; MJ12bot/v1.4.5; http://www.majestic12.co.uk/bot.php?+)"
88.198.16.153 - - [01/Jun/2015:07:26:54 +0200] "GET /viewtopic.php?t=2612&p=16117 HTTP/1.0" 200 5362 "-" "Mozilla/5.0 (compatible; MJ12bot/v1.4.5; http://www.majestic12.co.uk/bot.php?+)"
46.229.164.102 - - [01/Jun/2015:07:26:55 +0200] "GET /memberlist.php?g=14&mode=group&sid=757d8e9cf581b3fd28bf2bbaef46752d HTTP/1.1" 200 4408 "-" "Mozilla/5.0 (compatible; SemrushBot/0.98~bl; +http://www.semrush.com/bot.html)"
5.9.87.98 - - [01/Jun/2015:07:26:56 +0200] "GET /viewtopic.php?t=26258&p=179188 HTTP/1.0" 200 6518 "-" "Mozilla/5.0 (compatible; MJ12bot/v1.4.5; http://www.majestic12.co.uk/bot.php?+)"
88.198.16.153 - - [01/Jun/2015:07:26:56 +0200] "GET /viewtopic.php?t=26120&p=178324 HTTP/1.0" 200 6248 "-" "Mozilla/5.0 (compatible; MJ12bot/v1.4.5; http://www.majestic12.co.uk/bot.php?+)"
88.198.16.153 - - [01/Jun/2015:07:26:58 +0200] "GET /viewtopic.php?t=26120&p=178331 HTTP/1.0" 200 6248 "-" "Mozilla/5.0 (compatible; MJ12bot/v1.4.5; http://www.majestic12.co.uk/bot.php?+)"
5.9.87.98 - - [01/Jun/2015:07:26:58 +0200] "GET /viewtopic.php?t=26258&p=179253 HTTP/1.0" 200 6516 "-" "Mozilla/5.0 (compatible; MJ12bot/v1.4.5; http://www.majestic12.co.uk/bot.php?+)"
5.9.87.98 - - [01/Jun/2015:07:26:59 +0200] "GET /viewtopic.php?t=26258&p=179334 HTTP/1.0" 200 6516 "-" "Mozilla/5.0 (compatible; MJ12bot/v1.4.5; http://www.majestic12.co.uk/bot.php?+)"
88.198.16.153 - - [01/Jun/2015:07:27:00 +0200] "GET /viewtopic.php?t=26120&p=178372 HTTP/1.0" 200 6250 "-" "Mozilla/5.0 (compatible; MJ12bot/v1.4.5; http://www.majestic12.co.uk/bot.php?+)"
5.9.87.98 - - [01/Jun/2015:07:27:01 +0200] "GET /viewtopic.php?t=26258&p=179337 HTTP/1.0" 200 6519 "-" "Mozilla/5.0 (compatible; MJ12bot/v1.4.5; http://www.majestic12.co.uk/bot.php?+)"
88.198.16.153 - - [01/Jun/2015:07:27:01 +0200] "GET /viewtopic.php?t=26120&p=178399 HTTP/1.0" 200 6250 "-" "Mozilla/5.0 (compatible; MJ12bot/v1.4.5; http://www.majestic12.co.uk/bot.php?+)"
5.9.87.98 - - [01/Jun/2015:07:27:03 +0200] "GET /viewtopic.php?t=26270 HTTP/1.0" 200 7437 "-" "Mozilla/5.0 (compatible; MJ12bot/v1.4.5; http://www.majestic12.co.uk/bot.php?+)"
217.26.52.55 - - [01/Jun/2015:07:27:04 +0200] "GET /old/wp-admin/ HTTP/1.1" 404 523 "-" "-"
88.198.16.153 - - [01/Jun/2015:07:27:04 +0200] "GET /viewtopic.php?t=26120&p=178403 HTTP/1.0" 200 6249 "-" "Mozilla/5.0 (compatible; MJ12bot/v1.4.5; http://www.majestic12.co.uk/bot.php?+)"
5.9.87.98 - - [01/Jun/2015:07:27:05 +0200] "GET /viewtopic.php?t=26272&p=179251 HTTP/1.0" 200 4741 "-" "Mozilla/5.0 (compatible; MJ12bot/v1.4.5; http://www.majestic12.co.uk/bot.php?+)"
5.9.87.98 - - [01/Jun/2015:07:27:06 +0200] "GET /viewtopic.php?t=26277&p=179290 HTTP/1.0" 200 6435 "-" "Mozilla/5.0 (compatible; MJ12bot/v1.4.5; http://www.majestic12.co.uk/bot.php?+)"
88.198.16.153 - - [01/Jun/2015:07:27:08 +0200] "GET /viewtopic.php?t=26120&p=178720 HTTP/1.0" 200 6249 "-" "Mozilla/5.0 (compatible; MJ12bot/v1.4.5; http://www.majestic12.co.uk/bot.php?+)"
5.9.87.98 - - [01/Jun/2015:07:27:08 +0200] "GET /viewtopic.php?t=26277&p=179297 HTTP/1.0" 200 6432 "-" "Mozilla/5.0 (compatible; MJ12bot/v1.4.5; http://www.majestic12.co.uk/bot.php?+)"
88.198.16.153 - - [01/Jun/2015:07:27:10 +0200] "GET /viewtopic.php?t=26120&p=178904 HTTP/1.0" 200 6251 "-" "Mozilla/5.0 (compatible; MJ12bot/v1.4.5; http://www.majestic12.co.uk/bot.php?+)"
5.9.87.98 - - [01/Jun/2015:07:27:11 +0200] "GET /viewtopic.php?t=26277&p=179423 HTTP/1.0" 200 6434 "-" "Mozilla/5.0 (compatible; MJ12bot/v1.4.5; http://www.majestic12.co.uk/bot.php?+)"
66.249.67.131 - - [01/Jun/2015:07:27:11 +0200] "GET /viewtopic.php?t=6858&p=52935 HTTP/1.1" 200 7020 "-" "Mozilla/5.0 (compatible; Googlebot/2.1; +http://www.google.com/bot.html)"
88.198.16.153 - - [01/Jun/2015:07:27:12 +0200] "GET /viewtopic.php?t=26156&p=178519 HTTP/1.0" 200 6971 "-" "Mozilla/5.0 (compatible; MJ12bot/v1.4.5; http://www.majestic12.co.uk/bot.php?+)"
5.9.87.98 - - [01/Jun/2015:07:27:13 +0200] "GET /viewtopic.php?t=26277&p=179441 HTTP/1.0" 200 6433 "-" "Mozilla/5.0 (compatible; MJ12bot/v1.4.5; http://www.majestic12.co.uk/bot.php?+)"
88.198.16.153 - - [01/Jun/2015:07:27:15 +0200] "GET /viewtopic.php?t=26156&p=178569 HTTP/1.0" 200 6971 "-" "Mozilla/5.0 (compatible; MJ12bot/v1.4.5; http://www.majestic12.co.uk/bot.php?+)"
88.198.16.153 - - [01/Jun/2015:07:27:17 +0200] "GET /viewtopic.php?t=26156&p=178573 HTTP/1.0" 200 6971 "-" "Mozilla/5.0 (compatible; MJ12bot/v1.4.5; http://www.majestic12.co.uk/bot.php?+)"
66.249.67.131 - - [01/Jun/2015:07:27:17 +0200] "GET /viewtopic.php?f=1&t=6188 HTTP/1.1" 200 11676 "-" "Mozilla/5.0 (compatible; Googlebot/2.1; +http://www.google.com/bot.html)"
5.9.87.98 - - [01/Jun/2015:07:27:18 +0200] "GET /viewtopic.php?t=26277&p=179454 HTTP/1.0" 200 6434 "-" "Mozilla/5.0 (compatible; MJ12bot/v1.4.5; http://www.majestic12.co.uk/bot.php?+)"
88.198.16.153 - - [01/Jun/2015:07:27:18 +0200] "GET /viewtopic.php?t=26156&p=178575 HTTP/1.0" 200 6973 "-" "Mozilla/5.0 (compatible; MJ12bot/v1.4.5; http://www.majestic12.co.uk/bot.php?+)"
5.9.87.98 - - [01/Jun/2015:07:27:20 +0200] "GET /viewtopic.php?t=26287&p=179367 HTTP/1.0" 200 6769 "-" "Mozilla/5.0 (compatible; MJ12bot/v1.4.5; http://www.majestic12.co.uk/bot.php?+)"
88.198.16.153 - - [01/Jun/2015:07:27:21 +0200] "GET /viewtopic.php?t=26156&p=178658 HTTP/1.0" 200 6971 "-" "Mozilla/5.0 (compatible; MJ12bot/v1.4.5; http://www.majestic12.co.uk/bot.php?+)"
5.9.87.98 - - [01/Jun/2015:07:27:22 +0200] "GET /viewtopic.php?t=26287&p=179756 HTTP/1.0" 200 6768 "-" "Mozilla/5.0 (compatible; MJ12bot/v1.4.5; http://www.majestic12.co.uk/bot.php?+)"
88.198.16.153 - - [01/Jun/2015:07:27:23 +0200] "GET /viewtopic.php?t=27697&p=187467 HTTP/1.0" 200 7507 "-" "Mozilla/5.0 (compatible; MJ12bot/v1.4.5; http://www.majestic12.co.uk/bot.php?+)"
5.9.87.98 - - [01/Jun/2015:07:27:24 +0200] "GET /viewtopic.php?t=26287&p=180058 HTTP/1.0" 200 6769 "-" "Mozilla/5.0 (compatible; MJ12bot/v1.4.5; http://www.majestic12.co.uk/bot.php?+)"
66.249.67.118 - - [01/Jun/2015:07:27:24 +0200] "GET /viewtopic.php?t=4305&p=30240 HTTP/1.1" 200 7526 "-" "Mozilla/5.0 (compatible; Googlebot/2.1; +http://www.google.com/bot.html)"
88.198.16.153 - - [01/Jun/2015:07:27:25 +0200] "GET /viewtopic.php?t=29546&p=198207 HTTP/1.0" 200 7353 "-" "Mozilla/5.0 (compatible; MJ12bot/v1.4.5; http://www.majestic12.co.uk/bot.php?+)"
5.9.87.98 - - [01/Jun/2015:07:27:25 +0200] "GET /viewtopic.php?t=26287&p=180201 HTTP/1.0" 200 6769 "-" "Mozilla/5.0 (compatible; MJ12bot/v1.4.5; http://www.majestic12.co.uk/bot.php?+)"
5.9.87.98 - - [01/Jun/2015:07:27:28 +0200] "GET /viewtopic.php?t=26358&p=180307 HTTP/1.0" 200 7061 "-" "Mozilla/5.0 (compatible; MJ12bot/v1.4.5; http://www.majestic12.co.uk/bot.php?+)"
5.9.87.98 - - [01/Jun/2015:07:27:30 +0200] "GET /viewtopic.php?t=26377&p=179929 HTTP/1.0" 200 5787 "-" "Mozilla/5.0 (compatible; MJ12bot/v1.4.5; http://www.majestic12.co.uk/bot.php?+)"
88.198.16.153 - - [01/Jun/2015:07:27:31 +0200] "GET /viewtopic.php?t=29546&p=198210 HTTP/1.0" 200 7354 "-" "Mozilla/5.0 (compatible; MJ12bot/v1.4.5; http://www.majestic12.co.uk/bot.php?+)"
5.9.87.98 - - [01/Jun/2015:07:27:31 +0200] "GET /viewtopic.php?t=26377&p=179966 HTTP/1.0" 200 5789 "-" "Mozilla/5.0 (compatible; MJ12bot/v1.4.5; http://www.majestic12.co.uk/bot.php?+)"
5.9.87.98 - - [01/Jun/2015:07:27:33 +0200] "GET /viewtopic.php?t=26377&p=180221 HTTP/1.0" 200 5789 "-" "Mozilla/5.0 (compatible; MJ12bot/v1.4.5; http://www.majestic12.co.uk/bot.php?+)"
88.198.16.153 - - [01/Jun/2015:07:27:33 +0200] "GET /viewtopic.php?t=29546&p=198220 HTTP/1.0" 200 7351 "-" "Mozilla/5.0 (compatible; MJ12bot/v1.4.5; http://www.majestic12.co.uk/bot.php?+)"
5.9.87.98 - - [01/Jun/2015:07:27:35 +0200] "GET /viewtopic.php?t=26456&p=180433 HTTP/1.0" 200 5237 "-" "Mozilla/5.0 (compatible; MJ12bot/v1.4.5; http://www.majestic12.co.uk/bot.php?+)"
66.249.67.105 - - [01/Jun/2015:07:27:35 +0200] "GET /viewtopic.php?t=20175&p=144585 HTTP/1.1" 200 6160 "-" "Mozilla/5.0 (compatible; Googlebot/2.1; +http://www.google.com/bot.html)"
88.198.16.153 - - [01/Jun/2015:07:27:35 +0200] "GET /viewtopic.php?t=29546&p=198227 HTTP/1.0" 200 7353 "-" "Mozilla/5.0 (compatible; MJ12bot/v1.4.5; http://www.majestic12.co.uk/bot.php?+)"
5.9.87.98 - - [01/Jun/2015:07:27:37 +0200] "GET /viewtopic.php?t=26456&p=181817 HTTP/1.0" 200 5236 "-" "Mozilla/5.0 (compatible; MJ12bot/v1.4.5; http://www.majestic12.co.uk/bot.php?+)"
88.198.16.153 - - [01/Jun/2015:07:27:37 +0200] "GET /viewtopic.php?t=29546&p=198231 HTTP/1.0" 200 7353 "-" "Mozilla/5.0 (compatible; MJ12bot/v1.4.5; http://www.majestic12.co.uk/bot.php?+)"
5.9.87.98 - - [01/Jun/2015:07:27:39 +0200] "GET /viewtopic.php?t=26592& HTTP/1.0" 200 7192 "-" "Mozilla/5.0 (compatible; MJ12bot/v1.4.5; http://www.majestic12.co.uk/bot.php?+)"
88.198.16.153 - - [01/Jun/2015:07:27:40 +0200] "GET /viewtopic.php?t=29546&p=198238 HTTP/1.0" 200 7353 "-" "Mozilla/5.0 (compatible; MJ12bot/v1.4.5; http://www.majestic12.co.uk/bot.php?+)"
5.9.87.98 - - [01/Jun/2015:07:27:41 +0200] "GET /viewtopic.php?t=26599&p=181381 HTTP/1.0" 200 4648 "-" "Mozilla/5.0 (compatible; MJ12bot/v1.4.5; http://www.majestic12.co.uk/bot.php?+)"
88.198.16.153 - - [01/Jun/2015:07:27:42 +0200] "GET /viewtopic.php?t=29546&p=198239 HTTP/1.0" 200 7352 "-" "Mozilla/5.0 (compatible; MJ12bot/v1.4.5; http://www.majestic12.co.uk/bot.php?+)"
5.9.87.98 - - [01/Jun/2015:07:27:43 +0200] "GET /viewtopic.php?t=26602&highlight=gpedit%20msc HTTP/1.0" 200 6173 "-" "Mozilla/5.0 (compatible; MJ12bot/v1.4.5; http://www.majestic12.co.uk/bot.php?+)"
5.9.87.98 - - [01/Jun/2015:07:27:44 +0200] "GET /viewtopic.php?t=2666&p=15580 HTTP/1.0" 200 7571 "-" "Mozilla/5.0 (compatible; MJ12bot/v1.4.5; http://www.majestic12.co.uk/bot.php?+)"
88.198.16.153 - - [01/Jun/2015:07:27:44 +0200] "GET /viewtopic.php?t=29551&p=198256 HTTP/1.0" 200 7558 "-" "Mozilla/5.0 (compatible; MJ12bot/v1.4.5; http://www.majestic12.co.uk/bot.php?+)"
5.9.87.98 - - [01/Jun/2015:07:27:46 +0200] "GET /viewtopic.php?t=2666&p=15585 HTTP/1.0" 200 7572 "-" "Mozilla/5.0 (compatible; MJ12bot/v1.4.5; http://www.majestic12.co.uk/bot.php?+)"
88.198.16.153 - - [01/Jun/2015:07:27:47 +0200] "GET /viewtopic.php?t=29551&p=198266 HTTP/1.0" 200 7559 "-" "Mozilla/5.0 (compatible; MJ12bot/v1.4.5; http://www.majestic12.co.uk/bot.php?+)"
5.9.87.98 - - [01/Jun/2015:07:27:48 +0200] "GET /viewtopic.php?t=2666&p=15586 HTTP/1.0" 200 7572 "-" "Mozilla/5.0 (compatible; MJ12bot/v1.4.5; http://www.majestic12.co.uk/bot.php?+)"
88.198.16.153 - - [01/Jun/2015:07:27:48 +0200] "GET /viewtopic.php?t=29551&p=198267 HTTP/1.0" 200 7558 "-" "Mozilla/5.0 (compatible; MJ12bot/v1.4.5; http://www.majestic12.co.uk/bot.php?+)"
5.9.87.98 - - [01/Jun/2015:07:27:52 +0200] "GET /viewtopic.php?t=2666&p=15587 HTTP/1.0" 200 7569 "-" "Mozilla/5.0 (compatible; MJ12bot/v1.4.5; http://www.majestic12.co.uk/bot.php?+)"
5.9.87.98 - - [01/Jun/2015:07:27:54 +0200] "GET /viewtopic.php?t=2666&p=15600 HTTP/1.0" 200 7569 "-" "Mozilla/5.0 (compatible; MJ12bot/v1.4.5; http://www.majestic12.co.uk/bot.php?+)"
94.228.34.203 - - [01/Jun/2015:07:27:55 +0200] "GET /robots.txt HTTP/1.1" 404 556 "-" "robots"
94.228.34.203 - - [01/Jun/2015:07:27:55 +0200] "GET /robots.txt HTTP/1.1" 404 556 "-" "robots"
94.228.34.203 - - [01/Jun/2015:07:27:55 +0200] "GET /viewforum.php?f=9 HTTP/1.1" 200 11691 "-" "magpie-crawler/1.1 (U; Linux amd64; en-GB; +http://www.brandwatch.net)"
5.9.87.98 - - [01/Jun/2015:07:27:57 +0200] "GET /viewtopic.php?t=2666&p=15606 HTTP/1.0" 200 7566 "-" "Mozilla/5.0 (compatible; MJ12bot/v1.4.5; http://www.majestic12.co.uk/bot.php?+)"
88.198.16.153 - - [01/Jun/2015:07:27:58 +0200] "GET /viewtopic.php?t=29551&p=198268 HTTP/1.0" 200 7558 "-" "Mozilla/5.0 (compatible; MJ12bot/v1.4.5; http://www.majestic12.co.uk/bot.php?+)"
5.9.87.98 - - [01/Jun/2015:07:27:59 +0200] "GET /viewtopic.php?t=2666&p=15615 HTTP/1.0" 200 7567 "-" "Mozilla/5.0 (compatible; MJ12bot/v1.4.5; http://www.majestic12.co.uk/bot.php?+)"
66.249.67.131 - - [01/Jun/2015:07:27:59 +0200] "GET /viewtopic.php?t=35243&p=227047 HTTP/1.1" 200 7278 "-" "Mozilla/5.0 (compatible; Googlebot/2.1; +http://www.google.com/bot.html)"
5.9.87.98 - - [01/Jun/2015:07:28:01 +0200] "GET /viewtopic.php?t=2666&p=15632 HTTP/1.0" 200 7567 "-" "Mozilla/5.0 (compatible; MJ12bot/v1.4.5; http://www.majestic12.co.uk/bot.php?+)"
88.198.16.153 - - [01/Jun/2015:07:28:02 +0200] "GET /viewtopic.php?t=29551&p=198280 HTTP/1.0" 200 7559 "-" "Mozilla/5.0 (compatible; MJ12bot/v1.4.5; http://www.majestic12.co.uk/bot.php?+)"
5.9.87.98 - - [01/Jun/2015:07:28:03 +0200] "GET /viewtopic.php?t=2666&p=15643 HTTP/1.0" 200 7567 "-" "Mozilla/5.0 (compatible; MJ12bot/v1.4.5; http://www.majestic12.co.uk/bot.php?+)"
88.198.16.153 - - [01/Jun/2015:07:28:04 +0200] "GET /viewtopic.php?t=29551&p=198284 HTTP/1.0" 200 7560 "-" "Mozilla/5.0 (compatible; MJ12bot/v1.4.5; http://www.majestic12.co.uk/bot.php?+)"
5.9.87.98 - - [01/Jun/2015:07:28:05 +0200] "GET /viewtopic.php?t=2666&p=15657 HTTP/1.0" 200 7568 "-" "Mozilla/5.0 (compatible; MJ12bot/v1.4.5; http://www.majestic12.co.uk/bot.php?+)"
5.9.87.98 - - [01/Jun/2015:07:28:06 +0200] "GET /viewtopic.php?t=2666&p=15659 HTTP/1.0" 200 7568 "-" "Mozilla/5.0 (compatible; MJ12bot/v1.4.5; http://www.majestic12.co.uk/bot.php?+)"
88.198.16.153 - - [01/Jun/2015:07:28:07 +0200] "GET /viewtopic.php?t=29551&p=198379 HTTP/1.0" 200 7557 "-" "Mozilla/5.0 (compatible; MJ12bot/v1.4.5; http://www.majestic12.co.uk/bot.php?+)"
5.9.87.98 - - [01/Jun/2015:07:28:08 +0200] "GET /viewtopic.php?t=2666&p=15660 HTTP/1.0" 200 7569 "-" "Mozilla/5.0 (compatible; MJ12bot/v1.4.5; http://www.majestic12.co.uk/bot.php?+)"
5.9.87.98 - - [01/Jun/2015:07:28:10 +0200] "GET /viewtopic.php?t=2666&p=15663 HTTP/1.0" 200 5288 "-" "Mozilla/5.0 (compatible; MJ12bot/v1.4.5; http://www.majestic12.co.uk/bot.php?+)"
5.9.87.98 - - [01/Jun/2015:07:28:12 +0200] "GET /viewtopic.php?t=2666&p=15664 HTTP/1.0" 200 5288 "-" "Mozilla/5.0 (compatible; MJ12bot/v1.4.5; http://www.majestic12.co.uk/bot.php?+)"
88.198.16.153 - - [01/Jun/2015:07:28:12 +0200] "GET /viewtopic.php?t=29574&p=198399 HTTP/1.0" 200 4778 "-" "Mozilla/5.0 (compatible; MJ12bot/v1.4.5; http://www.majestic12.co.uk/bot.php?+)"
5.9.87.98 - - [01/Jun/2015:07:28:13 +0200] "GET /viewtopic.php?t=2666&p=15678 HTTP/1.0" 200 5287 "-" "Mozilla/5.0 (compatible; MJ12bot/v1.4.5; http://www.majestic12.co.uk/bot.php?+)"
88.198.16.153 - - [01/Jun/2015:07:28:15 +0200] "GET /viewtopic.php?t=29575&p=198402 HTTP/1.0" 200 5124 "-" "Mozilla/5.0 (compatible; MJ12bot/v1.4.5; http://www.majestic12.co.uk/bot.php?+)"
5.9.87.98 - - [01/Jun/2015:07:28:15 +0200] "GET /viewtopic.php?t=26669&p=181695 HTTP/1.0" 200 7374 "-" "Mozilla/5.0 (compatible; MJ12bot/v1.4.5; http://www.majestic12.co.uk/bot.php?+)"
88.198.16.153 - - [01/Jun/2015:07:28:17 +0200] "GET /viewtopic.php?t=29575&p=198487 HTTP/1.0" 200 5122 "-" "Mozilla/5.0 (compatible; MJ12bot/v1.4.5; http://www.majestic12.co.uk/bot.php?+)"
5.9.87.98 - - [01/Jun/2015:07:28:17 +0200] "GET /viewtopic.php?t=26669&p=181740 HTTP/1.0" 200 7372 "-" "Mozilla/5.0 (compatible; MJ12bot/v1.4.5; http://www.majestic12.co.uk/bot.php?+)"
88.198.16.153 - - [01/Jun/2015:07:28:19 +0200] "GET /viewtopic.php?t=38860&postdays=0&postorder=asc&start=15 HTTP/1.0" 200 8252 "-" "Mozilla/5.0 (compatible; MJ12bot/v1.4.5; http://www.majestic12.co.uk/bot.php?+)"
5.9.87.98 - - [01/Jun/2015:07:28:19 +0200] "GET /viewtopic.php?t=26669&p=181741 HTTP/1.0" 200 7374 "-" "Mozilla/5.0 (compatible; MJ12bot/v1.4.5; http://www.majestic12.co.uk/bot.php?+)"
88.198.16.153 - - [01/Jun/2015:07:28:21 +0200] "GET /viewtopic.php?t=38868 HTTP/1.0" 200 5649 "-" "Mozilla/5.0 (compatible; MJ12bot/v1.4.5; http://www.majestic12.co.uk/bot.php?+)"
5.9.87.98 - - [01/Jun/2015:07:28:21 +0200] "GET /viewtopic.php?t=26669&p=181748 HTTP/1.0" 200 7375 "-" "Mozilla/5.0 (compatible; MJ12bot/v1.4.5; http://www.majestic12.co.uk/bot.php?+)"
66.249.67.105 - - [01/Jun/2015:07:28:23 +0200] "GET /viewtopic.php?t=2712&p=16071 HTTP/1.1" 200 5663 "-" "Mozilla/5.0 (compatible; Googlebot/2.1; +http://www.google.com/bot.html)"
88.198.16.153 - - [01/Jun/2015:07:28:23 +0200] "GET /viewtopic.php?t=38952&highlight=tele2 HTTP/1.0" 200 5842 "-" "Mozilla/5.0 (compatible; MJ12bot/v1.4.5; http://www.majestic12.co.uk/bot.php?+)"
5.9.87.98 - - [01/Jun/2015:07:28:24 +0200] "GET /viewtopic.php?t=26669&p=181757 HTTP/1.0" 200 7375 "-" "Mozilla/5.0 (compatible; MJ12bot/v1.4.5; http://www.majestic12.co.uk/bot.php?+)"
66.249.67.118 - - [01/Jun/2015:07:28:24 +0200] "GET /viewtopic.php?t=6124&p=47366 HTTP/1.1" 200 9049 "-" "Mozilla/5.0 (compatible; Googlebot/2.1; +http://www.google.com/bot.html)"
88.198.16.153 - - [01/Jun/2015:07:28:25 +0200] "GET /viewtopic.php?t=38968&highlight=layer7 HTTP/1.0" 200 5255 "-" "Mozilla/5.0 (compatible; MJ12bot/v1.4.5; http://www.majestic12.co.uk/bot.php?+)"
5.9.87.98 - - [01/Jun/2015:07:28:26 +0200] "GET /viewtopic.php?t=26669&p=181771 HTTP/1.0" 200 7375 "-" "Mozilla/5.0 (compatible; MJ12bot/v1.4.5; http://www.majestic12.co.uk/bot.php?+)"
88.198.16.153 - - [01/Jun/2015:07:28:27 +0200] "GET /viewtopic.php?t=38986&highlight=bloquer%20msn HTTP/1.0" 200 11508 "-" "Mozilla/5.0 (compatible; MJ12bot/v1.4.5; http://www.majestic12.co.uk/bot.php?+)"
5.9.87.98 - - [01/Jun/2015:07:28:28 +0200] "GET /viewtopic.php?t=26669&p=181855 HTTP/1.0" 200 7375 "-" "Mozilla/5.0 (compatible; MJ12bot/v1.4.5; http://www.majestic12.co.uk/bot.php?+)"
88.198.16.153 - - [01/Jun/2015:07:28:31 +0200] "GET /viewtopic.php?t=40295&postdays=0&postorder=asc&highlight=pfsense%20portail%20captif&start=15 HTTP/1.0" 200 7228 "-" "Mozilla/5.0 (compatible; MJ12bot/v1.4.5; http://www.majestic12.co.uk/bot.php?+)"
5.9.87.98 - - [01/Jun/2015:07:28:32 +0200] "GET /viewtopic.php?t=26669&p=181967 HTTP/1.0" 200 7375 "-" "Mozilla/5.0 (compatible; MJ12bot/v1.4.5; http://www.majestic12.co.uk/bot.php?+)"
88.198.16.153 - - [01/Jun/2015:07:28:34 +0200] "GET /viewtopic.php?t=40418&start=1 HTTP/1.0" 200 6974 "-" "Mozilla/5.0 (compatible; MJ12bot/v1.4.5; http://www.majestic12.co.uk/bot.php?+)"
5.9.87.98 - - [01/Jun/2015:07:28:34 +0200] "GET /viewtopic.php?t=26669&p=182394 HTTP/1.0" 200 7375 "-" "Mozilla/5.0 (compatible; MJ12bot/v1.4.5; http://www.majestic12.co.uk/bot.php?+)"
5.9.87.98 - - [01/Jun/2015:07:28:36 +0200] "GET /viewtopic.php?t=26669&p=182399 HTTP/1.0" 200 7375 "-" "Mozilla/5.0 (compatible; MJ12bot/v1.4.5; http://www.majestic12.co.uk/bot.php?+)"
88.198.16.153 - - [01/Jun/2015:07:28:37 +0200] "GET /viewtopic.php?t=40761 HTTP/1.0" 200 5407 "-" "Mozilla/5.0 (compatible; MJ12bot/v1.4.5; http://www.majestic12.co.uk/bot.php?+)"
88.198.16.153 - - [01/Jun/2015:07:28:38 +0200] "GET /viewtopic.php?t=40829&p=257279 HTTP/1.0" 200 5303 "-" "Mozilla/5.0 (compatible; MJ12bot/v1.4.5; http://www.majestic12.co.uk/bot.php?+)"
5.9.87.98 - - [01/Jun/2015:07:28:39 +0200] "GET /viewtopic.php?t=26669&p=182435 HTTP/1.0" 200 7375 "-" "Mozilla/5.0 (compatible; MJ12bot/v1.4.5; http://www.majestic12.co.uk/bot.php?+)"
88.198.16.153 - - [01/Jun/2015:07:28:41 +0200] "GET /viewtopic.php?t=40829&p=257294 HTTP/1.0" 200 5304 "-" "Mozilla/5.0 (compatible; MJ12bot/v1.4.5; http://www.majestic12.co.uk/bot.php?+)"
88.198.16.153 - - [01/Jun/2015:07:28:43 +0200] "GET /viewtopic.php?t=40829&p=257299 HTTP/1.0" 200 5304 "-" "Mozilla/5.0 (compatible; MJ12bot/v1.4.5; http://www.majestic12.co.uk/bot.php?+)"
88.198.16.153 - - [01/Jun/2015:07:28:45 +0200] "GET /viewtopic.php?t=4084&p=27481 HTTP/1.0" 200 6703 "-" "Mozilla/5.0 (compatible; MJ12bot/v1.4.5; http://www.majestic12.co.uk/bot.php?+)"
5.9.87.98 - - [01/Jun/2015:07:28:45 +0200] "GET /viewtopic.php?t=26669&p=182436 HTTP/1.0" 200 7374 "-" "Mozilla/5.0 (compatible; MJ12bot/v1.4.5; http://www.majestic12.co.uk/bot.php?+)"
80.69.208.53 - - [01/Jun/2015:07:28:46 +0200] "GET /viewtopic.php?t=32287&p=211848 HTTP/1.0" 200 7886 "http://www.google.com/url?sa=t&rct=j&q=&esrc=s&source=web&cd=5&ved=0CDYQFjAE&url=http%3A%2F%2Fforums.ixus.net%2Fviewtopic.php%3Ft%3D32287%26p%3D211848&ei=gu1rVbi6OsywUbWGgbgP&usg=AFQjCNHsKAPz22aXcOk89Zp5ueBhalyaSw&sig2=UstzLiypF4OaA9oMd4TFoQ&bvm=bv.94455598,d.d24&cad=rja" "Mozilla/5.0 (Windows NT 6.1; WOW64; rv:38.0) Gecko/20100101 Firefox/38.0"
5.9.87.98 - - [01/Jun/2015:07:28:47 +0200] "GET /viewtopic.php?t=26669&p=182446 HTTP/1.0" 200 7374 "-" "Mozilla/5.0 (compatible; MJ12bot/v1.4.5; http://www.majestic12.co.uk/bot.php?+)"
66.249.67.105 - - [01/Jun/2015:07:28:47 +0200] "GET /viewtopic.php?f=19&t=43650&start=0 HTTP/1.1" 200 8743 "-" "Mozilla/5.0 (compatible; Googlebot/2.1; +http://www.google.com/bot.html)"
88.198.16.153 - - [01/Jun/2015:07:28:48 +0200] "GET /viewtopic.php?t=4084&p=27485 HTTP/1.0" 200 6701 "-" "Mozilla/5.0 (compatible; MJ12bot/v1.4.5; http://www.majestic12.co.uk/bot.php?+)"
80.69.208.53 - - [01/Jun/2015:07:28:49 +0200] "GET /style.php?id=1&lang=en&sid=4a8d8c005f26325b13c1c4243a4e9429 HTTP/1.0" 200 13943 "http://forums.ixus.net/viewtopic.php?t=32287&p=211848" "Mozilla/5.0 (Windows NT 6.1; WOW64; rv:38.0) Gecko/20100101 Firefox/38.0"
5.9.87.98 - - [01/Jun/2015:07:28:50 +0200] "GET /viewtopic.php?t=2667&p=15575 HTTP/1.0" 200 5292 "-" "Mozilla/5.0 (compatible; MJ12bot/v1.4.5; http://www.majestic12.co.uk/bot.php?+)"
80.69.208.53 - - [01/Jun/2015:07:28:50 +0200] "GET /images/smilies/icon_evil.gif HTTP/1.0" 200 539 "http://forums.ixus.net/viewtopic.php?t=32287&p=211848" "Mozilla/5.0 (Windows NT 6.1; WOW64; rv:38.0) Gecko/20100101 Firefox/38.0"
88.198.16.153 - - [01/Jun/2015:07:28:50 +0200] "GET /viewtopic.php?t=4084&p=27489 HTTP/1.0" 200 6702 "-" "Mozilla/5.0 (compatible; MJ12bot/v1.4.5; http://www.majestic12.co.uk/bot.php?+)"
80.69.208.53 - - [01/Jun/2015:07:28:51 +0200] "GET /images/avatars/gallery/Avatars/097.gif HTTP/1.0" 200 702 "http://forums.ixus.net/viewtopic.php?t=32287&p=211848" "Mozilla/5.0 (Windows NT 6.1; WOW64; rv:38.0) Gecko/20100101 Firefox/38.0"
80.69.208.53 - - [01/Jun/2015:07:28:51 +0200] "GET /images/smilies/icon_cry.gif HTTP/1.0" 200 802 "http://forums.ixus.net/viewtopic.php?t=32287&p=211848" "Mozilla/5.0 (Windows NT 6.1; WOW64; rv:38.0) Gecko/20100101 Firefox/38.0"
80.69.208.53 - - [01/Jun/2015:07:28:51 +0200] "GET /images/smilies/icon_razz.gif HTTP/1.0" 200 479 "http://forums.ixus.net/viewtopic.php?t=32287&p=211848" "Mozilla/5.0 (Windows NT 6.1; WOW64; rv:38.0) Gecko/20100101 Firefox/38.0"
5.9.87.98 - - [01/Jun/2015:07:28:51 +0200] "GET /viewtopic.php?t=2667&p=15576 HTTP/1.0" 200 5292 "-" "Mozilla/5.0 (compatible; MJ12bot/v1.4.5; http://www.majestic12.co.uk/bot.php?+)"
5.9.87.98 - - [01/Jun/2015:07:28:53 +0200] "GET /viewtopic.php?t=2667&p=15577 HTTP/1.0" 200 5292 "-" "Mozilla/5.0 (compatible; MJ12bot/v1.4.5; http://www.majestic12.co.uk/bot.php?+)"
88.198.16.153 - - [01/Jun/2015:07:28:52 +0200] "GET /viewtopic.php?t=4084&p=27499 HTTP/1.0" 200 6702 "-" "Mozilla/5.0 (compatible; MJ12bot/v1.4.5; http://www.majestic12.co.uk/bot.php?+)"
80.69.208.53 - - [01/Jun/2015:07:28:51 +0200] "GET /cron.php?cron_type=tidy_sessions&sid=4a8d8c005f26325b13c1c4243a4e9429 HTTP/1.0" 200 307 "http://forums.ixus.net/viewtopic.php?t=32287&p=211848" "Mozilla/5.0 (Windows NT 6.1; WOW64; rv:38.0) Gecko/20100101 Firefox/38.0"
88.198.16.153 - - [01/Jun/2015:07:28:55 +0200] "GET /viewtopic.php?t=4084&p=27500 HTTP/1.0" 200 6702 "-" "Mozilla/5.0 (compatible; MJ12bot/v1.4.5; http://www.majestic12.co.uk/bot.php?+)"
66.249.92.61 - - [01/Jun/2015:07:28:56 +0200] "GET /viewtopic.php?t=32287&p=211848 HTTP/1.1" 200 6748 "-" "Mediapartners-Google"
5.9.87.98 - - [01/Jun/2015:07:28:57 +0200] "GET /viewtopic.php?t=26679&p=181735 HTTP/1.0" 200 4753 "-" "Mozilla/5.0 (compatible; MJ12bot/v1.4.5; http://www.majestic12.co.uk/bot.php?+)"
88.198.16.153 - - [01/Jun/2015:07:28:57 +0200] "GET /viewtopic.php?t=4084&p=27501 HTTP/1.0" 200 6702 "-" "Mozilla/5.0 (compatible; MJ12bot/v1.4.5; http://www.majestic12.co.uk/bot.php?+)"
88.198.16.153 - - [01/Jun/2015:07:29:00 +0200] "GET /viewtopic.php?t=4084&p=27503 HTTP/1.0" 200 6702 "-" "Mozilla/5.0 (compatible; MJ12bot/v1.4.5; http://www.majestic12.co.uk/bot.php?+)"
5.9.87.98 - - [01/Jun/2015:07:29:00 +0200] "GET /viewtopic.php?t=2668&p=15588 HTTP/1.0" 200 5150 "-" "Mozilla/5.0 (compatible; MJ12bot/v1.4.5; http://www.majestic12.co.uk/bot.php?+)"
88.198.16.153 - - [01/Jun/2015:07:29:02 +0200] "GET /viewtopic.php?t=4084&p=27506 HTTP/1.0" 200 6702 "-" "Mozilla/5.0 (compatible; MJ12bot/v1.4.5; http://www.majestic12.co.uk/bot.php?+)"
5.9.87.98 - - [01/Jun/2015:07:29:04 +0200] "GET /viewtopic.php?t=2668&p=16630 HTTP/1.0" 200 5150 "-" "Mozilla/5.0 (compatible; MJ12bot/v1.4.5; http://www.majestic12.co.uk/bot.php?+)"
88.198.16.153 - - [01/Jun/2015:07:29:04 +0200] "GET /viewtopic.php?t=4084&p=27507 HTTP/1.0" 200 6702 "-" "Mozilla/5.0 (compatible; MJ12bot/v1.4.5; http://www.majestic12.co.uk/bot.php?+)"
5.9.87.98 - - [01/Jun/2015:07:29:05 +0200] "GET /viewtopic.php?t=26700&p=181846 HTTP/1.0" 200 8127 "-" "Mozilla/5.0 (compatible; MJ12bot/v1.4.5; http://www.majestic12.co.uk/bot.php?+)"
5.9.87.98 - - [01/Jun/2015:07:29:07 +0200] "GET /viewtopic.php?t=26700&p=181850 HTTP/1.0" 200 8127 "-" "Mozilla/5.0 (compatible; MJ12bot/v1.4.5; http://www.majestic12.co.uk/bot.php?+)"
88.198.16.153 - - [01/Jun/2015:07:29:07 +0200] "GET /viewtopic.php?t=4084&p=27508 HTTP/1.0" 200 6701 "-" "Mozilla/5.0 (compatible; MJ12bot/v1.4.5; http://www.majestic12.co.uk/bot.php?+)"
5.9.87.98 - - [01/Jun/2015:07:29:09 +0200] "GET /viewtopic.php?t=26700&p=181858 HTTP/1.0" 200 8128 "-" "Mozilla/5.0 (compatible; MJ12bot/v1.4.5; http://www.majestic12.co.uk/bot.php?+)"
88.198.16.153 - - [01/Jun/2015:07:29:09 +0200] "GET /viewtopic.php?t=4084&p=27509 HTTP/1.0" 200 6702 "-" "Mozilla/5.0 (compatible; MJ12bot/v1.4.5; http://www.majestic12.co.uk/bot.php?+)"
5.9.87.98 - - [01/Jun/2015:07:29:11 +0200] "GET /viewtopic.php?t=26700&p=181889 HTTP/1.0" 200 8128 "-" "Mozilla/5.0 (compatible; MJ12bot/v1.4.5; http://www.majestic12.co.uk/bot.php?+)"
66.249.67.105 - - [01/Jun/2015:07:29:11 +0200] "GET /viewtopic.php?t=30446&p=204444 HTTP/1.1" 200 12999 "-" "Mozilla/5.0 (compatible; Googlebot/2.1; +http://www.google.com/bot.html)"
88.198.16.153 - - [01/Jun/2015:07:29:12 +0200] "GET /viewtopic.php?t=4084&p=27578 HTTP/1.0" 200 6701 "-" "Mozilla/5.0 (compatible; MJ12bot/v1.4.5; http://www.majestic12.co.uk/bot.php?+)"
5.9.87.98 - - [01/Jun/2015:07:29:12 +0200] "GET /viewtopic.php?t=26700&p=181971 HTTP/1.0" 200 8128 "-" "Mozilla/5.0 (compatible; MJ12bot/v1.4.5; http://www.majestic12.co.uk/bot.php?+)"
5.9.87.98 - - [01/Jun/2015:07:29:15 +0200] "GET /viewtopic.php?t=26700&p=181980 HTTP/1.0" 200 8128 "-" "Mozilla/5.0 (compatible; MJ12bot/v1.4.5; http://www.majestic12.co.uk/bot.php?+)"
88.198.16.153 - - [01/Jun/2015:07:29:15 +0200] "GET /viewtopic.php?t=4913&p=35963 HTTP/1.0" 200 7568 "-" "Mozilla/5.0 (compatible; MJ12bot/v1.4.5; http://www.majestic12.co.uk/bot.php?+)"
5.9.87.98 - - [01/Jun/2015:07:29:16 +0200] "GET /viewtopic.php?t=26700&p=182043 HTTP/1.0" 200 8127 "-" "Mozilla/5.0 (compatible; MJ12bot/v1.4.5; http://www.majestic12.co.uk/bot.php?+)"
88.198.16.153 - - [01/Jun/2015:07:29:17 +0200] "GET /viewtopic.php?t=4913&p=35965 HTTP/1.0" 200 7569 "-" "Mozilla/5.0 (compatible; MJ12bot/v1.4.5; http://www.majestic12.co.uk/bot.php?+)"
5.9.87.98 - - [01/Jun/2015:07:29:18 +0200] "GET /viewtopic.php?t=26700&p=182071 HTTP/1.0" 200 8128 "-" "Mozilla/5.0 (compatible; MJ12bot/v1.4.5; http://www.majestic12.co.uk/bot.php?+)"
80.69.208.53 - - [01/Jun/2015:07:29:19 +0200] "GET /viewtopic.php?t=22608&p=158247 HTTP/1.0" 200 6464 "http://www.google.com/url?sa=t&rct=j&q=&esrc=s&source=web&cd=5&ved=0CD8QrAIoAjAE&url=http%3A%2F%2Fforums.ixus.net%2Fviewtopic.php%3Ft%3D22608%26p%3D158247&ei=gu1rVbi6OsywUbWGgbgP&usg=AFQjCNH9cn6Z0SIrVhBiarx4KogmtWP0ag&sig2=Qu5FoGMFOvgPBZ9u9YeM5w&bvm=bv.94455598,d.d24&cad=rja" "Mozilla/5.0 (Windows NT 6.1; WOW64; rv:38.0) Gecko/20100101 Firefox/38.0"
88.198.16.153 - - [01/Jun/2015:07:29:19 +0200] "GET /viewtopic.php?t=4913&p=35966 HTTP/1.0" 200 7566 "-" "Mozilla/5.0 (compatible; MJ12bot/v1.4.5; http://www.majestic12.co.uk/bot.php?+)"
5.9.87.98 - - [01/Jun/2015:07:29:20 +0200] "GET /viewtopic.php?t=26700&p=182073 HTTP/1.0" 200 8128 "-" "Mozilla/5.0 (compatible; MJ12bot/v1.4.5; http://www.majestic12.co.uk/bot.php?+)"
88.198.16.153 - - [01/Jun/2015:07:29:21 +0200] "GET /viewtopic.php?t=4913&p=35975 HTTP/1.0" 200 7569 "-" "Mozilla/5.0 (compatible; MJ12bot/v1.4.5; http://www.majestic12.co.uk/bot.php?+)"
5.9.87.98 - - [01/Jun/2015:07:29:21 +0200] "GET /viewtopic.php?t=26704&p=181863 HTTP/1.0" 200 4663 "-" "Mozilla/5.0 (compatible; MJ12bot/v1.4.5; http://www.majestic12.co.uk/bot.php?+)"
88.198.16.153 - - [01/Jun/2015:07:29:22 +0200] "GET /viewtopic.php?t=4913&p=35977 HTTP/1.0" 200 7567 "-" "Mozilla/5.0 (compatible; MJ12bot/v1.4.5; http://www.majestic12.co.uk/bot.php?+)"
5.9.87.98 - - [01/Jun/2015:07:29:23 +0200] "GET /viewtopic.php?t=26711&p=181901 HTTP/1.0" 200 6232 "-" "Mozilla/5.0 (compatible; MJ12bot/v1.4.5; http://www.majestic12.co.uk/bot.php?+)"
88.198.16.153 - - [01/Jun/2015:07:29:24 +0200] "GET /viewtopic.php?t=4913&p=35982 HTTP/1.0" 200 7567 "-" "Mozilla/5.0 (compatible; MJ12bot/v1.4.5; http://www.majestic12.co.uk/bot.php?+)"
66.249.92.67 - - [01/Jun/2015:07:29:24 +0200] "GET /viewtopic.php?t=22608&p=158247 HTTP/1.1" 200 5781 "-" "Mediapartners-Google"
5.9.87.98 - - [01/Jun/2015:07:29:25 +0200] "GET /viewtopic.php?t=26711&p=181902 HTTP/1.0" 200 6230 "-" "Mozilla/5.0 (compatible; MJ12bot/v1.4.5; http://www.majestic12.co.uk/bot.php?+)"
88.198.16.153 - - [01/Jun/2015:07:29:25 +0200] "GET /viewtopic.php?t=4913&p=36015 HTTP/1.0" 200 7566 "-" "Mozilla/5.0 (compatible; MJ12bot/v1.4.5; http://www.majestic12.co.uk/bot.php?+)"
88.198.16.153 - - [01/Jun/2015:07:29:27 +0200] "GET /viewtopic.php?t=4913&p=38613 HTTP/1.0" 200 7566 "-" "Mozilla/5.0 (compatible; MJ12bot/v1.4.5; http://www.majestic12.co.uk/bot.php?+)"
5.9.87.98 - - [01/Jun/2015:07:29:28 +0200] "GET /viewtopic.php?t=26711&p=181914 HTTP/1.0" 200 6233 "-" "Mozilla/5.0 (compatible; MJ12bot/v1.4.5; http://www.majestic12.co.uk/bot.php?+)"
88.198.16.153 - - [01/Jun/2015:07:29:28 +0200] "GET /viewtopic.php?t=4913&p=38615 HTTP/1.0" 200 7566 "-" "Mozilla/5.0 (compatible; MJ12bot/v1.4.5; http://www.majestic12.co.uk/bot.php?+)"
88.198.16.153 - - [01/Jun/2015:07:29:30 +0200] "GET /viewtopic.php?t=4913&p=38659 HTTP/1.0" 200 7566 "-" "Mozilla/5.0 (compatible; MJ12bot/v1.4.5; http://www.majestic12.co.uk/bot.php?+)"
5.9.87.98 - - [01/Jun/2015:07:29:31 +0200] "GET /viewtopic.php?t=26711&p=181916 HTTP/1.0" 200 6232 "-" "Mozilla/5.0 (compatible; MJ12bot/v1.4.5; http://www.majestic12.co.uk/bot.php?+)"
66.249.67.118 - - [01/Jun/2015:07:29:32 +0200] "GET /feed.php?f=10&t=2262 HTTP/1.1" 200 2919 "-" "Mozilla/5.0 (compatible; Googlebot/2.1; +http://www.google.com/bot.html)"
5.9.87.98 - - [01/Jun/2015:07:29:33 +0200] "GET /viewtopic.php?t=26711&p=181936 HTTP/1.0" 200 6232 "-" "Mozilla/5.0 (compatible; MJ12bot/v1.4.5; http://www.majestic12.co.uk/bot.php?+)"
88.198.16.153 - - [01/Jun/2015:07:29:33 +0200] "GET /viewtopic.php?t=4915&p=40869 HTTP/1.0" 200 7894 "-" "Mozilla/5.0 (compatible; MJ12bot/v1.4.5; http://www.majestic12.co.uk/bot.php?+)"
5.9.87.98 - - [01/Jun/2015:07:29:35 +0200] "GET /viewtopic.php?t=27544&p=186457 HTTP/1.0" 200 6393 "-" "Mozilla/5.0 (compatible; MJ12bot/v1.4.5; http://www.majestic12.co.uk/bot.php?+)"
66.249.67.105 - - [01/Jun/2015:07:29:35 +0200] "GET /viewtopic.php?t=16322&p=118303 HTTP/1.1" 200 5294 "-" "Mozilla/5.0 (compatible; Googlebot/2.1; +http://www.google.com/bot.html)"
88.198.16.153 - - [01/Jun/2015:07:29:36 +0200] "GET /viewtopic.php?t=4915&p=40880 HTTP/1.0" 200 7895 "-" "Mozilla/5.0 (compatible; MJ12bot/v1.4.5; http://www.majestic12.co.uk/bot.php?+)"
5.9.87.98 - - [01/Jun/2015:07:29:37 +0200] "GET /viewtopic.php?t=27544&p=186514 HTTP/1.0" 200 6395 "-" "Mozilla/5.0 (compatible; MJ12bot/v1.4.5; http://www.majestic12.co.uk/bot.php?+)"
88.198.16.153 - - [01/Jun/2015:07:29:38 +0200] "GET /viewtopic.php?t=4915&p=40886 HTTP/1.0" 200 7894 "-" "Mozilla/5.0 (compatible; MJ12bot/v1.4.5; http://www.majestic12.co.uk/bot.php?+)"
5.9.87.98 - - [01/Jun/2015:07:29:38 +0200] "GET /viewtopic.php?t=27544&p=186536 HTTP/1.0" 200 6395 "-" "Mozilla/5.0 (compatible; MJ12bot/v1.4.5; http://www.majestic12.co.uk/bot.php?+)"
5.9.87.98 - - [01/Jun/2015:07:29:40 +0200] "GET /viewtopic.php?t=27544&p=186547 HTTP/1.0" 200 6395 "-" "Mozilla/5.0 (compatible; MJ12bot/v1.4.5; http://www.majestic12.co.uk/bot.php?+)"
5.9.87.98 - - [01/Jun/2015:07:29:42 +0200] "GET /viewtopic.php?t=27544&p=186548 HTTP/1.0" 200 6395 "-" "Mozilla/5.0 (compatible; MJ12bot/v1.4.5; http://www.majestic12.co.uk/bot.php?+)"
88.198.16.153 - - [01/Jun/2015:07:29:42 +0200] "GET /viewtopic.php?t=4915&p=40929 HTTP/1.0" 200 7894 "-" "Mozilla/5.0 (compatible; MJ12bot/v1.4.5; http://www.majestic12.co.uk/bot.php?+)"
5.9.87.98 - - [01/Jun/2015:07:29:44 +0200] "GET /viewtopic.php?t=27544&p=186556 HTTP/1.0" 200 6393 "-" "Mozilla/5.0 (compatible; MJ12bot/v1.4.5; http://www.majestic12.co.uk/bot.php?+)"
5.9.87.98 - - [01/Jun/2015:07:29:46 +0200] "GET /viewtopic.php?t=27544&p=189803 HTTP/1.0" 200 6393 "-" "Mozilla/5.0 (compatible; MJ12bot/v1.4.5; http://www.majestic12.co.uk/bot.php?+)"
88.198.16.153 - - [01/Jun/2015:07:29:46 +0200] "GET /viewtopic.php?t=4915&p=45815 HTTP/1.0" 200 8502 "-" "Mozilla/5.0 (compatible; MJ12bot/v1.4.5; http://www.majestic12.co.uk/bot.php?+)"
5.9.87.98 - - [01/Jun/2015:07:29:48 +0200] "GET /viewtopic.php?t=27604&p=186881 HTTP/1.0" 200 8369 "-" "Mozilla/5.0 (compatible; MJ12bot/v1.4.5; http://www.majestic12.co.uk/bot.php?+)"
88.198.16.153 - - [01/Jun/2015:07:29:49 +0200] "GET /viewtopic.php?t=4915&p=45819 HTTP/1.0" 200 8501 "-" "Mozilla/5.0 (compatible; MJ12bot/v1.4.5; http://www.majestic12.co.uk/bot.php?+)"
5.9.87.98 - - [01/Jun/2015:07:29:49 +0200] "GET /viewtopic.php?t=27604&p=186988 HTTP/1.0" 200 8369 "-" "Mozilla/5.0 (compatible; MJ12bot/v1.4.5; http://www.majestic12.co.uk/bot.php?+)"
5.9.87.98 - - [01/Jun/2015:07:29:51 +0200] "GET /viewtopic.php?t=27627&p=201588 HTTP/1.0" 200 6104 "-" "Mozilla/5.0 (compatible; MJ12bot/v1.4.5; http://www.majestic12.co.uk/bot.php?+)"
88.198.16.153 - - [01/Jun/2015:07:29:51 +0200] "GET /viewtopic.php?t=4915&p=45864 HTTP/1.0" 200 8503 "-" "Mozilla/5.0 (compatible; MJ12bot/v1.4.5; http://www.majestic12.co.uk/bot.php?+)"
88.198.16.153 - - [01/Jun/2015:07:29:53 +0200] "GET /viewtopic.php?t=4915&p=46250 HTTP/1.0" 200 8503 "-" "Mozilla/5.0 (compatible; MJ12bot/v1.4.5; http://www.majestic12.co.uk/bot.php?+)"
5.9.87.98 - - [01/Jun/2015:07:29:53 +0200] "GET /viewtopic.php?t=3150&p=18943 HTTP/1.0" 200 7870 "-" "Mozilla/5.0 (compatible; MJ12bot/v1.4.5; http://www.majestic12.co.uk/bot.php?+)"
5.9.87.98 - - [01/Jun/2015:07:29:55 +0200] "GET /viewtopic.php?t=3150&p=18955 HTTP/1.0" 200 7870 "-" "Mozilla/5.0 (compatible; MJ12bot/v1.4.5; http://www.majestic12.co.uk/bot.php?+)"
88.198.16.153 - - [01/Jun/2015:07:29:55 +0200] "GET /viewtopic.php?t=4915&p=46258 HTTP/1.0" 200 8502 "-" "Mozilla/5.0 (compatible; MJ12bot/v1.4.5; http://www.majestic12.co.uk/bot.php?+)"
5.9.87.98 - - [01/Jun/2015:07:29:56 +0200] "GET /viewtopic.php?t=3150&p=18957 HTTP/1.0" 200 7870 "-" "Mozilla/5.0 (compatible; MJ12bot/v1.4.5; http://www.majestic12.co.uk/bot.php?+)"
88.198.16.153 - - [01/Jun/2015:07:29:58 +0200] "GET /viewtopic.php?t=4915&p=46264 HTTP/1.0" 200 8501 "-" "Mozilla/5.0 (compatible; MJ12bot/v1.4.5; http://www.majestic12.co.uk/bot.php?+)"
5.9.87.98 - - [01/Jun/2015:07:29:59 +0200] "GET /viewtopic.php?t=3150&p=18958 HTTP/1.0" 200 7870 "-" "Mozilla/5.0 (compatible; MJ12bot/v1.4.5; http://www.majestic12.co.uk/bot.php?+)"
178.255.215.89 - - [01/Jun/2015:07:29:59 +0200] "GET /viewtopic.php?t=12852&p=95828 HTTP/1.1" 200 5636 "-" "Mozilla/5.0 (compatible; Exabot/3.0; +http://www.exabot.com/go/robot)"
88.198.16.153 - - [01/Jun/2015:07:30:01 +0200] "GET /viewtopic.php?t=4915&p=46325 HTTP/1.0" 200 8502 "-" "Mozilla/5.0 (compatible; MJ12bot/v1.4.5; http://www.majestic12.co.uk/bot.php?+)"
88.198.16.153 - - [01/Jun/2015:07:30:03 +0200] "GET /viewtopic.php?t=4915&p=46330 HTTP/1.0" 200 8502 "-" "Mozilla/5.0 (compatible; MJ12bot/v1.4.5; http://www.majestic12.co.uk/bot.php?+)"
88.198.16.153 - - [01/Jun/2015:07:30:05 +0200] "GET /viewtopic.php?t=4915&p=46335 HTTP/1.0" 200 8502 "-" "Mozilla/5.0 (compatible; MJ12bot/v1.4.5; http://www.majestic12.co.uk/bot.php?+)"
178.255.215.89 - - [01/Jun/2015:07:30:10 +0200] "GET /viewtopic.php?f=2&t=24295&start=0 HTTP/1.1" 200 5073 "-" "Mozilla/5.0 (compatible; Exabot/3.0; +http://www.exabot.com/go/robot)"
81.52.143.54 - - [01/Jun/2015:07:30:11 +0200] "GET /viewtopic.php?f=3&t=6987 HTTP/1.1" 200 6918 "-" "Mozilla/5.0 (compatible; OrangeBot/2.0; support.orangebot@orange.com)"
46.229.164.102 - - [01/Jun/2015:07:30:14 +0200] "GET /ucp.php?mode=privacy&sid=3bef77503b94c4bd40286cd7cd52adfb HTTP/1.1" 200 5033 "-" "Mozilla/5.0 (compatible; SemrushBot/0.98~bl; +http://www.semrush.com/bot.html)"
66.249.67.131 - - [01/Jun/2015:07:30:24 +0200] "GET /viewtopic.php?f=2&t=31780 HTTP/1.1" 200 10745 "-" "Mozilla/5.0 (compatible; Googlebot/2.1; +http://www.google.com/bot.html)"
66.249.67.118 - - [01/Jun/2015:07:30:26 +0200] "GET /viewtopic.php?t=3955&p=26015 HTTP/1.1" 200 7145 "-" "Mozilla/5.0 (compatible; Googlebot/2.1; +http://www.google.com/bot.html)"
66.249.67.105 - - [01/Jun/2015:07:30:48 +0200] "GET /viewtopic.php?p=63884&sid=14be1b6ac64b48308b685995c61edd66 HTTP/1.1" 200 8916 "-" "Mozilla/5.0 (compatible; Googlebot/2.1; +http://www.google.com/bot.html)"
66.249.67.105 - - [01/Jun/2015:07:31:00 +0200] "GET /viewtopic.php?t=8840&p=68358 HTTP/1.1" 200 8341 "-" "Mozilla/5.0 (compatible; Googlebot/2.1; +http://www.google.com/bot.html)"
157.55.39.244 - - [01/Jun/2015:07:31:05 +0200] "GET /viewtopic.php?p=257351 HTTP/1.1" 200 9269 "-" "Mozilla/5.0 (compatible; bingbot/2.0; +http://www.bing.com/bingbot.htm)"
66.249.67.105 - - [01/Jun/2015:07:31:12 +0200] "GET /viewforum.php?f=10&start=12150 HTTP/1.1" 200 6778 "-" "Mozilla/5.0 (compatible; Googlebot/2.1; +http://www.google.com/bot.html)"
66.249.67.105 - - [01/Jun/2015:07:31:36 +0200] "GET /viewtopic.php?f=21&t=22277&start=0 HTTP/1.1" 200 7692 "-" "Mozilla/5.0 (compatible; Googlebot/2.1; +http://www.google.com/bot.html)"
193.252.118.175 - - [01/Jun/2015:07:31:55 +0200] "GET /viewtopic.php?f=5&t=40844&p=258292 HTTP/1.1" 200 6335 "-" "Mozilla/5.0 (compatible; OrangeBot/2.0; support.orangebot@orange.com)"
66.249.67.131 - - [01/Jun/2015:07:31:59 +0200] "GET /viewtopic.php?t=2696&p=15852 HTTP/1.1" 200 6544 "-" "Mozilla/5.0 (compatible; Googlebot/2.1; +http://www.google.com/bot.html)"
66.249.67.118 - - [01/Jun/2015:07:32:00 +0200] "GET /viewtopic.php?t=20182&p=144860 HTTP/1.1" 200 9273 "-" "Mozilla/5.0 (compatible; Googlebot/2.1; +http://www.google.com/bot.html)"
66.249.67.118 - - [01/Jun/2015:07:32:24 +0200] "GET /viewtopic.php?t=18654&p=134205 HTTP/1.1" 200 7629 "-" "Mozilla/5.0 (compatible; Googlebot/2.1; +http://www.google.com/bot.html)"
81.52.143.36 - - [01/Jun/2015:07:32:38 +0200] "GET /viewtopic.php?f=28&t=27708 HTTP/1.1" 200 6084 "-" "Mozilla/5.0 (compatible; OrangeBot/2.0; support.orangebot@orange.com)"
207.46.13.70 - - [01/Jun/2015:07:32:46 +0200] "GET /viewtopic.php?t=28456 HTTP/1.1" 200 9531 "-" "Mozilla/5.0 (compatible; bingbot/2.0; +http://www.bing.com/bingbot.htm)"
66.249.67.105 - - [01/Jun/2015:07:32:48 +0200] "GET /viewtopic.php?t=42094&p=264935 HTTP/1.1" 200 7366 "-" "Mozilla/5.0 (compatible; Googlebot/2.1; +http://www.google.com/bot.html)"
66.249.67.118 - - [01/Jun/2015:07:33:10 +0200] "GET /viewtopic.php?t=4110&p=27790 HTTP/1.1" 200 8399 "-" "Mozilla/5.0 (compatible; Googlebot/2.1; +http://www.google.com/bot.html)"
66.249.67.118 - - [01/Jun/2015:07:33:12 +0200] "GET /viewtopic.php?t=26431&p=180435 HTTP/1.1" 200 11689 "-" "Mozilla/5.0 (compatible; Googlebot/2.1; +http://www.google.com/bot.html)"
193.252.149.16 - - [01/Jun/2015:07:33:15 +0200] "GET /viewtopic.php?f=2&t=41784 HTTP/1.1" 200 7246 "-" "Mozilla/5.0 (compatible; OrangeBot/2.0; support.orangebot@orange.com)"
157.55.39.243 - - [01/Jun/2015:07:33:28 +0200] "GET /viewforum.php?f=10&start=10250 HTTP/1.1" 200 10953 "-" "Mozilla/5.0 (compatible; bingbot/2.0; +http://www.bing.com/bingbot.htm)"
68.180.229.31 - - [01/Jun/2015:07:33:35 +0200] "GET /viewtopic.php?t=44523&p=280871 HTTP/1.1" 200 6990 "-" "Mozilla/5.0 (compatible; Yahoo! Slurp; http://help.yahoo.com/help/us/ysearch/slurp)"
66.249.67.105 - - [01/Jun/2015:07:33:36 +0200] "GET /viewtopic.php?f=21&t=11639 HTTP/1.1" 200 7401 "-" "Mozilla/5.0 (compatible; Googlebot/2.1; +http://www.google.com/bot.html)"
66.249.67.131 - - [01/Jun/2015:07:34:00 +0200] "GET /viewtopic.php?t=38265 HTTP/1.1" 200 12536 "-" "Mozilla/5.0 (compatible; Googlebot/2.1; +http://www.google.com/bot.html)"
178.255.215.89 - - [01/Jun/2015:07:34:20 +0200] "GET /viewtopic.php?t=19100&p=137763 HTTP/1.1" 200 6292 "-" "Mozilla/5.0 (compatible; Exabot/3.0; +http://www.exabot.com/go/robot)"
66.249.67.131 - - [01/Jun/2015:07:34:24 +0200] "GET /feed.php?f=20&t=1886 HTTP/1.1" 200 5944 "-" "Mozilla/5.0 (compatible; Googlebot/2.1; +http://www.google.com/bot.html)"
46.229.164.102 - - [01/Jun/2015:07:34:24 +0200] "GET /viewtopic.php?f=27&sid=843a49bc353d58581c2e0646dc395321&t=43704 HTTP/1.1" 200 6995 "-" "Mozilla/5.0 (compatible; SemrushBot/0.98~bl; +http://www.semrush.com/bot.html)"
66.249.67.105 - - [01/Jun/2015:07:34:25 +0200] "GET /viewtopic.php?p=225809&sid=3a998e3642f41b2362ed144d5aa5b2ac HTTP/1.1" 200 6655 "-" "Mozilla/5.0 (compatible; Googlebot/2.1; +http://www.google.com/bot.html)"
68.180.229.31 - - [01/Jun/2015:07:34:39 +0200] "GET /viewforum.php?f=10&start=250 HTTP/1.1" 200 8621 "-" "Mozilla/5.0 (compatible; Yahoo! Slurp; http://help.yahoo.com/help/us/ysearch/slurp)"
207.46.13.70 - - [01/Jun/2015:07:34:46 +0200] "GET /robots.txt HTTP/1.1" 404 556 "-" "Mozilla/5.0 (compatible; bingbot/2.0; +http://www.bing.com/bingbot.htm)"
66.249.67.105 - - [01/Jun/2015:07:34:49 +0200] "GET /viewtopic.php?t=1396&p=7733 HTTP/1.1" 200 7939 "-" "Mozilla/5.0 (compatible; Googlebot/2.1; +http://www.google.com/bot.html)"
193.252.149.18 - - [01/Jun/2015:07:34:52 +0200] "GET /viewtopic.php?f=7&t=33831 HTTP/1.1" 200 7562 "-" "Mozilla/5.0 (compatible; OrangeBot/2.0; support.orangebot@orange.com)"
207.46.13.70 - - [01/Jun/2015:07:35:01 +0200] "GET /memberlist.php?mode=viewprofile&u=3129 HTTP/1.1" 200 4404 "-" "Mozilla/5.0 (compatible; bingbot/2.0; +http://www.bing.com/bingbot.htm)"
66.249.67.118 - - [01/Jun/2015:07:35:13 +0200] "GET /viewtopic.php?t=19308&p=138984 HTTP/1.1" 200 5025 "-" "Mozilla/5.0 (compatible; Googlebot/2.1; +http://www.google.com/bot.html)"
157.55.39.214 - - [01/Jun/2015:07:35:14 +0200] "GET /viewtopic.php?p=266656 HTTP/1.1" 200 7051 "-" "Mozilla/5.0 (compatible; bingbot/2.0; +http://www.bing.com/bingbot.htm)"
66.249.67.118 - - [01/Jun/2015:07:35:25 +0200] "GET /viewtopic.php?t=5486&p=42400 HTTP/1.1" 200 7745 "-" "Mozilla/5.0 (compatible; Googlebot/2.1; +http://www.google.com/bot.html)"
66.249.67.105 - - [01/Jun/2015:07:35:37 +0200] "GET /viewtopic.php?f=10&t=31862&start=0 HTTP/1.1" 200 5685 "-" "Mozilla/5.0 (compatible; Googlebot/2.1; +http://www.google.com/bot.html)"
94.228.34.203 - - [01/Jun/2015:07:35:37 +0200] "GET /feed.php?f=10&t=44573 HTTP/1.1" 200 2847 "-" "magpie-crawler/1.1 (U; Linux amd64; en-GB; +http://www.brandwatch.net)"
66.249.67.131 - - [01/Jun/2015:07:35:56 +0200] "GET /viewtopic.php?f=2&t=19308&start=0 HTTP/1.1" 200 5053 "-" "Mozilla/5.0 (compatible; Googlebot/2.1; +http://www.google.com/bot.html)"
66.249.67.118 - - [01/Jun/2015:07:36:01 +0200] "GET /viewtopic.php?t=44064&p=278142 HTTP/1.1" 200 5686 "-" "Mozilla/5.0 (compatible; Googlebot/2.1; +http://www.google.com/bot.html)"
66.249.67.105 - - [01/Jun/2015:07:36:25 +0200] "GET /viewtopic.php?t=25113&p=172775 HTTP/1.1" 200 7602 "-" "Mozilla/5.0 (compatible; Googlebot/2.1; +http://www.google.com/bot.html)"
66.249.67.105 - - [01/Jun/2015:07:36:42 +0200] "GET /viewtopic.php?f=10&t=42094&start=0 HTTP/1.1" 200 7407 "-" "Mozilla/5.0 (compatible; Googlebot/2.1; +http://www.google.com/bot.html)"
66.249.67.105 - - [01/Jun/2015:07:36:49 +0200] "GET /viewtopic.php?f=19&t=24524&start=30 HTTP/1.1" 200 12732 "-" "Mozilla/5.0 (compatible; Googlebot/2.1; +http://www.google.com/bot.html)"
207.46.13.70 - - [01/Jun/2015:07:37:02 +0200] "GET /viewforum.php?f=6&start=250 HTTP/1.1" 200 11118 "-" "Mozilla/5.0 (compatible; bingbot/2.0; +http://www.bing.com/bingbot.htm)"
207.46.13.70 - - [01/Jun/2015:07:37:07 +0200] "GET /viewtopic.php?t=6971&postdays=0&postorder=asc&start=28 HTTP/1.1" 200 13380 "-" "Mozilla/5.0 (compatible; bingbot/2.0; +http://www.bing.com/bingbot.htm)"
66.249.67.118 - - [01/Jun/2015:07:37:13 +0200] "GET /viewtopic.php?p=264232 HTTP/1.1" 200 10633 "-" "Mozilla/5.0 (compatible; Googlebot/2.1; +http://www.google.com/bot.html)"
66.249.67.105 - - [01/Jun/2015:07:37:27 +0200] "GET /viewtopic.php?t=1886&p=11185 HTTP/1.1" 200 6221 "-" "Mozilla/5.0 (compatible; Googlebot/2.1; +http://www.google.com/bot.html)"
66.249.67.105 - - [01/Jun/2015:07:37:37 +0200] "GET /viewtopic.php?t=23120&p=161104 HTTP/1.1" 200 9188 "-" "Mozilla/5.0 (compatible; Googlebot/2.1; +http://www.google.com/bot.html)"
81.52.143.30 - - [01/Jun/2015:07:37:38 +0200] "GET /viewtopic.php?f=9&t=587 HTTP/1.1" 200 6784 "-" "Mozilla/5.0 (compatible; OrangeBot/2.0; support.orangebot@orange.com)"
66.249.67.131 - - [01/Jun/2015:07:38:01 +0200] "GET /viewtopic.php?p=138985&sid=9a46402765cb1117fbf3df2738d0d660 HTTP/1.1" 200 5806 "-" "Mozilla/5.0 (compatible; Googlebot/2.1; +http://www.google.com/bot.html)"
46.229.164.99 - - [01/Jun/2015:07:38:10 +0200] "GET /ucp.php?mode=privacy&sid=a10fcd92e8300469812ca192b700c9b9 HTTP/1.1" 200 5029 "-" "Mozilla/5.0 (compatible; SemrushBot/0.98~bl; +http://www.semrush.com/bot.html)"
66.249.67.131 - - [01/Jun/2015:07:38:11 +0200] "GET /viewtopic.php?t=1886&p=11187 HTTP/1.1" 200 6221 "-" "Mozilla/5.0 (compatible; Googlebot/2.1; +http://www.google.com/bot.html)"
66.249.67.131 - - [01/Jun/2015:07:38:25 +0200] "GET /viewtopic.php?t=13815&p=103287 HTTP/1.1" 200 12679 "-" "Mozilla/5.0 (compatible; Googlebot/2.1; +http://www.google.com/bot.html)"
66.249.67.118 - - [01/Jun/2015:07:38:49 +0200] "GET /viewtopic.php?t=13518&p=100366 HTTP/1.1" 200 7206 "-" "Mozilla/5.0 (compatible; Googlebot/2.1; +http://www.google.com/bot.html)"
66.249.67.105 - - [01/Jun/2015:07:38:55 +0200] "GET /viewtopic.php?t=6774&p=52166 HTTP/1.1" 200 8362 "-" "Mozilla/5.0 (compatible; Googlebot/2.1; +http://www.google.com/bot.html)"
157.55.39.214 - - [01/Jun/2015:07:38:59 +0200] "GET /viewtopic.php?f=10&t=39403 HTTP/1.1" 200 5727 "-" "Mozilla/5.0 (compatible; bingbot/2.0; +http://www.bing.com/bingbot.htm)"
66.249.67.131 - - [01/Jun/2015:07:39:13 +0200] "GET /viewtopic.php?t=40756&p=256790 HTTP/1.1" 200 5428 "-" "Mozilla/5.0 (compatible; Googlebot/2.1; +http://www.google.com/bot.html)"
81.52.143.32 - - [01/Jun/2015:07:39:17 +0200] "GET /viewtopic.php?t=7965 HTTP/1.1" 200 5757 "-" "Mozilla/5.0 (compatible; OrangeBot/2.0; support.orangebot@orange.com)"
94.228.34.203 - - [01/Jun/2015:07:39:32 +0200] "GET /viewforum.php?f=33 HTTP/1.1" 200 5775 "-" "magpie-crawler/1.1 (U; Linux amd64; en-GB; +http://www.brandwatch.net)"
66.249.67.105 - - [01/Jun/2015:07:39:37 +0200] "GET /viewtopic.php?t=35817&p=226649 HTTP/1.1" 200 7862 "-" "Mozilla/5.0 (compatible; Googlebot/2.1; +http://www.google.com/bot.html)"
66.249.67.105 - - [01/Jun/2015:07:39:38 +0200] "GET /feed.php?f=2&t=19308 HTTP/1.1" 200 2113 "-" "Mozilla/5.0 (compatible; Googlebot/2.1; +http://www.google.com/bot.html)"
66.249.67.118 - - [01/Jun/2015:07:40:02 +0200] "GET /viewtopic.php?f=19&t=39839&start=0 HTTP/1.1" 200 6728 "-" "Mozilla/5.0 (compatible; Googlebot/2.1; +http://www.google.com/bot.html)"
66.249.67.131 - - [01/Jun/2015:07:40:24 +0200] "GET /viewtopic.php?t=2696&p=15895 HTTP/1.1" 200 6544 "-" "Mozilla/5.0 (compatible; Googlebot/2.1; +http://www.google.com/bot.html)"
157.55.39.214 - - [01/Jun/2015:07:40:24 +0200] "GET /feed.php?f=19&t=42810 HTTP/1.1" 200 3364 "-" "Mozilla/5.0 (compatible; bingbot/2.0; +http://www.bing.com/bingbot.htm)"
66.249.67.105 - - [01/Jun/2015:07:40:26 +0200] "GET /viewtopic.php?t=15368&p=112179 HTTP/1.1" 200 9077 "-" "Mozilla/5.0 (compatible; Googlebot/2.1; +http://www.google.com/bot.html)"
81.52.143.31 - - [01/Jun/2015:07:40:42 +0200] "GET /viewtopic.php?f=4&t=12570 HTTP/1.1" 200 5782 "-" "Mozilla/5.0 (compatible; OrangeBot/2.0; support.orangebot@orange.com)"
66.249.67.105 - - [01/Jun/2015:07:40:50 +0200] "GET /viewtopic.php?p=175546&sid=f9b069aa7d39b6f9e529a6da59f4646d HTTP/1.1" 200 6265 "-" "Mozilla/5.0 (compatible; Googlebot/2.1; +http://www.google.com/bot.html)"
66.249.67.105 - - [01/Jun/2015:07:41:14 +0200] "GET /viewtopic.php?f=19&t=2515&start=0 HTTP/1.1" 200 6027 "-" "Mozilla/5.0 (compatible; Googlebot/2.1; +http://www.google.com/bot.html)"
178.255.215.89 - - [01/Jun/2015:07:41:19 +0200] "GET /viewtopic.php?f=19&t=5352&start=0 HTTP/1.1" 200 4735 "-" "Mozilla/5.0 (compatible; Exabot/3.0; +http://www.exabot.com/go/robot)"
66.249.67.105 - - [01/Jun/2015:07:41:19 +0200] "GET /viewtopic.php?f=20&t=1886&start=0 HTTP/1.1" 200 6254 "-" "Mozilla/5.0 (compatible; Googlebot/2.1; +http://www.google.com/bot.html)"
157.55.39.214 - - [01/Jun/2015:07:41:24 +0200] "GET /viewtopic.php?f=37&t=43775 HTTP/1.1" 200 11826 "-" "Mozilla/5.0 (iPhone; CPU iPhone OS 7_0 like Mac OS X) AppleWebKit/537.51.1 (KHTML, like Gecko) Version/7.0 Mobile/11A465 Safari/9537.53 (compatible; bingbot/2.0;  http://www.bing.com/bingbot.htm)"
66.249.67.118 - - [01/Jun/2015:07:41:38 +0200] "GET /viewtopic.php?t=41378 HTTP/1.1" 200 16161 "-" "Mozilla/5.0 (compatible; Googlebot/2.1; +http://www.google.com/bot.html)"
66.249.67.118 - - [01/Jun/2015:07:42:02 +0200] "GET /viewtopic.php?t=31862&p=240744 HTTP/1.1" 200 5648 "-" "Mozilla/5.0 (compatible; Googlebot/2.1; +http://www.google.com/bot.html)"
46.229.164.102 - - [01/Jun/2015:07:42:17 +0200] "GET /search.php?sid=608e021d0a720365996e0c0e0577ed97 HTTP/1.1" 200 5000 "-" "Mozilla/5.0 (compatible; SemrushBot/0.98~bl; +http://www.semrush.com/bot.html)"
