77.100.248.6 - - [01/Jun/2015:07:08:33 +0200] "GET /viewtopic.php?p=247932 HTTP/1.1" 200 13203 "-" "Mozilla/5.0 (compatible; MJ12bot/v1.4.5; http://www.majestic12.co.uk/bot.php?+)"
77.100.248.6 - - [01/Jun/2015:07:08:39 +0200] "GET /viewtopic.php?p=247937 HTTP/1.1" 200 8337 "-" "Mozilla/5.0 (compatible; MJ12bot/v1.4.5; http://www.majestic12.co.uk/bot.php?+)"
66.249.67.105 - - [01/Jun/2015:07:08:43 +0200] "GET /viewtopic.php?t=35108&p=224052 HTTP/1.1" 200 5672 "-" "Mozilla/5.0 (compatible; Googlebot/2.1; +http://www.google.com/bot.html)"
77.100.248.6 - - [01/Jun/2015:07:08:44 +0200] "GET /viewtopic.php?p=247944 HTTP/1.1" 200 8442 "-" "Mozilla/5.0 (compatible; MJ12bot/v1.4.5; http://www.majestic12.co.uk/bot.php?+)"
77.100.248.6 - - [01/Jun/2015:07:08:48 +0200] "GET /viewtopic.php?p=247954 HTTP/1.1" 200 8337 "-" "Mozilla/5.0 (compatible; MJ12bot/v1.4.5; http://www.majestic12.co.uk/bot.php?+)"
77.100.248.6 - - [01/Jun/2015:07:08:53 +0200] "GET /viewtopic.php?p=247955 HTTP/1.1" 200 8442 "-" "Mozilla/5.0 (compatible; MJ12bot/v1.4.5; http://www.majestic12.co.uk/bot.php?+)"
81.52.143.34 - - [01/Jun/2015:07:08:53 +0200] "GET /viewtopic.php?t=9681 HTTP/1.1" 200 8683 "-" "Mozilla/5.0 (compatible; OrangeBot/2.0; support.orangebot@orange.com)"
77.100.248.6 - - [01/Jun/2015:07:08:56 +0200] "GET /viewtopic.php?p=247962&highlight= HTTP/1.1" 200 8090 "-" "Mozilla/5.0 (compatible; MJ12bot/v1.4.5; http://www.majestic12.co.uk/bot.php?+)"
157.55.39.214 - - [01/Jun/2015:07:08:58 +0200] "GET /viewtopic.php?p=13374 HTTP/1.1" 200 7184 "-" "Mozilla/5.0 (compatible; bingbot/2.0; +http://www.bing.com/bingbot.htm)"
77.100.248.6 - - [01/Jun/2015:07:09:00 +0200] "GET /viewtopic.php?p=247980 HTTP/1.1" 200 8090 "-" "Mozilla/5.0 (compatible; MJ12bot/v1.4.5; http://www.majestic12.co.uk/bot.php?+)"
208.113.162.105 - - [01/Jun/2015:07:09:01 +0200] "GET /blog/wp-admin/ HTTP/1.1" 404 524 "-" "-"
77.100.248.6 - - [01/Jun/2015:07:09:06 +0200] "GET /viewtopic.php?p=248046 HTTP/1.1" 200 7735 "-" "Mozilla/5.0 (compatible; MJ12bot/v1.4.5; http://www.majestic12.co.uk/bot.php?+)"
66.249.67.131 - - [01/Jun/2015:07:09:07 +0200] "GET /viewtopic.php?f=2&t=19945 HTTP/1.1" 200 5564 "-" "Mozilla/5.0 (compatible; Googlebot/2.1; +http://www.google.com/bot.html)"
207.46.13.133 - - [01/Jun/2015:07:09:10 +0200] "GET /feed.php?f=10&t=41288 HTTP/1.1" 200 7026 "-" "Mozilla/5.0 (compatible; bingbot/2.0; +http://www.bing.com/bingbot.htm)"
66.249.67.131 - - [01/Jun/2015:07:09:11 +0200] "GET /feed.php?f=10&t=382 HTTP/1.1" 200 15087 "-" "Mozilla/5.0 (compatible; Googlebot/2.1; +http://www.google.com/bot.html)"
77.100.248.6 - - [01/Jun/2015:07:09:14 +0200] "GET /viewtopic.php?p=248048 HTTP/1.1" 200 7735 "-" "Mozilla/5.0 (compatible; MJ12bot/v1.4.5; http://www.majestic12.co.uk/bot.php?+)"
70.39.246.37 - - [01/Jun/2015:07:09:14 +0200] "GET /feed.php HTTP/1.1" 200 25864 "-" "Mozilla/5.0 Moreover/5.1 (+http://www.moreover.com; webmaster@moreover.com)"
68.180.229.31 - - [01/Jun/2015:07:09:15 +0200] "GET /feed.php?f=6&t=31462 HTTP/1.1" 200 7528 "-" "Mozilla/5.0 (compatible; Yahoo! Slurp; http://help.yahoo.com/help/us/ysearch/slurp)"
77.100.248.6 - - [01/Jun/2015:07:09:17 +0200] "GET /viewtopic.php?p=248108 HTTP/1.1" 200 9959 "-" "Mozilla/5.0 (compatible; MJ12bot/v1.4.5; http://www.majestic12.co.uk/bot.php?+)"
207.46.13.133 - - [01/Jun/2015:07:09:18 +0200] "GET /viewforum.php?f=11&start=200 HTTP/1.1" 200 11021 "-" "Mozilla/5.0 (compatible; bingbot/2.0; +http://www.bing.com/bingbot.htm)"
77.100.248.6 - - [01/Jun/2015:07:09:22 +0200] "GET /viewtopic.php?p=248111 HTTP/1.1" 200 9959 "-" "Mozilla/5.0 (compatible; MJ12bot/v1.4.5; http://www.majestic12.co.uk/bot.php?+)"
77.100.248.6 - - [01/Jun/2015:07:09:26 +0200] "GET /viewtopic.php?p=248114 HTTP/1.1" 200 9950 "-" "Mozilla/5.0 (compatible; MJ12bot/v1.4.5; http://www.majestic12.co.uk/bot.php?+)"
66.249.67.118 - - [01/Jun/2015:07:09:31 +0200] "GET /viewtopic.php?f=10&t=34668 HTTP/1.1" 200 6981 "-" "Mozilla/5.0 (compatible; Googlebot/2.1; +http://www.google.com/bot.html)"
193.252.118.175 - - [01/Jun/2015:07:09:34 +0200] "GET /viewtopic.php?f=11&t=44275&p=279849 HTTP/1.1" 200 6076 "-" "Mozilla/5.0 (compatible; OrangeBot/2.0; support.orangebot@orange.com)"
77.100.248.6 - - [01/Jun/2015:07:09:35 +0200] "GET /viewtopic.php?p=248115 HTTP/1.1" 200 9950 "-" "Mozilla/5.0 (compatible; MJ12bot/v1.4.5; http://www.majestic12.co.uk/bot.php?+)"
82.127.148.101 - - [01/Jun/2015:07:09:37 +0200] "GET /favicon.ico HTTP/1.1" 404 523 "-" "Mozilla/5.0 (Windows NT 6.1; WOW64; rv:38.0) Gecko/20100101 Firefox/38.0"
77.100.248.6 - - [01/Jun/2015:07:09:39 +0200] "GET /viewtopic.php?p=248178 HTTP/1.1" 200 9767 "-" "Mozilla/5.0 (compatible; MJ12bot/v1.4.5; http://www.majestic12.co.uk/bot.php?+)"
77.100.248.6 - - [01/Jun/2015:07:09:44 +0200] "GET /viewtopic.php?p=248180 HTTP/1.1" 200 9767 "-" "Mozilla/5.0 (compatible; MJ12bot/v1.4.5; http://www.majestic12.co.uk/bot.php?+)"
77.100.248.6 - - [01/Jun/2015:07:09:55 +0200] "GET /viewtopic.php?p=248192 HTTP/1.1" 200 18628 "-" "Mozilla/5.0 (compatible; MJ12bot/v1.4.5; http://www.majestic12.co.uk/bot.php?+)"
66.249.67.105 - - [01/Jun/2015:07:09:56 +0200] "GET /viewtopic.php?t=17688&p=127516 HTTP/1.1" 200 5221 "-" "Mozilla/5.0 (compatible; Googlebot/2.1; +http://www.google.com/bot.html)"
77.100.248.6 - - [01/Jun/2015:07:10:04 +0200] "GET /viewtopic.php?p=248199 HTTP/1.1" 200 18628 "-" "Mozilla/5.0 (compatible; MJ12bot/v1.4.5; http://www.majestic12.co.uk/bot.php?+)"
77.100.248.6 - - [01/Jun/2015:07:10:10 +0200] "GET /viewtopic.php?p=24828 HTTP/1.1" 200 10830 "-" "Mozilla/5.0 (compatible; MJ12bot/v1.4.5; http://www.majestic12.co.uk/bot.php?+)"
77.100.248.6 - - [01/Jun/2015:07:10:13 +0200] "GET /viewtopic.php?p=24831 HTTP/1.1" 200 10830 "-" "Mozilla/5.0 (compatible; MJ12bot/v1.4.5; http://www.majestic12.co.uk/bot.php?+)"
208.115.111.74 - - [01/Jun/2015:07:10:15 +0200] "GET /viewtopic.php?t=29382 HTTP/1.1" 200 76531 "-" "Mozilla/5.0 (compatible; DotBot/1.1; http://www.opensiteexplorer.org/dotbot, help@moz.com)"
77.100.248.6 - - [01/Jun/2015:07:10:18 +0200] "GET /viewtopic.php?p=248357 HTTP/1.1" 200 8493 "-" "Mozilla/5.0 (compatible; MJ12bot/v1.4.5; http://www.majestic12.co.uk/bot.php?+)"
66.249.67.131 - - [01/Jun/2015:07:10:20 +0200] "GET /viewtopic.php?t=42341&p=266238 HTTP/1.1" 200 9083 "-" "Mozilla/5.0 (compatible; Googlebot/2.1; +http://www.google.com/bot.html)"
77.100.248.6 - - [01/Jun/2015:07:10:24 +0200] "GET /viewtopic.php?p=251309 HTTP/1.1" 200 11619 "-" "Mozilla/5.0 (compatible; MJ12bot/v1.4.5; http://www.majestic12.co.uk/bot.php?+)"
66.249.67.131 - - [01/Jun/2015:07:10:25 +0200] "GET /viewtopic.php?t=6774&p=52170 HTTP/1.1" 200 8328 "-" "Mozilla/5.0 (compatible; Googlebot/2.1; +http://www.google.com/bot.html)"
77.100.248.6 - - [01/Jun/2015:07:10:31 +0200] "GET /viewtopic.php?p=251312 HTTP/1.1" 200 8099 "-" "Mozilla/5.0 (compatible; MJ12bot/v1.4.5; http://www.majestic12.co.uk/bot.php?+)"
77.100.248.6 - - [01/Jun/2015:07:10:35 +0200] "GET /viewtopic.php?p=251322 HTTP/1.1" 200 9283 "-" "Mozilla/5.0 (compatible; MJ12bot/v1.4.5; http://www.majestic12.co.uk/bot.php?+)"
77.100.248.6 - - [01/Jun/2015:07:10:40 +0200] "GET /viewtopic.php?p=251323 HTTP/1.1" 200 9283 "-" "Mozilla/5.0 (compatible; MJ12bot/v1.4.5; http://www.majestic12.co.uk/bot.php?+)"
66.249.67.105 - - [01/Jun/2015:07:10:44 +0200] "GET /viewtopic.php?f=10&t=44023 HTTP/1.1" 200 9034 "-" "Mozilla/5.0 (compatible; Googlebot/2.1; +http://www.google.com/bot.html)"
77.100.248.6 - - [01/Jun/2015:07:10:44 +0200] "GET /viewtopic.php?p=251327 HTTP/1.1" 200 6356 "-" "Mozilla/5.0 (compatible; MJ12bot/v1.4.5; http://www.majestic12.co.uk/bot.php?+)"
77.100.248.6 - - [01/Jun/2015:07:10:50 +0200] "GET /viewtopic.php?p=251351 HTTP/1.1" 200 11619 "-" "Mozilla/5.0 (compatible; MJ12bot/v1.4.5; http://www.majestic12.co.uk/bot.php?+)"
77.100.248.6 - - [01/Jun/2015:07:10:55 +0200] "GET /viewtopic.php?p=251362 HTTP/1.1" 200 9203 "-" "Mozilla/5.0 (compatible; MJ12bot/v1.4.5; http://www.majestic12.co.uk/bot.php?+)"
46.229.164.102 - - [01/Jun/2015:07:10:46 +0200] "GET /search.php?search_id=unanswered&sid=d9ce430a6fcc1aa55988177e9ea1dc13 HTTP/1.1" 200 10134 "-" "Mozilla/5.0 (compatible; SemrushBot/0.98~bl; +http://www.semrush.com/bot.html)"
77.100.248.6 - - [01/Jun/2015:07:10:59 +0200] "GET /viewtopic.php?p=251366 HTTP/1.1" 200 9203 "-" "Mozilla/5.0 (compatible; MJ12bot/v1.4.5; http://www.majestic12.co.uk/bot.php?+)"
77.100.248.6 - - [01/Jun/2015:07:11:06 +0200] "GET /viewtopic.php?p=251434 HTTP/1.1" 200 6864 "-" "Mozilla/5.0 (compatible; MJ12bot/v1.4.5; http://www.majestic12.co.uk/bot.php?+)"
66.249.67.105 - - [01/Jun/2015:07:11:08 +0200] "GET /viewtopic.php?f=10&t=7183&start=30 HTTP/1.1" 200 8504 "-" "Mozilla/5.0 (compatible; Googlebot/2.1; +http://www.google.com/bot.html)"
157.55.39.214 - - [01/Jun/2015:07:11:08 +0200] "GET /feed.php?f=10&t=29399 HTTP/1.1" 200 6372 "-" "Mozilla/5.0 (compatible; bingbot/2.0; +http://www.bing.com/bingbot.htm)"
66.249.67.131 - - [01/Jun/2015:07:11:09 +0200] "GET /viewtopic.php?t=37913&p=238357 HTTP/1.1" 200 6744 "-" "Mozilla/5.0 (compatible; Googlebot/2.1; +http://www.google.com/bot.html)"
77.100.248.6 - - [01/Jun/2015:07:11:10 +0200] "GET /viewtopic.php?p=25144 HTTP/1.1" 200 7973 "-" "Mozilla/5.0 (compatible; MJ12bot/v1.4.5; http://www.majestic12.co.uk/bot.php?+)"
77.100.248.6 - - [01/Jun/2015:07:11:13 +0200] "GET /viewtopic.php?p=251449 HTTP/1.1" 200 9653 "-" "Mozilla/5.0 (compatible; MJ12bot/v1.4.5; http://www.majestic12.co.uk/bot.php?+)"
5.9.89.170 - - [01/Jun/2015:07:11:17 +0200] "GET /robots.txt HTTP/1.0" 404 520 "-" "Mozilla/5.0 (compatible; MJ12bot/v1.4.5; http://www.majestic12.co.uk/bot.php?+)"
157.55.39.214 - - [01/Jun/2015:07:11:17 +0200] "GET /viewtopic.php?p=250075 HTTP/1.1" 200 10233 "-" "Mozilla/5.0 (compatible; bingbot/2.0; +http://www.bing.com/bingbot.htm)"
81.52.143.31 - - [01/Jun/2015:07:11:18 +0200] "GET /viewtopic.php?t=42302 HTTP/1.1" 200 8538 "-" "Mozilla/5.0 (compatible; OrangeBot/2.0; support.orangebot@orange.com)"
5.9.89.170 - - [01/Jun/2015:07:11:18 +0200] "GET /viewtopic.php?t=3150&p=18973 HTTP/1.0" 200 27853 "-" "Mozilla/5.0 (compatible; MJ12bot/v1.4.5; http://www.majestic12.co.uk/bot.php?+)"
77.100.248.6 - - [01/Jun/2015:07:11:18 +0200] "GET /viewtopic.php?p=25150 HTTP/1.1" 200 7973 "-" "Mozilla/5.0 (compatible; MJ12bot/v1.4.5; http://www.majestic12.co.uk/bot.php?+)"
5.9.89.170 - - [01/Jun/2015:07:11:20 +0200] "GET /viewtopic.php?t=3150&p=18976 HTTP/1.0" 200 27853 "-" "Mozilla/5.0 (compatible; MJ12bot/v1.4.5; http://www.majestic12.co.uk/bot.php?+)"
5.9.89.170 - - [01/Jun/2015:07:11:21 +0200] "GET /viewtopic.php?t=3150&p=19005 HTTP/1.0" 200 27853 "-" "Mozilla/5.0 (compatible; MJ12bot/v1.4.5; http://www.majestic12.co.uk/bot.php?+)"
77.100.248.6 - - [01/Jun/2015:07:11:23 +0200] "GET /viewtopic.php?p=251513 HTTP/1.1" 200 7315 "-" "Mozilla/5.0 (compatible; MJ12bot/v1.4.5; http://www.majestic12.co.uk/bot.php?+)"
5.9.89.170 - - [01/Jun/2015:07:11:23 +0200] "GET /viewtopic.php?t=3152&p=18947 HTTP/1.0" 200 22999 "-" "Mozilla/5.0 (compatible; MJ12bot/v1.4.5; http://www.majestic12.co.uk/bot.php?+)"
5.9.89.170 - - [01/Jun/2015:07:11:24 +0200] "GET /viewtopic.php?t=3152&p=18949 HTTP/1.0" 200 22999 "-" "Mozilla/5.0 (compatible; MJ12bot/v1.4.5; http://www.majestic12.co.uk/bot.php?+)"
5.9.89.170 - - [01/Jun/2015:07:11:26 +0200] "GET /viewtopic.php?t=3152&p=19242 HTTP/1.0" 200 22999 "-" "Mozilla/5.0 (compatible; MJ12bot/v1.4.5; http://www.majestic12.co.uk/bot.php?+)"
77.100.248.6 - - [01/Jun/2015:07:11:26 +0200] "GET /viewtopic.php?p=253034 HTTP/1.1" 200 6138 "-" "Mozilla/5.0 (compatible; MJ12bot/v1.4.5; http://www.majestic12.co.uk/bot.php?+)"
5.9.89.170 - - [01/Jun/2015:07:11:27 +0200] "GET /viewtopic.php?t=3152&p=19246 HTTP/1.0" 200 22999 "-" "Mozilla/5.0 (compatible; MJ12bot/v1.4.5; http://www.majestic12.co.uk/bot.php?+)"
5.9.89.170 - - [01/Jun/2015:07:11:29 +0200] "GET /viewtopic.php?t=3152&p=19269 HTTP/1.0" 200 22999 "-" "Mozilla/5.0 (compatible; MJ12bot/v1.4.5; http://www.majestic12.co.uk/bot.php?+)"
5.9.89.170 - - [01/Jun/2015:07:11:30 +0200] "GET /viewtopic.php?t=3152&p=19510 HTTP/1.0" 200 22999 "-" "Mozilla/5.0 (compatible; MJ12bot/v1.4.5; http://www.majestic12.co.uk/bot.php?+)"
77.100.248.6 - - [01/Jun/2015:07:11:30 +0200] "GET /viewtopic.php?p=253070 HTTP/1.1" 200 10122 "-" "Mozilla/5.0 (compatible; MJ12bot/v1.4.5; http://www.majestic12.co.uk/bot.php?+)"
5.9.89.170 - - [01/Jun/2015:07:11:32 +0200] "GET /viewtopic.php?t=3152&p=19513 HTTP/1.0" 200 22999 "-" "Mozilla/5.0 (compatible; MJ12bot/v1.4.5; http://www.majestic12.co.uk/bot.php?+)"
66.249.67.105 - - [01/Jun/2015:07:11:32 +0200] "GET /viewtopic.php?t=17430&p=125829 HTTP/1.1" 200 6707 "-" "Mozilla/5.0 (compatible; Googlebot/2.1; +http://www.google.com/bot.html)"
5.9.89.170 - - [01/Jun/2015:07:11:33 +0200] "GET /viewtopic.php?t=3153&p=18963 HTTP/1.0" 200 20845 "-" "Mozilla/5.0 (compatible; MJ12bot/v1.4.5; http://www.majestic12.co.uk/bot.php?+)"
5.9.89.170 - - [01/Jun/2015:07:11:35 +0200] "GET /viewtopic.php?t=3153&p=18970 HTTP/1.0" 200 20845 "-" "Mozilla/5.0 (compatible; MJ12bot/v1.4.5; http://www.majestic12.co.uk/bot.php?+)"
77.100.248.6 - - [01/Jun/2015:07:11:35 +0200] "GET /viewtopic.php?p=253106 HTTP/1.1" 200 7144 "-" "Mozilla/5.0 (compatible; MJ12bot/v1.4.5; http://www.majestic12.co.uk/bot.php?+)"
5.9.89.170 - - [01/Jun/2015:07:11:36 +0200] "GET /viewtopic.php?t=3153&p=86104 HTTP/1.0" 200 20845 "-" "Mozilla/5.0 (compatible; MJ12bot/v1.4.5; http://www.majestic12.co.uk/bot.php?+)"
5.9.89.170 - - [01/Jun/2015:07:11:38 +0200] "GET /viewtopic.php?t=3153&p=86106 HTTP/1.0" 200 20845 "-" "Mozilla/5.0 (compatible; MJ12bot/v1.4.5; http://www.majestic12.co.uk/bot.php?+)"
5.9.89.170 - - [01/Jun/2015:07:11:39 +0200] "GET /viewtopic.php?t=3153&p=86108 HTTP/1.0" 200 20845 "-" "Mozilla/5.0 (compatible; MJ12bot/v1.4.5; http://www.majestic12.co.uk/bot.php?+)"
5.9.89.170 - - [01/Jun/2015:07:11:41 +0200] "GET /viewtopic.php?t=3153&p=86205 HTTP/1.0" 200 20845 "-" "Mozilla/5.0 (compatible; MJ12bot/v1.4.5; http://www.majestic12.co.uk/bot.php?+)"
77.100.248.6 - - [01/Jun/2015:07:11:42 +0200] "GET /viewtopic.php?p=253109 HTTP/1.1" 200 8251 "-" "Mozilla/5.0 (compatible; MJ12bot/v1.4.5; http://www.majestic12.co.uk/bot.php?+)"
5.9.89.170 - - [01/Jun/2015:07:11:42 +0200] "GET /viewtopic.php?t=31539&p=207978 HTTP/1.0" 200 15300 "-" "Mozilla/5.0 (compatible; MJ12bot/v1.4.5; http://www.majestic12.co.uk/bot.php?+)"
5.9.89.170 - - [01/Jun/2015:07:11:44 +0200] "GET /viewtopic.php?t=31539&p=207979 HTTP/1.0" 200 15300 "-" "Mozilla/5.0 (compatible; MJ12bot/v1.4.5; http://www.majestic12.co.uk/bot.php?+)"
5.9.89.170 - - [01/Jun/2015:07:11:45 +0200] "GET /viewtopic.php?t=31539&p=207983 HTTP/1.0" 200 15300 "-" "Mozilla/5.0 (compatible; MJ12bot/v1.4.5; http://www.majestic12.co.uk/bot.php?+)"
77.100.248.6 - - [01/Jun/2015:07:11:46 +0200] "GET /viewtopic.php?p=253118 HTTP/1.1" 200 8634 "-" "Mozilla/5.0 (compatible; MJ12bot/v1.4.5; http://www.majestic12.co.uk/bot.php?+)"
5.9.89.170 - - [01/Jun/2015:07:11:47 +0200] "GET /viewtopic.php?t=3154&p=18964 HTTP/1.0" 200 23022 "-" "Mozilla/5.0 (compatible; MJ12bot/v1.4.5; http://www.majestic12.co.uk/bot.php?+)"
5.9.89.170 - - [01/Jun/2015:07:11:48 +0200] "GET /viewtopic.php?t=3154&p=18967 HTTP/1.0" 200 23022 "-" "Mozilla/5.0 (compatible; MJ12bot/v1.4.5; http://www.majestic12.co.uk/bot.php?+)"
77.100.248.6 - - [01/Jun/2015:07:11:50 +0200] "GET /viewtopic.php?p=253125 HTTP/1.1" 200 8634 "-" "Mozilla/5.0 (compatible; MJ12bot/v1.4.5; http://www.majestic12.co.uk/bot.php?+)"
5.9.89.170 - - [01/Jun/2015:07:11:50 +0200] "GET /viewtopic.php?t=3154&p=18969 HTTP/1.0" 200 23022 "-" "Mozilla/5.0 (compatible; MJ12bot/v1.4.5; http://www.majestic12.co.uk/bot.php?+)"
5.9.89.170 - - [01/Jun/2015:07:11:52 +0200] "GET /viewtopic.php?t=3154&p=18971 HTTP/1.0" 200 23022 "-" "Mozilla/5.0 (compatible; MJ12bot/v1.4.5; http://www.majestic12.co.uk/bot.php?+)"
5.9.89.170 - - [01/Jun/2015:07:11:53 +0200] "GET /viewtopic.php?t=3154&p=18972 HTTP/1.0" 200 23022 "-" "Mozilla/5.0 (compatible; MJ12bot/v1.4.5; http://www.majestic12.co.uk/bot.php?+)"
180.76.15.140 - - [01/Jun/2015:07:11:53 +0200] "GET /viewtopic.php?t=27713&p=187600 HTTP/1.1" 200 11317 "-" "Mozilla/5.0 (compatible; Baiduspider/2.0; +http://www.baidu.com/search/spider.html)"
5.9.89.170 - - [01/Jun/2015:07:11:54 +0200] "GET /viewtopic.php?t=3154&p=18992 HTTP/1.0" 200 23022 "-" "Mozilla/5.0 (compatible; MJ12bot/v1.4.5; http://www.majestic12.co.uk/bot.php?+)"
5.9.89.170 - - [01/Jun/2015:07:11:56 +0200] "GET /viewtopic.php?t=3154&p=18993 HTTP/1.0" 200 23022 "-" "Mozilla/5.0 (compatible; MJ12bot/v1.4.5; http://www.majestic12.co.uk/bot.php?+)"
66.249.67.118 - - [01/Jun/2015:07:11:56 +0200] "GET /viewtopic.php?t=42124&p=265175 HTTP/1.1" 200 8353 "-" "Mozilla/5.0 (compatible; Googlebot/2.1; +http://www.google.com/bot.html)"
5.9.89.170 - - [01/Jun/2015:07:11:57 +0200] "GET /viewtopic.php?t=3154&p=18994 HTTP/1.0" 200 23022 "-" "Mozilla/5.0 (compatible; MJ12bot/v1.4.5; http://www.majestic12.co.uk/bot.php?+)"
77.100.248.6 - - [01/Jun/2015:07:11:58 +0200] "GET /viewtopic.php?p=253144 HTTP/1.1" 200 6774 "-" "Mozilla/5.0 (compatible; MJ12bot/v1.4.5; http://www.majestic12.co.uk/bot.php?+)"
5.9.89.170 - - [01/Jun/2015:07:11:59 +0200] "GET /viewtopic.php?t=3155&p=18974 HTTP/1.0" 200 14388 "-" "Mozilla/5.0 (compatible; MJ12bot/v1.4.5; http://www.majestic12.co.uk/bot.php?+)"
5.9.89.170 - - [01/Jun/2015:07:12:00 +0200] "GET /viewtopic.php?t=3155&p=18982 HTTP/1.0" 200 14388 "-" "Mozilla/5.0 (compatible; MJ12bot/v1.4.5; http://www.majestic12.co.uk/bot.php?+)"
5.9.89.170 - - [01/Jun/2015:07:12:02 +0200] "GET /viewtopic.php?t=31606&p=208303 HTTP/1.0" 200 15453 "-" "Mozilla/5.0 (compatible; MJ12bot/v1.4.5; http://www.majestic12.co.uk/bot.php?+)"
5.9.89.170 - - [01/Jun/2015:07:12:03 +0200] "GET /viewtopic.php?t=31606&p=208344 HTTP/1.0" 200 15453 "-" "Mozilla/5.0 (compatible; MJ12bot/v1.4.5; http://www.majestic12.co.uk/bot.php?+)"
77.100.248.6 - - [01/Jun/2015:07:12:05 +0200] "GET /viewtopic.php?p=253157 HTTP/1.1" 200 6772 "-" "Mozilla/5.0 (compatible; MJ12bot/v1.4.5; http://www.majestic12.co.uk/bot.php?+)"
5.9.89.170 - - [01/Jun/2015:07:12:05 +0200] "GET /viewtopic.php?t=34504 HTTP/1.0" 200 23028 "-" "Mozilla/5.0 (compatible; MJ12bot/v1.4.5; http://www.majestic12.co.uk/bot.php?+)"
5.9.89.170 - - [01/Jun/2015:07:12:06 +0200] "GET /viewtopic.php?t=34520 HTTP/1.0" 200 24242 "-" "Mozilla/5.0 (compatible; MJ12bot/v1.4.5; http://www.majestic12.co.uk/bot.php?+)"
5.9.89.170 - - [01/Jun/2015:07:12:08 +0200] "GET /viewtopic.php?t=37102&p=235037 HTTP/1.0" 200 39889 "-" "Mozilla/5.0 (compatible; MJ12bot/v1.4.5; http://www.majestic12.co.uk/bot.php?+)"
77.100.248.6 - - [01/Jun/2015:07:12:08 +0200] "GET /viewtopic.php?p=253170 HTTP/1.1" 200 5763 "-" "Mozilla/5.0 (compatible; MJ12bot/v1.4.5; http://www.majestic12.co.uk/bot.php?+)"
5.9.89.170 - - [01/Jun/2015:07:12:10 +0200] "GET /viewtopic.php?t=37102&p=235040 HTTP/1.0" 200 39889 "-" "Mozilla/5.0 (compatible; MJ12bot/v1.4.5; http://www.majestic12.co.uk/bot.php?+)"
5.9.89.170 - - [01/Jun/2015:07:12:11 +0200] "GET /viewtopic.php?t=37102&p=235061 HTTP/1.0" 200 39889 "-" "Mozilla/5.0 (compatible; MJ12bot/v1.4.5; http://www.majestic12.co.uk/bot.php?+)"
5.9.89.170 - - [01/Jun/2015:07:12:13 +0200] "GET /viewtopic.php?t=37102&p=235222 HTTP/1.0" 200 39889 "-" "Mozilla/5.0 (compatible; MJ12bot/v1.4.5; http://www.majestic12.co.uk/bot.php?+)"
77.100.248.6 - - [01/Jun/2015:07:12:14 +0200] "GET /viewtopic.php?p=253173 HTTP/1.1" 200 5761 "-" "Mozilla/5.0 (compatible; MJ12bot/v1.4.5; http://www.majestic12.co.uk/bot.php?+)"
5.9.89.170 - - [01/Jun/2015:07:12:14 +0200] "GET /viewtopic.php?t=37102&p=235234 HTTP/1.0" 200 39889 "-" "Mozilla/5.0 (compatible; MJ12bot/v1.4.5; http://www.majestic12.co.uk/bot.php?+)"
5.9.89.170 - - [01/Jun/2015:07:12:15 +0200] "GET /viewtopic.php?t=37102&p=235240 HTTP/1.0" 200 39889 "-" "Mozilla/5.0 (compatible; MJ12bot/v1.4.5; http://www.majestic12.co.uk/bot.php?+)"
5.9.89.170 - - [01/Jun/2015:07:12:17 +0200] "GET /viewtopic.php?t=37102&p=235244 HTTP/1.0" 200 39889 "-" "Mozilla/5.0 (compatible; MJ12bot/v1.4.5; http://www.majestic12.co.uk/bot.php?+)"
77.100.248.6 - - [01/Jun/2015:07:12:17 +0200] "GET /viewtopic.php?p=253188 HTTP/1.1" 200 7498 "-" "Mozilla/5.0 (compatible; MJ12bot/v1.4.5; http://www.majestic12.co.uk/bot.php?+)"
5.9.89.170 - - [01/Jun/2015:07:12:18 +0200] "GET /viewtopic.php?t=37102&p=235247 HTTP/1.0" 200 39889 "-" "Mozilla/5.0 (compatible; MJ12bot/v1.4.5; http://www.majestic12.co.uk/bot.php?+)"
66.249.67.105 - - [01/Jun/2015:07:12:20 +0200] "GET /viewtopic.php?t=382&p=2018 HTTP/1.1" 200 8347 "-" "Mozilla/5.0 (compatible; Googlebot/2.1; +http://www.google.com/bot.html)"
5.9.89.170 - - [01/Jun/2015:07:12:20 +0200] "GET /viewtopic.php?t=37102&p=235248 HTTP/1.0" 200 39889 "-" "Mozilla/5.0 (compatible; MJ12bot/v1.4.5; http://www.majestic12.co.uk/bot.php?+)"
66.249.67.105 - - [01/Jun/2015:07:12:21 +0200] "GET /viewtopic.php?f=25&t=22968 HTTP/1.1" 200 7731 "-" "Mozilla/5.0 (compatible; Googlebot/2.1; +http://www.google.com/bot.html)"
77.100.248.6 - - [01/Jun/2015:07:12:21 +0200] "GET /viewtopic.php?p=253189 HTTP/1.1" 200 7498 "-" "Mozilla/5.0 (compatible; MJ12bot/v1.4.5; http://www.majestic12.co.uk/bot.php?+)"
5.9.89.170 - - [01/Jun/2015:07:12:22 +0200] "GET /viewtopic.php?t=37102&p=235260 HTTP/1.0" 200 39889 "-" "Mozilla/5.0 (compatible; MJ12bot/v1.4.5; http://www.majestic12.co.uk/bot.php?+)"
5.9.89.170 - - [01/Jun/2015:07:12:23 +0200] "GET /viewtopic.php?t=37102&p=235263 HTTP/1.0" 200 39889 "-" "Mozilla/5.0 (compatible; MJ12bot/v1.4.5; http://www.majestic12.co.uk/bot.php?+)"
77.100.248.6 - - [01/Jun/2015:07:12:25 +0200] "GET /viewtopic.php?p=253197 HTTP/1.1" 200 9548 "-" "Mozilla/5.0 (compatible; MJ12bot/v1.4.5; http://www.majestic12.co.uk/bot.php?+)"
5.9.89.170 - - [01/Jun/2015:07:12:25 +0200] "GET /viewtopic.php?t=37102&p=235290 HTTP/1.0" 200 39889 "-" "Mozilla/5.0 (compatible; MJ12bot/v1.4.5; http://www.majestic12.co.uk/bot.php?+)"
5.9.89.170 - - [01/Jun/2015:07:12:26 +0200] "GET /viewtopic.php?t=3901&p=25173 HTTP/1.0" 200 37326 "-" "Mozilla/5.0 (compatible; MJ12bot/v1.4.5; http://www.majestic12.co.uk/bot.php?+)"
5.9.89.170 - - [01/Jun/2015:07:12:28 +0200] "GET /viewtopic.php?t=3901&p=25174 HTTP/1.0" 200 37326 "-" "Mozilla/5.0 (compatible; MJ12bot/v1.4.5; http://www.majestic12.co.uk/bot.php?+)"
5.9.89.170 - - [01/Jun/2015:07:12:29 +0200] "GET /viewtopic.php?t=3901&p=25184 HTTP/1.0" 200 37326 "-" "Mozilla/5.0 (compatible; MJ12bot/v1.4.5; http://www.majestic12.co.uk/bot.php?+)"
77.100.248.6 - - [01/Jun/2015:07:12:30 +0200] "GET /viewtopic.php?p=253277 HTTP/1.1" 200 6202 "-" "Mozilla/5.0 (compatible; MJ12bot/v1.4.5; http://www.majestic12.co.uk/bot.php?+)"
5.9.89.170 - - [01/Jun/2015:07:12:31 +0200] "GET /viewtopic.php?t=3901&p=25194 HTTP/1.0" 200 37326 "-" "Mozilla/5.0 (compatible; MJ12bot/v1.4.5; http://www.majestic12.co.uk/bot.php?+)"
5.9.89.170 - - [01/Jun/2015:07:12:32 +0200] "GET /viewtopic.php?t=3901&p=25197 HTTP/1.0" 200 37326 "-" "Mozilla/5.0 (compatible; MJ12bot/v1.4.5; http://www.majestic12.co.uk/bot.php?+)"
5.9.89.170 - - [01/Jun/2015:07:12:34 +0200] "GET /viewtopic.php?t=3901&p=25209 HTTP/1.0" 200 37326 "-" "Mozilla/5.0 (compatible; MJ12bot/v1.4.5; http://www.majestic12.co.uk/bot.php?+)"
77.100.248.6 - - [01/Jun/2015:07:12:36 +0200] "GET /viewtopic.php?p=253282 HTTP/1.1" 200 6178 "-" "Mozilla/5.0 (compatible; MJ12bot/v1.4.5; http://www.majestic12.co.uk/bot.php?+)"
5.9.89.170 - - [01/Jun/2015:07:12:35 +0200] "GET /viewtopic.php?t=3901&p=25217 HTTP/1.0" 200 37326 "-" "Mozilla/5.0 (compatible; MJ12bot/v1.4.5; http://www.majestic12.co.uk/bot.php?+)"
5.9.89.170 - - [01/Jun/2015:07:12:37 +0200] "GET /viewtopic.php?t=3901&p=25246 HTTP/1.0" 200 37326 "-" "Mozilla/5.0 (compatible; MJ12bot/v1.4.5; http://www.majestic12.co.uk/bot.php?+)"
5.9.89.170 - - [01/Jun/2015:07:12:39 +0200] "GET /viewtopic.php?t=3901&p=25252 HTTP/1.0" 200 37326 "-" "Mozilla/5.0 (compatible; MJ12bot/v1.4.5; http://www.majestic12.co.uk/bot.php?+)"
208.115.111.74 - - [01/Jun/2015:07:12:38 +0200] "GET /viewtopic.php?p=239519 HTTP/1.1" 200 49623 "-" "Mozilla/5.0 (compatible; DotBot/1.1; http://www.opensiteexplorer.org/dotbot, help@moz.com)"
199.30.24.45 - - [01/Jun/2015:07:12:39 +0200] "GET /style.php?id=1&lang=en&sid=51fc43e2f9fb80d442628d66a6d64afa HTTP/1.1" 200 13888 "http://forums.ixus.net/" "Mozilla/5.0 (iPhone; CPU iPhone OS 7_0 like Mac OS X) AppleWebKit/537.51.1 (KHTML, like Gecko) Version/7.0 Mobile/11A465 Safari/9537.53 BingPreview/1.0b"
77.100.248.6 - - [01/Jun/2015:07:12:40 +0200] "GET /viewtopic.php?p=253336 HTTP/1.1" 200 5143 "-" "Mozilla/5.0 (compatible; MJ12bot/v1.4.5; http://www.majestic12.co.uk/bot.php?+)"
5.9.89.170 - - [01/Jun/2015:07:12:40 +0200] "GET /viewtopic.php?t=3901&p=25302 HTTP/1.0" 200 37326 "-" "Mozilla/5.0 (compatible; MJ12bot/v1.4.5; http://www.majestic12.co.uk/bot.php?+)"
5.9.89.170 - - [01/Jun/2015:07:12:41 +0200] "GET /viewtopic.php?t=3901&p=25314 HTTP/1.0" 200 37326 "-" "Mozilla/5.0 (compatible; MJ12bot/v1.4.5; http://www.majestic12.co.uk/bot.php?+)"
5.9.89.170 - - [01/Jun/2015:07:12:43 +0200] "GET /viewtopic.php?t=3901&p=25318 HTTP/1.0" 200 18782 "-" "Mozilla/5.0 (compatible; MJ12bot/v1.4.5; http://www.majestic12.co.uk/bot.php?+)"
77.100.248.6 - - [01/Jun/2015:07:12:43 +0200] "GET /viewtopic.php?p=253337 HTTP/1.1" 200 5142 "-" "Mozilla/5.0 (compatible; MJ12bot/v1.4.5; http://www.majestic12.co.uk/bot.php?+)"
5.9.89.170 - - [01/Jun/2015:07:12:45 +0200] "GET /viewtopic.php?t=3901&p=25324 HTTP/1.0" 200 18782 "-" "Mozilla/5.0 (compatible; MJ12bot/v1.4.5; http://www.majestic12.co.uk/bot.php?+)"
5.9.89.170 - - [01/Jun/2015:07:12:46 +0200] "GET /viewtopic.php?t=3901&p=25357 HTTP/1.0" 200 18782 "-" "Mozilla/5.0 (compatible; MJ12bot/v1.4.5; http://www.majestic12.co.uk/bot.php?+)"
77.100.248.6 - - [01/Jun/2015:07:12:47 +0200] "GET /viewtopic.php?p=253347 HTTP/1.1" 200 7627 "-" "Mozilla/5.0 (compatible; MJ12bot/v1.4.5; http://www.majestic12.co.uk/bot.php?+)"
5.9.89.170 - - [01/Jun/2015:07:12:48 +0200] "GET /viewtopic.php?t=3901&p=25466 HTTP/1.0" 200 18782 "-" "Mozilla/5.0 (compatible; MJ12bot/v1.4.5; http://www.majestic12.co.uk/bot.php?+)"
5.9.89.170 - - [01/Jun/2015:07:12:49 +0200] "GET /viewtopic.php?t=39263&highlight=sysmon HTTP/1.0" 200 16312 "-" "Mozilla/5.0 (compatible; MJ12bot/v1.4.5; http://www.majestic12.co.uk/bot.php?+)"
5.9.89.170 - - [01/Jun/2015:07:12:50 +0200] "GET /viewtopic.php?t=41291&p=260272 HTTP/1.0" 200 22319 "-" "Mozilla/5.0 (compatible; MJ12bot/v1.4.5; http://www.majestic12.co.uk/bot.php?+)"
77.100.248.6 - - [01/Jun/2015:07:12:52 +0200] "GET /viewtopic.php?p=253349 HTTP/1.1" 200 7626 "-" "Mozilla/5.0 (compatible; MJ12bot/v1.4.5; http://www.majestic12.co.uk/bot.php?+)"
5.9.89.170 - - [01/Jun/2015:07:12:52 +0200] "GET /viewtopic.php?t=41291&p=260273 HTTP/1.0" 200 22319 "-" "Mozilla/5.0 (compatible; MJ12bot/v1.4.5; http://www.majestic12.co.uk/bot.php?+)"
5.9.89.170 - - [01/Jun/2015:07:12:54 +0200] "GET /viewtopic.php?t=41291&p=260281 HTTP/1.0" 200 22319 "-" "Mozilla/5.0 (compatible; MJ12bot/v1.4.5; http://www.majestic12.co.uk/bot.php?+)"
77.100.248.6 - - [01/Jun/2015:07:12:56 +0200] "GET /viewtopic.php?p=253355 HTTP/1.1" 200 6202 "-" "Mozilla/5.0 (compatible; MJ12bot/v1.4.5; http://www.majestic12.co.uk/bot.php?+)"
77.100.248.6 - - [01/Jun/2015:07:13:00 +0200] "GET /viewtopic.php?p=253413 HTTP/1.1" 200 8058 "-" "Mozilla/5.0 (compatible; MJ12bot/v1.4.5; http://www.majestic12.co.uk/bot.php?+)"
77.100.248.6 - - [01/Jun/2015:07:13:04 +0200] "GET /viewtopic.php?p=253439 HTTP/1.1" 200 7702 "-" "Mozilla/5.0 (compatible; MJ12bot/v1.4.5; http://www.majestic12.co.uk/bot.php?+)"
66.249.67.105 - - [01/Jun/2015:07:13:08 +0200] "GET /viewtopic.php?t=382&p=2143 HTTP/1.1" 200 8347 "-" "Mozilla/5.0 (compatible; Googlebot/2.1; +http://www.google.com/bot.html)"
66.249.67.131 - - [01/Jun/2015:07:13:09 +0200] "GET /viewtopic.php?p=248703 HTTP/1.1" 200 5811 "-" "Mozilla/5.0 (compatible; Googlebot/2.1; +http://www.google.com/bot.html)"
77.100.248.6 - - [01/Jun/2015:07:13:12 +0200] "GET /viewtopic.php?p=253440 HTTP/1.1" 200 7702 "-" "Mozilla/5.0 (compatible; MJ12bot/v1.4.5; http://www.majestic12.co.uk/bot.php?+)"
77.100.248.6 - - [01/Jun/2015:07:13:20 +0200] "GET /viewtopic.php?p=253516 HTTP/1.1" 200 8321 "-" "Mozilla/5.0 (compatible; MJ12bot/v1.4.5; http://www.majestic12.co.uk/bot.php?+)"
77.100.248.6 - - [01/Jun/2015:07:13:24 +0200] "GET /viewtopic.php?p=253519 HTTP/1.1" 200 5628 "-" "Mozilla/5.0 (compatible; MJ12bot/v1.4.5; http://www.majestic12.co.uk/bot.php?+)"
77.100.248.6 - - [01/Jun/2015:07:13:28 +0200] "GET /viewtopic.php?p=253551 HTTP/1.1" 200 5842 "-" "Mozilla/5.0 (compatible; MJ12bot/v1.4.5; http://www.majestic12.co.uk/bot.php?+)"
77.100.248.6 - - [01/Jun/2015:07:13:33 +0200] "GET /viewtopic.php?p=253578 HTTP/1.1" 200 6024 "-" "Mozilla/5.0 (compatible; MJ12bot/v1.4.5; http://www.majestic12.co.uk/bot.php?+)"
77.100.248.6 - - [01/Jun/2015:07:13:36 +0200] "GET /viewtopic.php?p=253582 HTTP/1.1" 200 6024 "-" "Mozilla/5.0 (compatible; MJ12bot/v1.4.5; http://www.majestic12.co.uk/bot.php?+)"
77.100.248.6 - - [01/Jun/2015:07:13:40 +0200] "GET /viewtopic.php?p=253596 HTTP/1.1" 200 5842 "-" "Mozilla/5.0 (compatible; MJ12bot/v1.4.5; http://www.majestic12.co.uk/bot.php?+)"
77.100.248.6 - - [01/Jun/2015:07:13:51 +0200] "GET /viewtopic.php?p=253601 HTTP/1.1" 200 6881 "-" "Mozilla/5.0 (compatible; MJ12bot/v1.4.5; http://www.majestic12.co.uk/bot.php?+)"
77.100.248.6 - - [01/Jun/2015:07:13:55 +0200] "GET /viewtopic.php?p=253602 HTTP/1.1" 200 6881 "-" "Mozilla/5.0 (compatible; MJ12bot/v1.4.5; http://www.majestic12.co.uk/bot.php?+)"
66.249.67.131 - - [01/Jun/2015:07:13:56 +0200] "GET /viewtopic.php?f=10&t=31406&start=0 HTTP/1.1" 200 5285 "-" "Mozilla/5.0 (compatible; Googlebot/2.1; +http://www.google.com/bot.html)"
77.100.248.6 - - [01/Jun/2015:07:14:00 +0200] "GET /viewtopic.php?t=10&view=previous HTTP/1.1" 200 4859 "-" "Mozilla/5.0 (compatible; MJ12bot/v1.4.5; http://www.majestic12.co.uk/bot.php?+)"
77.100.248.6 - - [01/Jun/2015:07:14:04 +0200] "GET /viewtopic.php?t=100&view=next HTTP/1.1" 200 5819 "-" "Mozilla/5.0 (compatible; MJ12bot/v1.4.5; http://www.majestic12.co.uk/bot.php?+)"
178.255.215.89 - - [01/Jun/2015:07:14:08 +0200] "GET /viewtopic.php?t=15258&p=111347 HTTP/1.1" 200 6476 "-" "Mozilla/5.0 (compatible; Exabot/3.0; +http://www.exabot.com/go/robot)"
77.100.248.6 - - [01/Jun/2015:07:14:08 +0200] "GET /viewtopic.php?t=10005&view=next HTTP/1.1" 200 7408 "-" "Mozilla/5.0 (compatible; MJ12bot/v1.4.5; http://www.majestic12.co.uk/bot.php?+)"
77.100.248.6 - - [01/Jun/2015:07:14:13 +0200] "GET /viewtopic.php?t=10005&view=previous HTTP/1.1" 200 6569 "-" "Mozilla/5.0 (compatible; MJ12bot/v1.4.5; http://www.majestic12.co.uk/bot.php?+)"
77.100.248.6 - - [01/Jun/2015:07:14:17 +0200] "GET /viewtopic.php?t=10007 HTTP/1.1" 200 6327 "-" "Mozilla/5.0 (compatible; MJ12bot/v1.4.5; http://www.majestic12.co.uk/bot.php?+)"
66.249.67.105 - - [01/Jun/2015:07:14:20 +0200] "GET /feed.php?f=1&t=6099 HTTP/1.1" 200 12376 "-" "Mozilla/5.0 (compatible; Googlebot/2.1; +http://www.google.com/bot.html)"
77.100.248.6 - - [01/Jun/2015:07:14:21 +0200] "GET /viewtopic.php?t=10010 HTTP/1.1" 200 5691 "-" "Mozilla/5.0 (compatible; MJ12bot/v1.4.5; http://www.majestic12.co.uk/bot.php?+)"
66.249.67.118 - - [01/Jun/2015:07:14:21 +0200] "GET /viewtopic.php?t=19903&p=142886 HTTP/1.1" 200 6696 "-" "Mozilla/5.0 (compatible; Googlebot/2.1; +http://www.google.com/bot.html)"
68.180.229.31 - - [01/Jun/2015:07:14:24 +0200] "GET /viewtopic.php?t=20799&highlight=interscan+viruswall HTTP/1.1" 200 10388 "-" "Mozilla/5.0 (compatible; Yahoo! Slurp; http://help.yahoo.com/help/us/ysearch/slurp)"
77.100.248.6 - - [01/Jun/2015:07:14:24 +0200] "GET /viewtopic.php?t=10024&start=0&postdays=0&postorder=asc&highlight= HTTP/1.1" 200 6501 "-" "Mozilla/5.0 (compatible; MJ12bot/v1.4.5; http://www.majestic12.co.uk/bot.php?+)"
77.100.248.6 - - [01/Jun/2015:07:14:38 +0200] "GET /viewtopic.php?t=10027&postdays=0&postorder=asc&start=0 HTTP/1.1" 200 7535 "-" "Mozilla/5.0 (compatible; MJ12bot/v1.4.5; http://www.majestic12.co.uk/bot.php?+)"
207.46.13.70 - - [01/Jun/2015:07:14:41 +0200] "GET /viewtopic.php?p=238357 HTTP/1.1" 200 8070 "-" "Mozilla/5.0 (compatible; bingbot/2.0; +http://www.bing.com/bingbot.htm)"
77.100.248.6 - - [01/Jun/2015:07:14:43 +0200] "GET /viewtopic.php?t=1003&start=0&postdays=0&postorder=asc&highlight= HTTP/1.1" 200 5874 "-" "Mozilla/5.0 (compatible; MJ12bot/v1.4.5; http://www.majestic12.co.uk/bot.php?+)"
66.249.67.131 - - [01/Jun/2015:07:14:45 +0200] "GET /viewtopic.php?p=253511 HTTP/1.1" 200 5398 "-" "Mozilla/5.0 (compatible; Googlebot/2.1; +http://www.google.com/bot.html)"
157.55.39.243 - - [01/Jun/2015:07:14:46 +0200] "GET /viewtopic.php?f=21&t=29514&start=0 HTTP/1.1" 200 7942 "-" "Mozilla/5.0 (compatible; bingbot/2.0; +http://www.bing.com/bingbot.htm)"
77.100.248.6 - - [01/Jun/2015:07:14:48 +0200] "GET /viewtopic.php?t=1003&view=next HTTP/1.1" 200 6960 "-" "Mozilla/5.0 (compatible; MJ12bot/v1.4.5; http://www.majestic12.co.uk/bot.php?+)"
77.100.248.6 - - [01/Jun/2015:07:14:52 +0200] "GET /viewtopic.php?t=10032 HTTP/1.1" 200 7059 "-" "Mozilla/5.0 (compatible; MJ12bot/v1.4.5; http://www.majestic12.co.uk/bot.php?+)"
77.100.248.6 - - [01/Jun/2015:07:14:55 +0200] "GET /viewtopic.php?t=10032&view=next HTTP/1.1" 200 6487 "-" "Mozilla/5.0 (compatible; MJ12bot/v1.4.5; http://www.majestic12.co.uk/bot.php?+)"
77.100.248.6 - - [01/Jun/2015:07:15:01 +0200] "GET /viewtopic.php?t=1005&view=previous HTTP/1.1" 200 5543 "-" "Mozilla/5.0 (compatible; MJ12bot/v1.4.5; http://www.majestic12.co.uk/bot.php?+)"
77.100.248.6 - - [01/Jun/2015:07:15:04 +0200] "GET /viewtopic.php?t=10052 HTTP/1.1" 200 8555 "-" "Mozilla/5.0 (compatible; MJ12bot/v1.4.5; http://www.majestic12.co.uk/bot.php?+)"
77.100.248.6 - - [01/Jun/2015:07:15:08 +0200] "GET /viewtopic.php?t=10053 HTTP/1.1" 200 9107 "-" "Mozilla/5.0 (compatible; MJ12bot/v1.4.5; http://www.majestic12.co.uk/bot.php?+)"
68.180.229.31 - - [01/Jun/2015:07:15:09 +0200] "GET /viewtopic.php?t=43551&start=2 HTTP/1.1" 200 6469 "-" "Mozilla/5.0 (compatible; Yahoo! Slurp; http://help.yahoo.com/help/us/ysearch/slurp)"
66.249.67.105 - - [01/Jun/2015:07:15:09 +0200] "GET /viewtopic.php?f=19&t=32767 HTTP/1.1" 200 12235 "-" "Mozilla/5.0 (compatible; Googlebot/2.1; +http://www.google.com/bot.html)"
77.100.248.6 - - [01/Jun/2015:07:15:13 +0200] "GET /viewtopic.php?t=10053&start=0 HTTP/1.1" 200 9142 "-" "Mozilla/5.0 (compatible; MJ12bot/v1.4.5; http://www.majestic12.co.uk/bot.php?+)"
81.52.143.29 - - [01/Jun/2015:07:15:15 +0200] "GET /viewtopic.php?f=4&t=23634 HTTP/1.1" 200 6167 "-" "Mozilla/5.0 (compatible; OrangeBot/2.0; support.orangebot@orange.com)"
178.255.215.89 - - [01/Jun/2015:07:15:15 +0200] "GET /viewtopic.php?t=15316&p=112096 HTTP/1.1" 200 11693 "-" "Mozilla/5.0 (compatible; Exabot/3.0; +http://www.exabot.com/go/robot)"
77.100.248.6 - - [01/Jun/2015:07:15:17 +0200] "GET /viewtopic.php?t=10053&start=15 HTTP/1.1" 200 7545 "-" "Mozilla/5.0 (compatible; MJ12bot/v1.4.5; http://www.majestic12.co.uk/bot.php?+)"
77.100.248.6 - - [01/Jun/2015:07:15:21 +0200] "GET /viewtopic.php?t=10055&start=0&postdays=0&postorder=asc&highlight= HTTP/1.1" 200 5524 "-" "Mozilla/5.0 (compatible; MJ12bot/v1.4.5; http://www.majestic12.co.uk/bot.php?+)"
66.249.67.131 - - [01/Jun/2015:07:15:24 +0200] "GET /viewtopic.php?t=7128&p=54823 HTTP/1.1" 200 7138 "-" "Mozilla/5.0 (compatible; Googlebot/2.1; +http://www.google.com/bot.html)"
77.100.248.6 - - [01/Jun/2015:07:15:25 +0200] "GET /viewtopic.php?t=10055&view=previous HTTP/1.1" 200 6502 "-" "Mozilla/5.0 (compatible; MJ12bot/v1.4.5; http://www.majestic12.co.uk/bot.php?+)"
81.52.143.30 - - [01/Jun/2015:07:15:25 +0200] "GET /viewtopic.php?f=11&t=38427 HTTP/1.1" 200 5921 "-" "Mozilla/5.0 (compatible; OrangeBot/2.0; support.orangebot@orange.com)"
77.100.248.6 - - [01/Jun/2015:07:15:30 +0200] "GET /viewtopic.php?t=1006&start=0&postdays=0&postorder=asc&highlight= HTTP/1.1" 200 5006 "-" "Mozilla/5.0 (compatible; MJ12bot/v1.4.5; http://www.majestic12.co.uk/bot.php?+)"
66.249.67.105 - - [01/Jun/2015:07:15:33 +0200] "GET /viewtopic.php?t=30505&p=203258 HTTP/1.1" 200 6860 "-" "Mozilla/5.0 (compatible; Googlebot/2.1; +http://www.google.com/bot.html)"
77.100.248.6 - - [01/Jun/2015:07:15:34 +0200] "GET /viewtopic.php?t=10069&start=0&postdays=0&postorder=asc&highlight= HTTP/1.1" 200 5268 "-" "Mozilla/5.0 (compatible; MJ12bot/v1.4.5; http://www.majestic12.co.uk/bot.php?+)"
77.100.248.6 - - [01/Jun/2015:07:15:38 +0200] "GET /viewtopic.php?t=10074&view=next HTTP/1.1" 200 5604 "-" "Mozilla/5.0 (compatible; MJ12bot/v1.4.5; http://www.majestic12.co.uk/bot.php?+)"
77.100.248.6 - - [01/Jun/2015:07:15:42 +0200] "GET /viewtopic.php?t=1009&view=previous HTTP/1.1" 200 7693 "-" "Mozilla/5.0 (compatible; MJ12bot/v1.4.5; http://www.majestic12.co.uk/bot.php?+)"
77.100.248.6 - - [01/Jun/2015:07:15:47 +0200] "GET /viewtopic.php?t=10093 HTTP/1.1" 200 8005 "-" "Mozilla/5.0 (compatible; MJ12bot/v1.4.5; http://www.majestic12.co.uk/bot.php?+)"
77.100.248.6 - - [01/Jun/2015:07:15:51 +0200] "GET /viewtopic.php?t=10093&start=15 HTTP/1.1" 200 7382 "-" "Mozilla/5.0 (compatible; MJ12bot/v1.4.5; http://www.majestic12.co.uk/bot.php?+)"
77.100.248.6 - - [01/Jun/2015:07:15:55 +0200] "GET /viewtopic.php?t=101&start=0&postdays=0&postorder=asc&highlight= HTTP/1.1" 200 5820 "-" "Mozilla/5.0 (compatible; MJ12bot/v1.4.5; http://www.majestic12.co.uk/bot.php?+)"
66.249.67.118 - - [01/Jun/2015:07:15:57 +0200] "GET /viewtopic.php?t=29363&p=197145 HTTP/1.1" 200 12322 "-" "Mozilla/5.0 (compatible; Googlebot/2.1; +http://www.google.com/bot.html)"
77.100.248.6 - - [01/Jun/2015:07:15:59 +0200] "GET /viewtopic.php?t=10107&view=previous HTTP/1.1" 200 7043 "-" "Mozilla/5.0 (compatible; MJ12bot/v1.4.5; http://www.majestic12.co.uk/bot.php?+)"
193.252.118.179 - - [01/Jun/2015:07:16:03 +0200] "GET /viewtopic.php?f=2&t=43944 HTTP/1.1" 200 8209 "-" "Mozilla/5.0 (compatible; OrangeBot/2.0; support.orangebot@orange.com)"
77.100.248.6 - - [01/Jun/2015:07:16:03 +0200] "GET /viewtopic.php?t=10112&postdays=0&postorder=asc&start=0 HTTP/1.1" 200 7891 "-" "Mozilla/5.0 (compatible; MJ12bot/v1.4.5; http://www.majestic12.co.uk/bot.php?+)"
77.100.248.6 - - [01/Jun/2015:07:16:17 +0200] "GET /viewtopic.php?t=10140 HTTP/1.1" 200 6369 "-" "Mozilla/5.0 (compatible; MJ12bot/v1.4.5; http://www.majestic12.co.uk/bot.php?+)"
66.249.67.131 - - [01/Jun/2015:07:16:21 +0200] "GET /viewtopic.php?t=14314&p=105433 HTTP/1.1" 200 6594 "-" "Mozilla/5.0 (compatible; Googlebot/2.1; +http://www.google.com/bot.html)"
77.100.248.6 - - [01/Jun/2015:07:16:22 +0200] "GET /viewtopic.php?t=1015&start=0&postdays=0&postorder=asc&highlight= HTTP/1.1" 200 5420 "-" "Mozilla/5.0 (compatible; MJ12bot/v1.4.5; http://www.majestic12.co.uk/bot.php?+)"
66.249.67.118 - - [01/Jun/2015:07:16:22 +0200] "GET /viewtopic.php?t=6099&p=51770 HTTP/1.1" 200 8100 "-" "Mozilla/5.0 (compatible; Googlebot/2.1; +http://www.google.com/bot.html)"
77.100.248.6 - - [01/Jun/2015:07:16:26 +0200] "GET /viewtopic.php?t=10163 HTTP/1.1" 200 5750 "-" "Mozilla/5.0 (compatible; MJ12bot/v1.4.5; http://www.majestic12.co.uk/bot.php?+)"
77.100.248.6 - - [01/Jun/2015:07:16:30 +0200] "GET /viewtopic.php?t=10169&view=previous HTTP/1.1" 200 7229 "-" "Mozilla/5.0 (compatible; MJ12bot/v1.4.5; http://www.majestic12.co.uk/bot.php?+)"
94.228.34.203 - - [01/Jun/2015:07:16:34 +0200] "GET /feed.php?f=1&t=44488 HTTP/1.1" 200 17200 "-" "magpie-crawler/1.1 (U; Linux amd64; en-GB; +http://www.brandwatch.net)"
94.228.34.203 - - [01/Jun/2015:07:16:34 +0200] "GET /feed.php?f=37 HTTP/1.1" 200 28404 "-" "magpie-crawler/1.1 (U; Linux amd64; en-GB; +http://www.brandwatch.net)"
94.228.34.203 - - [01/Jun/2015:07:16:35 +0200] "GET /viewforum.php?f=28 HTTP/1.1" 200 11377 "-" "magpie-crawler/1.1 (U; Linux amd64; en-GB; +http://www.brandwatch.net)"
77.100.248.6 - - [01/Jun/2015:07:16:35 +0200] "GET /viewtopic.php?t=10172 HTTP/1.1" 200 7041 "-" "Mozilla/5.0 (compatible; MJ12bot/v1.4.5; http://www.majestic12.co.uk/bot.php?+)"
94.228.34.203 - - [01/Jun/2015:07:16:39 +0200] "GET /viewforum.php?f=36 HTTP/1.1" 200 5648 "-" "magpie-crawler/1.1 (U; Linux amd64; en-GB; +http://www.brandwatch.net)"
77.100.248.6 - - [01/Jun/2015:07:16:39 +0200] "GET /viewtopic.php?t=10182&view=previous HTTP/1.1" 200 6231 "-" "Mozilla/5.0 (compatible; MJ12bot/v1.4.5; http://www.majestic12.co.uk/bot.php?+)"
77.100.248.6 - - [01/Jun/2015:07:16:43 +0200] "GET /viewtopic.php?t=10184&view=previous HTTP/1.1" 200 8602 "-" "Mozilla/5.0 (compatible; MJ12bot/v1.4.5; http://www.majestic12.co.uk/bot.php?+)"
66.249.67.105 - - [01/Jun/2015:07:16:45 +0200] "GET /viewtopic.php?t=41078&p=258890 HTTP/1.1" 200 7446 "-" "Mozilla/5.0 (compatible; Googlebot/2.1; +http://www.google.com/bot.html)"
77.100.248.6 - - [01/Jun/2015:07:16:47 +0200] "GET /viewtopic.php?t=10186&view=next HTTP/1.1" 200 6232 "-" "Mozilla/5.0 (compatible; MJ12bot/v1.4.5; http://www.majestic12.co.uk/bot.php?+)"
77.100.248.6 - - [01/Jun/2015:07:16:51 +0200] "GET /viewtopic.php?t=10189 HTTP/1.1" 200 4795 "-" "Mozilla/5.0 (compatible; MJ12bot/v1.4.5; http://www.majestic12.co.uk/bot.php?+)"
77.100.248.6 - - [01/Jun/2015:07:16:56 +0200] "GET /viewtopic.php?t=10196&view=next HTTP/1.1" 200 7133 "-" "Mozilla/5.0 (compatible; MJ12bot/v1.4.5; http://www.majestic12.co.uk/bot.php?+)"
77.100.248.6 - - [01/Jun/2015:07:17:00 +0200] "GET /viewtopic.php?t=10211 HTTP/1.1" 200 6376 "-" "Mozilla/5.0 (compatible; MJ12bot/v1.4.5; http://www.majestic12.co.uk/bot.php?+)"
77.100.248.6 - - [01/Jun/2015:07:17:04 +0200] "GET /viewtopic.php?t=10214&view=previous HTTP/1.1" 200 5161 "-" "Mozilla/5.0 (compatible; MJ12bot/v1.4.5; http://www.majestic12.co.uk/bot.php?+)"
77.100.248.6 - - [01/Jun/2015:07:17:09 +0200] "GET /viewtopic.php?t=10223&postdays=0&postorder=asc&start=0 HTTP/1.1" 200 9752 "-" "Mozilla/5.0 (compatible; MJ12bot/v1.4.5; http://www.majestic12.co.uk/bot.php?+)"
66.249.67.105 - - [01/Jun/2015:07:17:09 +0200] "GET /viewtopic.php?t=39986&p=251802 HTTP/1.1" 200 6218 "-" "Mozilla/5.0 (compatible; Googlebot/2.1; +http://www.google.com/bot.html)"
77.100.248.6 - - [01/Jun/2015:07:17:14 +0200] "GET /viewtopic.php?t=10223&view=previous HTTP/1.1" 200 8530 "-" "Mozilla/5.0 (compatible; MJ12bot/v1.4.5; http://www.majestic12.co.uk/bot.php?+)"
77.100.248.6 - - [01/Jun/2015:07:17:19 +0200] "GET /viewtopic.php?t=10226 HTTP/1.1" 200 10253 "-" "Mozilla/5.0 (compatible; MJ12bot/v1.4.5; http://www.majestic12.co.uk/bot.php?+)"
157.55.39.244 - - [01/Jun/2015:07:17:23 +0200] "GET /feed.php?f=10&t=30288 HTTP/1.1" 200 3503 "-" "Mozilla/5.0 (compatible; bingbot/2.0; +http://www.bing.com/bingbot.htm)"
77.100.248.6 - - [01/Jun/2015:07:17:23 +0200] "GET /viewtopic.php?t=10226&postdays=0&postorder=asc&start=30 HTTP/1.1" 200 12287 "-" "Mozilla/5.0 (compatible; MJ12bot/v1.4.5; http://www.majestic12.co.uk/bot.php?+)"
77.100.248.6 - - [01/Jun/2015:07:17:27 +0200] "GET /viewtopic.php?t=10226&start=0 HTTP/1.1" 200 10253 "-" "Mozilla/5.0 (compatible; MJ12bot/v1.4.5; http://www.majestic12.co.uk/bot.php?+)"
77.100.248.6 - - [01/Jun/2015:07:17:31 +0200] "GET /viewtopic.php?t=10226&start=30 HTTP/1.1" 200 12287 "-" "Mozilla/5.0 (compatible; MJ12bot/v1.4.5; http://www.majestic12.co.uk/bot.php?+)"
66.249.67.118 - - [01/Jun/2015:07:17:33 +0200] "GET /viewtopic.php?f=10&t=43847 HTTP/1.1" 200 6247 "-" "Mozilla/5.0 (compatible; Googlebot/2.1; +http://www.google.com/bot.html)"
77.100.248.6 - - [01/Jun/2015:07:17:36 +0200] "GET /viewtopic.php?t=10229 HTTP/1.1" 200 5014 "-" "Mozilla/5.0 (compatible; MJ12bot/v1.4.5; http://www.majestic12.co.uk/bot.php?+)"
77.100.248.6 - - [01/Jun/2015:07:17:39 +0200] "GET /viewtopic.php?t=10229&start=0&postdays=0&postorder=asc&highlight= HTTP/1.1" 200 5014 "-" "Mozilla/5.0 (compatible; MJ12bot/v1.4.5; http://www.majestic12.co.uk/bot.php?+)"
207.46.13.70 - - [01/Jun/2015:07:17:42 +0200] "GET /robots.txt HTTP/1.1" 404 556 "-" "Mozilla/5.0 (compatible; bingbot/2.0; +http://www.bing.com/bingbot.htm)"
81.52.143.36 - - [01/Jun/2015:07:17:43 +0200] "GET /viewtopic.php?f=4&t=20247 HTTP/1.1" 200 6088 "-" "Mozilla/5.0 (compatible; OrangeBot/2.0; support.orangebot@orange.com)"
77.100.248.6 - - [01/Jun/2015:07:17:45 +0200] "GET /viewtopic.php?t=10235 HTTP/1.1" 200 7020 "-" "Mozilla/5.0 (compatible; MJ12bot/v1.4.5; http://www.majestic12.co.uk/bot.php?+)"
66.249.67.105 - - [01/Jun/2015:07:17:46 +0200] "GET /viewtopic.php?t=6099&p=47037 HTTP/1.1" 200 8100 "-" "Mozilla/5.0 (compatible; Googlebot/2.1; +http://www.google.com/bot.html)"
77.100.248.6 - - [01/Jun/2015:07:17:51 +0200] "GET /viewtopic.php?t=10239 HTTP/1.1" 200 6855 "-" "Mozilla/5.0 (compatible; MJ12bot/v1.4.5; http://www.majestic12.co.uk/bot.php?+)"
77.100.248.6 - - [01/Jun/2015:07:17:54 +0200] "GET /viewtopic.php?t=10244 HTTP/1.1" 200 5299 "-" "Mozilla/5.0 (compatible; MJ12bot/v1.4.5; http://www.majestic12.co.uk/bot.php?+)"
66.249.67.118 - - [01/Jun/2015:07:17:57 +0200] "GET /viewtopic.php?t=38135&p=240245 HTTP/1.1" 200 9892 "-" "Mozilla/5.0 (compatible; Googlebot/2.1; +http://www.google.com/bot.html)"
77.100.248.6 - - [01/Jun/2015:07:17:58 +0200] "GET /viewtopic.php?t=10253&view=next HTTP/1.1" 200 6568 "-" "Mozilla/5.0 (compatible; MJ12bot/v1.4.5; http://www.majestic12.co.uk/bot.php?+)"
81.52.143.31 - - [01/Jun/2015:07:18:00 +0200] "GET /viewtopic.php?f=23&t=1519 HTTP/1.1" 200 5895 "-" "Mozilla/5.0 (compatible; OrangeBot/2.0; support.orangebot@orange.com)"
81.52.143.33 - - [01/Jun/2015:07:18:01 +0200] "GET /viewtopic.php?f=21&t=29858 HTTP/1.1" 200 7749 "-" "Mozilla/5.0 (compatible; OrangeBot/2.0; support.orangebot@orange.com)"
77.100.248.6 - - [01/Jun/2015:07:18:01 +0200] "GET /viewtopic.php?t=10253&view=previous HTTP/1.1" 200 5525 "-" "Mozilla/5.0 (compatible; MJ12bot/v1.4.5; http://www.majestic12.co.uk/bot.php?+)"
77.100.248.6 - - [01/Jun/2015:07:18:06 +0200] "GET /viewtopic.php?t=10261 HTTP/1.1" 200 5290 "-" "Mozilla/5.0 (compatible; MJ12bot/v1.4.5; http://www.majestic12.co.uk/bot.php?+)"
77.100.248.6 - - [01/Jun/2015:07:18:09 +0200] "GET /viewtopic.php?t=10266&view=next HTTP/1.1" 200 4846 "-" "Mozilla/5.0 (compatible; MJ12bot/v1.4.5; http://www.majestic12.co.uk/bot.php?+)"
77.100.248.6 - - [01/Jun/2015:07:18:13 +0200] "GET /viewtopic.php?t=10266&view=previous HTTP/1.1" 200 7465 "-" "Mozilla/5.0 (compatible; MJ12bot/v1.4.5; http://www.majestic12.co.uk/bot.php?+)"
202.130.32.210 - - [01/Jun/2015:07:18:14 +0200] "GET /wp/wp-admin/ HTTP/1.1" 404 522 "-" "-"
77.100.248.6 - - [01/Jun/2015:07:18:18 +0200] "GET /viewtopic.php?t=29382 HTTP/1.1" 200 18088 "-" "Mozilla/5.0 (compatible; MJ12bot/v1.4.5; http://www.majestic12.co.uk/bot.php?+)"
66.249.67.131 - - [01/Jun/2015:07:18:21 +0200] "GET /viewtopic.php?t=30985&p=205676 HTTP/1.1" 200 10233 "-" "Mozilla/5.0 (compatible; Googlebot/2.1; +http://www.google.com/bot.html)"
77.100.248.6 - - [01/Jun/2015:07:18:21 +0200] "GET /viewtopic.php?t=29382&postdays=0&postorder=asc&start=15 HTTP/1.1" 200 19191 "-" "Mozilla/5.0 (compatible; MJ12bot/v1.4.5; http://www.majestic12.co.uk/bot.php?+)"
77.100.248.6 - - [01/Jun/2015:07:18:26 +0200] "GET /viewtopic.php?t=29382&start=42 HTTP/1.1" 200 12002 "-" "Mozilla/5.0 (compatible; MJ12bot/v1.4.5; http://www.majestic12.co.uk/bot.php?+)"
77.100.248.6 - - [01/Jun/2015:07:18:31 +0200] "GET /viewtopic.php?t=29388&start=0 HTTP/1.1" 200 8832 "-" "Mozilla/5.0 (compatible; MJ12bot/v1.4.5; http://www.majestic12.co.uk/bot.php?+)"
77.100.248.6 - - [01/Jun/2015:07:18:35 +0200] "GET /viewtopic.php?t=29394&view=next HTTP/1.1" 200 5871 "-" "Mozilla/5.0 (compatible; MJ12bot/v1.4.5; http://www.majestic12.co.uk/bot.php?+)"
5.9.87.98 - - [01/Jun/2015:07:18:35 +0200] "GET /robots.txt HTTP/1.0" 404 520 "-" "Mozilla/5.0 (compatible; MJ12bot/v1.4.5; http://www.majestic12.co.uk/bot.php?+)"
5.9.87.98 - - [01/Jun/2015:07:18:37 +0200] "GET /feed.php?f=23&t=28551 HTTP/1.0" 200 6446 "-" "Mozilla/5.0 (compatible; MJ12bot/v1.4.5; http://www.majestic12.co.uk/bot.php?+)"
5.9.87.98 - - [01/Jun/2015:07:18:39 +0200] "GET /feed.php?f=23&t=28597 HTTP/1.0" 200 4676 "-" "Mozilla/5.0 (compatible; MJ12bot/v1.4.5; http://www.majestic12.co.uk/bot.php?+)"
77.100.248.6 - - [01/Jun/2015:07:18:39 +0200] "GET /viewtopic.php?t=2940&view=next HTTP/1.1" 200 5766 "-" "Mozilla/5.0 (compatible; MJ12bot/v1.4.5; http://www.majestic12.co.uk/bot.php?+)"
5.9.87.98 - - [01/Jun/2015:07:18:41 +0200] "GET /feed.php?f=3&t=40774 HTTP/1.0" 200 2239 "-" "Mozilla/5.0 (compatible; MJ12bot/v1.4.5; http://www.majestic12.co.uk/bot.php?+)"
77.100.248.6 - - [01/Jun/2015:07:18:42 +0200] "GET /viewtopic.php?t=29409&view=next HTTP/1.1" 200 10698 "-" "Mozilla/5.0 (compatible; MJ12bot/v1.4.5; http://www.majestic12.co.uk/bot.php?+)"
5.9.87.98 - - [01/Jun/2015:07:18:43 +0200] "GET /feed.php?f=3&t=40805 HTTP/1.0" 200 4201 "-" "Mozilla/5.0 (compatible; MJ12bot/v1.4.5; http://www.majestic12.co.uk/bot.php?+)"
5.9.87.98 - - [01/Jun/2015:07:18:45 +0200] "GET /feed.php?f=3&t=40852 HTTP/1.0" 200 3730 "-" "Mozilla/5.0 (compatible; MJ12bot/v1.4.5; http://www.majestic12.co.uk/bot.php?+)"
66.249.67.118 - - [01/Jun/2015:07:18:45 +0200] "GET /viewtopic.php?t=43371&p=273482 HTTP/1.1" 200 8848 "-" "Mozilla/5.0 (compatible; Googlebot/2.1; +http://www.google.com/bot.html)"
77.100.248.6 - - [01/Jun/2015:07:18:46 +0200] "GET /viewtopic.php?t=29793&postdays=0&postorder=asc&highlight=sme%20ipcop&start=15 HTTP/1.1" 200 20652 "-" "Mozilla/5.0 (compatible; MJ12bot/v1.4.5; http://www.majestic12.co.uk/bot.php?+)"
5.9.87.98 - - [01/Jun/2015:07:18:47 +0200] "GET /memberlist.php?mode=viewprofile&u=43345 HTTP/1.0" 200 2850 "-" "Mozilla/5.0 (compatible; MJ12bot/v1.4.5; http://www.majestic12.co.uk/bot.php?+)"
5.9.87.98 - - [01/Jun/2015:07:18:48 +0200] "GET /memberlist.php?mode=viewprofile&u=43346 HTTP/1.0" 200 2850 "-" "Mozilla/5.0 (compatible; MJ12bot/v1.4.5; http://www.majestic12.co.uk/bot.php?+)"
207.46.13.70 - - [01/Jun/2015:07:18:53 +0200] "GET /viewtopic.php?f=10&t=43753 HTTP/1.1" 200 9889 "-" "Mozilla/5.0 (compatible; bingbot/2.0; +http://www.bing.com/bingbot.htm)"
