95.69.241.116 - - [06/Jun/2015:03:30:48 +0200] "GET /demenagement.php?mode=register&sid=8a509ee2a9f86c13daadb85e3efd50ab HTTP/1.0" 200 543 "http://forums.ixus.net/demenagement.php?mode=register&sid=8a509ee2a9f86c13daadb85e3efd50ab" "Mozilla/5.0 (Windows NT 6.1; rv:37.0) Gecko/20100101 Firefox/37.0"
95.69.241.116 - - [06/Jun/2015:03:30:48 +0200] "GET /index.php HTTP/1.0" 200 39725 "http://forums.ixus.net/index.php" "Mozilla/5.0 (Windows NT 6.1; rv:37.0) Gecko/20100101 Firefox/37.0"
193.252.118.166 - - [06/Jun/2015:03:30:57 +0200] "GET /viewtopic.php?p=241534 HTTP/1.1" 200 6480 "-" "Mozilla/5.0 (compatible; OrangeBot/2.0; support.orangebot@orange.com)"
66.249.64.51 - - [06/Jun/2015:03:31:03 +0200] "GET /viewtopic.php?t=40698&p=256505 HTTP/1.1" 200 6903 "-" "Mozilla/5.0 (compatible; Googlebot/2.1; +http://www.google.com/bot.html)"
66.249.64.51 - - [06/Jun/2015:03:31:19 +0200] "GET /viewtopic.php?t=41634 HTTP/1.1" 200 5807 "-" "Mozilla/5.0 (compatible; Googlebot/2.1; +http://www.google.com/bot.html)"
207.46.13.133 - - [06/Jun/2015:03:31:34 +0200] "GET /viewtopic.php?t=18972&highlight=filtered HTTP/1.1" 200 11836 "-" "Mozilla/5.0 (compatible; bingbot/2.0; +http://www.bing.com/bingbot.htm)"
46.229.164.113 - - [06/Jun/2015:03:31:45 +0200] "GET /viewtopic.php?f=10&p=280184&sid=e9f96fb1e42713d8232702503812cd5f&t=44371 HTTP/1.1" 200 6816 "-" "Mozilla/5.0 (compatible; SemrushBot/0.98~bl; +http://www.semrush.com/bot.html)"
66.249.64.51 - - [06/Jun/2015:03:32:03 +0200] "GET /viewtopic.php?t=41060 HTTP/1.1" 200 8860 "-" "Mozilla/5.0 (compatible; Googlebot/2.1; +http://www.google.com/bot.html)"
81.52.143.29 - - [06/Jun/2015:03:32:25 +0200] "GET /viewtopic.php?f=2&t=43575 HTTP/1.1" 200 8335 "-" "Mozilla/5.0 (compatible; OrangeBot/2.0; support.orangebot@orange.com)"
66.249.64.56 - - [06/Jun/2015:03:32:26 +0200] "GET /viewtopic.php?t=27001&p=183694 HTTP/1.1" 200 6009 "-" "Mozilla/5.0 (compatible; Googlebot/2.1; +http://www.google.com/bot.html)"
81.52.143.31 - - [06/Jun/2015:03:32:43 +0200] "GET /viewtopic.php?f=10&t=44551 HTTP/1.1" 200 6341 "-" "Mozilla/5.0 (compatible; OrangeBot/2.0; support.orangebot@orange.com)"
66.249.64.46 - - [06/Jun/2015:03:32:47 +0200] "GET /viewtopic.php?f=10&t=41170&start=0 HTTP/1.1" 200 6062 "-" "Mozilla/5.0 (compatible; Googlebot/2.1; +http://www.google.com/bot.html)"
46.229.164.99 - - [06/Jun/2015:03:32:50 +0200] "GET /ucp.php?mode=sendpassword&sid=486837d6fd736a04e76c69b46d29c951 HTTP/1.1" 200 3957 "-" "Mozilla/5.0 (compatible; SemrushBot/0.98~bl; +http://www.semrush.com/bot.html)"
207.46.13.6 - - [06/Jun/2015:03:33:00 +0200] "GET /viewtopic.php?f=10&t=42339 HTTP/1.1" 200 7156 "-" "Mozilla/5.0 (compatible; bingbot/2.0; +http://www.bing.com/bingbot.htm)"
66.249.64.56 - - [06/Jun/2015:03:33:18 +0200] "GET /viewtopic.php?t=39473 HTTP/1.1" 200 6567 "-" "Mozilla/5.0 (iPhone; CPU iPhone OS 6_0 like Mac OS X) AppleWebKit/536.26 (KHTML, like Gecko) Version/6.0 Mobile/10A5376e Safari/8536.25 (compatible; Googlebot/2.1; +http://www.google.com/bot.html)"
207.46.13.6 - - [06/Jun/2015:03:33:42 +0200] "GET /viewtopic.php?p=247217 HTTP/1.1" 200 9047 "-" "Mozilla/5.0 (compatible; bingbot/2.0; +http://www.bing.com/bingbot.htm)"
66.249.64.46 - - [06/Jun/2015:03:33:49 +0200] "GET /viewtopic.php?t=33358&p=216525 HTTP/1.1" 200 7072 "-" "Mozilla/5.0 (compatible; Googlebot/2.1; +http://www.google.com/bot.html)"
81.52.143.34 - - [06/Jun/2015:03:33:55 +0200] "GET /viewtopic.php?f=6&t=25943 HTTP/1.1" 200 6746 "-" "Mozilla/5.0 (compatible; OrangeBot/2.0; support.orangebot@orange.com)"
207.46.13.133 - - [06/Jun/2015:03:34:10 +0200] "GET /viewtopic.php?t=37989&start=3 HTTP/1.1" 200 16736 "-" "Mozilla/5.0 (compatible; bingbot/2.0; +http://www.bing.com/bingbot.htm)"
46.229.164.102 - - [06/Jun/2015:03:34:12 +0200] "GET /viewtopic.php?f=37&sid=133c468333d710f0c12fe2d787e886a4&t=44252 HTTP/1.1" 200 5717 "-" "Mozilla/5.0 (compatible; SemrushBot/0.98~bl; +http://www.semrush.com/bot.html)"
193.252.118.173 - - [06/Jun/2015:03:34:28 +0200] "GET /viewtopic.php?f=21&t=41141&p=259890 HTTP/1.1" 200 6896 "-" "Mozilla/5.0 (compatible; OrangeBot/2.0; support.orangebot@orange.com)"
81.52.143.32 - - [06/Jun/2015:03:35:10 +0200] "GET /viewtopic.php?f=21&t=35141 HTTP/1.1" 200 6476 "-" "Mozilla/5.0 (compatible; OrangeBot/2.0; support.orangebot@orange.com)"
66.249.64.56 - - [06/Jun/2015:03:35:12 +0200] "GET /viewtopic.php?t=31788&p=209648 HTTP/1.1" 200 6919 "-" "Mozilla/5.0 (compatible; Googlebot/2.1; +http://www.google.com/bot.html)"
207.46.13.7 - - [06/Jun/2015:03:35:30 +0200] "GET /feed.php?f=10&t=43653 HTTP/1.1" 200 8981 "-" "Mozilla/5.0 (compatible; bingbot/2.0; +http://www.bing.com/bingbot.htm)"
81.52.143.33 - - [06/Jun/2015:03:35:44 +0200] "GET /viewtopic.php?f=21&t=32729 HTTP/1.1" 200 6741 "-" "Mozilla/5.0 (compatible; OrangeBot/2.0; support.orangebot@orange.com)"
81.52.143.42 - - [06/Jun/2015:03:35:53 +0200] "GET /viewtopic.php?p=251555 HTTP/1.1" 200 6391 "-" "Mozilla/5.0 (compatible; OrangeBot/2.0; support.orangebot@orange.com)"
81.52.143.42 - - [06/Jun/2015:03:36:16 +0200] "GET /viewtopic.php?f=9&t=33058 HTTP/1.1" 200 5977 "-" "Mozilla/5.0 (compatible; OrangeBot/2.0; support.orangebot@orange.com)"
178.255.215.89 - - [06/Jun/2015:03:36:27 +0200] "GET /viewtopic.php?t=9794&p=80092 HTTP/1.1" 200 8440 "-" "Mozilla/5.0 (compatible; Exabot/3.0; +http://www.exabot.com/go/robot)"
94.228.34.203 - - [06/Jun/2015:03:36:33 +0200] "GET /robots.txt HTTP/1.1" 404 556 "-" "robots"
94.228.34.203 - - [06/Jun/2015:03:36:33 +0200] "GET /?feed=atom HTTP/1.1" 200 9139 "-" "magpie-crawler/1.1 (U; Linux amd64; en-GB; +http://www.brandwatch.net)"
66.249.64.56 - - [06/Jun/2015:03:36:35 +0200] "GET /viewtopic.php?t=18364&p=132225 HTTP/1.1" 200 7361 "-" "Mozilla/5.0 (compatible; Googlebot/2.1; +http://www.google.com/bot.html)"
46.229.164.102 - - [06/Jun/2015:03:36:37 +0200] "GET /ucp.php?mode=login&sid=e3f232c42bf7db4addaf8562f93e1d2f HTTP/1.1" 200 4394 "-" "Mozilla/5.0 (compatible; SemrushBot/0.98~bl; +http://www.semrush.com/bot.html)"
207.46.13.7 - - [06/Jun/2015:03:36:40 +0200] "GET /feed.php?f=10&t=21595 HTTP/1.1" 200 4478 "-" "Mozilla/5.0 (compatible; bingbot/2.0; +http://www.bing.com/bingbot.htm)"
81.52.143.34 - - [06/Jun/2015:03:36:50 +0200] "GET /viewtopic.php?t=9533 HTTP/1.1" 200 7235 "-" "Mozilla/5.0 (compatible; OrangeBot/2.0; support.orangebot@orange.com)"
207.46.13.6 - - [06/Jun/2015:03:36:59 +0200] "GET /robots.txt HTTP/1.1" 404 556 "-" "Mozilla/5.0 (compatible; bingbot/2.0; +http://www.bing.com/bingbot.htm)"
207.46.13.6 - - [06/Jun/2015:03:37:04 +0200] "GET /viewtopic.php?p=279885 HTTP/1.1" 200 10822 "-" "Mozilla/5.0 (compatible; bingbot/2.0; +http://www.bing.com/bingbot.htm)"
81.52.143.50 - - [06/Jun/2015:03:37:05 +0200] "GET /viewtopic.php?f=2&t=42184 HTTP/1.1" 200 7967 "-" "Mozilla/5.0 (compatible; OrangeBot/2.0; support.orangebot@orange.com)"
46.229.164.102 - - [06/Jun/2015:03:37:05 +0200] "GET /ucp.php?mode=privacy&sid=2c66ef8e0a81102216384250f1337a98 HTTP/1.1" 200 5071 "-" "Mozilla/5.0 (compatible; SemrushBot/0.98~bl; +http://www.semrush.com/bot.html)"
193.252.118.167 - - [06/Jun/2015:03:37:21 +0200] "GET /viewtopic.php?f=21&t=29295 HTTP/1.1" 200 6307 "-" "Mozilla/5.0 (compatible; OrangeBot/2.0; support.orangebot@orange.com)"
193.252.118.174 - - [06/Jun/2015:03:37:35 +0200] "GET /viewtopic.php?f=28&t=35270 HTTP/1.1" 200 7003 "-" "Mozilla/5.0 (compatible; OrangeBot/2.0; support.orangebot@orange.com)"
81.52.143.26 - - [06/Jun/2015:03:37:35 +0200] "GET /viewtopic.php?f=22&t=33489 HTTP/1.1" 200 5928 "-" "Mozilla/5.0 (compatible; OrangeBot/2.0; support.orangebot@orange.com)"
66.249.64.56 - - [06/Jun/2015:03:37:35 +0200] "GET /feed.php HTTP/1.1" 200 25499 "-" "Mozilla/5.0 (compatible; Googlebot/2.1; +http://www.google.com/bot.html)"
207.46.13.6 - - [06/Jun/2015:03:37:52 +0200] "GET /viewtopic.php?t=38892&p=245079 HTTP/1.1" 200 12088 "-" "Mozilla/5.0 (compatible; bingbot/2.0; +http://www.bing.com/bingbot.htm)"
207.46.13.6 - - [06/Jun/2015:03:37:54 +0200] "GET /viewtopic.php?t=42206 HTTP/1.1" 200 11663 "-" "Mozilla/5.0 (compatible; bingbot/2.0; +http://www.bing.com/bingbot.htm)"
66.249.64.46 - - [06/Jun/2015:03:37:58 +0200] "GET /viewtopic.php?t=25196&p=173449 HTTP/1.1" 200 5523 "-" "Mozilla/5.0 (compatible; Googlebot/2.1; +http://www.google.com/bot.html)"
66.249.64.56 - - [06/Jun/2015:03:38:01 +0200] "GET /viewtopic.php?f=25&t=31447 HTTP/1.1" 200 7248 "-" "Mozilla/5.0 (compatible; Googlebot/2.1; +http://www.google.com/bot.html)"
178.255.215.89 - - [06/Jun/2015:03:38:30 +0200] "GET /viewtopic.php?t=22273&p=156809 HTTP/1.1" 200 7984 "-" "Mozilla/5.0 (compatible; Exabot/3.0; +http://www.exabot.com/go/robot)"
81.52.143.29 - - [06/Jun/2015:03:38:31 +0200] "GET /viewtopic.php?f=9&t=32917 HTTP/1.1" 200 5967 "-" "Mozilla/5.0 (compatible; OrangeBot/2.0; support.orangebot@orange.com)"
81.52.143.36 - - [06/Jun/2015:03:38:36 +0200] "GET /viewtopic.php?f=10&t=44492 HTTP/1.1" 200 6673 "-" "Mozilla/5.0 (compatible; OrangeBot/2.0; support.orangebot@orange.com)"
81.52.143.37 - - [06/Jun/2015:03:38:55 +0200] "GET /viewtopic.php?t=9480 HTTP/1.1" 200 7000 "-" "Mozilla/5.0 (compatible; OrangeBot/2.0; support.orangebot@orange.com)"
193.252.149.18 - - [06/Jun/2015:03:38:55 +0200] "GET /viewtopic.php?t=10031 HTTP/1.1" 200 12260 "-" "Mozilla/5.0 (compatible; OrangeBot/2.0; support.orangebot@orange.com)"
193.252.118.175 - - [06/Jun/2015:03:39:15 +0200] "GET /viewtopic.php?f=10&t=44328 HTTP/1.1" 200 6508 "-" "Mozilla/5.0 (compatible; OrangeBot/2.0; support.orangebot@orange.com)"
66.249.64.46 - - [06/Jun/2015:03:39:21 +0200] "GET /viewtopic.php?t=38467&p=242230 HTTP/1.1" 200 5610 "-" "Mozilla/5.0 (compatible; Googlebot/2.1; +http://www.google.com/bot.html)"
46.229.164.99 - - [06/Jun/2015:03:39:53 +0200] "GET /memberlist.php?mode=viewprofile&sid=10c9908cca74d0eb56120d5a9edcc44c&u=42649 HTTP/1.1" 200 4407 "-" "Mozilla/5.0 (compatible; SemrushBot/0.98~bl; +http://www.semrush.com/bot.html)"
193.252.118.168 - - [06/Jun/2015:03:40:01 +0200] "GET /viewtopic.php?p=268306 HTTP/1.1" 200 7496 "-" "Mozilla/5.0 (compatible; OrangeBot/2.0; support.orangebot@orange.com)"
66.249.64.46 - - [06/Jun/2015:03:40:44 +0200] "GET /viewtopic.php?t=16419&p=119603 HTTP/1.1" 200 6374 "-" "Mozilla/5.0 (compatible; Googlebot/2.1; +http://www.google.com/bot.html)"
207.46.13.6 - - [06/Jun/2015:03:41:00 +0200] "GET /viewforum.php?f=25&topicdays=0&start=700 HTTP/1.1" 200 11144 "-" "Mozilla/5.0 (compatible; bingbot/2.0; +http://www.bing.com/bingbot.htm)"
46.229.164.114 - - [06/Jun/2015:03:41:03 +0200] "GET /search.php?sid=32d958feaea8edf8d998c83c852e2aa8&t=41972 HTTP/1.1" 200 5048 "-" "Mozilla/5.0 (compatible; SemrushBot/0.98~bl; +http://www.semrush.com/bot.html)"
46.229.164.102 - - [06/Jun/2015:03:41:05 +0200] "GET /viewtopic.php?f=20&p=281000&sid=a9f8209a4184ce281f0ed6fb903d5bdc HTTP/1.1" 200 6987 "-" "Mozilla/5.0 (compatible; SemrushBot/0.98~bl; +http://www.semrush.com/bot.html)"
193.252.149.18 - - [06/Jun/2015:03:41:08 +0200] "GET /viewtopic.php?t=7913 HTTP/1.1" 200 5924 "-" "Mozilla/5.0 (compatible; OrangeBot/2.0; support.orangebot@orange.com)"
193.252.118.164 - - [06/Jun/2015:03:41:10 +0200] "GET /viewtopic.php?t=5847 HTTP/1.1" 200 11532 "-" "Mozilla/5.0 (compatible; OrangeBot/2.0; support.orangebot@orange.com)"
46.38.10.26 - - [06/Jun/2015:03:41:28 +0200] "HEAD / HTTP/1.1" 200 644 "-" "Mozilla/4.0 (compatible; MSIE 7.0; AOL 8.0; Windows NT 5.1; .NET CLR 2.0.50727; .NET CLR 1.1.4322; .NET CLR 3.0.04506.30)"
46.38.10.26 - - [06/Jun/2015:03:41:29 +0200] "GET / HTTP/1.1" 200 44189 "-" "Mozilla/4.0 (compatible; MSIE 7.0; AOL 8.0; Windows NT 5.1; .NET CLR 2.0.50727; .NET CLR 1.1.4322; .NET CLR 3.0.04506.30)"
46.38.10.26 - - [06/Jun/2015:03:41:30 +0200] "GET /ucp.php?mode=login HTTP/1.1" 200 11446 "-" "Mozilla/4.0 (compatible; MSIE 7.0; AOL 8.0; Windows NT 5.1; .NET CLR 2.0.50727; .NET CLR 1.1.4322; .NET CLR 3.0.04506.30)"
46.38.10.26 - - [06/Jun/2015:03:41:31 +0200] "POST /ucp.php?mode=login HTTP/1.0" 200 10666 "-" "Mozilla/4.0 (compatible; MSIE 7.0; AOL 8.0; Windows NT 5.1; .NET CLR 2.0.50727; .NET CLR 1.1.4322; .NET CLR 3.0.04506.30)"
207.46.13.133 - - [06/Jun/2015:03:41:32 +0200] "GET /viewtopic.php?t=41886 HTTP/1.1" 200 11563 "-" "Mozilla/5.0 (compatible; bingbot/2.0; +http://www.bing.com/bingbot.htm)"
46.38.10.26 - - [06/Jun/2015:03:41:32 +0200] "GET /ucp.php?mode=register HTTP/1.1" 302 617 "-" "Mozilla/4.0 (compatible; MSIE 7.0; AOL 8.0; Windows NT 5.1; .NET CLR 2.0.50727; .NET CLR 1.1.4322; .NET CLR 3.0.04506.30)"
46.38.10.26 - - [06/Jun/2015:03:41:32 +0200] "GET /demenagement.php?mode=register HTTP/1.1" 200 524 "-" "Mozilla/4.0 (compatible; MSIE 7.0; AOL 8.0; Windows NT 5.1; .NET CLR 2.0.50727; .NET CLR 1.1.4322; .NET CLR 3.0.04506.30)"
46.38.10.26 - - [06/Jun/2015:03:41:33 +0200] "POST /ucp.php?mode=register&sid= HTTP/1.0" 302 660 "-" "Mozilla/4.0 (compatible; MSIE 7.0; AOL 8.0; Windows NT 5.1; .NET CLR 2.0.50727; .NET CLR 1.1.4322; .NET CLR 3.0.04506.30)"
46.38.10.26 - - [06/Jun/2015:03:41:33 +0200] "GET /demenagement.php?mode=register&sid= HTTP/1.0" 200 579 "-" "Mozilla/4.0 (compatible; MSIE 7.0; AOL 8.0; Windows NT 5.1; .NET CLR 2.0.50727; .NET CLR 1.1.4322; .NET CLR 3.0.04506.30)"
81.52.143.29 - - [06/Jun/2015:03:41:50 +0200] "GET /viewtopic.php?t=10180 HTTP/1.1" 200 9063 "-" "Mozilla/5.0 (compatible; OrangeBot/2.0; support.orangebot@orange.com)"
193.252.118.166 - - [06/Jun/2015:03:41:57 +0200] "GET /viewtopic.php?t=23183 HTTP/1.1" 200 6379 "-" "Mozilla/5.0 (compatible; OrangeBot/2.0; support.orangebot@orange.com)"
66.249.64.56 - - [06/Jun/2015:03:42:07 +0200] "GET /viewtopic.php?t=37320&p=234243 HTTP/1.1" 200 6165 "-" "Mozilla/5.0 (compatible; Googlebot/2.1; +http://www.google.com/bot.html)"
81.52.143.31 - - [06/Jun/2015:03:42:07 +0200] "GET /viewtopic.php?p=251373 HTTP/1.1" 200 6885 "-" "Mozilla/5.0 (compatible; OrangeBot/2.0; support.orangebot@orange.com)"
46.229.164.114 - - [06/Jun/2015:03:42:38 +0200] "GET /viewtopic.php?p=280153&sid=9ebc3277ab0662b4e58bad2f8b16f43a HTTP/1.1" 200 10550 "-" "Mozilla/5.0 (compatible; SemrushBot/0.98~bl; +http://www.semrush.com/bot.html)"
66.249.64.51 - - [06/Jun/2015:03:42:40 +0200] "GET /viewtopic.php?t=42499 HTTP/1.1" 200 6426 "-" "Mozilla/5.0 (compatible; Googlebot/2.1; +http://www.google.com/bot.html)"
193.252.118.167 - - [06/Jun/2015:03:42:43 +0200] "GET /viewtopic.php?f=2&t=43429&p=275978&hilit=NAC+Cisco HTTP/1.1" 200 7494 "-" "Mozilla/5.0 (compatible; OrangeBot/2.0; support.orangebot@orange.com)"
81.52.143.37 - - [06/Jun/2015:03:43:18 +0200] "GET /viewtopic.php?p=250969 HTTP/1.1" 200 7881 "-" "Mozilla/5.0 (compatible; OrangeBot/2.0; support.orangebot@orange.com)"
66.249.64.56 - - [06/Jun/2015:03:43:30 +0200] "GET /viewtopic.php?t=12350&p=157682 HTTP/1.1" 200 7250 "-" "Mozilla/5.0 (compatible; Googlebot/2.1; +http://www.google.com/bot.html)"
178.255.215.89 - - [06/Jun/2015:03:43:33 +0200] "GET /viewtopic.php?t=40367&p=254501 HTTP/1.1" 200 8259 "-" "Mozilla/5.0 (compatible; Exabot/3.0; +http://www.exabot.com/go/robot)"
81.52.143.26 - - [06/Jun/2015:03:43:36 +0200] "GET /viewtopic.php?p=267002 HTTP/1.1" 200 8875 "-" "Mozilla/5.0 (compatible; OrangeBot/2.0; support.orangebot@orange.com)"
193.252.149.18 - - [06/Jun/2015:03:44:07 +0200] "GET /viewtopic.php?f=1&t=41711 HTTP/1.1" 200 6917 "-" "Mozilla/5.0 (compatible; OrangeBot/2.0; support.orangebot@orange.com)"
54.157.33.27 - - [06/Jun/2015:03:44:13 +0200] "GET / HTTP/1.1" 200 9131 "-" "Mozilla/5.0 (compatible; linkdexbot/2.0; +http://www.linkdex.com/bots/)"
66.249.64.51 - - [06/Jun/2015:03:44:14 +0200] "GET /viewtopic.php?p=267211 HTTP/1.1" 200 7359 "-" "Mozilla/5.0 (compatible; Googlebot/2.1; +http://www.google.com/bot.html)"
207.46.13.133 - - [06/Jun/2015:03:44:16 +0200] "GET /feed.php?f=10&t=31638 HTTP/1.1" 200 10769 "-" "Mozilla/5.0 (compatible; bingbot/2.0; +http://www.bing.com/bingbot.htm)"
207.46.13.133 - - [06/Jun/2015:03:44:17 +0200] "GET /viewtopic.php?f=19&t=19722 HTTP/1.1" 200 5776 "-" "Mozilla/5.0 (compatible; bingbot/2.0; +http://www.bing.com/bingbot.htm)"
46.229.164.114 - - [06/Jun/2015:03:44:29 +0200] "GET /viewtopic.php?f=5&sid=cfee3d6be777c4e31dc972b1cefea160&t=42562 HTTP/1.1" 200 5927 "-" "Mozilla/5.0 (compatible; SemrushBot/0.98~bl; +http://www.semrush.com/bot.html)"
193.252.118.165 - - [06/Jun/2015:03:44:32 +0200] "GET /viewtopic.php?p=275124 HTTP/1.1" 200 12245 "-" "Mozilla/5.0 (compatible; OrangeBot/2.0; support.orangebot@orange.com)"
46.165.197.141 - - [06/Jun/2015:03:44:38 +0200] "GET /robots.txt HTTP/1.0" 404 520 "-" "Mozilla/5.0 (compatible; MJ12bot/v1.4.5; http://www.majestic12.co.uk/bot.php?+)"
46.165.197.141 - - [06/Jun/2015:03:44:39 +0200] "GET /feed.php?f=1&t=6301 HTTP/1.0" 200 10192 "-" "Mozilla/5.0 (compatible; MJ12bot/v1.4.5; http://www.majestic12.co.uk/bot.php?+)"
46.165.197.141 - - [06/Jun/2015:03:44:41 +0200] "GET /feed.php?f=1&t=7294 HTTP/1.0" 200 16112 "-" "Mozilla/5.0 (compatible; MJ12bot/v1.4.5; http://www.majestic12.co.uk/bot.php?+)"
46.165.197.141 - - [06/Jun/2015:03:44:42 +0200] "GET /feed.php?f=10&t=31112 HTTP/1.0" 200 2346 "-" "Mozilla/5.0 (compatible; MJ12bot/v1.4.5; http://www.majestic12.co.uk/bot.php?+)"
37.140.141.37 - - [06/Jun/2015:03:44:43 +0200] "GET /viewtopic.php?t=6098 HTTP/1.1" 200 18368 "-" "Mozilla/5.0 (compatible; YandexBot/3.0; +http://yandex.com/bots)"
46.165.197.141 - - [06/Jun/2015:03:44:43 +0200] "GET /feed.php?f=10&t=4322 HTTP/1.0" 200 6222 "-" "Mozilla/5.0 (compatible; MJ12bot/v1.4.5; http://www.majestic12.co.uk/bot.php?+)"
46.165.197.141 - - [06/Jun/2015:03:44:45 +0200] "GET /feed.php?f=10&t=5806 HTTP/1.0" 200 27664 "-" "Mozilla/5.0 (compatible; MJ12bot/v1.4.5; http://www.majestic12.co.uk/bot.php?+)"
46.165.197.141 - - [06/Jun/2015:03:44:46 +0200] "GET /feed.php?f=10&t=5904 HTTP/1.0" 200 2908 "-" "Mozilla/5.0 (compatible; MJ12bot/v1.4.5; http://www.majestic12.co.uk/bot.php?+)"
46.165.197.141 - - [06/Jun/2015:03:44:47 +0200] "GET /feed.php?f=10&t=6040 HTTP/1.0" 200 14992 "-" "Mozilla/5.0 (compatible; MJ12bot/v1.4.5; http://www.majestic12.co.uk/bot.php?+)"
46.165.197.141 - - [06/Jun/2015:03:44:49 +0200] "GET /feed.php?f=10&t=6774 HTTP/1.0" 200 17050 "-" "Mozilla/5.0 (compatible; MJ12bot/v1.4.5; http://www.majestic12.co.uk/bot.php?+)"
46.165.197.141 - - [06/Jun/2015:03:44:50 +0200] "GET /feed.php?f=10&t=6971 HTTP/1.0" 200 22058 "-" "Mozilla/5.0 (compatible; MJ12bot/v1.4.5; http://www.majestic12.co.uk/bot.php?+)"
46.165.197.141 - - [06/Jun/2015:03:44:51 +0200] "GET /feed.php?f=10&t=7314 HTTP/1.0" 200 10754 "-" "Mozilla/5.0 (compatible; MJ12bot/v1.4.5; http://www.majestic12.co.uk/bot.php?+)"
46.165.197.141 - - [06/Jun/2015:03:44:53 +0200] "GET /feed.php?f=10&t=811 HTTP/1.0" 200 12167 "-" "Mozilla/5.0 (compatible; MJ12bot/v1.4.5; http://www.majestic12.co.uk/bot.php?+)"
66.249.64.56 - - [06/Jun/2015:03:44:53 +0200] "GET /viewtopic.php?t=17082&p=123548 HTTP/1.1" 200 7567 "-" "Mozilla/5.0 (compatible; Googlebot/2.1; +http://www.google.com/bot.html)"
46.165.197.141 - - [06/Jun/2015:03:44:54 +0200] "GET /feed.php?f=19&t=1123 HTTP/1.0" 200 14080 "-" "Mozilla/5.0 (compatible; MJ12bot/v1.4.5; http://www.majestic12.co.uk/bot.php?+)"
46.165.197.141 - - [06/Jun/2015:03:44:55 +0200] "GET /feed.php?f=19&t=5921 HTTP/1.0" 200 17627 "-" "Mozilla/5.0 (compatible; MJ12bot/v1.4.5; http://www.majestic12.co.uk/bot.php?+)"
46.165.197.141 - - [06/Jun/2015:03:44:57 +0200] "GET /feed.php?f=19&t=5924 HTTP/1.0" 200 9933 "-" "Mozilla/5.0 (compatible; MJ12bot/v1.4.5; http://www.majestic12.co.uk/bot.php?+)"
46.165.197.141 - - [06/Jun/2015:03:44:58 +0200] "GET /feed.php?f=19&t=7434 HTTP/1.0" 200 16063 "-" "Mozilla/5.0 (compatible; MJ12bot/v1.4.5; http://www.majestic12.co.uk/bot.php?+)"
46.165.197.141 - - [06/Jun/2015:03:44:59 +0200] "GET /feed.php?f=19&t=7452 HTTP/1.0" 200 16922 "-" "Mozilla/5.0 (compatible; MJ12bot/v1.4.5; http://www.majestic12.co.uk/bot.php?+)"
46.165.197.141 - - [06/Jun/2015:03:45:01 +0200] "GET /feed.php?f=19&t=7496 HTTP/1.0" 200 8924 "-" "Mozilla/5.0 (compatible; MJ12bot/v1.4.5; http://www.majestic12.co.uk/bot.php?+)"
66.249.64.51 - - [06/Jun/2015:03:45:01 +0200] "GET /viewtopic.php?p=91755&sid=e62247738ec5b1c23241b39b7c8003c6 HTTP/1.1" 200 6557 "-" "Mozilla/5.0 (compatible; Googlebot/2.1; +http://www.google.com/bot.html)"
46.165.197.141 - - [06/Jun/2015:03:45:02 +0200] "GET /feed.php?f=19&t=7568 HTTP/1.0" 200 18752 "-" "Mozilla/5.0 (compatible; MJ12bot/v1.4.5; http://www.majestic12.co.uk/bot.php?+)"
46.165.197.141 - - [06/Jun/2015:03:45:03 +0200] "GET /feed.php?f=19&t=822 HTTP/1.0" 200 17167 "-" "Mozilla/5.0 (compatible; MJ12bot/v1.4.5; http://www.majestic12.co.uk/bot.php?+)"
46.165.197.141 - - [06/Jun/2015:03:45:05 +0200] "GET /feed.php?f=19&t=837 HTTP/1.0" 200 7600 "-" "Mozilla/5.0 (compatible; MJ12bot/v1.4.5; http://www.majestic12.co.uk/bot.php?+)"
46.165.197.141 - - [06/Jun/2015:03:45:06 +0200] "GET /feed.php?f=19&t=881 HTTP/1.0" 200 5848 "-" "Mozilla/5.0 (compatible; MJ12bot/v1.4.5; http://www.majestic12.co.uk/bot.php?+)"
46.165.197.141 - - [06/Jun/2015:03:45:07 +0200] "GET /feed.php?f=2&t=1400 HTTP/1.0" 200 13964 "-" "Mozilla/5.0 (compatible; MJ12bot/v1.4.5; http://www.majestic12.co.uk/bot.php?+)"
46.165.197.141 - - [06/Jun/2015:03:45:09 +0200] "GET /feed.php?f=2&t=6141 HTTP/1.0" 200 16594 "-" "Mozilla/5.0 (compatible; MJ12bot/v1.4.5; http://www.majestic12.co.uk/bot.php?+)"
46.165.197.141 - - [06/Jun/2015:03:45:10 +0200] "GET /feed.php?f=2&t=6356 HTTP/1.0" 200 7537 "-" "Mozilla/5.0 (compatible; MJ12bot/v1.4.5; http://www.majestic12.co.uk/bot.php?+)"
46.165.197.141 - - [06/Jun/2015:03:45:12 +0200] "GET /feed.php?f=2&t=6461 HTTP/1.0" 200 16302 "-" "Mozilla/5.0 (compatible; MJ12bot/v1.4.5; http://www.majestic12.co.uk/bot.php?+)"
46.165.197.141 - - [06/Jun/2015:03:45:13 +0200] "GET /feed.php?f=2&t=7283 HTTP/1.0" 200 13900 "-" "Mozilla/5.0 (compatible; MJ12bot/v1.4.5; http://www.majestic12.co.uk/bot.php?+)"
81.52.143.42 - - [06/Jun/2015:03:45:14 +0200] "GET /viewtopic.php?f=5&t=40781 HTTP/1.1" 200 5843 "-" "Mozilla/5.0 (compatible; OrangeBot/2.0; support.orangebot@orange.com)"
46.165.197.141 - - [06/Jun/2015:03:45:14 +0200] "GET /feed.php?f=2&t=7652 HTTP/1.0" 200 14488 "-" "Mozilla/5.0 (compatible; MJ12bot/v1.4.5; http://www.majestic12.co.uk/bot.php?+)"
46.165.197.141 - - [06/Jun/2015:03:45:16 +0200] "GET /feed.php?f=2&t=879 HTTP/1.0" 200 3755 "-" "Mozilla/5.0 (compatible; MJ12bot/v1.4.5; http://www.majestic12.co.uk/bot.php?+)"
46.165.197.141 - - [06/Jun/2015:03:45:17 +0200] "GET /feed.php?f=2&t=913 HTTP/1.0" 200 7484 "-" "Mozilla/5.0 (compatible; MJ12bot/v1.4.5; http://www.majestic12.co.uk/bot.php?+)"
46.165.197.141 - - [06/Jun/2015:03:45:18 +0200] "GET /feed.php?f=21&t=5918 HTTP/1.0" 200 18506 "-" "Mozilla/5.0 (compatible; MJ12bot/v1.4.5; http://www.majestic12.co.uk/bot.php?+)"
46.165.197.141 - - [06/Jun/2015:03:45:20 +0200] "GET /feed.php?f=21&t=6354 HTTP/1.0" 200 5455 "-" "Mozilla/5.0 (compatible; MJ12bot/v1.4.5; http://www.majestic12.co.uk/bot.php?+)"
46.165.197.141 - - [06/Jun/2015:03:45:21 +0200] "GET /feed.php?f=21&t=6426 HTTP/1.0" 200 16105 "-" "Mozilla/5.0 (compatible; MJ12bot/v1.4.5; http://www.majestic12.co.uk/bot.php?+)"
46.165.197.141 - - [06/Jun/2015:03:45:23 +0200] "GET /feed.php?f=21&t=6471 HTTP/1.0" 200 8698 "-" "Mozilla/5.0 (compatible; MJ12bot/v1.4.5; http://www.majestic12.co.uk/bot.php?+)"
46.229.164.99 - - [06/Jun/2015:03:45:23 +0200] "GET /viewtopic.php?f=37&sid=fa0e41d8413c177bef222ca2d2b34fa8&start=0&t=44246 HTTP/1.1" 200 10982 "-" "Mozilla/5.0 (compatible; SemrushBot/0.98~bl; +http://www.semrush.com/bot.html)"
46.165.197.141 - - [06/Jun/2015:03:45:24 +0200] "GET /feed.php?f=21&t=6558 HTTP/1.0" 200 13487 "-" "Mozilla/5.0 (compatible; MJ12bot/v1.4.5; http://www.majestic12.co.uk/bot.php?+)"
46.165.197.141 - - [06/Jun/2015:03:45:26 +0200] "GET /feed.php?f=21&t=6620 HTTP/1.0" 200 14751 "-" "Mozilla/5.0 (compatible; MJ12bot/v1.4.5; http://www.majestic12.co.uk/bot.php?+)"
46.165.197.141 - - [06/Jun/2015:03:45:27 +0200] "GET /feed.php?f=21&t=6675 HTTP/1.0" 200 20403 "-" "Mozilla/5.0 (compatible; MJ12bot/v1.4.5; http://www.majestic12.co.uk/bot.php?+)"
46.165.197.141 - - [06/Jun/2015:03:45:29 +0200] "GET /feed.php?f=21&t=6698 HTTP/1.0" 200 9850 "-" "Mozilla/5.0 (compatible; MJ12bot/v1.4.5; http://www.majestic12.co.uk/bot.php?+)"
46.165.197.141 - - [06/Jun/2015:03:45:30 +0200] "GET /feed.php?f=21&t=6705 HTTP/1.0" 200 13166 "-" "Mozilla/5.0 (compatible; MJ12bot/v1.4.5; http://www.majestic12.co.uk/bot.php?+)"
46.165.197.141 - - [06/Jun/2015:03:45:31 +0200] "GET /feed.php?f=21&t=7312 HTTP/1.0" 200 6553 "-" "Mozilla/5.0 (compatible; MJ12bot/v1.4.5; http://www.majestic12.co.uk/bot.php?+)"
46.165.197.141 - - [06/Jun/2015:03:45:33 +0200] "GET /feed.php?f=21&t=7657 HTTP/1.0" 200 14326 "-" "Mozilla/5.0 (compatible; MJ12bot/v1.4.5; http://www.majestic12.co.uk/bot.php?+)"
46.165.197.141 - - [06/Jun/2015:03:45:34 +0200] "GET /feed.php?f=25&t=6100 HTTP/1.0" 200 17109 "-" "Mozilla/5.0 (compatible; MJ12bot/v1.4.5; http://www.majestic12.co.uk/bot.php?+)"
46.165.197.141 - - [06/Jun/2015:03:45:35 +0200] "GET /feed.php?f=25&t=6650 HTTP/1.0" 200 11575 "-" "Mozilla/5.0 (compatible; MJ12bot/v1.4.5; http://www.majestic12.co.uk/bot.php?+)"
46.165.197.141 - - [06/Jun/2015:03:45:37 +0200] "GET /feed.php?f=25&t=914 HTTP/1.0" 200 9585 "-" "Mozilla/5.0 (compatible; MJ12bot/v1.4.5; http://www.majestic12.co.uk/bot.php?+)"
46.165.197.141 - - [06/Jun/2015:03:45:38 +0200] "GET /feed.php?f=26&t=13871 HTTP/1.0" 200 10311 "-" "Mozilla/5.0 (compatible; MJ12bot/v1.4.5; http://www.majestic12.co.uk/bot.php?+)"
46.165.197.141 - - [06/Jun/2015:03:45:40 +0200] "GET /feed.php?f=26&t=13887 HTTP/1.0" 200 9375 "-" "Mozilla/5.0 (compatible; MJ12bot/v1.4.5; http://www.majestic12.co.uk/bot.php?+)"
46.165.197.141 - - [06/Jun/2015:03:45:41 +0200] "GET /feed.php?f=26&t=5834 HTTP/1.0" 200 13692 "-" "Mozilla/5.0 (compatible; MJ12bot/v1.4.5; http://www.majestic12.co.uk/bot.php?+)"
46.165.197.141 - - [06/Jun/2015:03:45:42 +0200] "GET /feed.php?f=26&t=5920 HTTP/1.0" 200 12425 "-" "Mozilla/5.0 (compatible; MJ12bot/v1.4.5; http://www.majestic12.co.uk/bot.php?+)"
46.165.197.141 - - [06/Jun/2015:03:45:44 +0200] "GET /feed.php?f=26&t=5948 HTTP/1.0" 200 17307 "-" "Mozilla/5.0 (compatible; MJ12bot/v1.4.5; http://www.majestic12.co.uk/bot.php?+)"
46.165.197.141 - - [06/Jun/2015:03:45:45 +0200] "GET /feed.php?f=27&t=42074 HTTP/1.0" 200 17788 "-" "Mozilla/5.0 (compatible; MJ12bot/v1.4.5; http://www.majestic12.co.uk/bot.php?+)"
46.165.197.141 - - [06/Jun/2015:03:45:47 +0200] "GET /feed.php?f=27&t=6684 HTTP/1.0" 200 13302 "-" "Mozilla/5.0 (compatible; MJ12bot/v1.4.5; http://www.majestic12.co.uk/bot.php?+)"
66.249.64.56 - - [06/Jun/2015:03:45:47 +0200] "GET /viewtopic.php?t=18090&p=130348 HTTP/1.1" 200 5401 "-" "Mozilla/5.0 (iPhone; CPU iPhone OS 6_0 like Mac OS X) AppleWebKit/536.26 (KHTML, like Gecko) Version/6.0 Mobile/10A5376e Safari/8536.25 (compatible; Googlebot/2.1; +http://www.google.com/bot.html)"
46.165.197.141 - - [06/Jun/2015:03:45:48 +0200] "GET /feed.php?f=27&t=6778 HTTP/1.0" 200 7380 "-" "Mozilla/5.0 (compatible; MJ12bot/v1.4.5; http://www.majestic12.co.uk/bot.php?+)"
46.165.197.141 - - [06/Jun/2015:03:45:49 +0200] "GET /feed.php?f=27&t=7319 HTTP/1.0" 200 18774 "-" "Mozilla/5.0 (compatible; MJ12bot/v1.4.5; http://www.majestic12.co.uk/bot.php?+)"
46.165.197.141 - - [06/Jun/2015:03:45:51 +0200] "GET /feed.php?f=27&t=7380 HTTP/1.0" 200 10244 "-" "Mozilla/5.0 (compatible; MJ12bot/v1.4.5; http://www.majestic12.co.uk/bot.php?+)"
46.165.197.141 - - [06/Jun/2015:03:45:52 +0200] "GET /feed.php?f=27&t=7511 HTTP/1.0" 200 11595 "-" "Mozilla/5.0 (compatible; MJ12bot/v1.4.5; http://www.majestic12.co.uk/bot.php?+)"
46.165.197.141 - - [06/Jun/2015:03:45:53 +0200] "GET /feed.php?f=3&t=146 HTTP/1.0" 200 6652 "-" "Mozilla/5.0 (compatible; MJ12bot/v1.4.5; http://www.majestic12.co.uk/bot.php?+)"
46.165.197.141 - - [06/Jun/2015:03:45:55 +0200] "GET /feed.php?f=3&t=4557 HTTP/1.0" 200 15737 "-" "Mozilla/5.0 (compatible; MJ12bot/v1.4.5; http://www.majestic12.co.uk/bot.php?+)"
207.46.13.133 - - [06/Jun/2015:03:45:56 +0200] "GET /robots.txt HTTP/1.1" 404 556 "-" "Mozilla/5.0 (compatible; bingbot/2.0; +http://www.bing.com/bingbot.htm)"
46.165.197.141 - - [06/Jun/2015:03:45:56 +0200] "GET /feed.php?f=3&t=7082 HTTP/1.0" 200 12944 "-" "Mozilla/5.0 (compatible; MJ12bot/v1.4.5; http://www.majestic12.co.uk/bot.php?+)"
46.165.197.141 - - [06/Jun/2015:03:45:57 +0200] "GET /feed.php?f=6&t=1031 HTTP/1.0" 200 6249 "-" "Mozilla/5.0 (compatible; MJ12bot/v1.4.5; http://www.majestic12.co.uk/bot.php?+)"
46.165.197.141 - - [06/Jun/2015:03:45:59 +0200] "GET /feed.php?f=6&t=42456 HTTP/1.0" 200 35741 "-" "Mozilla/5.0 (compatible; MJ12bot/v1.4.5; http://www.majestic12.co.uk/bot.php?+)"
46.165.197.141 - - [06/Jun/2015:03:46:00 +0200] "GET /feed.php?f=6&t=7264 HTTP/1.0" 200 11687 "-" "Mozilla/5.0 (compatible; MJ12bot/v1.4.5; http://www.majestic12.co.uk/bot.php?+)"
46.165.197.141 - - [06/Jun/2015:03:46:01 +0200] "GET /feed.php?f=6&t=7580 HTTP/1.0" 200 19397 "-" "Mozilla/5.0 (compatible; MJ12bot/v1.4.5; http://www.majestic12.co.uk/bot.php?+)"
46.165.197.141 - - [06/Jun/2015:03:46:03 +0200] "GET /feed.php?f=7&t=42164 HTTP/1.0" 200 17473 "-" "Mozilla/5.0 (compatible; MJ12bot/v1.4.5; http://www.majestic12.co.uk/bot.php?+)"
46.165.197.141 - - [06/Jun/2015:03:46:05 +0200] "GET /feed.php?f=9&t=1016 HTTP/1.0" 200 7153 "-" "Mozilla/5.0 (compatible; MJ12bot/v1.4.5; http://www.majestic12.co.uk/bot.php?+)"
46.165.197.141 - - [06/Jun/2015:03:46:06 +0200] "GET /feed.php?f=9&t=6514 HTTP/1.0" 200 11148 "-" "Mozilla/5.0 (compatible; MJ12bot/v1.4.5; http://www.majestic12.co.uk/bot.php?+)"
207.46.13.133 - - [06/Jun/2015:03:46:07 +0200] "GET /viewtopic.php?p=79848 HTTP/1.1" 200 10813 "-" "Mozilla/5.0 (compatible; bingbot/2.0; +http://www.bing.com/bingbot.htm)"
46.165.197.141 - - [06/Jun/2015:03:46:07 +0200] "GET /feed.php?f=9&t=6796 HTTP/1.0" 200 15162 "-" "Mozilla/5.0 (compatible; MJ12bot/v1.4.5; http://www.majestic12.co.uk/bot.php?+)"
46.165.197.141 - - [06/Jun/2015:03:46:09 +0200] "GET /memberlist.php?mode=viewprofile&u=37373 HTTP/1.0" 200 2850 "-" "Mozilla/5.0 (compatible; MJ12bot/v1.4.5; http://www.majestic12.co.uk/bot.php?+)"
46.165.197.141 - - [06/Jun/2015:03:46:10 +0200] "GET /memberlist.php?mode=viewprofile&u=5373 HTTP/1.0" 200 2850 "-" "Mozilla/5.0 (compatible; MJ12bot/v1.4.5; http://www.majestic12.co.uk/bot.php?+)"
46.165.197.141 - - [06/Jun/2015:03:46:11 +0200] "GET /viewtopic.php?f=1&t=5984&start=0 HTTP/1.0" 200 8365 "-" "Mozilla/5.0 (compatible; MJ12bot/v1.4.5; http://www.majestic12.co.uk/bot.php?+)"
46.165.197.141 - - [06/Jun/2015:03:46:13 +0200] "GET /viewtopic.php?f=1&t=6001&start=0 HTTP/1.0" 200 7286 "-" "Mozilla/5.0 (compatible; MJ12bot/v1.4.5; http://www.majestic12.co.uk/bot.php?+)"
46.165.197.141 - - [06/Jun/2015:03:46:14 +0200] "GET /viewtopic.php?f=1&t=6001&start=15 HTTP/1.0" 200 8710 "-" "Mozilla/5.0 (compatible; MJ12bot/v1.4.5; http://www.majestic12.co.uk/bot.php?+)"
46.165.197.141 - - [06/Jun/2015:03:46:16 +0200] "GET /viewtopic.php?f=1&t=6001&start=30 HTTP/1.0" 200 6451 "-" "Mozilla/5.0 (compatible; MJ12bot/v1.4.5; http://www.majestic12.co.uk/bot.php?+)"
66.249.64.56 - - [06/Jun/2015:03:46:16 +0200] "GET /viewtopic.php?t=15702&p=114331 HTTP/1.1" 200 5512 "-" "Mozilla/5.0 (compatible; Googlebot/2.1; +http://www.google.com/bot.html)"
46.165.197.141 - - [06/Jun/2015:03:46:17 +0200] "GET /viewtopic.php?f=1&t=6093&start=0 HTTP/1.0" 200 6558 "-" "Mozilla/5.0 (compatible; MJ12bot/v1.4.5; http://www.majestic12.co.uk/bot.php?+)"
46.165.197.141 - - [06/Jun/2015:03:46:18 +0200] "GET /viewtopic.php?f=10&t=1041&start=0 HTTP/1.0" 200 7139 "-" "Mozilla/5.0 (compatible; MJ12bot/v1.4.5; http://www.majestic12.co.uk/bot.php?+)"
46.165.197.141 - - [06/Jun/2015:03:46:20 +0200] "GET /viewtopic.php?f=10&t=39490&start=0 HTTP/1.0" 200 8668 "-" "Mozilla/5.0 (compatible; MJ12bot/v1.4.5; http://www.majestic12.co.uk/bot.php?+)"
46.165.197.141 - - [06/Jun/2015:03:46:21 +0200] "GET /viewtopic.php?f=10&t=4564&start=0 HTTP/1.0" 200 5470 "-" "Mozilla/5.0 (compatible; MJ12bot/v1.4.5; http://www.majestic12.co.uk/bot.php?+)"
46.165.197.141 - - [06/Jun/2015:03:46:23 +0200] "GET /viewtopic.php?f=10&t=4743&start=0 HTTP/1.0" 200 6697 "-" "Mozilla/5.0 (compatible; MJ12bot/v1.4.5; http://www.majestic12.co.uk/bot.php?+)"
46.165.197.141 - - [06/Jun/2015:03:46:24 +0200] "GET /viewtopic.php?f=10&t=4751&start=0 HTTP/1.0" 200 5206 "-" "Mozilla/5.0 (compatible; MJ12bot/v1.4.5; http://www.majestic12.co.uk/bot.php?+)"
46.165.197.141 - - [06/Jun/2015:03:46:25 +0200] "GET /viewtopic.php?f=10&t=5904&start=0 HTTP/1.0" 200 5091 "-" "Mozilla/5.0 (compatible; MJ12bot/v1.4.5; http://www.majestic12.co.uk/bot.php?+)"
46.165.197.141 - - [06/Jun/2015:03:46:27 +0200] "GET /viewtopic.php?f=10&t=6528&start=0 HTTP/1.0" 200 5677 "-" "Mozilla/5.0 (compatible; MJ12bot/v1.4.5; http://www.majestic12.co.uk/bot.php?+)"
46.165.197.141 - - [06/Jun/2015:03:46:28 +0200] "GET /viewtopic.php?f=10&t=6587&start=0 HTTP/1.0" 200 6550 "-" "Mozilla/5.0 (compatible; MJ12bot/v1.4.5; http://www.majestic12.co.uk/bot.php?+)"
46.165.197.141 - - [06/Jun/2015:03:46:29 +0200] "GET /viewtopic.php?f=10&t=6649&start=0 HTTP/1.0" 200 9565 "-" "Mozilla/5.0 (compatible; MJ12bot/v1.4.5; http://www.majestic12.co.uk/bot.php?+)"
46.165.197.141 - - [06/Jun/2015:03:46:31 +0200] "GET /viewtopic.php?f=10&t=6774&start=0 HTTP/1.0" 200 8281 "-" "Mozilla/5.0 (compatible; MJ12bot/v1.4.5; http://www.majestic12.co.uk/bot.php?+)"
46.165.197.141 - - [06/Jun/2015:03:46:32 +0200] "GET /viewtopic.php?f=10&t=7051&start=15 HTTP/1.0" 200 6091 "-" "Mozilla/5.0 (compatible; MJ12bot/v1.4.5; http://www.majestic12.co.uk/bot.php?+)"
178.255.215.89 - - [06/Jun/2015:03:46:32 +0200] "GET /viewtopic.php?t=21253&p=150930 HTTP/1.1" 200 6295 "-" "Mozilla/5.0 (compatible; Exabot/3.0; +http://www.exabot.com/go/robot)"
46.165.197.141 - - [06/Jun/2015:03:46:34 +0200] "GET /viewtopic.php?f=10&t=7314&start=0 HTTP/1.0" 200 7661 "-" "Mozilla/5.0 (compatible; MJ12bot/v1.4.5; http://www.majestic12.co.uk/bot.php?+)"
46.165.197.141 - - [06/Jun/2015:03:46:35 +0200] "GET /viewtopic.php?f=19&t=5924&start=0 HTTP/1.0" 200 6453 "-" "Mozilla/5.0 (compatible; MJ12bot/v1.4.5; http://www.majestic12.co.uk/bot.php?+)"
66.249.64.46 - - [06/Jun/2015:03:46:35 +0200] "GET /viewtopic.php?t=42546&sid=7d6788cf89ba5e4ebcfc1e275d214760 HTTP/1.1" 200 8624 "-" "Mozilla/5.0 (compatible; Googlebot/2.1; +http://www.google.com/bot.html)"
46.165.197.141 - - [06/Jun/2015:03:46:36 +0200] "GET /viewtopic.php?f=19&t=6281 HTTP/1.0" 200 9087 "-" "Mozilla/5.0 (compatible; MJ12bot/v1.4.5; http://www.majestic12.co.uk/bot.php?+)"
46.165.197.141 - - [06/Jun/2015:03:46:38 +0200] "GET /viewtopic.php?f=19&t=6424&start=0 HTTP/1.0" 200 6295 "-" "Mozilla/5.0 (compatible; MJ12bot/v1.4.5; http://www.majestic12.co.uk/bot.php?+)"
46.165.197.141 - - [06/Jun/2015:03:46:39 +0200] "GET /viewtopic.php?f=2&t=42428&start=0 HTTP/1.0" 200 6850 "-" "Mozilla/5.0 (compatible; MJ12bot/v1.4.5; http://www.majestic12.co.uk/bot.php?+)"
46.165.197.141 - - [06/Jun/2015:03:46:40 +0200] "GET /viewtopic.php?f=2&t=42439&start=0 HTTP/1.0" 200 7226 "-" "Mozilla/5.0 (compatible; MJ12bot/v1.4.5; http://www.majestic12.co.uk/bot.php?+)"
46.165.197.141 - - [06/Jun/2015:03:46:42 +0200] "GET /viewtopic.php?f=2&t=6461 HTTP/1.0" 200 8353 "-" "Mozilla/5.0 (compatible; MJ12bot/v1.4.5; http://www.majestic12.co.uk/bot.php?+)"
46.165.197.141 - - [06/Jun/2015:03:46:43 +0200] "GET /viewtopic.php?f=2&t=6461&start=0 HTTP/1.0" 200 8353 "-" "Mozilla/5.0 (compatible; MJ12bot/v1.4.5; http://www.majestic12.co.uk/bot.php?+)"
46.229.164.114 - - [06/Jun/2015:03:46:44 +0200] "GET /memberlist.php?mode=viewprofile&sid=e28c8ec55d369b29287932ec39d7a601&u=42678 HTTP/1.1" 200 4408 "-" "Mozilla/5.0 (compatible; SemrushBot/0.98~bl; +http://www.semrush.com/bot.html)"
46.165.197.141 - - [06/Jun/2015:03:46:44 +0200] "GET /viewtopic.php?f=2&t=6483&start=30 HTTP/1.0" 200 8345 "-" "Mozilla/5.0 (compatible; MJ12bot/v1.4.5; http://www.majestic12.co.uk/bot.php?+)"
46.165.197.141 - - [06/Jun/2015:03:46:46 +0200] "GET /viewtopic.php?f=2&t=6769&start=0 HTTP/1.0" 200 7195 "-" "Mozilla/5.0 (compatible; MJ12bot/v1.4.5; http://www.majestic12.co.uk/bot.php?+)"
46.165.197.141 - - [06/Jun/2015:03:46:47 +0200] "GET /viewtopic.php?f=2&t=913&start=0 HTTP/1.0" 200 6534 "-" "Mozilla/5.0 (compatible; MJ12bot/v1.4.5; http://www.majestic12.co.uk/bot.php?+)"
46.165.197.141 - - [06/Jun/2015:03:46:48 +0200] "GET /viewtopic.php?f=20&t=42086&start=0 HTTP/1.0" 200 6340 "-" "Mozilla/5.0 (compatible; MJ12bot/v1.4.5; http://www.majestic12.co.uk/bot.php?+)"
46.165.197.141 - - [06/Jun/2015:03:46:50 +0200] "GET /viewtopic.php?f=20&t=42307&start=0 HTTP/1.0" 200 6209 "-" "Mozilla/5.0 (compatible; MJ12bot/v1.4.5; http://www.majestic12.co.uk/bot.php?+)"
46.165.197.141 - - [06/Jun/2015:03:46:51 +0200] "GET /viewtopic.php?f=21&t=14131 HTTP/1.0" 200 10088 "-" "Mozilla/5.0 (compatible; MJ12bot/v1.4.5; http://www.majestic12.co.uk/bot.php?+)"
46.165.197.141 - - [06/Jun/2015:03:46:53 +0200] "GET /viewtopic.php?f=21&t=14131&start=30 HTTP/1.0" 200 5735 "-" "Mozilla/5.0 (compatible; MJ12bot/v1.4.5; http://www.majestic12.co.uk/bot.php?+)"
46.165.197.141 - - [06/Jun/2015:03:46:54 +0200] "GET /viewtopic.php?f=21&t=5918&start=0 HTTP/1.0" 200 8667 "-" "Mozilla/5.0 (compatible; MJ12bot/v1.4.5; http://www.majestic12.co.uk/bot.php?+)"
46.165.197.141 - - [06/Jun/2015:03:46:56 +0200] "GET /viewtopic.php?f=21&t=5918&start=15 HTTP/1.0" 200 8504 "-" "Mozilla/5.0 (compatible; MJ12bot/v1.4.5; http://www.majestic12.co.uk/bot.php?+)"
46.165.197.141 - - [06/Jun/2015:03:46:57 +0200] "GET /viewtopic.php?f=21&t=6426&start=0 HTTP/1.0" 200 7938 "-" "Mozilla/5.0 (compatible; MJ12bot/v1.4.5; http://www.majestic12.co.uk/bot.php?+)"
46.165.197.141 - - [06/Jun/2015:03:46:58 +0200] "GET /viewtopic.php?f=21&t=6426&start=15 HTTP/1.0" 200 5892 "-" "Mozilla/5.0 (compatible; MJ12bot/v1.4.5; http://www.majestic12.co.uk/bot.php?+)"
46.165.197.141 - - [06/Jun/2015:03:46:59 +0200] "GET /viewtopic.php?f=21&t=6471&start=0 HTTP/1.0" 200 6934 "-" "Mozilla/5.0 (compatible; MJ12bot/v1.4.5; http://www.majestic12.co.uk/bot.php?+)"
46.165.197.141 - - [06/Jun/2015:03:47:01 +0200] "GET /viewtopic.php?f=21&t=6558&start=15 HTTP/1.0" 200 7630 "-" "Mozilla/5.0 (compatible; MJ12bot/v1.4.5; http://www.majestic12.co.uk/bot.php?+)"
46.165.197.141 - - [06/Jun/2015:03:47:02 +0200] "GET /viewtopic.php?f=21&t=6558&start=30 HTTP/1.0" 200 7105 "-" "Mozilla/5.0 (compatible; MJ12bot/v1.4.5; http://www.majestic12.co.uk/bot.php?+)"
46.165.197.141 - - [06/Jun/2015:03:47:03 +0200] "GET /viewtopic.php?f=21&t=6675&start=0 HTTP/1.0" 200 9520 "-" "Mozilla/5.0 (compatible; MJ12bot/v1.4.5; http://www.majestic12.co.uk/bot.php?+)"
46.165.197.141 - - [06/Jun/2015:03:47:05 +0200] "GET /viewtopic.php?f=21&t=6675&start=15 HTTP/1.0" 200 6628 "-" "Mozilla/5.0 (compatible; MJ12bot/v1.4.5; http://www.majestic12.co.uk/bot.php?+)"
46.165.197.141 - - [06/Jun/2015:03:47:06 +0200] "GET /viewtopic.php?f=21&t=6687&start=0 HTTP/1.0" 200 6855 "-" "Mozilla/5.0 (compatible; MJ12bot/v1.4.5; http://www.majestic12.co.uk/bot.php?+)"
46.165.197.141 - - [06/Jun/2015:03:47:07 +0200] "GET /viewtopic.php?f=21&t=6698&start=0 HTTP/1.0" 200 7074 "-" "Mozilla/5.0 (compatible; MJ12bot/v1.4.5; http://www.majestic12.co.uk/bot.php?+)"
46.165.197.141 - - [06/Jun/2015:03:47:09 +0200] "GET /viewtopic.php?f=21&t=6705&start=0 HTTP/1.0" 200 7217 "-" "Mozilla/5.0 (compatible; MJ12bot/v1.4.5; http://www.majestic12.co.uk/bot.php?+)"
46.165.197.141 - - [06/Jun/2015:03:47:10 +0200] "GET /viewtopic.php?f=25&t=6100&start=0 HTTP/1.0" 200 8130 "-" "Mozilla/5.0 (compatible; MJ12bot/v1.4.5; http://www.majestic12.co.uk/bot.php?+)"
46.165.197.141 - - [06/Jun/2015:03:47:12 +0200] "GET /viewtopic.php?f=26&t=5834&start=0 HTTP/1.0" 200 8261 "-" "Mozilla/5.0 (compatible; MJ12bot/v1.4.5; http://www.majestic12.co.uk/bot.php?+)"
46.165.197.141 - - [06/Jun/2015:03:47:13 +0200] "GET /viewtopic.php?f=26&t=5920&start=0 HTTP/1.0" 200 7009 "-" "Mozilla/5.0 (compatible; MJ12bot/v1.4.5; http://www.majestic12.co.uk/bot.php?+)"
46.165.197.141 - - [06/Jun/2015:03:47:14 +0200] "GET /viewtopic.php?f=27&t=6684&start=0 HTTP/1.0" 200 7072 "-" "Mozilla/5.0 (compatible; MJ12bot/v1.4.5; http://www.majestic12.co.uk/bot.php?+)"
46.165.197.141 - - [06/Jun/2015:03:47:16 +0200] "GET /viewtopic.php?f=27&t=6881&start=0 HTTP/1.0" 200 5565 "-" "Mozilla/5.0 (compatible; MJ12bot/v1.4.5; http://www.majestic12.co.uk/bot.php?+)"
46.165.197.141 - - [06/Jun/2015:03:47:18 +0200] "GET /viewtopic.php?f=27&t=7319 HTTP/1.0" 200 9230 "-" "Mozilla/5.0 (compatible; MJ12bot/v1.4.5; http://www.majestic12.co.uk/bot.php?+)"
46.165.197.141 - - [06/Jun/2015:03:47:19 +0200] "GET /viewtopic.php?f=27&t=7319&start=0 HTTP/1.0" 200 9230 "-" "Mozilla/5.0 (compatible; MJ12bot/v1.4.5; http://www.majestic12.co.uk/bot.php?+)"
46.165.197.141 - - [06/Jun/2015:03:47:21 +0200] "GET /viewtopic.php?f=27&t=7319&start=15 HTTP/1.0" 200 9195 "-" "Mozilla/5.0 (compatible; MJ12bot/v1.4.5; http://www.majestic12.co.uk/bot.php?+)"
46.165.197.141 - - [06/Jun/2015:03:47:22 +0200] "GET /viewtopic.php?f=27&t=7319&start=30 HTTP/1.0" 200 5371 "-" "Mozilla/5.0 (compatible; MJ12bot/v1.4.5; http://www.majestic12.co.uk/bot.php?+)"
66.249.64.46 - - [06/Jun/2015:03:47:22 +0200] "GET /viewtopic.php?t=14176&postdays=0&postorder=asc&start=20 HTTP/1.1" 200 14830 "-" "Mozilla/5.0 (compatible; Googlebot/2.1; +http://www.google.com/bot.html)"
46.165.197.141 - - [06/Jun/2015:03:47:23 +0200] "GET /viewtopic.php?f=27&t=7380&start=0 HTTP/1.0" 200 7048 "-" "Mozilla/5.0 (compatible; MJ12bot/v1.4.5; http://www.majestic12.co.uk/bot.php?+)"
46.165.197.141 - - [06/Jun/2015:03:47:25 +0200] "GET /viewtopic.php?f=28&t=7725&start=0 HTTP/1.0" 200 7272 "-" "Mozilla/5.0 (compatible; MJ12bot/v1.4.5; http://www.majestic12.co.uk/bot.php?+)"
46.165.197.141 - - [06/Jun/2015:03:47:26 +0200] "GET /viewtopic.php?f=28&t=7725&start=15 HTTP/1.0" 200 5386 "-" "Mozilla/5.0 (compatible; MJ12bot/v1.4.5; http://www.majestic12.co.uk/bot.php?+)"
46.165.197.141 - - [06/Jun/2015:03:47:28 +0200] "GET /viewtopic.php?f=3&t=1012&start=0 HTTP/1.0" 200 5419 "-" "Mozilla/5.0 (compatible; MJ12bot/v1.4.5; http://www.majestic12.co.uk/bot.php?+)"
46.165.197.141 - - [06/Jun/2015:03:47:29 +0200] "GET /viewtopic.php?f=5&t=6921&start=0 HTTP/1.0" 200 7556 "-" "Mozilla/5.0 (compatible; MJ12bot/v1.4.5; http://www.majestic12.co.uk/bot.php?+)"
46.165.197.141 - - [06/Jun/2015:03:47:30 +0200] "GET /viewtopic.php?f=9&t=6514&start=0 HTTP/1.0" 200 6991 "-" "Mozilla/5.0 (compatible; MJ12bot/v1.4.5; http://www.majestic12.co.uk/bot.php?+)"
46.165.197.141 - - [06/Jun/2015:03:47:32 +0200] "GET /viewtopic.php?f=9&t=6567&start=30 HTTP/1.0" 200 8050 "-" "Mozilla/5.0 (compatible; MJ12bot/v1.4.5; http://www.majestic12.co.uk/bot.php?+)"
46.165.197.141 - - [06/Jun/2015:03:47:33 +0200] "GET /viewtopic.php?f=9&t=6567&start=75 HTTP/1.0" 200 9816 "-" "Mozilla/5.0 (compatible; MJ12bot/v1.4.5; http://www.majestic12.co.uk/bot.php?+)"
46.165.197.141 - - [06/Jun/2015:03:47:34 +0200] "GET /viewtopic.php?f=9&t=6567&start=90 HTTP/1.0" 200 9956 "-" "Mozilla/5.0 (compatible; MJ12bot/v1.4.5; http://www.majestic12.co.uk/bot.php?+)"
46.165.197.141 - - [06/Jun/2015:03:47:36 +0200] "GET /viewtopic.php?f=9&t=6671 HTTP/1.0" 200 8480 "-" "Mozilla/5.0 (compatible; MJ12bot/v1.4.5; http://www.majestic12.co.uk/bot.php?+)"
46.165.197.141 - - [06/Jun/2015:03:47:37 +0200] "GET /viewtopic.php?f=9&t=6671&start=15 HTTP/1.0" 200 9252 "-" "Mozilla/5.0 (compatible; MJ12bot/v1.4.5; http://www.majestic12.co.uk/bot.php?+)"
46.165.197.141 - - [06/Jun/2015:03:47:39 +0200] "GET /viewtopic.php?f=9&t=6671&start=30 HTTP/1.0" 200 12928 "-" "Mozilla/5.0 (compatible; MJ12bot/v1.4.5; http://www.majestic12.co.uk/bot.php?+)"
66.249.64.46 - - [06/Jun/2015:03:47:39 +0200] "GET /viewtopic.php?t=31475&p=207683 HTTP/1.1" 200 6670 "-" "Mozilla/5.0 (compatible; Googlebot/2.1; +http://www.google.com/bot.html)"
46.165.197.141 - - [06/Jun/2015:03:47:40 +0200] "GET /viewtopic.php?f=9&t=6671&start=45 HTTP/1.0" 200 8284 "-" "Mozilla/5.0 (compatible; MJ12bot/v1.4.5; http://www.majestic12.co.uk/bot.php?+)"
46.165.197.141 - - [06/Jun/2015:03:47:41 +0200] "GET /viewtopic.php?f=9&t=6671&start=60 HTTP/1.0" 200 8088 "-" "Mozilla/5.0 (compatible; MJ12bot/v1.4.5; http://www.majestic12.co.uk/bot.php?+)"
46.165.197.141 - - [06/Jun/2015:03:47:43 +0200] "GET /viewtopic.php?f=9&t=6671&start=75 HTTP/1.0" 200 6367 "-" "Mozilla/5.0 (compatible; MJ12bot/v1.4.5; http://www.majestic12.co.uk/bot.php?+)"
46.165.197.141 - - [06/Jun/2015:03:47:44 +0200] "GET /viewtopic.php?f=9&t=6796&start=0 HTTP/1.0" 200 7537 "-" "Mozilla/5.0 (compatible; MJ12bot/v1.4.5; http://www.majestic12.co.uk/bot.php?+)"
46.165.197.141 - - [06/Jun/2015:03:47:45 +0200] "GET /viewtopic.php?f=9&t=7733 HTTP/1.0" 200 7932 "-" "Mozilla/5.0 (compatible; MJ12bot/v1.4.5; http://www.majestic12.co.uk/bot.php?+)"
46.165.197.141 - - [06/Jun/2015:03:47:47 +0200] "GET /viewtopic.php?f=9&t=7733&start=15 HTTP/1.0" 200 8558 "-" "Mozilla/5.0 (compatible; MJ12bot/v1.4.5; http://www.majestic12.co.uk/bot.php?+)"
104.255.64.50 - - [06/Jun/2015:03:47:48 +0200] "GET /robots.txt HTTP/1.0" 404 520 "-" "Mozilla/5.0 (compatible; MJ12bot/v1.4.5; http://www.majestic12.co.uk/bot.php?+)"
46.165.197.141 - - [06/Jun/2015:03:47:48 +0200] "GET /viewtopic.php?f=9&t=7733&start=30 HTTP/1.0" 200 7247 "-" "Mozilla/5.0 (compatible; MJ12bot/v1.4.5; http://www.majestic12.co.uk/bot.php?+)"
104.255.64.50 - - [06/Jun/2015:03:47:50 +0200] "GET /feed.php?f=1&t=11731 HTTP/1.0" 200 22790 "-" "Mozilla/5.0 (compatible; MJ12bot/v1.4.5; http://www.majestic12.co.uk/bot.php?+)"
104.255.64.50 - - [06/Jun/2015:03:47:53 +0200] "GET /feed.php?f=1&t=11745 HTTP/1.0" 200 2773 "-" "Mozilla/5.0 (compatible; MJ12bot/v1.4.5; http://www.majestic12.co.uk/bot.php?+)"
104.255.64.50 - - [06/Jun/2015:03:47:55 +0200] "GET /feed.php?f=1&t=11770 HTTP/1.0" 200 2696 "-" "Mozilla/5.0 (compatible; MJ12bot/v1.4.5; http://www.majestic12.co.uk/bot.php?+)"
104.255.64.50 - - [06/Jun/2015:03:48:00 +0200] "GET /feed.php?f=1&t=11818 HTTP/1.0" 200 5727 "-" "Mozilla/5.0 (compatible; MJ12bot/v1.4.5; http://www.majestic12.co.uk/bot.php?+)"
104.255.64.50 - - [06/Jun/2015:03:48:02 +0200] "GET /feed.php?f=1&t=11840 HTTP/1.0" 200 7651 "-" "Mozilla/5.0 (compatible; MJ12bot/v1.4.5; http://www.majestic12.co.uk/bot.php?+)"
104.255.64.50 - - [06/Jun/2015:03:48:04 +0200] "GET /feed.php?f=1&t=11883 HTTP/1.0" 200 3269 "-" "Mozilla/5.0 (compatible; MJ12bot/v1.4.5; http://www.majestic12.co.uk/bot.php?+)"
104.255.64.50 - - [06/Jun/2015:03:48:06 +0200] "GET /feed.php?f=1&t=11887 HTTP/1.0" 200 10584 "-" "Mozilla/5.0 (compatible; MJ12bot/v1.4.5; http://www.majestic12.co.uk/bot.php?+)"
66.249.64.51 - - [06/Jun/2015:03:48:09 +0200] "GET /viewtopic.php?t=40295 HTTP/1.1" 200 9729 "-" "Mozilla/5.0 (compatible; Googlebot/2.1; +http://www.google.com/bot.html)"
46.229.164.114 - - [06/Jun/2015:03:48:13 +0200] "GET /viewtopic.php?f=25&p=267983&sid=d6121479347ef55aa2138e3cd29e27e2&t=42615 HTTP/1.1" 200 6407 "-" "Mozilla/5.0 (compatible; SemrushBot/0.98~bl; +http://www.semrush.com/bot.html)"
207.46.13.7 - - [06/Jun/2015:03:48:20 +0200] "GET /robots.txt HTTP/1.1" 404 556 "-" "Mozilla/5.0 (compatible; bingbot/2.0; +http://www.bing.com/bingbot.htm)"
66.249.64.56 - - [06/Jun/2015:03:48:28 +0200] "GET /viewtopic.php?f=22&t=10695&start=0 HTTP/1.1" 200 8967 "-" "Mozilla/5.0 (iPhone; CPU iPhone OS 6_0 like Mac OS X) AppleWebKit/536.26 (KHTML, like Gecko) Version/6.0 Mobile/10A5376e Safari/8536.25 (compatible; Googlebot/2.1; +http://www.google.com/bot.html)"
207.46.13.7 - - [06/Jun/2015:03:48:30 +0200] "GET /feed.php?f=10&t=27746 HTTP/1.1" 200 7102 "-" "Mozilla/5.0 (compatible; bingbot/2.0; +http://www.bing.com/bingbot.htm)"
207.46.13.7 - - [06/Jun/2015:03:48:31 +0200] "GET /viewtopic.php?t=32406&p=214612 HTTP/1.1" 200 8817 "-" "Mozilla/5.0 (compatible; bingbot/2.0; +http://www.bing.com/bingbot.htm)"
66.249.64.46 - - [06/Jun/2015:03:48:37 +0200] "GET /viewtopic.php?t=4498&p=31865 HTTP/1.1" 200 5702 "-" "Mozilla/5.0 (compatible; Googlebot/2.1; +http://www.google.com/bot.html)"
81.52.143.54 - - [06/Jun/2015:03:48:55 +0200] "GET /viewtopic.php?t=10134 HTTP/1.1" 200 7100 "-" "Mozilla/5.0 (compatible; OrangeBot/2.0; support.orangebot@orange.com)"
66.249.64.46 - - [06/Jun/2015:03:48:57 +0200] "GET /viewtopic.php?p=246159 HTTP/1.1" 200 5867 "-" "Mozilla/5.0 (compatible; Googlebot/2.1; +http://www.google.com/bot.html)"
66.249.64.46 - - [06/Jun/2015:03:49:02 +0200] "GET /viewtopic.php?t=22343&p=156703 HTTP/1.1" 200 5836 "-" "Mozilla/5.0 (compatible; Googlebot/2.1; +http://www.google.com/bot.html)"
193.252.118.167 - - [06/Jun/2015:03:49:03 +0200] "GET /viewtopic.php?t=9541 HTTP/1.1" 200 7103 "-" "Mozilla/5.0 (compatible; OrangeBot/2.0; support.orangebot@orange.com)"
66.249.64.51 - - [06/Jun/2015:03:49:06 +0200] "GET /style.php?id=1&lang=fr&sid=b286f18fac51050dc967d31fcdb263c7 HTTP/1.1" 200 13943 "http://forums.ixus.net/viewtopic.php?t=22343&p=156703" "Mozilla/5.0 (compatible; Googlebot/2.1; +http://www.google.com/bot.html)"
104.255.64.50 - - [06/Jun/2015:03:49:10 +0200] "GET /feed.php?f=1&t=11890 HTTP/1.0" 200 3670 "-" "Mozilla/5.0 (compatible; MJ12bot/v1.4.5; http://www.majestic12.co.uk/bot.php?+)"
104.255.64.50 - - [06/Jun/2015:03:49:13 +0200] "GET /feed.php?f=1&t=11899 HTTP/1.0" 200 3987 "-" "Mozilla/5.0 (compatible; MJ12bot/v1.4.5; http://www.majestic12.co.uk/bot.php?+)"
193.252.149.18 - - [06/Jun/2015:03:49:13 +0200] "GET /viewtopic.php?p=270911 HTTP/1.1" 200 7581 "-" "Mozilla/5.0 (compatible; OrangeBot/2.0; support.orangebot@orange.com)"
104.255.64.50 - - [06/Jun/2015:03:49:15 +0200] "GET /feed.php?f=1&t=11902 HTTP/1.0" 200 14594 "-" "Mozilla/5.0 (compatible; MJ12bot/v1.4.5; http://www.majestic12.co.uk/bot.php?+)"
104.255.64.50 - - [06/Jun/2015:03:49:17 +0200] "GET /feed.php?f=1&t=11943 HTTP/1.0" 200 6290 "-" "Mozilla/5.0 (compatible; MJ12bot/v1.4.5; http://www.majestic12.co.uk/bot.php?+)"
68.180.229.31 - - [06/Jun/2015:03:49:18 +0200] "GET /viewtopic.php?t=10943&start=430 HTTP/1.1" 200 10205 "-" "Mozilla/5.0 (compatible; Yahoo! Slurp; http://help.yahoo.com/help/us/ysearch/slurp)"
