207.46.13.133 - - [06/Jun/2015:00:14:52 +0200] "GET /feed.php?f=10&t=43350 HTTP/1.1" 200 5986 "-" "Mozilla/5.0 (compatible; bingbot/2.0; +http://www.bing.com/bingbot.htm)"
178.255.215.89 - - [06/Jun/2015:00:14:53 +0200] "GET /viewtopic.php?t=6288&p=48398 HTTP/1.1" 200 5208 "-" "Mozilla/5.0 (compatible; Exabot/3.0; +http://www.exabot.com/go/robot)"
66.249.64.46 - - [06/Jun/2015:00:15:37 +0200] "GET /viewtopic.php?t=35688&p=226530 HTTP/1.1" 200 6008 "-" "Mozilla/5.0 (compatible; Googlebot/2.1; +http://www.google.com/bot.html)"
46.229.164.102 - - [06/Jun/2015:00:15:58 +0200] "GET /viewtopic.php?f=2&sid=c6ad2e20145f75b791b4d71f86ec7313&t=44343 HTTP/1.1" 200 5938 "-" "Mozilla/5.0 (compatible; SemrushBot/0.98~bl; +http://www.semrush.com/bot.html)"
66.249.64.51 - - [06/Jun/2015:00:15:59 +0200] "GET /viewtopic.php?t=9484&p=73283 HTTP/1.1" 200 8341 "-" "Mozilla/5.0 (compatible; Googlebot/2.1; +http://www.google.com/bot.html)"
94.228.34.203 - - [06/Jun/2015:00:15:59 +0200] "GET /viewforum.php?f=1 HTTP/1.1" 200 11212 "-" "magpie-crawler/1.1 (U; Linux amd64; en-GB; +http://www.brandwatch.net)"
94.228.34.203 - - [06/Jun/2015:00:16:10 +0200] "GET /viewforum.php?f=11 HTTP/1.1" 200 11467 "-" "magpie-crawler/1.1 (U; Linux amd64; en-GB; +http://www.brandwatch.net)"
94.228.34.203 - - [06/Jun/2015:00:16:18 +0200] "GET /viewforum.php?f=25 HTTP/1.1" 200 11266 "-" "magpie-crawler/1.1 (U; Linux amd64; en-GB; +http://www.brandwatch.net)"
66.249.64.46 - - [06/Jun/2015:00:16:24 +0200] "GET /viewtopic.php?t=22942&p=160053 HTTP/1.1" 200 5707 "-" "Mozilla/5.0 (compatible; Googlebot/2.1; +http://www.google.com/bot.html)"
46.229.164.113 - - [06/Jun/2015:00:16:38 +0200] "GET /memberlist.php?mode=viewprofile&sid=bad1fb1afd7a8ea03e96d1f769406497&u=40230 HTTP/1.1" 200 4365 "-" "Mozilla/5.0 (compatible; SemrushBot/0.98~bl; +http://www.semrush.com/bot.html)"
123.125.71.75 - - [06/Jun/2015:00:17:22 +0200] "GET /viewtopic.php?f=10&t=18865 HTTP/1.1" 200 8298 "-" "Mozilla/5.0 (compatible; Baiduspider/2.0; +http://www.baidu.com/search/spider.html)"
208.115.113.93 - - [06/Jun/2015:00:17:35 +0200] "GET /viewtopic.php%3Ft%3D14176 HTTP/1.1" 404 512 "-" "Mozilla/5.0 (compatible; DotBot/1.1; http://www.opensiteexplorer.org/dotbot, help@moz.com)"
193.252.118.167 - - [06/Jun/2015:00:18:27 +0200] "GET /viewtopic.php?t=38362 HTTP/1.1" 200 7057 "-" "Mozilla/5.0 (compatible; OrangeBot/2.0; support.orangebot@orange.com)"
178.154.243.114 - - [06/Jun/2015:00:19:01 +0200] "GET /viewtopic.php?f=20&t=43179&p=271733&sid=6421255aec415c2b772bf89fb9090ff0 HTTP/1.1" 200 5787 "-" "Mozilla/5.0 (compatible; YandexBot/3.0; +http://yandex.com/bots)"
193.252.149.18 - - [06/Jun/2015:00:19:01 +0200] "GET /viewtopic.php?p=248830 HTTP/1.1" 200 9437 "-" "Mozilla/5.0 (compatible; OrangeBot/2.0; support.orangebot@orange.com)"
208.115.111.69 - - [06/Jun/2015:00:19:37 +0200] "GET /robots.txt HTTP/1.1" 404 501 "-" "Mozilla/5.0 (compatible; DotBot/1.1; http://www.opensiteexplorer.org/dotbot, help@moz.com)"
46.229.164.114 - - [06/Jun/2015:00:20:28 +0200] "GET /viewtopic.php?p=280646&sid=a5de1f7b722f8cb48e2fd6a8c66b853e HTTP/1.1" 200 16211 "-" "Mozilla/5.0 (compatible; SemrushBot/0.98~bl; +http://www.semrush.com/bot.html)"
207.46.13.133 - - [06/Jun/2015:00:20:38 +0200] "GET /viewforum.php?f=19&topicdays=0&start=150 HTTP/1.1" 200 11225 "-" "Mozilla/5.0 (compatible; bingbot/2.0; +http://www.bing.com/bingbot.htm)"
193.252.118.164 - - [06/Jun/2015:00:20:43 +0200] "GET /viewtopic.php?f=27&t=40032 HTTP/1.1" 200 10850 "-" "Mozilla/5.0 (compatible; OrangeBot/2.0; support.orangebot@orange.com)"
208.115.113.93 - - [06/Jun/2015:00:20:47 +0200] "GET /viewforum.php?f=25 HTTP/1.1" 200 73980 "-" "Mozilla/5.0 (compatible; DotBot/1.1; http://www.opensiteexplorer.org/dotbot, help@moz.com)"
46.229.164.113 - - [06/Jun/2015:00:21:10 +0200] "GET /faq.php?sid=21b87f66d6fa529b75f1bc21466869aa HTTP/1.1" 200 16129 "-" "Mozilla/5.0 (compatible; SemrushBot/0.98~bl; +http://www.semrush.com/bot.html)"
87.106.52.169 - - [06/Jun/2015:00:21:11 +0200] "GET /viewtopic.php?t=17046 HTTP/1.1" 200 13174 "http://forums.ixus.net/" "Mozilla/5.0 (Windows NT 6.1; WOW64) AppleWebKit/537.36 (KHTML, like Gecko) Chrome/39.0.2171.95 Safari/537.36"
207.46.13.7 - - [06/Jun/2015:00:21:11 +0200] "GET /viewtopic.php?p=112423 HTTP/1.1" 200 9818 "-" "Mozilla/5.0 (compatible; bingbot/2.0; +http://www.bing.com/bingbot.htm)"
81.52.143.31 - - [06/Jun/2015:00:21:19 +0200] "GET /viewtopic.php?f=23&t=30297 HTTP/1.1" 200 7587 "-" "Mozilla/5.0 (compatible; OrangeBot/2.0; support.orangebot@orange.com)"
117.169.1.224 - - [06/Jun/2015:00:21:57 +0200] "GET /memberlist.php?mode=viewprofile&u=5511&sid=97b742368324684adc20781c2cd8e728&order=DESC&sk=c&sd=d HTTP/1.1" 200 4366 "http://forums.ixus.net/" "Mozilla/5.0 (Windows NT 6.1; WOW64) AppleWebKit/537.36 (KHTML, like Gecko) Chrome/39.0.2171.95 Safari/537.36"
117.169.1.224 - - [06/Jun/2015:00:22:03 +0200] "GET /index.php HTTP/1.1" 200 8408 "http://forums.ixus.net/" "Mozilla/5.0 (Windows NT 6.1; WOW64) AppleWebKit/537.36 (KHTML, like Gecko) Chrome/39.0.2171.95 Safari/537.36"
117.169.1.224 - - [06/Jun/2015:00:22:05 +0200] "GET /profile.php?mode=editprofile HTTP/1.1" 404 469 "http://forums.ixus.net/" "Mozilla/5.0 (Windows NT 6.1; WOW64) AppleWebKit/537.36 (KHTML, like Gecko) Chrome/39.0.2171.95 Safari/537.36"
46.229.164.113 - - [06/Jun/2015:00:22:06 +0200] "GET /viewforum.php?f=3&sid=c9344598636d9ec95bb9e4024ddb249c HTTP/1.1" 200 11110 "-" "Mozilla/5.0 (compatible; SemrushBot/0.98~bl; +http://www.semrush.com/bot.html)"
117.169.1.224 - - [06/Jun/2015:00:22:07 +0200] "GET /memberlist.php?mode=email&u=5511&sid=97b742368324684adc20781c2cd8e728&order=DESC&sk=c&sd=d HTTP/1.1" 200 3210 "http://forums.ixus.net/" "Mozilla/5.0 (Windows NT 6.1; WOW64) AppleWebKit/537.36 (KHTML, like Gecko) Chrome/39.0.2171.95 Safari/537.36"
117.169.1.224 - - [06/Jun/2015:00:22:08 +0200] "GET /index.php HTTP/1.1" 200 8408 "http://forums.ixus.net/" "Mozilla/5.0 (Windows NT 6.1; WOW64) AppleWebKit/537.36 (KHTML, like Gecko) Chrome/39.0.2171.95 Safari/537.36"
117.169.1.224 - - [06/Jun/2015:00:22:10 +0200] "GET /profile.php?mode=editprofile HTTP/1.1" 404 469 "http://forums.ixus.net/" "Mozilla/5.0 (Windows NT 6.1; WOW64) AppleWebKit/537.36 (KHTML, like Gecko) Chrome/39.0.2171.95 Safari/537.36"
117.169.1.224 - - [06/Jun/2015:00:22:14 +0200] "GET /profile.php?mode=register HTTP/1.1" 404 469 "http://forums.ixus.net/" "Mozilla/5.0 (Windows NT 6.1; WOW64) AppleWebKit/537.36 (KHTML, like Gecko) Chrome/39.0.2171.95 Safari/537.36"
117.169.1.224 - - [06/Jun/2015:00:22:15 +0200] "GET /profile.php?mode=register&agreed=true&iscanyesno=yeswecan&step=2&coppa=0 HTTP/1.1" 404 469 "http://forums.ixus.net/profile.php?mode=register" "Mozilla/5.0 (Windows NT 6.1; WOW64) AppleWebKit/537.36 (KHTML, like Gecko) Chrome/39.0.2171.95 Safari/537.36"
117.169.1.224 - - [06/Jun/2015:00:22:16 +0200] "GET /memberlist.php?mode=joined&order=DESC&sk=c&sd=d&order=DESC&sk=c&sd=d HTTP/1.1" 200 3187 "http://forums.ixus.net/" "Mozilla/5.0 (Windows NT 6.1; WOW64) AppleWebKit/537.36 (KHTML, like Gecko) Chrome/39.0.2171.95 Safari/537.36"
117.169.1.224 - - [06/Jun/2015:00:22:17 +0200] "GET /index.php HTTP/1.1" 200 8408 "http://forums.ixus.net/" "Mozilla/5.0 (Windows NT 6.1; WOW64) AppleWebKit/537.36 (KHTML, like Gecko) Chrome/39.0.2171.95 Safari/537.36"
117.169.1.224 - - [06/Jun/2015:00:22:19 +0200] "GET /profile.php?mode=editprofile HTTP/1.1" 404 469 "http://forums.ixus.net/" "Mozilla/5.0 (Windows NT 6.1; WOW64) AppleWebKit/537.36 (KHTML, like Gecko) Chrome/39.0.2171.95 Safari/537.36"
117.169.1.224 - - [06/Jun/2015:00:22:29 +0200] "GET /memberlist.php?mode=viewprofile&u= HTTP/1.1" 200 3932 "http://forums.ixus.net/profile.php?mode=register&agreed=true&iscanyesno=yeswecan&step=2&coppa=0" "Mozilla/5.0 (Windows NT 6.1; WOW64) AppleWebKit/537.36 (KHTML, like Gecko) Chrome/39.0.2171.95 Safari/537.36"
46.229.164.114 - - [06/Jun/2015:00:23:09 +0200] "GET /viewtopic.php?f=10&p=269868&sid=5d0b186811abf90fee2247d4efe9b399&t=42902 HTTP/1.1" 200 5898 "-" "Mozilla/5.0 (compatible; SemrushBot/0.98~bl; +http://www.semrush.com/bot.html)"
193.252.118.176 - - [06/Jun/2015:00:23:31 +0200] "GET /viewtopic.php?t=39525 HTTP/1.1" 200 6768 "-" "Mozilla/5.0 (compatible; OrangeBot/2.0; support.orangebot@orange.com)"
84.215.76.108 - - [06/Jun/2015:00:23:38 +0200] "GET /viewtopic.php?t=18879 HTTP/1.1" 200 12547 "https://www.google.no/" "Mozilla/5.0 (Linux; Android 5.1.1; Nexus 5 CAF Build/LMY48B) AppleWebKit/537.36 (KHTML, like Gecko) Chrome/43.0.2357.78 Mobile Safari/537.36"
84.215.76.108 - - [06/Jun/2015:00:23:39 +0200] "GET /styles/prosilver/theme/normal.css HTTP/1.1" 200 394 "http://forums.ixus.net/viewtopic.php?t=18879" "Mozilla/5.0 (Linux; Android 5.1.1; Nexus 5 CAF Build/LMY48B) AppleWebKit/537.36 (KHTML, like Gecko) Chrome/43.0.2357.78 Mobile Safari/537.36"
84.215.76.108 - - [06/Jun/2015:00:23:39 +0200] "GET /styles/prosilver/template/forum_fn.js HTTP/1.1" 200 3655 "http://forums.ixus.net/viewtopic.php?t=18879" "Mozilla/5.0 (Linux; Android 5.1.1; Nexus 5 CAF Build/LMY48B) AppleWebKit/537.36 (KHTML, like Gecko) Chrome/43.0.2357.78 Mobile Safari/537.36"
84.215.76.108 - - [06/Jun/2015:00:23:39 +0200] "GET /styles/prosilver/template/styleswitcher.js HTTP/1.1" 200 1330 "http://forums.ixus.net/viewtopic.php?t=18879" "Mozilla/5.0 (Linux; Android 5.1.1; Nexus 5 CAF Build/LMY48B) AppleWebKit/537.36 (KHTML, like Gecko) Chrome/43.0.2357.78 Mobile Safari/537.36"
84.215.76.108 - - [06/Jun/2015:00:23:39 +0200] "GET /style.php?id=1&lang=en&sid=09389e0637be2b3ca97e112c5452884a HTTP/1.1" 200 13943 "http://forums.ixus.net/viewtopic.php?t=18879" "Mozilla/5.0 (Linux; Android 5.1.1; Nexus 5 CAF Build/LMY48B) AppleWebKit/537.36 (KHTML, like Gecko) Chrome/43.0.2357.78 Mobile Safari/537.36"
84.215.76.108 - - [06/Jun/2015:00:23:39 +0200] "GET /styles/prosilver/imageset/IXUSitsus.png HTTP/1.1" 200 20494 "http://forums.ixus.net/viewtopic.php?t=18879" "Mozilla/5.0 (Linux; Android 5.1.1; Nexus 5 CAF Build/LMY48B) AppleWebKit/537.36 (KHTML, like Gecko) Chrome/43.0.2357.78 Mobile Safari/537.36"
84.215.76.108 - - [06/Jun/2015:00:23:39 +0200] "GET /images/ranks/amiral.gif HTTP/1.1" 200 1113 "http://forums.ixus.net/viewtopic.php?t=18879" "Mozilla/5.0 (Linux; Android 5.1.1; Nexus 5 CAF Build/LMY48B) AppleWebKit/537.36 (KHTML, like Gecko) Chrome/43.0.2357.78 Mobile Safari/537.36"
84.215.76.108 - - [06/Jun/2015:00:23:39 +0200] "GET /images/smilies/icon_arrow.gif HTTP/1.1" 200 473 "http://forums.ixus.net/viewtopic.php?t=18879" "Mozilla/5.0 (Linux; Android 5.1.1; Nexus 5 CAF Build/LMY48B) AppleWebKit/537.36 (KHTML, like Gecko) Chrome/43.0.2357.78 Mobile Safari/537.36"
84.215.76.108 - - [06/Jun/2015:00:23:39 +0200] "GET /images/avatars/gallery/Avatars/024.gif HTTP/1.1" 200 636 "http://forums.ixus.net/viewtopic.php?t=18879" "Mozilla/5.0 (Linux; Android 5.1.1; Nexus 5 CAF Build/LMY48B) AppleWebKit/537.36 (KHTML, like Gecko) Chrome/43.0.2357.78 Mobile Safari/537.36"
84.215.76.108 - - [06/Jun/2015:00:23:39 +0200] "GET /styles/prosilver/imageset/icon_post_target.gif HTTP/1.1" 200 489 "http://forums.ixus.net/viewtopic.php?t=18879" "Mozilla/5.0 (Linux; Android 5.1.1; Nexus 5 CAF Build/LMY48B) AppleWebKit/537.36 (KHTML, like Gecko) Chrome/43.0.2357.78 Mobile Safari/537.36"
84.215.76.108 - - [06/Jun/2015:00:23:39 +0200] "GET /images/smilies/icon_mrgreen.gif HTTP/1.1" 200 653 "http://forums.ixus.net/viewtopic.php?t=18879" "Mozilla/5.0 (Linux; Android 5.1.1; Nexus 5 CAF Build/LMY48B) AppleWebKit/537.36 (KHTML, like Gecko) Chrome/43.0.2357.78 Mobile Safari/537.36"
84.215.76.108 - - [06/Jun/2015:00:23:39 +0200] "GET /styles/prosilver/theme/large.css HTTP/1.1" 200 394 "http://forums.ixus.net/viewtopic.php?t=18879" "Mozilla/5.0 (Linux; Android 5.1.1; Nexus 5 CAF Build/LMY48B) AppleWebKit/537.36 (KHTML, like Gecko) Chrome/43.0.2357.78 Mobile Safari/537.36"
84.215.76.108 - - [06/Jun/2015:00:23:39 +0200] "GET /styles/prosilver/theme/print.css HTTP/1.1" 200 1565 "http://forums.ixus.net/viewtopic.php?t=18879" "Mozilla/5.0 (Linux; Android 5.1.1; Nexus 5 CAF Build/LMY48B) AppleWebKit/537.36 (KHTML, like Gecko) Chrome/43.0.2357.78 Mobile Safari/537.36"
84.215.76.108 - - [06/Jun/2015:00:23:39 +0200] "GET /styles/prosilver/theme/medium.css HTTP/1.1" 200 394 "http://forums.ixus.net/viewtopic.php?t=18879" "Mozilla/5.0 (Linux; Android 5.1.1; Nexus 5 CAF Build/LMY48B) AppleWebKit/537.36 (KHTML, like Gecko) Chrome/43.0.2357.78 Mobile Safari/537.36"
84.215.76.108 - - [06/Jun/2015:00:23:39 +0200] "GET /styles/prosilver/theme/images/corners_left.png HTTP/1.1" 200 498 "http://forums.ixus.net/style.php?id=1&lang=en&sid=09389e0637be2b3ca97e112c5452884a" "Mozilla/5.0 (Linux; Android 5.1.1; Nexus 5 CAF Build/LMY48B) AppleWebKit/537.36 (KHTML, like Gecko) Chrome/43.0.2357.78 Mobile Safari/537.36"
84.215.76.108 - - [06/Jun/2015:00:23:39 +0200] "GET /styles/prosilver/theme/images/bg_header.gif HTTP/1.1" 200 994 "http://forums.ixus.net/style.php?id=1&lang=en&sid=09389e0637be2b3ca97e112c5452884a" "Mozilla/5.0 (Linux; Android 5.1.1; Nexus 5 CAF Build/LMY48B) AppleWebKit/537.36 (KHTML, like Gecko) Chrome/43.0.2357.78 Mobile Safari/537.36"
84.215.76.108 - - [06/Jun/2015:00:23:39 +0200] "GET /styles/prosilver/theme/images/corners_right.png HTTP/1.1" 200 504 "http://forums.ixus.net/style.php?id=1&lang=en&sid=09389e0637be2b3ca97e112c5452884a" "Mozilla/5.0 (Linux; Android 5.1.1; Nexus 5 CAF Build/LMY48B) AppleWebKit/537.36 (KHTML, like Gecko) Chrome/43.0.2357.78 Mobile Safari/537.36"
84.215.76.108 - - [06/Jun/2015:00:23:39 +0200] "GET /styles/prosilver/imageset/fr/button_topic_reply.gif HTTP/1.1" 200 2917 "http://forums.ixus.net/style.php?id=1&lang=en&sid=09389e0637be2b3ca97e112c5452884a" "Mozilla/5.0 (Linux; Android 5.1.1; Nexus 5 CAF Build/LMY48B) AppleWebKit/537.36 (KHTML, like Gecko) Chrome/43.0.2357.78 Mobile Safari/537.36"
84.215.76.108 - - [06/Jun/2015:00:23:39 +0200] "GET /styles/prosilver/theme/images/bg_list.gif HTTP/1.1" 200 968 "http://forums.ixus.net/style.php?id=1&lang=en&sid=09389e0637be2b3ca97e112c5452884a" "Mozilla/5.0 (Linux; Android 5.1.1; Nexus 5 CAF Build/LMY48B) AppleWebKit/537.36 (KHTML, like Gecko) Chrome/43.0.2357.78 Mobile Safari/537.36"
84.215.76.108 - - [06/Jun/2015:00:23:39 +0200] "GET /styles/prosilver/theme/images/icon_home.gif HTTP/1.1" 200 610 "http://forums.ixus.net/style.php?id=1&lang=en&sid=09389e0637be2b3ca97e112c5452884a" "Mozilla/5.0 (Linux; Android 5.1.1; Nexus 5 CAF Build/LMY48B) AppleWebKit/537.36 (KHTML, like Gecko) Chrome/43.0.2357.78 Mobile Safari/537.36"
84.215.76.108 - - [06/Jun/2015:00:23:39 +0200] "GET /styles/prosilver/theme/images/icon_fontsize.gif HTTP/1.1" 200 863 "http://forums.ixus.net/style.php?id=1&lang=en&sid=09389e0637be2b3ca97e112c5452884a" "Mozilla/5.0 (Linux; Android 5.1.1; Nexus 5 CAF Build/LMY48B) AppleWebKit/537.36 (KHTML, like Gecko) Chrome/43.0.2357.78 Mobile Safari/537.36"
84.215.76.108 - - [06/Jun/2015:00:23:39 +0200] "GET /styles/prosilver/theme/images/bg_button.gif HTTP/1.1" 200 485 "http://forums.ixus.net/style.php?id=1&lang=en&sid=09389e0637be2b3ca97e112c5452884a" "Mozilla/5.0 (Linux; Android 5.1.1; Nexus 5 CAF Build/LMY48B) AppleWebKit/537.36 (KHTML, like Gecko) Chrome/43.0.2357.78 Mobile Safari/537.36"
84.215.76.108 - - [06/Jun/2015:00:23:39 +0200] "GET /styles/prosilver/theme/images/icon_textbox_search.gif HTTP/1.1" 200 639 "http://forums.ixus.net/style.php?id=1&lang=en&sid=09389e0637be2b3ca97e112c5452884a" "Mozilla/5.0 (Linux; Android 5.1.1; Nexus 5 CAF Build/LMY48B) AppleWebKit/537.36 (KHTML, like Gecko) Chrome/43.0.2357.78 Mobile Safari/537.36"
84.215.76.108 - - [06/Jun/2015:00:23:39 +0200] "GET /styles/prosilver/imageset/icon_contact_yahoo.gif HTTP/1.1" 200 845 "http://forums.ixus.net/style.php?id=1&lang=en&sid=09389e0637be2b3ca97e112c5452884a" "Mozilla/5.0 (Linux; Android 5.1.1; Nexus 5 CAF Build/LMY48B) AppleWebKit/537.36 (KHTML, like Gecko) Chrome/43.0.2357.78 Mobile Safari/537.36"
84.215.76.108 - - [06/Jun/2015:00:23:39 +0200] "GET /styles/prosilver/imageset/icon_contact_email.gif HTTP/1.1" 200 827 "http://forums.ixus.net/style.php?id=1&lang=en&sid=09389e0637be2b3ca97e112c5452884a" "Mozilla/5.0 (Linux; Android 5.1.1; Nexus 5 CAF Build/LMY48B) AppleWebKit/537.36 (KHTML, like Gecko) Chrome/43.0.2357.78 Mobile Safari/537.36"
84.215.76.108 - - [06/Jun/2015:00:23:39 +0200] "GET /styles/prosilver/imageset/icon_contact_icq.gif HTTP/1.1" 200 866 "http://forums.ixus.net/style.php?id=1&lang=en&sid=09389e0637be2b3ca97e112c5452884a" "Mozilla/5.0 (Linux; Android 5.1.1; Nexus 5 CAF Build/LMY48B) AppleWebKit/537.36 (KHTML, like Gecko) Chrome/43.0.2357.78 Mobile Safari/537.36"
84.215.76.108 - - [06/Jun/2015:00:23:39 +0200] "GET /styles/prosilver/imageset/icon_contact_www.gif HTTP/1.1" 200 894 "http://forums.ixus.net/style.php?id=1&lang=en&sid=09389e0637be2b3ca97e112c5452884a" "Mozilla/5.0 (Linux; Android 5.1.1; Nexus 5 CAF Build/LMY48B) AppleWebKit/537.36 (KHTML, like Gecko) Chrome/43.0.2357.78 Mobile Safari/537.36"
84.215.76.108 - - [06/Jun/2015:00:23:39 +0200] "GET /styles/prosilver/theme/images/icon_register.gif HTTP/1.1" 200 534 "http://forums.ixus.net/style.php?id=1&lang=en&sid=09389e0637be2b3ca97e112c5452884a" "Mozilla/5.0 (Linux; Android 5.1.1; Nexus 5 CAF Build/LMY48B) AppleWebKit/537.36 (KHTML, like Gecko) Chrome/43.0.2357.78 Mobile Safari/537.36"
84.215.76.108 - - [06/Jun/2015:00:23:39 +0200] "GET /styles/prosilver/theme/images/icon_logout.gif HTTP/1.1" 200 522 "http://forums.ixus.net/style.php?id=1&lang=en&sid=09389e0637be2b3ca97e112c5452884a" "Mozilla/5.0 (Linux; Android 5.1.1; Nexus 5 CAF Build/LMY48B) AppleWebKit/537.36 (KHTML, like Gecko) Chrome/43.0.2357.78 Mobile Safari/537.36"
84.215.76.108 - - [06/Jun/2015:00:23:39 +0200] "GET /styles/prosilver/theme/images/icon_faq.gif HTTP/1.1" 200 558 "http://forums.ixus.net/style.php?id=1&lang=en&sid=09389e0637be2b3ca97e112c5452884a" "Mozilla/5.0 (Linux; Android 5.1.1; Nexus 5 CAF Build/LMY48B) AppleWebKit/537.36 (KHTML, like Gecko) Chrome/43.0.2357.78 Mobile Safari/537.36"
84.215.76.108 - - [06/Jun/2015:00:23:39 +0200] "GET /styles/prosilver/imageset/icon_back_top.gif HTTP/1.1" 200 507 "http://forums.ixus.net/style.php?id=1&lang=en&sid=09389e0637be2b3ca97e112c5452884a" "Mozilla/5.0 (Linux; Android 5.1.1; Nexus 5 CAF Build/LMY48B) AppleWebKit/537.36 (KHTML, like Gecko) Chrome/43.0.2357.78 Mobile Safari/537.36"
84.215.76.108 - - [06/Jun/2015:00:23:39 +0200] "GET /styles/prosilver/theme/images/arrow_left.gif HTTP/1.1" 200 414 "http://forums.ixus.net/style.php?id=1&lang=en&sid=09389e0637be2b3ca97e112c5452884a" "Mozilla/5.0 (Linux; Android 5.1.1; Nexus 5 CAF Build/LMY48B) AppleWebKit/537.36 (KHTML, like Gecko) Chrome/43.0.2357.78 Mobile Safari/537.36"
207.46.13.142 - - [06/Jun/2015:00:23:40 +0200] "GET /viewtopic.php?p=243391 HTTP/1.1" 200 10504 "-" "Mozilla/5.0 (compatible; bingbot/2.0; +http://www.bing.com/bingbot.htm)"
84.215.76.108 - - [06/Jun/2015:00:23:40 +0200] "GET /favicon.ico HTTP/1.1" 404 523 "http://forums.ixus.net/viewtopic.php?t=18879" "Mozilla/5.0 (Linux; Android 5.1.1; Nexus 5 CAF Build/LMY48B) AppleWebKit/537.36 (KHTML, like Gecko) Chrome/43.0.2357.78 Mobile Safari/537.36"
207.46.13.142 - - [06/Jun/2015:00:23:40 +0200] "GET /viewtopic.php?p=248658 HTTP/1.1" 200 10902 "-" "Mozilla/5.0 (compatible; bingbot/2.0; +http://www.bing.com/bingbot.htm)"
81.52.143.29 - - [06/Jun/2015:00:23:59 +0200] "GET /viewtopic.php?f=19&t=35763 HTTP/1.1" 200 8577 "-" "Mozilla/5.0 (compatible; OrangeBot/2.0; support.orangebot@orange.com)"
178.255.215.89 - - [06/Jun/2015:00:24:15 +0200] "GET /viewtopic.php?t=42144&p=265260 HTTP/1.1" 200 9252 "-" "Mozilla/5.0 (compatible; Exabot/3.0; +http://www.exabot.com/go/robot)"
207.46.13.142 - - [06/Jun/2015:00:24:33 +0200] "GET /viewforum.php?f=20&start=400 HTTP/1.1" 200 10897 "-" "Mozilla/5.0 (compatible; bingbot/2.0; +http://www.bing.com/bingbot.htm)"
207.46.13.7 - - [06/Jun/2015:00:24:36 +0200] "GET /viewtopic.php?t=42779 HTTP/1.1" 200 6827 "-" "Mozilla/5.0 (compatible; bingbot/2.0; +http://www.bing.com/bingbot.htm)"
81.52.143.42 - - [06/Jun/2015:00:25:02 +0200] "GET /viewtopic.php?p=242561 HTTP/1.1" 200 8237 "-" "Mozilla/5.0 (compatible; OrangeBot/2.0; support.orangebot@orange.com)"
83.157.211.52 - - [06/Jun/2015:00:25:22 +0200] "GET /viewtopic.php?t=20160 HTTP/1.0" 200 8534 "http://www.google.com/url?sa=t&rct=j&q=&esrc=s&source=web&cd=3&cad=rja&uact=8&ved=0CC8QFjAC&url=http%3A%2F%2Fforums.ixus.net%2Fviewtopic.php%3Ft%3D20160&ei=QCFyVZ_vKYrvUvX4g4AC&usg=AFQjCNEvjwCQJ_fVZrdm9DhYeT6uhKubfw&bvm=bv.95039771,d.d24" "Mozilla/5.0 (Macintosh; Intel Mac OS X 10.8; rv:37.0) Gecko/20100101 Firefox/37.0"
83.157.211.52 - - [06/Jun/2015:00:25:22 +0200] "GET /images/avatars/gallery/Avatars/026.gif HTTP/1.0" 200 696 "http://forums.ixus.net/viewtopic.php?t=20160" "Mozilla/5.0 (Macintosh; Intel Mac OS X 10.8; rv:37.0) Gecko/20100101 Firefox/37.0"
83.157.211.52 - - [06/Jun/2015:00:25:22 +0200] "GET /images/ranks/vice_amiral_2.gif HTTP/1.0" 200 1497 "http://forums.ixus.net/viewtopic.php?t=20160" "Mozilla/5.0 (Macintosh; Intel Mac OS X 10.8; rv:37.0) Gecko/20100101 Firefox/37.0"
83.157.211.52 - - [06/Jun/2015:00:25:22 +0200] "GET /images/smilies/icon_wink.gif HTTP/1.0" 200 473 "http://forums.ixus.net/viewtopic.php?t=20160" "Mozilla/5.0 (Macintosh; Intel Mac OS X 10.8; rv:37.0) Gecko/20100101 Firefox/37.0"
83.157.211.52 - - [06/Jun/2015:00:25:22 +0200] "GET /images/avatars/gallery/Avatars/102.gif HTTP/1.0" 200 1750 "http://forums.ixus.net/viewtopic.php?t=20160" "Mozilla/5.0 (Macintosh; Intel Mac OS X 10.8; rv:37.0) Gecko/20100101 Firefox/37.0"
83.157.211.52 - - [06/Jun/2015:00:25:22 +0200] "GET /images/avatars/gallery/Avatars/084.gif HTTP/1.0" 200 605 "http://forums.ixus.net/viewtopic.php?t=20160" "Mozilla/5.0 (Macintosh; Intel Mac OS X 10.8; rv:37.0) Gecko/20100101 Firefox/37.0"
83.157.211.52 - - [06/Jun/2015:00:25:22 +0200] "GET /images/ranks/major.gif HTTP/1.0" 200 922 "http://forums.ixus.net/viewtopic.php?t=20160" "Mozilla/5.0 (Macintosh; Intel Mac OS X 10.8; rv:37.0) Gecko/20100101 Firefox/37.0"
83.157.211.52 - - [06/Jun/2015:00:25:22 +0200] "GET /images/ranks/enseigne.gif HTTP/1.0" 200 856 "http://forums.ixus.net/viewtopic.php?t=20160" "Mozilla/5.0 (Macintosh; Intel Mac OS X 10.8; rv:37.0) Gecko/20100101 Firefox/37.0"
83.157.211.52 - - [06/Jun/2015:00:25:22 +0200] "GET /images/smilies/icon_eek.gif HTTP/1.0" 200 473 "http://forums.ixus.net/viewtopic.php?t=20160" "Mozilla/5.0 (Macintosh; Intel Mac OS X 10.8; rv:37.0) Gecko/20100101 Firefox/37.0"
83.157.211.52 - - [06/Jun/2015:00:25:22 +0200] "GET /images/ranks/amiral.gif HTTP/1.0" 200 1113 "http://forums.ixus.net/viewtopic.php?t=20160" "Mozilla/5.0 (Macintosh; Intel Mac OS X 10.8; rv:37.0) Gecko/20100101 Firefox/37.0"
83.157.211.52 - - [06/Jun/2015:00:25:22 +0200] "GET /images/avatars/gallery/Avatars/003.gif HTTP/1.0" 200 673 "http://forums.ixus.net/viewtopic.php?t=20160" "Mozilla/5.0 (Macintosh; Intel Mac OS X 10.8; rv:37.0) Gecko/20100101 Firefox/37.0"
83.157.211.52 - - [06/Jun/2015:00:25:22 +0200] "GET /images/avatars/gallery/Avatars/096.gif HTTP/1.0" 200 1587 "http://forums.ixus.net/viewtopic.php?t=20160" "Mozilla/5.0 (Macintosh; Intel Mac OS X 10.8; rv:37.0) Gecko/20100101 Firefox/37.0"
83.157.211.52 - - [06/Jun/2015:00:25:22 +0200] "GET /images/smilies/icon_cool.gif HTTP/1.0" 200 475 "http://forums.ixus.net/viewtopic.php?t=20160" "Mozilla/5.0 (Macintosh; Intel Mac OS X 10.8; rv:37.0) Gecko/20100101 Firefox/37.0"
83.157.211.52 - - [06/Jun/2015:00:25:22 +0200] "GET /images/smilies/icon_biggrin.gif HTTP/1.0" 200 475 "http://forums.ixus.net/viewtopic.php?t=20160" "Mozilla/5.0 (Macintosh; Intel Mac OS X 10.8; rv:37.0) Gecko/20100101 Firefox/37.0"
83.157.211.52 - - [06/Jun/2015:00:25:22 +0200] "GET /images/smilies/icon_confused.gif HTTP/1.0" 200 474 "http://forums.ixus.net/viewtopic.php?t=20160" "Mozilla/5.0 (Macintosh; Intel Mac OS X 10.8; rv:37.0) Gecko/20100101 Firefox/37.0"
83.157.211.52 - - [06/Jun/2015:00:25:22 +0200] "GET /images/smilies/icon_cry.gif HTTP/1.0" 200 802 "http://forums.ixus.net/viewtopic.php?t=20160" "Mozilla/5.0 (Macintosh; Intel Mac OS X 10.8; rv:37.0) Gecko/20100101 Firefox/37.0"
83.157.211.52 - - [06/Jun/2015:00:25:22 +0200] "GET /styles/prosilver/imageset/icon_contact_www.gif HTTP/1.0" 200 894 "http://forums.ixus.net/style.php?id=1&lang=en&sid=6a529c4b91e57a78aa818a3a7120c375" "Mozilla/5.0 (Macintosh; Intel Mac OS X 10.8; rv:37.0) Gecko/20100101 Firefox/37.0"
83.157.211.52 - - [06/Jun/2015:00:25:22 +0200] "GET /images/smilies/icon_smile.gif HTTP/1.0" 200 477 "http://forums.ixus.net/viewtopic.php?t=20160" "Mozilla/5.0 (Macintosh; Intel Mac OS X 10.8; rv:37.0) Gecko/20100101 Firefox/37.0"
83.157.211.52 - - [06/Jun/2015:00:25:22 +0200] "GET /styles/prosilver/theme/images/quote.gif HTTP/1.0" 200 456 "http://forums.ixus.net/style.php?id=1&lang=en&sid=6a529c4b91e57a78aa818a3a7120c375" "Mozilla/5.0 (Macintosh; Intel Mac OS X 10.8; rv:37.0) Gecko/20100101 Firefox/37.0"
46.229.164.102 - - [06/Jun/2015:00:25:37 +0200] "GET /faq.php?sid=b86c67ff51e2c5f59048995477c6cca5 HTTP/1.1" 200 16130 "-" "Mozilla/5.0 (compatible; SemrushBot/0.98~bl; +http://www.semrush.com/bot.html)"
193.252.118.176 - - [06/Jun/2015:00:25:40 +0200] "GET /viewtopic.php?t=23221 HTTP/1.1" 200 5925 "-" "Mozilla/5.0 (compatible; OrangeBot/2.0; support.orangebot@orange.com)"
193.252.118.174 - - [06/Jun/2015:00:25:46 +0200] "GET /viewtopic.php?t=10789 HTTP/1.1" 200 9975 "-" "Mozilla/5.0 (compatible; OrangeBot/2.0; support.orangebot@orange.com)"
193.252.118.174 - - [06/Jun/2015:00:25:47 +0200] "GET /viewtopic.php?p=270917 HTTP/1.1" 200 15563 "-" "Mozilla/5.0 (compatible; OrangeBot/2.0; support.orangebot@orange.com)"
208.115.113.93 - - [06/Jun/2015:00:25:55 +0200] "GET /viewtopic.php?f=21&t=40995 HTTP/1.1" 200 25163 "-" "Mozilla/5.0 (compatible; DotBot/1.1; http://www.opensiteexplorer.org/dotbot, help@moz.com)"
207.46.13.133 - - [06/Jun/2015:00:26:57 +0200] "GET /viewtopic.php?p=91039 HTTP/1.1" 200 14273 "-" "Mozilla/5.0 (compatible; bingbot/2.0; +http://www.bing.com/bingbot.htm)"
46.229.164.113 - - [06/Jun/2015:00:27:12 +0200] "GET /ucp.php?mode=login&sid=af42fba7f18651250f2a8aacf30977d9 HTTP/1.1" 200 4358 "-" "Mozilla/5.0 (compatible; SemrushBot/0.98~bl; +http://www.semrush.com/bot.html)"
46.229.164.114 - - [06/Jun/2015:00:27:35 +0200] "GET /viewtopic.php?p=275154&sid=a392d95e0265a5508c83bc44bdd6e4bb HTTP/1.1" 200 12206 "-" "Mozilla/5.0 (compatible; SemrushBot/0.98~bl; +http://www.semrush.com/bot.html)"
81.52.143.15 - - [06/Jun/2015:00:28:08 +0200] "GET /viewtopic.php?p=267292 HTTP/1.1" 200 8155 "-" "Mozilla/5.0 (compatible; OrangeBot/2.0; support.orangebot@orange.com)"
81.52.143.15 - - [06/Jun/2015:00:28:19 +0200] "GET /viewtopic.php?f=5&t=39555 HTTP/1.1" 200 7229 "-" "Mozilla/5.0 (compatible; OrangeBot/2.0; support.orangebot@orange.com)"
193.252.118.165 - - [06/Jun/2015:00:28:19 +0200] "GET /viewtopic.php?f=2&t=43219 HTTP/1.1" 200 7355 "-" "Mozilla/5.0 (compatible; OrangeBot/2.0; support.orangebot@orange.com)"
207.46.13.133 - - [06/Jun/2015:00:28:35 +0200] "GET /viewtopic.php?f=10&t=43542&start=30 HTTP/1.1" 200 12809 "-" "Mozilla/5.0 (compatible; bingbot/2.0; +http://www.bing.com/bingbot.htm)"
207.46.13.7 - - [06/Jun/2015:00:28:58 +0200] "GET /feed.php?f=10&t=44113 HTTP/1.1" 200 9860 "-" "Mozilla/5.0 (compatible; bingbot/2.0; +http://www.bing.com/bingbot.htm)"
94.228.34.248 - - [06/Jun/2015:00:29:23 +0200] "GET /robots.txt HTTP/1.1" 404 556 "-" "robots"
94.228.34.248 - - [06/Jun/2015:00:29:23 +0200] "GET /feed.php?f=27 HTTP/1.1" 200 30785 "-" "magpie-crawler/1.1 (U; Linux amd64; en-GB; +http://www.brandwatch.net)"
213.140.59.141 - - [06/Jun/2015:00:29:30 +0200] "GET /viewtopic.php?t=37962 HTTP/1.1" 200 9430 "http://www.google.dz/url?sa=t&source=web&cd=10&ved=0CDUQFjAJ&url=http%3A%2F%2Fforums.ixus.net%2Fviewtopic.php%3Ft%3D37962&rct=j&q=sexse%20xxlplaj&ei=xiJyVYnFBonXUdDbgOgO&usg=AFQjCNF8bXe4MDD_NF38-ToBh5tmfuqDdA" "Mozilla/5.0 (Linux; Android 4.2.2; fr-fr; SAMSUNG GT-I9192 Build/JDQ39) AppleWebKit/535.19 (KHTML, like Gecko) Version/1.0 Chrome/18.0.1025.308 Mobile Safari/535.19"
213.140.59.141 - - [06/Jun/2015:00:29:31 +0200] "GET /styles/prosilver/template/styleswitcher.js HTTP/1.1" 200 1330 "http://forums.ixus.net/viewtopic.php?t=37962" "Mozilla/5.0 (Linux; Android 4.2.2; fr-fr; SAMSUNG GT-I9192 Build/JDQ39) AppleWebKit/535.19 (KHTML, like Gecko) Version/1.0 Chrome/18.0.1025.308 Mobile Safari/535.19"
213.140.59.141 - - [06/Jun/2015:00:29:31 +0200] "GET /styles/prosilver/template/forum_fn.js HTTP/1.1" 200 3655 "http://forums.ixus.net/viewtopic.php?t=37962" "Mozilla/5.0 (Linux; Android 4.2.2; fr-fr; SAMSUNG GT-I9192 Build/JDQ39) AppleWebKit/535.19 (KHTML, like Gecko) Version/1.0 Chrome/18.0.1025.308 Mobile Safari/535.19"
213.140.59.141 - - [06/Jun/2015:00:29:31 +0200] "GET /styles/prosilver/theme/normal.css HTTP/1.1" 200 394 "http://forums.ixus.net/viewtopic.php?t=37962" "Mozilla/5.0 (Linux; Android 4.2.2; fr-fr; SAMSUNG GT-I9192 Build/JDQ39) AppleWebKit/535.19 (KHTML, like Gecko) Version/1.0 Chrome/18.0.1025.308 Mobile Safari/535.19"
213.140.59.141 - - [06/Jun/2015:00:29:31 +0200] "GET /style.php?id=1&lang=en&sid=9b3cb1d8025b4c3e1850c1f8d441f7fb HTTP/1.1" 200 13943 "http://forums.ixus.net/viewtopic.php?t=37962" "Mozilla/5.0 (Linux; Android 4.2.2; fr-fr; SAMSUNG GT-I9192 Build/JDQ39) AppleWebKit/535.19 (KHTML, like Gecko) Version/1.0 Chrome/18.0.1025.308 Mobile Safari/535.19"
213.140.59.141 - - [06/Jun/2015:00:29:32 +0200] "GET /styles/prosilver/theme/images/bg_header.gif HTTP/1.1" 200 994 "http://forums.ixus.net/viewtopic.php?t=37962" "Mozilla/5.0 (Linux; Android 4.2.2; fr-fr; SAMSUNG GT-I9192 Build/JDQ39) AppleWebKit/535.19 (KHTML, like Gecko) Version/1.0 Chrome/18.0.1025.308 Mobile Safari/535.19"
213.140.59.141 - - [06/Jun/2015:00:29:32 +0200] "GET /styles/prosilver/theme/images/corners_left.png HTTP/1.1" 200 498 "http://forums.ixus.net/viewtopic.php?t=37962" "Mozilla/5.0 (Linux; Android 4.2.2; fr-fr; SAMSUNG GT-I9192 Build/JDQ39) AppleWebKit/535.19 (KHTML, like Gecko) Version/1.0 Chrome/18.0.1025.308 Mobile Safari/535.19"
213.140.59.141 - - [06/Jun/2015:00:29:32 +0200] "GET /styles/prosilver/theme/images/corners_right.png HTTP/1.1" 200 504 "http://forums.ixus.net/viewtopic.php?t=37962" "Mozilla/5.0 (Linux; Android 4.2.2; fr-fr; SAMSUNG GT-I9192 Build/JDQ39) AppleWebKit/535.19 (KHTML, like Gecko) Version/1.0 Chrome/18.0.1025.308 Mobile Safari/535.19"
213.140.59.141 - - [06/Jun/2015:00:29:32 +0200] "GET /styles/prosilver/theme/images/icon_textbox_search.gif HTTP/1.1" 200 639 "http://forums.ixus.net/viewtopic.php?t=37962" "Mozilla/5.0 (Linux; Android 4.2.2; fr-fr; SAMSUNG GT-I9192 Build/JDQ39) AppleWebKit/535.19 (KHTML, like Gecko) Version/1.0 Chrome/18.0.1025.308 Mobile Safari/535.19"
213.140.59.141 - - [06/Jun/2015:00:29:33 +0200] "GET /styles/prosilver/theme/images/bg_button.gif HTTP/1.1" 200 485 "http://forums.ixus.net/viewtopic.php?t=37962" "Mozilla/5.0 (Linux; Android 4.2.2; fr-fr; SAMSUNG GT-I9192 Build/JDQ39) AppleWebKit/535.19 (KHTML, like Gecko) Version/1.0 Chrome/18.0.1025.308 Mobile Safari/535.19"
213.140.59.141 - - [06/Jun/2015:00:29:33 +0200] "GET /styles/prosilver/theme/images/icon_home.gif HTTP/1.1" 200 610 "http://forums.ixus.net/viewtopic.php?t=37962" "Mozilla/5.0 (Linux; Android 4.2.2; fr-fr; SAMSUNG GT-I9192 Build/JDQ39) AppleWebKit/535.19 (KHTML, like Gecko) Version/1.0 Chrome/18.0.1025.308 Mobile Safari/535.19"
213.140.59.141 - - [06/Jun/2015:00:29:33 +0200] "GET /styles/prosilver/theme/images/icon_fontsize.gif HTTP/1.1" 200 863 "http://forums.ixus.net/viewtopic.php?t=37962" "Mozilla/5.0 (Linux; Android 4.2.2; fr-fr; SAMSUNG GT-I9192 Build/JDQ39) AppleWebKit/535.19 (KHTML, like Gecko) Version/1.0 Chrome/18.0.1025.308 Mobile Safari/535.19"
213.140.59.141 - - [06/Jun/2015:00:29:33 +0200] "GET /styles/prosilver/theme/images/icon_faq.gif HTTP/1.1" 200 558 "http://forums.ixus.net/viewtopic.php?t=37962" "Mozilla/5.0 (Linux; Android 4.2.2; fr-fr; SAMSUNG GT-I9192 Build/JDQ39) AppleWebKit/535.19 (KHTML, like Gecko) Version/1.0 Chrome/18.0.1025.308 Mobile Safari/535.19"
213.140.59.141 - - [06/Jun/2015:00:29:33 +0200] "GET /styles/prosilver/theme/images/icon_register.gif HTTP/1.1" 200 534 "http://forums.ixus.net/viewtopic.php?t=37962" "Mozilla/5.0 (Linux; Android 4.2.2; fr-fr; SAMSUNG GT-I9192 Build/JDQ39) AppleWebKit/535.19 (KHTML, like Gecko) Version/1.0 Chrome/18.0.1025.308 Mobile Safari/535.19"
213.140.59.141 - - [06/Jun/2015:00:29:33 +0200] "GET /styles/prosilver/theme/images/icon_logout.gif HTTP/1.1" 200 522 "http://forums.ixus.net/viewtopic.php?t=37962" "Mozilla/5.0 (Linux; Android 4.2.2; fr-fr; SAMSUNG GT-I9192 Build/JDQ39) AppleWebKit/535.19 (KHTML, like Gecko) Version/1.0 Chrome/18.0.1025.308 Mobile Safari/535.19"
213.140.59.141 - - [06/Jun/2015:00:29:33 +0200] "GET /styles/prosilver/imageset/fr/button_topic_reply.gif HTTP/1.1" 200 2917 "http://forums.ixus.net/viewtopic.php?t=37962" "Mozilla/5.0 (Linux; Android 4.2.2; fr-fr; SAMSUNG GT-I9192 Build/JDQ39) AppleWebKit/535.19 (KHTML, like Gecko) Version/1.0 Chrome/18.0.1025.308 Mobile Safari/535.19"
213.140.59.141 - - [06/Jun/2015:00:29:33 +0200] "GET /styles/prosilver/theme/images/bg_list.gif HTTP/1.1" 200 968 "http://forums.ixus.net/viewtopic.php?t=37962" "Mozilla/5.0 (Linux; Android 4.2.2; fr-fr; SAMSUNG GT-I9192 Build/JDQ39) AppleWebKit/535.19 (KHTML, like Gecko) Version/1.0 Chrome/18.0.1025.308 Mobile Safari/535.19"
213.140.59.141 - - [06/Jun/2015:00:29:33 +0200] "GET /styles/prosilver/imageset/icon_post_target.gif HTTP/1.1" 200 489 "http://forums.ixus.net/viewtopic.php?t=37962" "Mozilla/5.0 (Linux; Android 4.2.2; fr-fr; SAMSUNG GT-I9192 Build/JDQ39) AppleWebKit/535.19 (KHTML, like Gecko) Version/1.0 Chrome/18.0.1025.308 Mobile Safari/535.19"
213.140.59.141 - - [06/Jun/2015:00:29:32 +0200] "GET /styles/prosilver/imageset/IXUSitsus.png HTTP/1.1" 200 20494 "http://forums.ixus.net/viewtopic.php?t=37962" "Mozilla/5.0 (Linux; Android 4.2.2; fr-fr; SAMSUNG GT-I9192 Build/JDQ39) AppleWebKit/535.19 (KHTML, like Gecko) Version/1.0 Chrome/18.0.1025.308 Mobile Safari/535.19"
213.140.59.141 - - [06/Jun/2015:00:29:33 +0200] "GET /images/avatars/gallery/Avatars/030.gif HTTP/1.1" 200 629 "http://forums.ixus.net/viewtopic.php?t=37962" "Mozilla/5.0 (Linux; Android 4.2.2; fr-fr; SAMSUNG GT-I9192 Build/JDQ39) AppleWebKit/535.19 (KHTML, like Gecko) Version/1.0 Chrome/18.0.1025.308 Mobile Safari/535.19"
213.140.59.141 - - [06/Jun/2015:00:29:33 +0200] "GET /images/ranks/vice_amiral_3.gif HTTP/1.1" 200 1510 "http://forums.ixus.net/viewtopic.php?t=37962" "Mozilla/5.0 (Linux; Android 4.2.2; fr-fr; SAMSUNG GT-I9192 Build/JDQ39) AppleWebKit/535.19 (KHTML, like Gecko) Version/1.0 Chrome/18.0.1025.308 Mobile Safari/535.19"
213.140.59.141 - - [06/Jun/2015:00:29:33 +0200] "GET /images/avatars/gallery/Avatars/047.gif HTTP/1.1" 200 1515 "http://forums.ixus.net/viewtopic.php?t=37962" "Mozilla/5.0 (Linux; Android 4.2.2; fr-fr; SAMSUNG GT-I9192 Build/JDQ39) AppleWebKit/535.19 (KHTML, like Gecko) Version/1.0 Chrome/18.0.1025.308 Mobile Safari/535.19"
213.140.59.141 - - [06/Jun/2015:00:29:33 +0200] "GET /images/ranks/amiral.gif HTTP/1.1" 200 1113 "http://forums.ixus.net/viewtopic.php?t=37962" "Mozilla/5.0 (Linux; Android 4.2.2; fr-fr; SAMSUNG GT-I9192 Build/JDQ39) AppleWebKit/535.19 (KHTML, like Gecko) Version/1.0 Chrome/18.0.1025.308 Mobile Safari/535.19"
213.140.59.141 - - [06/Jun/2015:00:29:33 +0200] "GET /images/avatars/gallery/Avatars/104.gif HTTP/1.1" 200 1492 "http://forums.ixus.net/viewtopic.php?t=37962" "Mozilla/5.0 (Linux; Android 4.2.2; fr-fr; SAMSUNG GT-I9192 Build/JDQ39) AppleWebKit/535.19 (KHTML, like Gecko) Version/1.0 Chrome/18.0.1025.308 Mobile Safari/535.19"
213.140.59.141 - - [06/Jun/2015:00:29:33 +0200] "GET /images/ranks/premier_maitre.gif HTTP/1.1" 200 843 "http://forums.ixus.net/viewtopic.php?t=37962" "Mozilla/5.0 (Linux; Android 4.2.2; fr-fr; SAMSUNG GT-I9192 Build/JDQ39) AppleWebKit/535.19 (KHTML, like Gecko) Version/1.0 Chrome/18.0.1025.308 Mobile Safari/535.19"
213.140.59.141 - - [06/Jun/2015:00:29:33 +0200] "GET /images/avatars/gallery/Avatars/072.gif HTTP/1.1" 200 659 "http://forums.ixus.net/viewtopic.php?t=37962" "Mozilla/5.0 (Linux; Android 4.2.2; fr-fr; SAMSUNG GT-I9192 Build/JDQ39) AppleWebKit/535.19 (KHTML, like Gecko) Version/1.0 Chrome/18.0.1025.308 Mobile Safari/535.19"
213.140.59.141 - - [06/Jun/2015:00:29:33 +0200] "GET /images/avatars/gallery/Avatars/080.gif HTTP/1.1" 200 568 "http://forums.ixus.net/viewtopic.php?t=37962" "Mozilla/5.0 (Linux; Android 4.2.2; fr-fr; SAMSUNG GT-I9192 Build/JDQ39) AppleWebKit/535.19 (KHTML, like Gecko) Version/1.0 Chrome/18.0.1025.308 Mobile Safari/535.19"
213.140.59.141 - - [06/Jun/2015:00:29:33 +0200] "GET /images/ranks/lieutenant.gif HTTP/1.1" 200 884 "http://forums.ixus.net/viewtopic.php?t=37962" "Mozilla/5.0 (Linux; Android 4.2.2; fr-fr; SAMSUNG GT-I9192 Build/JDQ39) AppleWebKit/535.19 (KHTML, like Gecko) Version/1.0 Chrome/18.0.1025.308 Mobile Safari/535.19"
213.140.59.141 - - [06/Jun/2015:00:29:33 +0200] "GET /images/avatars/gallery/Avatars/097.gif HTTP/1.1" 200 702 "http://forums.ixus.net/viewtopic.php?t=37962" "Mozilla/5.0 (Linux; Android 4.2.2; fr-fr; SAMSUNG GT-I9192 Build/JDQ39) AppleWebKit/535.19 (KHTML, like Gecko) Version/1.0 Chrome/18.0.1025.308 Mobile Safari/535.19"
213.140.59.141 - - [06/Jun/2015:00:29:33 +0200] "GET /images/avatars/gallery/Avatars/029.gif HTTP/1.1" 200 633 "http://forums.ixus.net/viewtopic.php?t=37962" "Mozilla/5.0 (Linux; Android 4.2.2; fr-fr; SAMSUNG GT-I9192 Build/JDQ39) AppleWebKit/535.19 (KHTML, like Gecko) Version/1.0 Chrome/18.0.1025.308 Mobile Safari/535.19"
46.229.164.114 - - [06/Jun/2015:00:29:33 +0200] "GET /viewtopic.php?p=279462&sid=674c897677b68e1f8068743874e7fe15 HTTP/1.1" 200 10951 "-" "Mozilla/5.0 (compatible; SemrushBot/0.98~bl; +http://www.semrush.com/bot.html)"
213.140.59.141 - - [06/Jun/2015:00:29:33 +0200] "GET /styles/prosilver/theme/print.css HTTP/1.1" 200 1565 "http://forums.ixus.net/viewtopic.php?t=37962" "Mozilla/5.0 (Linux; Android 4.2.2; fr-fr; SAMSUNG GT-I9192 Build/JDQ39) AppleWebKit/535.19 (KHTML, like Gecko) Version/1.0 Chrome/18.0.1025.308 Mobile Safari/535.19"
213.140.59.141 - - [06/Jun/2015:00:29:34 +0200] "GET /styles/prosilver/theme/medium.css HTTP/1.1" 200 394 "http://forums.ixus.net/viewtopic.php?t=37962" "Mozilla/5.0 (Linux; Android 4.2.2; fr-fr; SAMSUNG GT-I9192 Build/JDQ39) AppleWebKit/535.19 (KHTML, like Gecko) Version/1.0 Chrome/18.0.1025.308 Mobile Safari/535.19"
213.140.59.141 - - [06/Jun/2015:00:29:34 +0200] "GET /styles/prosilver/theme/large.css HTTP/1.1" 200 394 "http://forums.ixus.net/viewtopic.php?t=37962" "Mozilla/5.0 (Linux; Android 4.2.2; fr-fr; SAMSUNG GT-I9192 Build/JDQ39) AppleWebKit/535.19 (KHTML, like Gecko) Version/1.0 Chrome/18.0.1025.308 Mobile Safari/535.19"
213.140.59.141 - - [06/Jun/2015:00:29:35 +0200] "GET /styles/prosilver/imageset/icon_back_top.gif HTTP/1.1" 200 507 "http://forums.ixus.net/viewtopic.php?t=37962" "Mozilla/5.0 (Linux; Android 4.2.2; fr-fr; SAMSUNG GT-I9192 Build/JDQ39) AppleWebKit/535.19 (KHTML, like Gecko) Version/1.0 Chrome/18.0.1025.308 Mobile Safari/535.19"
213.140.59.141 - - [06/Jun/2015:00:29:35 +0200] "GET /styles/prosilver/imageset/icon_contact_www.gif HTTP/1.1" 200 894 "http://forums.ixus.net/viewtopic.php?t=37962" "Mozilla/5.0 (Linux; Android 4.2.2; fr-fr; SAMSUNG GT-I9192 Build/JDQ39) AppleWebKit/535.19 (KHTML, like Gecko) Version/1.0 Chrome/18.0.1025.308 Mobile Safari/535.19"
213.140.59.141 - - [06/Jun/2015:00:29:35 +0200] "GET /styles/prosilver/imageset/icon_contact_email.gif HTTP/1.1" 200 827 "http://forums.ixus.net/viewtopic.php?t=37962" "Mozilla/5.0 (Linux; Android 4.2.2; fr-fr; SAMSUNG GT-I9192 Build/JDQ39) AppleWebKit/535.19 (KHTML, like Gecko) Version/1.0 Chrome/18.0.1025.308 Mobile Safari/535.19"
213.140.59.141 - - [06/Jun/2015:00:29:35 +0200] "GET /styles/prosilver/imageset/icon_contact_icq.gif HTTP/1.1" 200 866 "http://forums.ixus.net/viewtopic.php?t=37962" "Mozilla/5.0 (Linux; Android 4.2.2; fr-fr; SAMSUNG GT-I9192 Build/JDQ39) AppleWebKit/535.19 (KHTML, like Gecko) Version/1.0 Chrome/18.0.1025.308 Mobile Safari/535.19"
213.140.59.141 - - [06/Jun/2015:00:29:35 +0200] "GET /styles/prosilver/theme/images/arrow_left.gif HTTP/1.1" 200 414 "http://forums.ixus.net/viewtopic.php?t=37962" "Mozilla/5.0 (Linux; Android 4.2.2; fr-fr; SAMSUNG GT-I9192 Build/JDQ39) AppleWebKit/535.19 (KHTML, like Gecko) Version/1.0 Chrome/18.0.1025.308 Mobile Safari/535.19"
213.140.59.141 - - [06/Jun/2015:00:29:38 +0200] "GET /favicon.ico HTTP/1.1" 404 523 "-" "Mozilla/5.0 (Linux; Android 4.2.2; fr-fr; SAMSUNG GT-I9192 Build/JDQ39) AppleWebKit/535.19 (KHTML, like Gecko) Version/1.0 Chrome/18.0.1025.308 Mobile Safari/535.19"
213.140.59.141 - - [06/Jun/2015:00:29:38 +0200] "GET /apple-touch-icon-precomposed.png HTTP/1.1" 404 538 "-" "Mozilla/5.0 (Linux; Android 4.2.2; fr-fr; SAMSUNG GT-I9192 Build/JDQ39) AppleWebKit/535.19 (KHTML, like Gecko) Version/1.0 Chrome/18.0.1025.308 Mobile Safari/535.19"
213.140.59.141 - - [06/Jun/2015:00:29:38 +0200] "GET /apple-touch-icon.png HTTP/1.1" 404 531 "-" "Mozilla/5.0 (Linux; Android 4.2.2; fr-fr; SAMSUNG GT-I9192 Build/JDQ39) AppleWebKit/535.19 (KHTML, like Gecko) Version/1.0 Chrome/18.0.1025.308 Mobile Safari/535.19"
46.229.164.113 - - [06/Jun/2015:00:30:09 +0200] "GET /viewtopic.php?f=10&p=280808&sid=4e701ee31c57626f1f8ceef0ecce0f74&t=44506 HTTP/1.1" 200 5996 "-" "Mozilla/5.0 (compatible; SemrushBot/0.98~bl; +http://www.semrush.com/bot.html)"
207.46.13.7 - - [06/Jun/2015:00:30:23 +0200] "GET /viewtopic.php?p=253214 HTTP/1.1" 200 8916 "-" "Mozilla/5.0 (compatible; bingbot/2.0; +http://www.bing.com/bingbot.htm)"
81.52.143.34 - - [06/Jun/2015:00:30:40 +0200] "GET /viewtopic.php?t=38013 HTTP/1.1" 200 6429 "-" "Mozilla/5.0 (compatible; OrangeBot/2.0; support.orangebot@orange.com)"
207.46.13.6 - - [06/Jun/2015:00:30:56 +0200] "GET /viewtopic.php?f=10&t=4028&start=15 HTTP/1.1" 200 10775 "-" "Mozilla/5.0 (compatible; bingbot/2.0; +http://www.bing.com/bingbot.htm)"
193.252.149.14 - - [06/Jun/2015:00:30:57 +0200] "GET /viewtopic.php?t=36954&start=4 HTTP/1.1" 200 5966 "-" "Mozilla/5.0 (compatible; OrangeBot/2.0; support.orangebot@orange.com)"
178.255.215.89 - - [06/Jun/2015:00:30:58 +0200] "GET /viewtopic.php?t=12347&p=93561 HTTP/1.1" 200 7452 "-" "Mozilla/5.0 (compatible; Exabot/3.0; +http://www.exabot.com/go/robot)"
68.180.229.31 - - [06/Jun/2015:00:31:04 +0200] "GET /viewtopic.php?f=20&t=36647 HTTP/1.1" 200 4707 "-" "Mozilla/5.0 (compatible; Yahoo! Slurp; http://help.yahoo.com/help/us/ysearch/slurp)"
46.229.164.99 - - [06/Jun/2015:00:31:12 +0200] "GET /memberlist.php?mode=viewprofile&sid=c367b87fcf8db0b1ee0403143c694c45&u=31931 HTTP/1.1" 200 4363 "-" "Mozilla/5.0 (compatible; SemrushBot/0.98~bl; +http://www.semrush.com/bot.html)"
193.252.149.18 - - [06/Jun/2015:00:31:38 +0200] "GET /viewtopic.php?f=6&t=31594 HTTP/1.1" 200 6265 "-" "Mozilla/5.0 (compatible; OrangeBot/2.0; support.orangebot@orange.com)"
207.46.13.6 - - [06/Jun/2015:00:31:53 +0200] "GET /viewtopic.php?p=108342 HTTP/1.1" 200 14914 "-" "Mozilla/5.0 (compatible; bingbot/2.0; +http://www.bing.com/bingbot.htm)"
46.229.164.114 - - [06/Jun/2015:00:33:16 +0200] "GET /viewtopic.php?p=281201&sid=6b452b3a7dd02e97662886906638403e HTTP/1.1" 200 13104 "-" "Mozilla/5.0 (compatible; SemrushBot/0.98~bl; +http://www.semrush.com/bot.html)"
70.38.71.220 - - [06/Jun/2015:00:33:25 +0200] "GET /viewtopic.php?p=255751&sid=af871ec772d59e535edbba960e2bc04e HTTP/1.1" 200 11672 "http://forums.ixus.fr/" "Mozilla/5.0 (Windows NT 6.1; WOW64; Trident/7.0; rv:11.0) like Gecko"
178.255.215.89 - - [06/Jun/2015:00:33:28 +0200] "GET /viewtopic.php?f=25&t=29750&start=0 HTTP/1.1" 200 5869 "-" "Mozilla/5.0 (compatible; Exabot/3.0; +http://www.exabot.com/go/robot)"
81.52.143.16 - - [06/Jun/2015:00:33:39 +0200] "GET /viewtopic.php?t=41401 HTTP/1.1" 200 5663 "-" "Mozilla/5.0 (compatible; OrangeBot/2.0; support.orangebot@orange.com)"
193.252.149.13 - - [06/Jun/2015:00:33:41 +0200] "GET /viewtopic.php?p=248971 HTTP/1.1" 200 7374 "-" "Mozilla/5.0 (compatible; OrangeBot/2.0; support.orangebot@orange.com)"
178.255.215.89 - - [06/Jun/2015:00:33:42 +0200] "GET /viewtopic.php?t=36179&p=227928 HTTP/1.1" 200 5544 "-" "Mozilla/5.0 (compatible; Exabot/3.0; +http://www.exabot.com/go/robot)"
81.52.143.33 - - [06/Jun/2015:00:33:45 +0200] "GET /viewtopic.php?t=9862 HTTP/1.1" 200 11630 "-" "Mozilla/5.0 (compatible; OrangeBot/2.0; support.orangebot@orange.com)"
207.46.13.7 - - [06/Jun/2015:00:34:04 +0200] "GET /viewforum.php?f=21&start=0 HTTP/1.1" 200 11553 "-" "Mozilla/5.0 (compatible; bingbot/2.0; +http://www.bing.com/bingbot.htm)"
207.46.13.7 - - [06/Jun/2015:00:34:06 +0200] "GET /viewtopic.php?t=20586&p=147088 HTTP/1.1" 200 8042 "-" "Mozilla/5.0 (compatible; bingbot/2.0; +http://www.bing.com/bingbot.htm)"
178.255.215.89 - - [06/Jun/2015:00:34:37 +0200] "GET /viewtopic.php?t=9953&p=76648 HTTP/1.1" 200 5441 "-" "Mozilla/5.0 (compatible; Exabot/3.0; +http://www.exabot.com/go/robot)"
81.52.143.33 - - [06/Jun/2015:00:35:05 +0200] "GET /viewtopic.php?p=251125 HTTP/1.1" 200 10911 "-" "Mozilla/5.0 (compatible; OrangeBot/2.0; support.orangebot@orange.com)"
193.252.149.18 - - [06/Jun/2015:00:35:29 +0200] "GET /viewtopic.php?f=1&t=37946 HTTP/1.1" 200 10828 "-" "Mozilla/5.0 (compatible; OrangeBot/2.0; support.orangebot@orange.com)"
81.52.143.31 - - [06/Jun/2015:00:35:31 +0200] "GET /viewtopic.php?f=6&t=28506 HTTP/1.1" 200 6628 "-" "Mozilla/5.0 (compatible; OrangeBot/2.0; support.orangebot@orange.com)"
81.52.143.50 - - [06/Jun/2015:00:35:40 +0200] "GET /viewtopic.php?t=7843 HTTP/1.1" 200 9126 "-" "Mozilla/5.0 (compatible; OrangeBot/2.0; support.orangebot@orange.com)"
193.252.118.176 - - [06/Jun/2015:00:35:46 +0200] "GET /viewtopic.php?f=1&t=43366 HTTP/1.1" 200 7111 "-" "Mozilla/5.0 (compatible; OrangeBot/2.0; support.orangebot@orange.com)"
197.214.80.75 - - [06/Jun/2015:00:35:52 +0200] "GET /viewtopic.php?f=2&t=22807 HTTP/1.1" 200 6896 "https://www.google.com/" "Mozilla/5.0 (Windows NT 6.2; WOW64) AppleWebKit/537.36 (KHTML, like Gecko) Chrome/43.0.2357.81 Safari/537.36"
207.46.13.6 - - [06/Jun/2015:00:35:53 +0200] "GET /viewtopic.php?f=21&t=43997 HTTP/1.1" 200 6031 "-" "Mozilla/5.0 (compatible; bingbot/2.0; +http://www.bing.com/bingbot.htm)"
68.180.229.31 - - [06/Jun/2015:00:35:54 +0200] "GET /viewtopic.php?f=4&t=6203 HTTP/1.1" 200 8703 "-" "Mozilla/5.0 (compatible; Yahoo! Slurp; http://help.yahoo.com/help/us/ysearch/slurp)"
197.214.80.75 - - [06/Jun/2015:00:35:56 +0200] "GET /styles/prosilver/theme/normal.css HTTP/1.1" 200 394 "http://forums.ixus.net/viewtopic.php?f=2&t=22807" "Mozilla/5.0 (Windows NT 6.2; WOW64) AppleWebKit/537.36 (KHTML, like Gecko) Chrome/43.0.2357.81 Safari/537.36"
197.214.80.75 - - [06/Jun/2015:00:35:56 +0200] "GET /styles/prosilver/template/styleswitcher.js HTTP/1.1" 200 1330 "http://forums.ixus.net/viewtopic.php?f=2&t=22807" "Mozilla/5.0 (Windows NT 6.2; WOW64) AppleWebKit/537.36 (KHTML, like Gecko) Chrome/43.0.2357.81 Safari/537.36"
197.214.80.75 - - [06/Jun/2015:00:35:56 +0200] "GET /styles/prosilver/template/forum_fn.js HTTP/1.1" 200 3655 "http://forums.ixus.net/viewtopic.php?f=2&t=22807" "Mozilla/5.0 (Windows NT 6.2; WOW64) AppleWebKit/537.36 (KHTML, like Gecko) Chrome/43.0.2357.81 Safari/537.36"
197.214.80.75 - - [06/Jun/2015:00:35:56 +0200] "GET /style.php?id=1&lang=en&sid=c00ab7b7c0ad3cb96e565f7849ba6ed6 HTTP/1.1" 200 13943 "http://forums.ixus.net/viewtopic.php?f=2&t=22807" "Mozilla/5.0 (Windows NT 6.2; WOW64) AppleWebKit/537.36 (KHTML, like Gecko) Chrome/43.0.2357.81 Safari/537.36"
197.214.80.75 - - [06/Jun/2015:00:36:09 +0200] "GET /styles/prosilver/imageset/icon_post_target.gif HTTP/1.1" 200 489 "http://forums.ixus.net/viewtopic.php?f=2&t=22807" "Mozilla/5.0 (Windows NT 6.2; WOW64) AppleWebKit/537.36 (KHTML, like Gecko) Chrome/43.0.2357.81 Safari/537.36"
197.214.80.75 - - [06/Jun/2015:00:36:09 +0200] "GET /images/ranks/major.gif HTTP/1.1" 200 922 "http://forums.ixus.net/viewtopic.php?f=2&t=22807" "Mozilla/5.0 (Windows NT 6.2; WOW64) AppleWebKit/537.36 (KHTML, like Gecko) Chrome/43.0.2357.81 Safari/537.36"
197.214.80.75 - - [06/Jun/2015:00:36:09 +0200] "GET /images/avatars/gallery/Avatars/blank.gif HTTP/1.1" 200 345 "http://forums.ixus.net/viewtopic.php?f=2&t=22807" "Mozilla/5.0 (Windows NT 6.2; WOW64) AppleWebKit/537.36 (KHTML, like Gecko) Chrome/43.0.2357.81 Safari/537.36"
197.214.80.75 - - [06/Jun/2015:00:36:09 +0200] "GET /images/ranks/matelot.gif HTTP/1.1" 200 912 "http://forums.ixus.net/viewtopic.php?f=2&t=22807" "Mozilla/5.0 (Windows NT 6.2; WOW64) AppleWebKit/537.36 (KHTML, like Gecko) Chrome/43.0.2357.81 Safari/537.36"
197.214.80.75 - - [06/Jun/2015:00:36:09 +0200] "GET /images/ranks/amiral.gif HTTP/1.1" 200 1113 "http://forums.ixus.net/viewtopic.php?f=2&t=22807" "Mozilla/5.0 (Windows NT 6.2; WOW64) AppleWebKit/537.36 (KHTML, like Gecko) Chrome/43.0.2357.81 Safari/537.36"
46.229.164.99 - - [06/Jun/2015:00:36:09 +0200] "GET /viewforum.php?f=1&sid=0f22c9fdc59aa355542fc094fabd59ac&start=1300 HTTP/1.1" 200 11112 "-" "Mozilla/5.0 (compatible; SemrushBot/0.98~bl; +http://www.semrush.com/bot.html)"
197.214.80.75 - - [06/Jun/2015:00:36:10 +0200] "GET /styles/prosilver/theme/images/corners_right.png HTTP/1.1" 200 504 "http://forums.ixus.net/style.php?id=1&lang=en&sid=c00ab7b7c0ad3cb96e565f7849ba6ed6" "Mozilla/5.0 (Windows NT 6.2; WOW64) AppleWebKit/537.36 (KHTML, like Gecko) Chrome/43.0.2357.81 Safari/537.36"
197.214.80.75 - - [06/Jun/2015:00:36:10 +0200] "GET /styles/prosilver/theme/images/icon_home.gif HTTP/1.1" 200 610 "http://forums.ixus.net/style.php?id=1&lang=en&sid=c00ab7b7c0ad3cb96e565f7849ba6ed6" "Mozilla/5.0 (Windows NT 6.2; WOW64) AppleWebKit/537.36 (KHTML, like Gecko) Chrome/43.0.2357.81 Safari/537.36"
197.214.80.75 - - [06/Jun/2015:00:36:16 +0200] "GET /styles/prosilver/theme/images/bg_list.gif HTTP/1.1" 200 968 "http://forums.ixus.net/style.php?id=1&lang=en&sid=c00ab7b7c0ad3cb96e565f7849ba6ed6" "Mozilla/5.0 (Windows NT 6.2; WOW64) AppleWebKit/537.36 (KHTML, like Gecko) Chrome/43.0.2357.81 Safari/537.36"
